[4.383s] Invoking command in '/home/dwduong74/yahboom_src/src/yahboom_gait': PYTHONPATH=/home/dwduong74/yahboom_src/build/yahboom_gait/prefix_override:/usr/lib/python3/dist-packages/colcon_core/task/python/colcon_distutils_commands:/home/dwduong74/yahboom_src/install/yahboom_gait/lib/python3.10/site-packages:${PYTHONPATH} /usr/bin/python3 -W ignore:setup.py install is deprecated -W ignore:easy_install command is deprecated setup.py egg_info --egg-base ../../build/yahboom_gait build --build-base /home/dwduong74/yahboom_src/build/yahboom_gait/build install --record /home/dwduong74/yahboom_src/build/yahboom_gait/install.log --single-version-externally-managed install_data
[5.212s] running egg_info
[5.213s] writing ../../build/yahboom_gait/yahboom_gait.egg-info/PKG-INFO
[5.213s] writing dependency_links to ../../build/yahboom_gait/yahboom_gait.egg-info/dependency_links.txt
[5.213s] writing entry points to ../../build/yahboom_gait/yahboom_gait.egg-info/entry_points.txt
[5.213s] writing requirements to ../../build/yahboom_gait/yahboom_gait.egg-info/requires.txt
[5.213s] writing top-level names to ../../build/yahboom_gait/yahboom_gait.egg-info/top_level.txt
[5.217s] reading manifest file '../../build/yahboom_gait/yahboom_gait.egg-info/SOURCES.txt'
[5.218s] writing manifest file '../../build/yahboom_gait/yahboom_gait.egg-info/SOURCES.txt'
[5.218s] running build
[5.218s] running build_py
[5.219s] running install
[5.219s] running install_lib
[5.221s] running install_data
[5.222s] running install_egg_info
[5.224s] removing '/home/dwduong74/yahboom_src/install/yahboom_gait/lib/python3.10/site-packages/yahboom_gait-0.0.0-py3.10.egg-info' (and everything under it)
[5.225s] Copying ../../build/yahboom_gait/yahboom_gait.egg-info to /home/dwduong74/yahboom_src/install/yahboom_gait/lib/python3.10/site-packages/yahboom_gait-0.0.0-py3.10.egg-info
[5.226s] running install_scripts
[5.250s] Installing yahboom_gait script to /home/dwduong74/yahboom_src/install/yahboom_gait/lib/yahboom_gait
[5.251s] writing list of installed files to '/home/dwduong74/yahboom_src/build/yahboom_gait/install.log'
[5.286s] Invoked command in '/home/dwduong74/yahboom_src/src/yahboom_gait' returned '0': PYTHONPATH=/home/dwduong74/yahboom_src/build/yahboom_gait/prefix_override:/usr/lib/python3/dist-packages/colcon_core/task/python/colcon_distutils_commands:/home/dwduong74/yahboom_src/install/yahboom_gait/lib/python3.10/site-packages:${PYTHONPATH} /usr/bin/python3 -W ignore:setup.py install is deprecated -W ignore:easy_install command is deprecated setup.py egg_info --egg-base ../../build/yahboom_gait build --build-base /home/dwduong74/yahboom_src/build/yahboom_gait/build install --record /home/dwduong74/yahboom_src/build/yahboom_gait/install.log --single-version-externally-managed install_data
