[0.256s] Invoking command in '/home/dwduong74/yahboom_src/build/champ_base': CMAKE_PREFIX_PATH=/home/dwduong74/yahboom_src/install/champ_msgs:/home/dwduong74/yahboom_src/install/champ:/home/dwduong74/yahboom_src/install/yahboom_msgs:/home/dwduong74/yahboom_src/install/velodyne_simulator:/home/dwduong74/yahboom_src/install/velodyne_description:/home/dwduong74/yahboom_src/install/champ_bringup:/home/dwduong74/yahboom_src/install/champ_description:/home/dwduong74/yahboom_src/install/velodyne_gazebo_plugins:/home/dwduong74/yahboom_src/install/oradar_lidar:/home/dwduong74/yahboom_src/install/image_color_lab:/home/dwduong74/yahboom_src/install/go2_description:/home/dwduong74/yahboom_src/install/go2_config:/home/dwduong74/yahboom_src/install/dogzilla_description:/home/dwduong74/yahboom_src/install/dogzilla_config:/home/dwduong74/yahboom_src/install/champ_teleop:/home/dwduong74/yahboom_src/install/champ_navigation:/home/dwduong74/yahboom_src/install/champ_gazebo:/home/dwduong74/yahboom_src/install/champ_base:/home/dwduong74/yahboom_src/install/champ_config:/home/dwduong74/LUMI_ws/install/turtlebot3_manipulation_gazebo:/home/dwduong74/LUMI_ws/install/champ:/home/dwduong74/LUMI_ws/install/rf2o_laser_odometry:/home/dwduong74/yahboom_src/install/yahboom_set_height:/home/dwduong74/yahboom_src/install/yahboom_mediapipe:/home/dwduong74/yahboom_src/install/yahboom_gait:/home/dwduong74/yahboom_src/install/yahboom_dog_joint_state:/home/dwduong74/yahboom_src/install/yahboom_description:/home/dwduong74/yahboom_src/install/yahboom_bringup:/home/dwduong74/yahboom_src/install/yahboom_base:/home/dwduong74/yahboom_src/install/yahboom_app_save_map:/home/dwduong74/yahboom_src/install/tf_publisher:/home/dwduong74/yahboom_src/install/bringup:/home/dwduong74/LUMI_ws/install/custom_explorer:/opt/ros/humble LD_LIBRARY_PATH=/home/dwduong74/yahboom_src/install/champ_msgs/lib:/home/dwduong74/yahboom_src/install/yahboom_msgs/lib:/home/dwduong74/yahboom_src/install/velodyne_gazebo_plugins/lib:/home/dwduong74/yahboom_src/install/image_color_lab/lib:/home/dwduong74/yahboom_src/install/champ_base/lib:/usr/lib/x86_64-linux-gnu/gazebo-11/plugins:/opt/ros/humble/opt/rviz_ogre_vendor/lib:/opt/ros/humble/lib/x86_64-linux-gnu:/opt/ros/humble/lib /usr/bin/cmake --build /home/dwduong74/yahboom_src/build/champ_base -- -j8 -l8
[0.322s] [35m[1mConsolidate compiler generated dependencies of target quadruped_controller[0m
[0.325s] [35m[1mConsolidate compiler generated dependencies of target message_relay[0m
[0.326s] [35m[1mConsolidate compiler generated dependencies of target state_estimation[0m
[0.359s] [ 16%] Built target quadruped_controller
[0.362s] [ 33%] Built target message_relay
[0.363s] [ 50%] Built target state_estimation
[0.377s] [35m[1mConsolidate compiler generated dependencies of target quadruped_controller_node[0m
[0.382s] [35m[1mConsolidate compiler generated dependencies of target message_relay_node[0m
[0.386s] [35m[1mConsolidate compiler generated dependencies of target state_estimation_node[0m
[0.401s] [ 66%] Built target quadruped_controller_node
[0.413s] [ 83%] Built target message_relay_node
[0.418s] [100%] Built target state_estimation_node
[2.354s] Invoked command in '/home/dwduong74/yahboom_src/build/champ_base' returned '0': CMAKE_PREFIX_PATH=/home/dwduong74/yahboom_src/install/champ_msgs:/home/dwduong74/yahboom_src/install/champ:/home/dwduong74/yahboom_src/install/yahboom_msgs:/home/dwduong74/yahboom_src/install/velodyne_simulator:/home/dwduong74/yahboom_src/install/velodyne_description:/home/dwduong74/yahboom_src/install/champ_bringup:/home/dwduong74/yahboom_src/install/champ_description:/home/dwduong74/yahboom_src/install/velodyne_gazebo_plugins:/home/dwduong74/yahboom_src/install/oradar_lidar:/home/dwduong74/yahboom_src/install/image_color_lab:/home/dwduong74/yahboom_src/install/go2_description:/home/dwduong74/yahboom_src/install/go2_config:/home/dwduong74/yahboom_src/install/dogzilla_description:/home/dwduong74/yahboom_src/install/dogzilla_config:/home/dwduong74/yahboom_src/install/champ_teleop:/home/dwduong74/yahboom_src/install/champ_navigation:/home/dwduong74/yahboom_src/install/champ_gazebo:/home/dwduong74/yahboom_src/install/champ_base:/home/dwduong74/yahboom_src/install/champ_config:/home/dwduong74/LUMI_ws/install/turtlebot3_manipulation_gazebo:/home/dwduong74/LUMI_ws/install/champ:/home/dwduong74/LUMI_ws/install/rf2o_laser_odometry:/home/dwduong74/yahboom_src/install/yahboom_set_height:/home/dwduong74/yahboom_src/install/yahboom_mediapipe:/home/dwduong74/yahboom_src/install/yahboom_gait:/home/dwduong74/yahboom_src/install/yahboom_dog_joint_state:/home/dwduong74/yahboom_src/install/yahboom_description:/home/dwduong74/yahboom_src/install/yahboom_bringup:/home/dwduong74/yahboom_src/install/yahboom_base:/home/dwduong74/yahboom_src/install/yahboom_app_save_map:/home/dwduong74/yahboom_src/install/tf_publisher:/home/dwduong74/yahboom_src/install/bringup:/home/dwduong74/LUMI_ws/install/custom_explorer:/opt/ros/humble LD_LIBRARY_PATH=/home/dwduong74/yahboom_src/install/champ_msgs/lib:/home/dwduong74/yahboom_src/install/yahboom_msgs/lib:/home/dwduong74/yahboom_src/install/velodyne_gazebo_plugins/lib:/home/dwduong74/yahboom_src/install/image_color_lab/lib:/home/dwduong74/yahboom_src/install/champ_base/lib:/usr/lib/x86_64-linux-gnu/gazebo-11/plugins:/opt/ros/humble/opt/rviz_ogre_vendor/lib:/opt/ros/humble/lib/x86_64-linux-gnu:/opt/ros/humble/lib /usr/bin/cmake --build /home/dwduong74/yahboom_src/build/champ_base -- -j8 -l8
[2.356s] Invoking command in '/home/dwduong74/yahboom_src/build/champ_base': CMAKE_PREFIX_PATH=/home/dwduong74/yahboom_src/install/champ_msgs:/home/dwduong74/yahboom_src/install/champ:/home/dwduong74/yahboom_src/install/yahboom_msgs:/home/dwduong74/yahboom_src/install/velodyne_simulator:/home/dwduong74/yahboom_src/install/velodyne_description:/home/dwduong74/yahboom_src/install/champ_bringup:/home/dwduong74/yahboom_src/install/champ_description:/home/dwduong74/yahboom_src/install/velodyne_gazebo_plugins:/home/dwduong74/yahboom_src/install/oradar_lidar:/home/dwduong74/yahboom_src/install/image_color_lab:/home/dwduong74/yahboom_src/install/go2_description:/home/dwduong74/yahboom_src/install/go2_config:/home/dwduong74/yahboom_src/install/dogzilla_description:/home/dwduong74/yahboom_src/install/dogzilla_config:/home/dwduong74/yahboom_src/install/champ_teleop:/home/dwduong74/yahboom_src/install/champ_navigation:/home/dwduong74/yahboom_src/install/champ_gazebo:/home/dwduong74/yahboom_src/install/champ_base:/home/dwduong74/yahboom_src/install/champ_config:/home/dwduong74/LUMI_ws/install/turtlebot3_manipulation_gazebo:/home/dwduong74/LUMI_ws/install/champ:/home/dwduong74/LUMI_ws/install/rf2o_laser_odometry:/home/dwduong74/yahboom_src/install/yahboom_set_height:/home/dwduong74/yahboom_src/install/yahboom_mediapipe:/home/dwduong74/yahboom_src/install/yahboom_gait:/home/dwduong74/yahboom_src/install/yahboom_dog_joint_state:/home/dwduong74/yahboom_src/install/yahboom_description:/home/dwduong74/yahboom_src/install/yahboom_bringup:/home/dwduong74/yahboom_src/install/yahboom_base:/home/dwduong74/yahboom_src/install/yahboom_app_save_map:/home/dwduong74/yahboom_src/install/tf_publisher:/home/dwduong74/yahboom_src/install/bringup:/home/dwduong74/LUMI_ws/install/custom_explorer:/opt/ros/humble LD_LIBRARY_PATH=/home/dwduong74/yahboom_src/install/champ_msgs/lib:/home/dwduong74/yahboom_src/install/yahboom_msgs/lib:/home/dwduong74/yahboom_src/install/velodyne_gazebo_plugins/lib:/home/dwduong74/yahboom_src/install/image_color_lab/lib:/home/dwduong74/yahboom_src/install/champ_base/lib:/usr/lib/x86_64-linux-gnu/gazebo-11/plugins:/opt/ros/humble/opt/rviz_ogre_vendor/lib:/opt/ros/humble/lib/x86_64-linux-gnu:/opt/ros/humble/lib /usr/bin/cmake --install /home/dwduong74/yahboom_src/build/champ_base
[2.385s] -- Install configuration: ""
[2.385s] -- Up-to-date: /home/dwduong74/yahboom_src/install/champ_base/share/champ_base/config
[2.385s] -- Up-to-date: /home/dwduong74/yahboom_src/install/champ_base/share/champ_base/config/ekf
[2.386s] -- Up-to-date: /home/dwduong74/yahboom_src/install/champ_base/share/champ_base/config/ekf/base_to_footprint.yaml
[2.386s] -- Up-to-date: /home/dwduong74/yahboom_src/install/champ_base/share/champ_base/config/ekf/footprint_to_odom.yaml
[2.386s] -- Up-to-date: /home/dwduong74/yahboom_src/install/champ_base/share/champ_base/config/velocity_smoother
[2.386s] -- Up-to-date: /home/dwduong74/yahboom_src/install/champ_base/share/champ_base/config/velocity_smoother/velocity_smoother.yaml
[2.388s] -- Up-to-date: /home/dwduong74/yahboom_src/install/champ_base/lib/libquadruped_controller.so
[2.388s] -- Up-to-date: /home/dwduong74/yahboom_src/install/champ_base/bin/quadruped_controller_node
[2.388s] -- Up-to-date: /home/dwduong74/yahboom_src/install/champ_base/lib/libmessage_relay.so
[2.396s] -- Up-to-date: /home/dwduong74/yahboom_src/install/champ_base/bin/message_relay_node
[2.402s] -- Up-to-date: /home/dwduong74/yahboom_src/install/champ_base/lib/libstate_estimation.so
[2.403s] -- Up-to-date: /home/dwduong74/yahboom_src/install/champ_base/bin/state_estimation_node
[2.403s] -- Up-to-date: /home/dwduong74/yahboom_src/install/champ_base/lib/champ_base/quadruped_controller_node
[2.405s] -- Up-to-date: /home/dwduong74/yahboom_src/install/champ_base/lib/champ_base/message_relay_node
[2.406s] -- Up-to-date: /home/dwduong74/yahboom_src/install/champ_base/lib/champ_base/state_estimation_node
[2.411s] -- Up-to-date: /home/dwduong74/yahboom_src/install/champ_base/share/ament_index/resource_index/package_run_dependencies/champ_base
[2.412s] -- Up-to-date: /home/dwduong74/yahboom_src/install/champ_base/share/ament_index/resource_index/parent_prefix_path/champ_base
[2.412s] -- Up-to-date: /home/dwduong74/yahboom_src/install/champ_base/share/champ_base/environment/ament_prefix_path.sh
[2.412s] -- Up-to-date: /home/dwduong74/yahboom_src/install/champ_base/share/champ_base/environment/ament_prefix_path.dsv
[2.412s] -- Up-to-date: /home/dwduong74/yahboom_src/install/champ_base/share/champ_base/environment/path.sh
[2.412s] -- Up-to-date: /home/dwduong74/yahboom_src/install/champ_base/share/champ_base/environment/path.dsv
[2.412s] -- Up-to-date: /home/dwduong74/yahboom_src/install/champ_base/share/champ_base/local_setup.bash
[2.412s] -- Up-to-date: /home/dwduong74/yahboom_src/install/champ_base/share/champ_base/local_setup.sh
[2.412s] -- Up-to-date: /home/dwduong74/yahboom_src/install/champ_base/share/champ_base/local_setup.zsh
[2.413s] -- Up-to-date: /home/dwduong74/yahboom_src/install/champ_base/share/champ_base/local_setup.dsv
[2.413s] -- Installing: /home/dwduong74/yahboom_src/install/champ_base/share/champ_base/package.dsv
[2.414s] -- Up-to-date: /home/dwduong74/yahboom_src/install/champ_base/share/ament_index/resource_index/packages/champ_base
[2.414s] -- Up-to-date: /home/dwduong74/yahboom_src/install/champ_base/share/champ_base/cmake/ament_cmake_export_include_directories-extras.cmake
[2.414s] -- Up-to-date: /home/dwduong74/yahboom_src/install/champ_base/share/champ_base/cmake/ament_cmake_export_dependencies-extras.cmake
[2.414s] -- Up-to-date: /home/dwduong74/yahboom_src/install/champ_base/share/champ_base/cmake/champ_baseConfig.cmake
[2.414s] -- Up-to-date: /home/dwduong74/yahboom_src/install/champ_base/share/champ_base/cmake/champ_baseConfig-version.cmake
[2.414s] -- Up-to-date: /home/dwduong74/yahboom_src/install/champ_base/share/champ_base/package.xml
[2.431s] Invoked command in '/home/dwduong74/yahboom_src/build/champ_base' returned '0': CMAKE_PREFIX_PATH=/home/dwduong74/yahboom_src/install/champ_msgs:/home/dwduong74/yahboom_src/install/champ:/home/dwduong74/yahboom_src/install/yahboom_msgs:/home/dwduong74/yahboom_src/install/velodyne_simulator:/home/dwduong74/yahboom_src/install/velodyne_description:/home/dwduong74/yahboom_src/install/champ_bringup:/home/dwduong74/yahboom_src/install/champ_description:/home/dwduong74/yahboom_src/install/velodyne_gazebo_plugins:/home/dwduong74/yahboom_src/install/oradar_lidar:/home/dwduong74/yahboom_src/install/image_color_lab:/home/dwduong74/yahboom_src/install/go2_description:/home/dwduong74/yahboom_src/install/go2_config:/home/dwduong74/yahboom_src/install/dogzilla_description:/home/dwduong74/yahboom_src/install/dogzilla_config:/home/dwduong74/yahboom_src/install/champ_teleop:/home/dwduong74/yahboom_src/install/champ_navigation:/home/dwduong74/yahboom_src/install/champ_gazebo:/home/dwduong74/yahboom_src/install/champ_base:/home/dwduong74/yahboom_src/install/champ_config:/home/dwduong74/LUMI_ws/install/turtlebot3_manipulation_gazebo:/home/dwduong74/LUMI_ws/install/champ:/home/dwduong74/LUMI_ws/install/rf2o_laser_odometry:/home/dwduong74/yahboom_src/install/yahboom_set_height:/home/dwduong74/yahboom_src/install/yahboom_mediapipe:/home/dwduong74/yahboom_src/install/yahboom_gait:/home/dwduong74/yahboom_src/install/yahboom_dog_joint_state:/home/dwduong74/yahboom_src/install/yahboom_description:/home/dwduong74/yahboom_src/install/yahboom_bringup:/home/dwduong74/yahboom_src/install/yahboom_base:/home/dwduong74/yahboom_src/install/yahboom_app_save_map:/home/dwduong74/yahboom_src/install/tf_publisher:/home/dwduong74/yahboom_src/install/bringup:/home/dwduong74/LUMI_ws/install/custom_explorer:/opt/ros/humble LD_LIBRARY_PATH=/home/dwduong74/yahboom_src/install/champ_msgs/lib:/home/dwduong74/yahboom_src/install/yahboom_msgs/lib:/home/dwduong74/yahboom_src/install/velodyne_gazebo_plugins/lib:/home/dwduong74/yahboom_src/install/image_color_lab/lib:/home/dwduong74/yahboom_src/install/champ_base/lib:/usr/lib/x86_64-linux-gnu/gazebo-11/plugins:/opt/ros/humble/opt/rviz_ogre_vendor/lib:/opt/ros/humble/lib/x86_64-linux-gnu:/opt/ros/humble/lib /usr/bin/cmake --install /home/dwduong74/yahboom_src/build/champ_base
