[0.887s] Invoking command in '/home/dwduong74/yahboom_src/build/champ_navigation': CMAKE_PREFIX_PATH=${CMAKE_PREFIX_PATH}:/home/dwduong74/yahboom_src/install/yahboom_set_height:/home/dwduong74/yahboom_src/install/yahboom_mediapipe:/home/dwduong74/yahboom_src/install/yahboom_gait:/home/dwduong74/yahboom_src/install/yahboom_dog_joint_state:/home/dwduong74/yahboom_src/install/yahboom_description:/home/dwduong74/yahboom_src/install/yahboom_bringup:/home/dwduong74/yahboom_src/install/yahboom_base:/home/dwduong74/yahboom_src/install/yahboom_app_save_map:/home/dwduong74/yahboom_src/install/tf_publisher:/home/dwduong74/yahboom_src/install/bringup:/home/dwduong74/LUMI_ws/install/custom_explorer:/opt/ros/humble /usr/bin/cmake --build /home/dwduong74/yahboom_src/build/champ_navigation -- -j8 -l8
[1.000s] Invoked command in '/home/dwduong74/yahboom_src/build/champ_navigation' returned '0': CMAKE_PREFIX_PATH=${CMAKE_PREFIX_PATH}:/home/dwduong74/yahboom_src/install/yahboom_set_height:/home/dwduong74/yahboom_src/install/yahboom_mediapipe:/home/dwduong74/yahboom_src/install/yahboom_gait:/home/dwduong74/yahboom_src/install/yahboom_dog_joint_state:/home/dwduong74/yahboom_src/install/yahboom_description:/home/dwduong74/yahboom_src/install/yahboom_bringup:/home/dwduong74/yahboom_src/install/yahboom_base:/home/dwduong74/yahboom_src/install/yahboom_app_save_map:/home/dwduong74/yahboom_src/install/tf_publisher:/home/dwduong74/yahboom_src/install/bringup:/home/dwduong74/LUMI_ws/install/custom_explorer:/opt/ros/humble /usr/bin/cmake --build /home/dwduong74/yahboom_src/build/champ_navigation -- -j8 -l8
[1.003s] Invoking command in '/home/dwduong74/yahboom_src/build/champ_navigation': CMAKE_PREFIX_PATH=${CMAKE_PREFIX_PATH}:/home/dwduong74/yahboom_src/install/yahboom_set_height:/home/dwduong74/yahboom_src/install/yahboom_mediapipe:/home/dwduong74/yahboom_src/install/yahboom_gait:/home/dwduong74/yahboom_src/install/yahboom_dog_joint_state:/home/dwduong74/yahboom_src/install/yahboom_description:/home/dwduong74/yahboom_src/install/yahboom_bringup:/home/dwduong74/yahboom_src/install/yahboom_base:/home/dwduong74/yahboom_src/install/yahboom_app_save_map:/home/dwduong74/yahboom_src/install/tf_publisher:/home/dwduong74/yahboom_src/install/bringup:/home/dwduong74/LUMI_ws/install/custom_explorer:/opt/ros/humble /usr/bin/cmake --install /home/dwduong74/yahboom_src/build/champ_navigation
[1.029s] -- Install configuration: ""
[1.034s] -- Up-to-date: /home/dwduong74/yahboom_src/install/champ_navigation/share/champ_navigation/launch
[1.034s] -- Installing: /home/dwduong74/yahboom_src/install/champ_navigation/share/champ_navigation/launch/navigate.launch.py
[1.034s] -- Installing: /home/dwduong74/yahboom_src/install/champ_navigation/share/champ_navigation/launch/slam.launch.py
[1.034s] -- Up-to-date: /home/dwduong74/yahboom_src/install/champ_navigation/share/champ_navigation/rviz
[1.034s] -- Installing: /home/dwduong74/yahboom_src/install/champ_navigation/share/champ_navigation/rviz/navigation_minimal.rviz
[1.036s] -- Installing: /home/dwduong74/yahboom_src/install/champ_navigation/share/champ_navigation/rviz/slam.rviz
[1.036s] -- Installing: /home/dwduong74/yahboom_src/install/champ_navigation/share/champ_navigation/rviz/navigation.rviz
[1.037s] -- Installing: /home/dwduong74/yahboom_src/install/champ_navigation/share/ament_index/resource_index/package_run_dependencies/champ_navigation
[1.038s] -- Installing: /home/dwduong74/yahboom_src/install/champ_navigation/share/ament_index/resource_index/parent_prefix_path/champ_navigation
[1.039s] -- Installing: /home/dwduong74/yahboom_src/install/champ_navigation/share/champ_navigation/environment/ament_prefix_path.sh
[1.040s] -- Installing: /home/dwduong74/yahboom_src/install/champ_navigation/share/champ_navigation/environment/ament_prefix_path.dsv
[1.040s] -- Installing: /home/dwduong74/yahboom_src/install/champ_navigation/share/champ_navigation/environment/path.sh
[1.040s] -- Installing: /home/dwduong74/yahboom_src/install/champ_navigation/share/champ_navigation/environment/path.dsv
[1.054s] -- Installing: /home/dwduong74/yahboom_src/install/champ_navigation/share/champ_navigation/local_setup.bash
[1.055s] -- Installing: /home/dwduong74/yahboom_src/install/champ_navigation/share/champ_navigation/local_setup.sh
[1.059s] -- Installing: /home/dwduong74/yahboom_src/install/champ_navigation/share/champ_navigation/local_setup.zsh
[1.060s] -- Installing: /home/dwduong74/yahboom_src/install/champ_navigation/share/champ_navigation/local_setup.dsv
[1.062s] -- Installing: /home/dwduong74/yahboom_src/install/champ_navigation/share/champ_navigation/package.dsv
[1.062s] -- Installing: /home/dwduong74/yahboom_src/install/champ_navigation/share/ament_index/resource_index/packages/champ_navigation
[1.063s] -- Installing: /home/dwduong74/yahboom_src/install/champ_navigation/share/champ_navigation/cmake/champ_navigationConfig.cmake
[1.063s] -- Installing: /home/dwduong74/yahboom_src/install/champ_navigation/share/champ_navigation/cmake/champ_navigationConfig-version.cmake
[1.065s] -- Installing: /home/dwduong74/yahboom_src/install/champ_navigation/share/champ_navigation/package.xml
[1.106s] Invoked command in '/home/dwduong74/yahboom_src/build/champ_navigation' returned '0': CMAKE_PREFIX_PATH=${CMAKE_PREFIX_PATH}:/home/dwduong74/yahboom_src/install/yahboom_set_height:/home/dwduong74/yahboom_src/install/yahboom_mediapipe:/home/dwduong74/yahboom_src/install/yahboom_gait:/home/dwduong74/yahboom_src/install/yahboom_dog_joint_state:/home/dwduong74/yahboom_src/install/yahboom_description:/home/dwduong74/yahboom_src/install/yahboom_bringup:/home/dwduong74/yahboom_src/install/yahboom_base:/home/dwduong74/yahboom_src/install/yahboom_app_save_map:/home/dwduong74/yahboom_src/install/tf_publisher:/home/dwduong74/yahboom_src/install/bringup:/home/dwduong74/LUMI_ws/install/custom_explorer:/opt/ros/humble /usr/bin/cmake --install /home/dwduong74/yahboom_src/build/champ_navigation
