[4.045s] Invoking command in '/home/dwduong74/yahboom_src/src/yahboom_dog_joint_state': PYTHONPATH=/home/dwduong74/yahboom_src/build/yahboom_dog_joint_state/prefix_override:/usr/lib/python3/dist-packages/colcon_core/task/python/colcon_distutils_commands:/home/dwduong74/yahboom_src/install/yahboom_dog_joint_state/lib/python3.10/site-packages:${PYTHONPATH} /usr/bin/python3 -W ignore:setup.py install is deprecated -W ignore:easy_install command is deprecated setup.py egg_info --egg-base ../../build/yahboom_dog_joint_state build --build-base /home/dwduong74/yahboom_src/build/yahboom_dog_joint_state/build install --record /home/dwduong74/yahboom_src/build/yahboom_dog_joint_state/install.log --single-version-externally-managed install_data
[5.001s] running egg_info
[5.002s] writing ../../build/yahboom_dog_joint_state/yahboom_dog_joint_state.egg-info/PKG-INFO
[5.004s] writing dependency_links to ../../build/yahboom_dog_joint_state/yahboom_dog_joint_state.egg-info/dependency_links.txt
[5.004s] writing entry points to ../../build/yahboom_dog_joint_state/yahboom_dog_joint_state.egg-info/entry_points.txt
[5.005s] writing requirements to ../../build/yahboom_dog_joint_state/yahboom_dog_joint_state.egg-info/requires.txt
[5.005s] writing top-level names to ../../build/yahboom_dog_joint_state/yahboom_dog_joint_state.egg-info/top_level.txt
[5.007s] reading manifest file '../../build/yahboom_dog_joint_state/yahboom_dog_joint_state.egg-info/SOURCES.txt'
[5.009s] writing manifest file '../../build/yahboom_dog_joint_state/yahboom_dog_joint_state.egg-info/SOURCES.txt'
[5.010s] running build
[5.010s] running build_py
[5.011s] running install
[5.011s] running install_lib
[5.014s] running install_data
[5.014s] running install_egg_info
[5.018s] removing '/home/dwduong74/yahboom_src/install/yahboom_dog_joint_state/lib/python3.10/site-packages/yahboom_dog_joint_state-0.0.0-py3.10.egg-info' (and everything under it)
[5.020s] Copying ../../build/yahboom_dog_joint_state/yahboom_dog_joint_state.egg-info to /home/dwduong74/yahboom_src/install/yahboom_dog_joint_state/lib/python3.10/site-packages/yahboom_dog_joint_state-0.0.0-py3.10.egg-info
[5.020s] running install_scripts
[5.071s] Installing yahboomcar_joint_state script to /home/dwduong74/yahboom_src/install/yahboom_dog_joint_state/lib/yahboom_dog_joint_state
[5.072s] writing list of installed files to '/home/dwduong74/yahboom_src/build/yahboom_dog_joint_state/install.log'
[5.125s] Invoked command in '/home/dwduong74/yahboom_src/src/yahboom_dog_joint_state' returned '0': PYTHONPATH=/home/dwduong74/yahboom_src/build/yahboom_dog_joint_state/prefix_override:/usr/lib/python3/dist-packages/colcon_core/task/python/colcon_distutils_commands:/home/dwduong74/yahboom_src/install/yahboom_dog_joint_state/lib/python3.10/site-packages:${PYTHONPATH} /usr/bin/python3 -W ignore:setup.py install is deprecated -W ignore:easy_install command is deprecated setup.py egg_info --egg-base ../../build/yahboom_dog_joint_state build --build-base /home/dwduong74/yahboom_src/build/yahboom_dog_joint_state/build install --record /home/dwduong74/yahboom_src/build/yahboom_dog_joint_state/install.log --single-version-externally-managed install_data
