[2.953s] Invoking command in '/home/dwduong74/yahboom_src/src/bringup': PYTHONPATH=/home/dwduong74/yahboom_src/build/bringup/prefix_override:/usr/lib/python3/dist-packages/colcon_core/task/python/colcon_distutils_commands:/home/dwduong74/yahboom_src/install/bringup/lib/python3.10/site-packages:${PYTHONPATH} /usr/bin/python3 -W ignore:setup.py install is deprecated -W ignore:easy_install command is deprecated setup.py egg_info --egg-base ../../build/bringup build --build-base /home/dwduong74/yahboom_src/build/bringup/build install --record /home/dwduong74/yahboom_src/build/bringup/install.log --single-version-externally-managed install_data
[3.566s] running egg_info
[3.567s] writing ../../build/bringup/bringup.egg-info/PKG-INFO
[3.567s] writing dependency_links to ../../build/bringup/bringup.egg-info/dependency_links.txt
[3.567s] writing entry points to ../../build/bringup/bringup.egg-info/entry_points.txt
[3.567s] writing requirements to ../../build/bringup/bringup.egg-info/requires.txt
[3.567s] writing top-level names to ../../build/bringup/bringup.egg-info/top_level.txt
[3.570s] reading manifest file '../../build/bringup/bringup.egg-info/SOURCES.txt'
[3.571s] writing manifest file '../../build/bringup/bringup.egg-info/SOURCES.txt'
[3.571s] running build
[3.571s] running build_py
[3.571s] running install
[3.572s] running install_lib
[3.573s] running install_data
[3.573s] running install_egg_info
[3.575s] removing '/home/dwduong74/yahboom_src/install/bringup/lib/python3.10/site-packages/bringup-0.0.0-py3.10.egg-info' (and everything under it)
[3.576s] Copying ../../build/bringup/bringup.egg-info to /home/dwduong74/yahboom_src/install/bringup/lib/python3.10/site-packages/bringup-0.0.0-py3.10.egg-info
[3.577s] running install_scripts
[3.602s] writing list of installed files to '/home/dwduong74/yahboom_src/build/bringup/install.log'
[4.384s] Invoked command in '/home/dwduong74/yahboom_src/src/bringup' returned '0': PYTHONPATH=/home/dwduong74/yahboom_src/build/bringup/prefix_override:/usr/lib/python3/dist-packages/colcon_core/task/python/colcon_distutils_commands:/home/dwduong74/yahboom_src/install/bringup/lib/python3.10/site-packages:${PYTHONPATH} /usr/bin/python3 -W ignore:setup.py install is deprecated -W ignore:easy_install command is deprecated setup.py egg_info --egg-base ../../build/bringup build --build-base /home/dwduong74/yahboom_src/build/bringup/build install --record /home/dwduong74/yahboom_src/build/bringup/install.log --single-version-externally-managed install_data
