[ 16%] Built target quadruped_controller
[ 33%] Built target message_relay
[ 50%] Built target state_estimation
[ 66%] Built target quadruped_controller_node
[ 83%] Built target message_relay_node
[100%] Built target state_estimation_node
-- Install configuration: ""
-- Up-to-date: /home/dwduong74/yahboom_src/install/champ_base/share/champ_base/config
-- Up-to-date: /home/dwduong74/yahboom_src/install/champ_base/share/champ_base/config/ekf
-- Installing: /home/dwduong74/yahboom_src/install/champ_base/share/champ_base/config/ekf/base_to_footprint.yaml
-- Installing: /home/dwduong74/yahboom_src/install/champ_base/share/champ_base/config/ekf/footprint_to_odom.yaml
-- Up-to-date: /home/dwduong74/yahboom_src/install/champ_base/share/champ_base/config/velocity_smoother
-- Installing: /home/dwduong74/yahboom_src/install/champ_base/share/champ_base/config/velocity_smoother/velocity_smoother.yaml
-- Installing: /home/dwduong74/yahboom_src/install/champ_base/lib/libquadruped_controller.so
-- Set runtime path of "/home/dwduong74/yahboom_src/install/champ_base/lib/libquadruped_controller.so" to ""
-- Installing: /home/dwduong74/yahboom_src/install/champ_base/bin/quadruped_controller_node
-- Set runtime path of "/home/dwduong74/yahboom_src/install/champ_base/bin/quadruped_controller_node" to ""
-- Installing: /home/dwduong74/yahboom_src/install/champ_base/lib/libmessage_relay.so
-- Set runtime path of "/home/dwduong74/yahboom_src/install/champ_base/lib/libmessage_relay.so" to ""
-- Installing: /home/dwduong74/yahboom_src/install/champ_base/bin/message_relay_node
-- Set runtime path of "/home/dwduong74/yahboom_src/install/champ_base/bin/message_relay_node" to ""
-- Installing: /home/dwduong74/yahboom_src/install/champ_base/lib/libstate_estimation.so
-- Set runtime path of "/home/dwduong74/yahboom_src/install/champ_base/lib/libstate_estimation.so" to ""
-- Installing: /home/dwduong74/yahboom_src/install/champ_base/bin/state_estimation_node
-- Set runtime path of "/home/dwduong74/yahboom_src/install/champ_base/bin/state_estimation_node" to ""
-- Installing: /home/dwduong74/yahboom_src/install/champ_base/lib/champ_base/quadruped_controller_node
-- Set runtime path of "/home/dwduong74/yahboom_src/install/champ_base/lib/champ_base/quadruped_controller_node" to ""
-- Installing: /home/dwduong74/yahboom_src/install/champ_base/lib/champ_base/message_relay_node
-- Set runtime path of "/home/dwduong74/yahboom_src/install/champ_base/lib/champ_base/message_relay_node" to ""
-- Installing: /home/dwduong74/yahboom_src/install/champ_base/lib/champ_base/state_estimation_node
-- Set runtime path of "/home/dwduong74/yahboom_src/install/champ_base/lib/champ_base/state_estimation_node" to ""
-- Installing: /home/dwduong74/yahboom_src/install/champ_base/share/ament_index/resource_index/package_run_dependencies/champ_base
-- Installing: /home/dwduong74/yahboom_src/install/champ_base/share/ament_index/resource_index/parent_prefix_path/champ_base
-- Installing: /home/dwduong74/yahboom_src/install/champ_base/share/champ_base/environment/ament_prefix_path.sh
-- Installing: /home/dwduong74/yahboom_src/install/champ_base/share/champ_base/environment/ament_prefix_path.dsv
-- Installing: /home/dwduong74/yahboom_src/install/champ_base/share/champ_base/environment/path.sh
-- Installing: /home/dwduong74/yahboom_src/install/champ_base/share/champ_base/environment/path.dsv
-- Installing: /home/dwduong74/yahboom_src/install/champ_base/share/champ_base/local_setup.bash
-- Installing: /home/dwduong74/yahboom_src/install/champ_base/share/champ_base/local_setup.sh
-- Installing: /home/dwduong74/yahboom_src/install/champ_base/share/champ_base/local_setup.zsh
-- Installing: /home/dwduong74/yahboom_src/install/champ_base/share/champ_base/local_setup.dsv
-- Installing: /home/dwduong74/yahboom_src/install/champ_base/share/champ_base/package.dsv
-- Installing: /home/dwduong74/yahboom_src/install/champ_base/share/ament_index/resource_index/packages/champ_base
-- Installing: /home/dwduong74/yahboom_src/install/champ_base/share/champ_base/cmake/ament_cmake_export_include_directories-extras.cmake
-- Installing: /home/dwduong74/yahboom_src/install/champ_base/share/champ_base/cmake/ament_cmake_export_dependencies-extras.cmake
-- Installing: /home/dwduong74/yahboom_src/install/champ_base/share/champ_base/cmake/champ_baseConfig.cmake
-- Installing: /home/dwduong74/yahboom_src/install/champ_base/share/champ_base/cmake/champ_baseConfig-version.cmake
-- Installing: /home/dwduong74/yahboom_src/install/champ_base/share/champ_base/package.xml
