[1.564s] Invoking command in '/home/dwduong74/yahboom_src/build/champ_base': CMAKE_PREFIX_PATH=/home/dwduong74/yahboom_src/install/champ_msgs:/home/dwduong74/yahboom_src/install/champ:/home/dwduong74/yahboom_src/install/yahboom_msgs:/home/dwduong74/yahboom_src/install/velodyne_simulator:/home/dwduong74/yahboom_src/install/velodyne_description:/home/dwduong74/yahboom_src/install/champ_bringup:/home/dwduong74/yahboom_src/install/champ_description:/home/dwduong74/yahboom_src/install/velodyne_gazebo_plugins:/home/dwduong74/yahboom_src/install/oradar_lidar:/home/dwduong74/yahboom_src/install/image_color_lab:/home/dwduong74/yahboom_src/install/go2_description:/home/dwduong74/yahboom_src/install/go2_config:/home/dwduong74/yahboom_src/install/dogzilla_description:/home/dwduong74/yahboom_src/install/dogzilla_config:/home/dwduong74/yahboom_src/install/champ_teleop:/home/dwduong74/yahboom_src/install/champ_navigation:/home/dwduong74/yahboom_src/install/champ_gazebo:/home/dwduong74/yahboom_src/install/champ_base:/home/dwduong74/yahboom_src/install/champ_config:/home/dwduong74/LUMI_ws/install/turtlebot3_manipulation_gazebo:/home/dwduong74/LUMI_ws/install/champ:/home/dwduong74/LUMI_ws/install/rf2o_laser_odometry:/home/dwduong74/yahboom_src/install/yahboom_set_height:/home/dwduong74/yahboom_src/install/yahboom_mediapipe:/home/dwduong74/yahboom_src/install/yahboom_gait:/home/dwduong74/yahboom_src/install/yahboom_dog_joint_state:/home/dwduong74/yahboom_src/install/yahboom_description:/home/dwduong74/yahboom_src/install/yahboom_bringup:/home/dwduong74/yahboom_src/install/yahboom_base:/home/dwduong74/yahboom_src/install/yahboom_app_save_map:/home/dwduong74/yahboom_src/install/tf_publisher:/home/dwduong74/yahboom_src/install/bringup:/home/dwduong74/LUMI_ws/install/custom_explorer:/opt/ros/humble LD_LIBRARY_PATH=/home/dwduong74/yahboom_src/install/champ_msgs/lib:/home/dwduong74/yahboom_src/install/yahboom_msgs/lib:/home/dwduong74/yahboom_src/install/velodyne_gazebo_plugins/lib:/home/dwduong74/yahboom_src/install/image_color_lab/lib:/home/dwduong74/yahboom_src/install/champ_base/lib:/usr/lib/x86_64-linux-gnu/gazebo-11/plugins:/opt/ros/humble/opt/rviz_ogre_vendor/lib:/opt/ros/humble/lib/x86_64-linux-gnu:/opt/ros/humble/lib /usr/bin/cmake --build /home/dwduong74/yahboom_src/build/champ_base -- -j8 -l8
[1.698s] [ 16%] Built target quadruped_controller
[1.713s] [ 33%] Built target message_relay
[1.729s] [ 50%] Built target state_estimation
[1.773s] [ 66%] Built target quadruped_controller_node
[1.798s] [ 83%] Built target message_relay_node
[1.827s] [100%] Built target state_estimation_node
[3.496s] Invoked command in '/home/dwduong74/yahboom_src/build/champ_base' returned '0': CMAKE_PREFIX_PATH=/home/dwduong74/yahboom_src/install/champ_msgs:/home/dwduong74/yahboom_src/install/champ:/home/dwduong74/yahboom_src/install/yahboom_msgs:/home/dwduong74/yahboom_src/install/velodyne_simulator:/home/dwduong74/yahboom_src/install/velodyne_description:/home/dwduong74/yahboom_src/install/champ_bringup:/home/dwduong74/yahboom_src/install/champ_description:/home/dwduong74/yahboom_src/install/velodyne_gazebo_plugins:/home/dwduong74/yahboom_src/install/oradar_lidar:/home/dwduong74/yahboom_src/install/image_color_lab:/home/dwduong74/yahboom_src/install/go2_description:/home/dwduong74/yahboom_src/install/go2_config:/home/dwduong74/yahboom_src/install/dogzilla_description:/home/dwduong74/yahboom_src/install/dogzilla_config:/home/dwduong74/yahboom_src/install/champ_teleop:/home/dwduong74/yahboom_src/install/champ_navigation:/home/dwduong74/yahboom_src/install/champ_gazebo:/home/dwduong74/yahboom_src/install/champ_base:/home/dwduong74/yahboom_src/install/champ_config:/home/dwduong74/LUMI_ws/install/turtlebot3_manipulation_gazebo:/home/dwduong74/LUMI_ws/install/champ:/home/dwduong74/LUMI_ws/install/rf2o_laser_odometry:/home/dwduong74/yahboom_src/install/yahboom_set_height:/home/dwduong74/yahboom_src/install/yahboom_mediapipe:/home/dwduong74/yahboom_src/install/yahboom_gait:/home/dwduong74/yahboom_src/install/yahboom_dog_joint_state:/home/dwduong74/yahboom_src/install/yahboom_description:/home/dwduong74/yahboom_src/install/yahboom_bringup:/home/dwduong74/yahboom_src/install/yahboom_base:/home/dwduong74/yahboom_src/install/yahboom_app_save_map:/home/dwduong74/yahboom_src/install/tf_publisher:/home/dwduong74/yahboom_src/install/bringup:/home/dwduong74/LUMI_ws/install/custom_explorer:/opt/ros/humble LD_LIBRARY_PATH=/home/dwduong74/yahboom_src/install/champ_msgs/lib:/home/dwduong74/yahboom_src/install/yahboom_msgs/lib:/home/dwduong74/yahboom_src/install/velodyne_gazebo_plugins/lib:/home/dwduong74/yahboom_src/install/image_color_lab/lib:/home/dwduong74/yahboom_src/install/champ_base/lib:/usr/lib/x86_64-linux-gnu/gazebo-11/plugins:/opt/ros/humble/opt/rviz_ogre_vendor/lib:/opt/ros/humble/lib/x86_64-linux-gnu:/opt/ros/humble/lib /usr/bin/cmake --build /home/dwduong74/yahboom_src/build/champ_base -- -j8 -l8
[3.500s] Invoking command in '/home/dwduong74/yahboom_src/build/champ_base': CMAKE_PREFIX_PATH=/home/dwduong74/yahboom_src/install/champ_msgs:/home/dwduong74/yahboom_src/install/champ:/home/dwduong74/yahboom_src/install/yahboom_msgs:/home/dwduong74/yahboom_src/install/velodyne_simulator:/home/dwduong74/yahboom_src/install/velodyne_description:/home/dwduong74/yahboom_src/install/champ_bringup:/home/dwduong74/yahboom_src/install/champ_description:/home/dwduong74/yahboom_src/install/velodyne_gazebo_plugins:/home/dwduong74/yahboom_src/install/oradar_lidar:/home/dwduong74/yahboom_src/install/image_color_lab:/home/dwduong74/yahboom_src/install/go2_description:/home/dwduong74/yahboom_src/install/go2_config:/home/dwduong74/yahboom_src/install/dogzilla_description:/home/dwduong74/yahboom_src/install/dogzilla_config:/home/dwduong74/yahboom_src/install/champ_teleop:/home/dwduong74/yahboom_src/install/champ_navigation:/home/dwduong74/yahboom_src/install/champ_gazebo:/home/dwduong74/yahboom_src/install/champ_base:/home/dwduong74/yahboom_src/install/champ_config:/home/dwduong74/LUMI_ws/install/turtlebot3_manipulation_gazebo:/home/dwduong74/LUMI_ws/install/champ:/home/dwduong74/LUMI_ws/install/rf2o_laser_odometry:/home/dwduong74/yahboom_src/install/yahboom_set_height:/home/dwduong74/yahboom_src/install/yahboom_mediapipe:/home/dwduong74/yahboom_src/install/yahboom_gait:/home/dwduong74/yahboom_src/install/yahboom_dog_joint_state:/home/dwduong74/yahboom_src/install/yahboom_description:/home/dwduong74/yahboom_src/install/yahboom_bringup:/home/dwduong74/yahboom_src/install/yahboom_base:/home/dwduong74/yahboom_src/install/yahboom_app_save_map:/home/dwduong74/yahboom_src/install/tf_publisher:/home/dwduong74/yahboom_src/install/bringup:/home/dwduong74/LUMI_ws/install/custom_explorer:/opt/ros/humble LD_LIBRARY_PATH=/home/dwduong74/yahboom_src/install/champ_msgs/lib:/home/dwduong74/yahboom_src/install/yahboom_msgs/lib:/home/dwduong74/yahboom_src/install/velodyne_gazebo_plugins/lib:/home/dwduong74/yahboom_src/install/image_color_lab/lib:/home/dwduong74/yahboom_src/install/champ_base/lib:/usr/lib/x86_64-linux-gnu/gazebo-11/plugins:/opt/ros/humble/opt/rviz_ogre_vendor/lib:/opt/ros/humble/lib/x86_64-linux-gnu:/opt/ros/humble/lib /usr/bin/cmake --install /home/dwduong74/yahboom_src/build/champ_base
[3.556s] -- Install configuration: ""
[3.556s] -- Up-to-date: /home/dwduong74/yahboom_src/install/champ_base/share/champ_base/config
[3.557s] -- Up-to-date: /home/dwduong74/yahboom_src/install/champ_base/share/champ_base/config/ekf
[3.557s] -- Installing: /home/dwduong74/yahboom_src/install/champ_base/share/champ_base/config/ekf/base_to_footprint.yaml
[3.557s] -- Installing: /home/dwduong74/yahboom_src/install/champ_base/share/champ_base/config/ekf/footprint_to_odom.yaml
[3.557s] -- Up-to-date: /home/dwduong74/yahboom_src/install/champ_base/share/champ_base/config/velocity_smoother
[3.560s] -- Installing: /home/dwduong74/yahboom_src/install/champ_base/share/champ_base/config/velocity_smoother/velocity_smoother.yaml
[3.560s] -- Installing: /home/dwduong74/yahboom_src/install/champ_base/lib/libquadruped_controller.so
[3.560s] -- Set runtime path of "/home/dwduong74/yahboom_src/install/champ_base/lib/libquadruped_controller.so" to ""
[3.560s] -- Installing: /home/dwduong74/yahboom_src/install/champ_base/bin/quadruped_controller_node
[3.560s] -- Set runtime path of "/home/dwduong74/yahboom_src/install/champ_base/bin/quadruped_controller_node" to ""
[3.560s] -- Installing: /home/dwduong74/yahboom_src/install/champ_base/lib/libmessage_relay.so
[3.601s] -- Set runtime path of "/home/dwduong74/yahboom_src/install/champ_base/lib/libmessage_relay.so" to ""
[3.604s] -- Installing: /home/dwduong74/yahboom_src/install/champ_base/bin/message_relay_node
[3.611s] -- Set runtime path of "/home/dwduong74/yahboom_src/install/champ_base/bin/message_relay_node" to ""
[3.612s] -- Installing: /home/dwduong74/yahboom_src/install/champ_base/lib/libstate_estimation.so
[3.650s] -- Set runtime path of "/home/dwduong74/yahboom_src/install/champ_base/lib/libstate_estimation.so" to ""
[3.650s] -- Installing: /home/dwduong74/yahboom_src/install/champ_base/bin/state_estimation_node
[3.654s] -- Set runtime path of "/home/dwduong74/yahboom_src/install/champ_base/bin/state_estimation_node" to ""
[3.654s] -- Installing: /home/dwduong74/yahboom_src/install/champ_base/lib/champ_base/quadruped_controller_node
[3.654s] -- Set runtime path of "/home/dwduong74/yahboom_src/install/champ_base/lib/champ_base/quadruped_controller_node" to ""
[3.655s] -- Installing: /home/dwduong74/yahboom_src/install/champ_base/lib/champ_base/message_relay_node
[3.655s] -- Set runtime path of "/home/dwduong74/yahboom_src/install/champ_base/lib/champ_base/message_relay_node" to ""
[3.655s] -- Installing: /home/dwduong74/yahboom_src/install/champ_base/lib/champ_base/state_estimation_node
[3.656s] -- Set runtime path of "/home/dwduong74/yahboom_src/install/champ_base/lib/champ_base/state_estimation_node" to ""
[3.656s] -- Installing: /home/dwduong74/yahboom_src/install/champ_base/share/ament_index/resource_index/package_run_dependencies/champ_base
[3.658s] -- Installing: /home/dwduong74/yahboom_src/install/champ_base/share/ament_index/resource_index/parent_prefix_path/champ_base
[3.663s] -- Installing: /home/dwduong74/yahboom_src/install/champ_base/share/champ_base/environment/ament_prefix_path.sh
[3.663s] -- Installing: /home/dwduong74/yahboom_src/install/champ_base/share/champ_base/environment/ament_prefix_path.dsv
[3.663s] -- Installing: /home/dwduong74/yahboom_src/install/champ_base/share/champ_base/environment/path.sh
[3.663s] -- Installing: /home/dwduong74/yahboom_src/install/champ_base/share/champ_base/environment/path.dsv
[3.664s] -- Installing: /home/dwduong74/yahboom_src/install/champ_base/share/champ_base/local_setup.bash
[3.664s] -- Installing: /home/dwduong74/yahboom_src/install/champ_base/share/champ_base/local_setup.sh
[3.664s] -- Installing: /home/dwduong74/yahboom_src/install/champ_base/share/champ_base/local_setup.zsh
[3.665s] -- Installing: /home/dwduong74/yahboom_src/install/champ_base/share/champ_base/local_setup.dsv
[3.665s] -- Installing: /home/dwduong74/yahboom_src/install/champ_base/share/champ_base/package.dsv
[3.666s] -- Installing: /home/dwduong74/yahboom_src/install/champ_base/share/ament_index/resource_index/packages/champ_base
[3.666s] -- Installing: /home/dwduong74/yahboom_src/install/champ_base/share/champ_base/cmake/ament_cmake_export_include_directories-extras.cmake
[3.666s] -- Installing: /home/dwduong74/yahboom_src/install/champ_base/share/champ_base/cmake/ament_cmake_export_dependencies-extras.cmake
[3.666s] -- Installing: /home/dwduong74/yahboom_src/install/champ_base/share/champ_base/cmake/champ_baseConfig.cmake
[3.667s] -- Installing: /home/dwduong74/yahboom_src/install/champ_base/share/champ_base/cmake/champ_baseConfig-version.cmake
[3.672s] -- Installing: /home/dwduong74/yahboom_src/install/champ_base/share/champ_base/package.xml
[4.487s] Invoked command in '/home/dwduong74/yahboom_src/build/champ_base' returned '0': CMAKE_PREFIX_PATH=/home/dwduong74/yahboom_src/install/champ_msgs:/home/dwduong74/yahboom_src/install/champ:/home/dwduong74/yahboom_src/install/yahboom_msgs:/home/dwduong74/yahboom_src/install/velodyne_simulator:/home/dwduong74/yahboom_src/install/velodyne_description:/home/dwduong74/yahboom_src/install/champ_bringup:/home/dwduong74/yahboom_src/install/champ_description:/home/dwduong74/yahboom_src/install/velodyne_gazebo_plugins:/home/dwduong74/yahboom_src/install/oradar_lidar:/home/dwduong74/yahboom_src/install/image_color_lab:/home/dwduong74/yahboom_src/install/go2_description:/home/dwduong74/yahboom_src/install/go2_config:/home/dwduong74/yahboom_src/install/dogzilla_description:/home/dwduong74/yahboom_src/install/dogzilla_config:/home/dwduong74/yahboom_src/install/champ_teleop:/home/dwduong74/yahboom_src/install/champ_navigation:/home/dwduong74/yahboom_src/install/champ_gazebo:/home/dwduong74/yahboom_src/install/champ_base:/home/dwduong74/yahboom_src/install/champ_config:/home/dwduong74/LUMI_ws/install/turtlebot3_manipulation_gazebo:/home/dwduong74/LUMI_ws/install/champ:/home/dwduong74/LUMI_ws/install/rf2o_laser_odometry:/home/dwduong74/yahboom_src/install/yahboom_set_height:/home/dwduong74/yahboom_src/install/yahboom_mediapipe:/home/dwduong74/yahboom_src/install/yahboom_gait:/home/dwduong74/yahboom_src/install/yahboom_dog_joint_state:/home/dwduong74/yahboom_src/install/yahboom_description:/home/dwduong74/yahboom_src/install/yahboom_bringup:/home/dwduong74/yahboom_src/install/yahboom_base:/home/dwduong74/yahboom_src/install/yahboom_app_save_map:/home/dwduong74/yahboom_src/install/tf_publisher:/home/dwduong74/yahboom_src/install/bringup:/home/dwduong74/LUMI_ws/install/custom_explorer:/opt/ros/humble LD_LIBRARY_PATH=/home/dwduong74/yahboom_src/install/champ_msgs/lib:/home/dwduong74/yahboom_src/install/yahboom_msgs/lib:/home/dwduong74/yahboom_src/install/velodyne_gazebo_plugins/lib:/home/dwduong74/yahboom_src/install/image_color_lab/lib:/home/dwduong74/yahboom_src/install/champ_base/lib:/usr/lib/x86_64-linux-gnu/gazebo-11/plugins:/opt/ros/humble/opt/rviz_ogre_vendor/lib:/opt/ros/humble/lib/x86_64-linux-gnu:/opt/ros/humble/lib /usr/bin/cmake --install /home/dwduong74/yahboom_src/build/champ_base
