/home/dwduong74/yahboom_src/install/yahboom_description/lib/python3.10/site-packages/yahboom_description/yahboom_urdf.launch.py
/home/dwduong74/yahboom_src/install/yahboom_description/lib/python3.10/site-packages/yahboom_description/__init__.py
/home/dwduong74/yahboom_src/install/yahboom_description/lib/python3.10/site-packages/yahboom_description/__pycache__/yahboom_urdf.launch.cpython-310.pyc
/home/dwduong74/yahboom_src/install/yahboom_description/lib/python3.10/site-packages/yahboom_description/__pycache__/__init__.cpython-310.pyc
/home/dwduong74/yahboom_src/install/yahboom_description/share/ament_index/resource_index/packages/yahboom_description
/home/dwduong74/yahboom_src/install/yahboom_description/share/yahboom_description/package.xml
/home/dwduong74/yahboom_src/install/yahboom_description/share/yahboom_description/urdf/yahboom_xgo_rviz.xacro
/home/dwduong74/yahboom_src/install/yahboom_description/share/yahboom_description/yahboom_urdf.launch.py
/home/dwduong74/yahboom_src/install/yahboom_description/share/yahboom_description/meshes/XGO/base_link.STL
/home/dwduong74/yahboom_src/install/yahboom_description/share/yahboom_description/meshes/XGO/camera_link.STL
/home/dwduong74/yahboom_src/install/yahboom_description/share/yahboom_description/meshes/XGO/laser_link.STL
/home/dwduong74/yahboom_src/install/yahboom_description/share/yahboom_description/meshes/XGO/lf_hip_link.STL
/home/dwduong74/yahboom_src/install/yahboom_description/share/yahboom_description/meshes/XGO/lf_lower_leg_link.STL
/home/dwduong74/yahboom_src/install/yahboom_description/share/yahboom_description/meshes/XGO/lf_upper_leg_link.STL
/home/dwduong74/yahboom_src/install/yahboom_description/share/yahboom_description/meshes/XGO/lh_hip_link.STL
/home/dwduong74/yahboom_src/install/yahboom_description/share/yahboom_description/meshes/XGO/lh_lower_leg_link.STL
/home/dwduong74/yahboom_src/install/yahboom_description/share/yahboom_description/meshes/XGO/lh_upper_leg_link.STL
/home/dwduong74/yahboom_src/install/yahboom_description/share/yahboom_description/meshes/XGO/rf_hip_link.STL
/home/dwduong74/yahboom_src/install/yahboom_description/share/yahboom_description/meshes/XGO/rf_lower_leg_link.STL
/home/dwduong74/yahboom_src/install/yahboom_description/share/yahboom_description/meshes/XGO/rf_upper_leg_link.STL
/home/dwduong74/yahboom_src/install/yahboom_description/share/yahboom_description/meshes/XGO/rh_hip_link.STL
/home/dwduong74/yahboom_src/install/yahboom_description/share/yahboom_description/meshes/XGO/rh_lower_leg_link.STL
/home/dwduong74/yahboom_src/install/yahboom_description/share/yahboom_description/meshes/XGO/rh_upper_leg_link.STL
/home/dwduong74/yahboom_src/install/yahboom_description/lib/python3.10/site-packages/yahboom_description-0.0.0-py3.10.egg-info/SOURCES.txt
/home/dwduong74/yahboom_src/install/yahboom_description/lib/python3.10/site-packages/yahboom_description-0.0.0-py3.10.egg-info/entry_points.txt
/home/dwduong74/yahboom_src/install/yahboom_description/lib/python3.10/site-packages/yahboom_description-0.0.0-py3.10.egg-info/zip-safe
/home/dwduong74/yahboom_src/install/yahboom_description/lib/python3.10/site-packages/yahboom_description-0.0.0-py3.10.egg-info/requires.txt
/home/dwduong74/yahboom_src/install/yahboom_description/lib/python3.10/site-packages/yahboom_description-0.0.0-py3.10.egg-info/top_level.txt
/home/dwduong74/yahboom_src/install/yahboom_description/lib/python3.10/site-packages/yahboom_description-0.0.0-py3.10.egg-info/dependency_links.txt
/home/dwduong74/yahboom_src/install/yahboom_description/lib/python3.10/site-packages/yahboom_description-0.0.0-py3.10.egg-info/PKG-INFO
