[3.754s] Invoking command in '/home/dwduong74/yahboom_src/src/yahboom_dog_joint_state': PYTHONPATH=/home/dwduong74/yahboom_src/build/yahboom_dog_joint_state/prefix_override:/usr/lib/python3/dist-packages/colcon_core/task/python/colcon_distutils_commands:/home/dwduong74/yahboom_src/install/yahboom_dog_joint_state/lib/python3.10/site-packages:${PYTHONPATH} /usr/bin/python3 -W ignore:setup.py install is deprecated -W ignore:easy_install command is deprecated setup.py egg_info --egg-base ../../build/yahboom_dog_joint_state build --build-base /home/dwduong74/yahboom_src/build/yahboom_dog_joint_state/build install --record /home/dwduong74/yahboom_src/build/yahboom_dog_joint_state/install.log --single-version-externally-managed install_data
[4.655s] running egg_info
[4.656s] writing ../../build/yahboom_dog_joint_state/yahboom_dog_joint_state.egg-info/PKG-INFO
[4.656s] writing dependency_links to ../../build/yahboom_dog_joint_state/yahboom_dog_joint_state.egg-info/dependency_links.txt
[4.656s] writing entry points to ../../build/yahboom_dog_joint_state/yahboom_dog_joint_state.egg-info/entry_points.txt
[4.657s] writing requirements to ../../build/yahboom_dog_joint_state/yahboom_dog_joint_state.egg-info/requires.txt
[4.657s] writing top-level names to ../../build/yahboom_dog_joint_state/yahboom_dog_joint_state.egg-info/top_level.txt
[4.660s] reading manifest file '../../build/yahboom_dog_joint_state/yahboom_dog_joint_state.egg-info/SOURCES.txt'
[4.661s] writing manifest file '../../build/yahboom_dog_joint_state/yahboom_dog_joint_state.egg-info/SOURCES.txt'
[4.662s] running build
[4.662s] running build_py
[4.662s] running install
[4.663s] running install_lib
[4.665s] running install_data
[4.665s] running install_egg_info
[4.667s] removing '/home/dwduong74/yahboom_src/install/yahboom_dog_joint_state/lib/python3.10/site-packages/yahboom_dog_joint_state-0.0.0-py3.10.egg-info' (and everything under it)
[4.668s] Copying ../../build/yahboom_dog_joint_state/yahboom_dog_joint_state.egg-info to /home/dwduong74/yahboom_src/install/yahboom_dog_joint_state/lib/python3.10/site-packages/yahboom_dog_joint_state-0.0.0-py3.10.egg-info
[4.669s] running install_scripts
[4.714s] Installing yahboomcar_joint_state script to /home/dwduong74/yahboom_src/install/yahboom_dog_joint_state/lib/yahboom_dog_joint_state
[4.714s] writing list of installed files to '/home/dwduong74/yahboom_src/build/yahboom_dog_joint_state/install.log'
[4.803s] Invoked command in '/home/dwduong74/yahboom_src/src/yahboom_dog_joint_state' returned '0': PYTHONPATH=/home/dwduong74/yahboom_src/build/yahboom_dog_joint_state/prefix_override:/usr/lib/python3/dist-packages/colcon_core/task/python/colcon_distutils_commands:/home/dwduong74/yahboom_src/install/yahboom_dog_joint_state/lib/python3.10/site-packages:${PYTHONPATH} /usr/bin/python3 -W ignore:setup.py install is deprecated -W ignore:easy_install command is deprecated setup.py egg_info --egg-base ../../build/yahboom_dog_joint_state build --build-base /home/dwduong74/yahboom_src/build/yahboom_dog_joint_state/build install --record /home/dwduong74/yahboom_src/build/yahboom_dog_joint_state/install.log --single-version-externally-managed install_data
