[4.300s] Invoking command in '/home/dwduong74/yahboom_src/src/bringup': PYTHONPATH=/home/dwduong74/yahboom_src/build/bringup/prefix_override:/usr/lib/python3/dist-packages/colcon_core/task/python/colcon_distutils_commands:/home/dwduong74/yahboom_src/install/bringup/lib/python3.10/site-packages:${PYTHONPATH} /usr/bin/python3 -W ignore:setup.py install is deprecated -W ignore:easy_install command is deprecated setup.py egg_info --egg-base ../../build/bringup build --build-base /home/dwduong74/yahboom_src/build/bringup/build install --record /home/dwduong74/yahboom_src/build/bringup/install.log --single-version-externally-managed install_data
[5.153s] running egg_info
[5.154s] writing ../../build/bringup/bringup.egg-info/PKG-INFO
[5.154s] writing dependency_links to ../../build/bringup/bringup.egg-info/dependency_links.txt
[5.154s] writing entry points to ../../build/bringup/bringup.egg-info/entry_points.txt
[5.154s] writing requirements to ../../build/bringup/bringup.egg-info/requires.txt
[5.155s] writing top-level names to ../../build/bringup/bringup.egg-info/top_level.txt
[5.159s] reading manifest file '../../build/bringup/bringup.egg-info/SOURCES.txt'
[5.161s] writing manifest file '../../build/bringup/bringup.egg-info/SOURCES.txt'
[5.161s] running build
[5.162s] running build_py
[5.162s] running install
[5.164s] running install_lib
[5.164s] running install_data
[5.164s] running install_egg_info
[5.167s] removing '/home/dwduong74/yahboom_src/install/bringup/lib/python3.10/site-packages/bringup-0.0.0-py3.10.egg-info' (and everything under it)
[5.169s] Copying ../../build/bringup/bringup.egg-info to /home/dwduong74/yahboom_src/install/bringup/lib/python3.10/site-packages/bringup-0.0.0-py3.10.egg-info
[5.169s] running install_scripts
[5.211s] writing list of installed files to '/home/dwduong74/yahboom_src/build/bringup/install.log'
[5.501s] Invoked command in '/home/dwduong74/yahboom_src/src/bringup' returned '0': PYTHONPATH=/home/dwduong74/yahboom_src/build/bringup/prefix_override:/usr/lib/python3/dist-packages/colcon_core/task/python/colcon_distutils_commands:/home/dwduong74/yahboom_src/install/bringup/lib/python3.10/site-packages:${PYTHONPATH} /usr/bin/python3 -W ignore:setup.py install is deprecated -W ignore:easy_install command is deprecated setup.py egg_info --egg-base ../../build/bringup build --build-base /home/dwduong74/yahboom_src/build/bringup/build install --record /home/dwduong74/yahboom_src/build/bringup/install.log --single-version-externally-managed install_data
