[2.159s] Invoking command in '/home/dwduong74/yahboom_src/src/bringup': PYTHONPATH=/home/dwduong74/yahboom_src/build/bringup/prefix_override:/usr/lib/python3/dist-packages/colcon_core/task/python/colcon_distutils_commands:/home/dwduong74/yahboom_src/install/bringup/lib/python3.10/site-packages:${PYTHONPATH} /usr/bin/python3 -W ignore:setup.py install is deprecated -W ignore:easy_install command is deprecated setup.py egg_info --egg-base ../../build/bringup build --build-base /home/dwduong74/yahboom_src/build/bringup/build install --record /home/dwduong74/yahboom_src/build/bringup/install.log --single-version-externally-managed install_data
[3.027s] running egg_info
[3.028s] creating ../../build/bringup/bringup.egg-info
[3.028s] writing ../../build/bringup/bringup.egg-info/PKG-INFO
[3.029s] writing dependency_links to ../../build/bringup/bringup.egg-info/dependency_links.txt
[3.029s] writing entry points to ../../build/bringup/bringup.egg-info/entry_points.txt
[3.029s] writing requirements to ../../build/bringup/bringup.egg-info/requires.txt
[3.029s] writing top-level names to ../../build/bringup/bringup.egg-info/top_level.txt
[3.030s] writing manifest file '../../build/bringup/bringup.egg-info/SOURCES.txt'
[3.034s] reading manifest file '../../build/bringup/bringup.egg-info/SOURCES.txt'
[3.035s] writing manifest file '../../build/bringup/bringup.egg-info/SOURCES.txt'
[3.035s] running build
[3.035s] running build_py
[3.036s] creating /home/dwduong74/yahboom_src/build/bringup/build
[3.036s] creating /home/dwduong74/yahboom_src/build/bringup/build/lib
[3.036s] creating /home/dwduong74/yahboom_src/build/bringup/build/lib/bringup
[3.036s] copying bringup/__init__.py -> /home/dwduong74/yahboom_src/build/bringup/build/lib/bringup
[3.036s] running install
[3.037s] running install_lib
[3.039s] creating /home/dwduong74/yahboom_src/install/bringup/lib/python3.10/site-packages/bringup
[3.039s] copying /home/dwduong74/yahboom_src/build/bringup/build/lib/bringup/__init__.py -> /home/dwduong74/yahboom_src/install/bringup/lib/python3.10/site-packages/bringup
[3.040s] byte-compiling /home/dwduong74/yahboom_src/install/bringup/lib/python3.10/site-packages/bringup/__init__.py to __init__.cpython-310.pyc
[3.040s] running install_data
[3.040s] creating /home/dwduong74/yahboom_src/install/bringup/share/ament_index
[3.040s] creating /home/dwduong74/yahboom_src/install/bringup/share/ament_index/resource_index
[3.041s] creating /home/dwduong74/yahboom_src/install/bringup/share/ament_index/resource_index/packages
[3.041s] copying resource/bringup -> /home/dwduong74/yahboom_src/install/bringup/share/ament_index/resource_index/packages
[3.041s] copying package.xml -> /home/dwduong74/yahboom_src/install/bringup/share/bringup
[3.041s] copying launch/bringup.launch.py -> /home/dwduong74/yahboom_src/install/bringup/share/bringup
[3.041s] copying launch/Mapping.launch.py -> /home/dwduong74/yahboom_src/install/bringup/share/bringup
[3.042s] copying launch/Navigation_bringup.launch.py -> /home/dwduong74/yahboom_src/install/bringup/share/bringup
[3.042s] running install_egg_info
[3.046s] Copying ../../build/bringup/bringup.egg-info to /home/dwduong74/yahboom_src/install/bringup/lib/python3.10/site-packages/bringup-0.0.0-py3.10.egg-info
[3.047s] running install_scripts
[3.088s] writing list of installed files to '/home/dwduong74/yahboom_src/build/bringup/install.log'
[3.148s] Invoked command in '/home/dwduong74/yahboom_src/src/bringup' returned '0': PYTHONPATH=/home/dwduong74/yahboom_src/build/bringup/prefix_override:/usr/lib/python3/dist-packages/colcon_core/task/python/colcon_distutils_commands:/home/dwduong74/yahboom_src/install/bringup/lib/python3.10/site-packages:${PYTHONPATH} /usr/bin/python3 -W ignore:setup.py install is deprecated -W ignore:easy_install command is deprecated setup.py egg_info --egg-base ../../build/bringup build --build-base /home/dwduong74/yahboom_src/build/bringup/build install --record /home/dwduong74/yahboom_src/build/bringup/install.log --single-version-externally-managed install_data
