[0.060s] Invoking command in '/home/dwduong74/yahboom_src/build/champ': CMAKE_PREFIX_PATH=${CMAKE_PREFIX_PATH}:/home/dwduong74/LUMI_ws/install/custom_explorer:/opt/ros/humble /usr/bin/cmake /home/dwduong74/yahboom_src/src/unitree-go2-ros2/champ/champ -DCMAKE_INSTALL_PREFIX=/home/dwduong74/yahboom_src/install/champ
[0.738s] -- The C compiler identification is GNU 11.4.0
[0.738s] -- The CXX compiler identification is GNU 11.4.0
[0.738s] -- Detecting C compiler ABI info
[0.738s] -- Detecting C compiler ABI info - done
[0.738s] -- Check for working C compiler: /usr/bin/cc - skipped
[0.738s] -- Detecting C compile features
[0.738s] -- Detecting C compile features - done
[0.738s] -- Detecting CXX compiler ABI info
[0.740s] -- Detecting CXX compiler ABI info - done
[0.763s] -- Check for working CXX compiler: /usr/bin/c++ - skipped
[0.763s] -- Detecting CXX compile features
[0.763s] -- Detecting CXX compile features - done
[0.769s] -- Found ament_cmake: 1.3.12 (/opt/ros/humble/share/ament_cmake/cmake)
[1.124s] -- Found Python3: /usr/bin/python3 (found version "3.10.12") found components: Interpreter 
[1.328s] -- Found rclcpp: 16.0.17 (/opt/ros/humble/share/rclcpp/cmake)
[1.458s] -- Found rosidl_generator_c: 3.1.7 (/opt/ros/humble/share/rosidl_generator_c/cmake)
[1.470s] -- Found rosidl_adapter: 3.1.7 (/opt/ros/humble/share/rosidl_adapter/cmake)
[1.492s] -- Found rosidl_generator_cpp: 3.1.7 (/opt/ros/humble/share/rosidl_generator_cpp/cmake)
[1.523s] -- Using all available rosidl_typesupport_c: rosidl_typesupport_fastrtps_c;rosidl_typesupport_introspection_c
[1.568s] -- Using all available rosidl_typesupport_cpp: rosidl_typesupport_fastrtps_cpp;rosidl_typesupport_introspection_cpp
[1.688s] -- Found rmw_implementation_cmake: 6.1.2 (/opt/ros/humble/share/rmw_implementation_cmake/cmake)
[1.698s] -- Found rmw_fastrtps_cpp: 6.2.9 (/opt/ros/humble/share/rmw_fastrtps_cpp/cmake)
[1.931s] -- Found OpenSSL: /usr/lib/x86_64-linux-gnu/libcrypto.so (found version "3.0.2")  
[1.992s] -- Found FastRTPS: /opt/ros/humble/include  
[2.082s] -- Using RMW implementation 'rmw_fastrtps_cpp' as default
[2.107s] -- Looking for pthread.h
[2.242s] -- Looking for pthread.h - found
[2.243s] -- Performing Test CMAKE_HAVE_LIBC_PTHREAD
[2.373s] -- Performing Test CMAKE_HAVE_LIBC_PTHREAD - Success
[2.374s] -- Found Threads: TRUE  
[2.522s] -- Found ament_lint_auto: 0.12.14 (/opt/ros/humble/share/ament_lint_auto/cmake)
[2.711s] -- Configuring done
[2.720s] -- Generating done
[2.725s] -- Build files have been written to: /home/dwduong74/yahboom_src/build/champ
[2.747s] Invoked command in '/home/dwduong74/yahboom_src/build/champ' returned '0': CMAKE_PREFIX_PATH=${CMAKE_PREFIX_PATH}:/home/dwduong74/LUMI_ws/install/custom_explorer:/opt/ros/humble /usr/bin/cmake /home/dwduong74/yahboom_src/src/unitree-go2-ros2/champ/champ -DCMAKE_INSTALL_PREFIX=/home/dwduong74/yahboom_src/install/champ
[2.747s] Invoking command in '/home/dwduong74/yahboom_src/build/champ': CMAKE_PREFIX_PATH=${CMAKE_PREFIX_PATH}:/home/dwduong74/LUMI_ws/install/custom_explorer:/opt/ros/humble /usr/bin/cmake --build /home/dwduong74/yahboom_src/build/champ -- -j8 -l8
[3.464s] Invoked command in '/home/dwduong74/yahboom_src/build/champ' returned '0': CMAKE_PREFIX_PATH=${CMAKE_PREFIX_PATH}:/home/dwduong74/LUMI_ws/install/custom_explorer:/opt/ros/humble /usr/bin/cmake --build /home/dwduong74/yahboom_src/build/champ -- -j8 -l8
[3.464s] Invoking command in '/home/dwduong74/yahboom_src/build/champ': CMAKE_PREFIX_PATH=${CMAKE_PREFIX_PATH}:/home/dwduong74/LUMI_ws/install/custom_explorer:/opt/ros/humble /usr/bin/cmake --install /home/dwduong74/yahboom_src/build/champ
[3.538s] -- Install configuration: ""
[3.538s] -- Installing: /home/dwduong74/yahboom_src/install/champ/include
[3.539s] -- Installing: /home/dwduong74/yahboom_src/install/champ/include/champ
[3.539s] -- Installing: /home/dwduong74/yahboom_src/install/champ/include/champ/bla
[3.539s] -- Installing: /home/dwduong74/yahboom_src/install/champ/include/champ/bla/basic_linear_algebra.h
[3.539s] -- Installing: /home/dwduong74/yahboom_src/install/champ/include/champ/bla/memory_delegate.h
[3.539s] -- Installing: /home/dwduong74/yahboom_src/install/champ/include/champ/README.md
[3.539s] -- Installing: /home/dwduong74/yahboom_src/install/champ/include/champ/LICENSE
[3.540s] -- Installing: /home/dwduong74/yahboom_src/install/champ/include/champ/quadruped_base
[3.540s] -- Installing: /home/dwduong74/yahboom_src/install/champ/include/champ/quadruped_base/quadruped_leg.h
[3.540s] -- Installing: /home/dwduong74/yahboom_src/install/champ/include/champ/quadruped_base/quadruped_joint.h
[3.540s] -- Installing: /home/dwduong74/yahboom_src/install/champ/include/champ/quadruped_base/quadruped_components.h
[3.540s] -- Installing: /home/dwduong74/yahboom_src/install/champ/include/champ/quadruped_base/quadruped_base.h
[3.540s] -- Installing: /home/dwduong74/yahboom_src/install/champ/include/champ/body_controller
[3.540s] -- Installing: /home/dwduong74/yahboom_src/install/champ/include/champ/body_controller/body_controller.h
[3.541s] -- Installing: /home/dwduong74/yahboom_src/install/champ/include/champ/geometry
[3.541s] -- Installing: /home/dwduong74/yahboom_src/install/champ/include/champ/geometry/geometry.h
[3.543s] -- Installing: /home/dwduong74/yahboom_src/install/champ/include/champ/utils
[3.544s] -- Installing: /home/dwduong74/yahboom_src/install/champ/include/champ/utils/urdf_loader.h
[3.544s] -- Installing: /home/dwduong74/yahboom_src/install/champ/include/champ/utils/xmlrpc_helpers.h
[3.544s] -- Installing: /home/dwduong74/yahboom_src/install/champ/include/champ/kinematics
[3.545s] -- Installing: /home/dwduong74/yahboom_src/install/champ/include/champ/kinematics/kinematics.h
[3.545s] -- Installing: /home/dwduong74/yahboom_src/install/champ/include/champ/odometry
[3.545s] -- Installing: /home/dwduong74/yahboom_src/install/champ/include/champ/odometry/odometry.h
[3.545s] -- Installing: /home/dwduong74/yahboom_src/install/champ/include/champ/macros
[3.545s] -- Installing: /home/dwduong74/yahboom_src/install/champ/include/champ/macros/macros.h
[3.545s] -- Installing: /home/dwduong74/yahboom_src/install/champ/include/champ/leg_controller
[3.546s] -- Installing: /home/dwduong74/yahboom_src/install/champ/include/champ/leg_controller/trajectory_planner.h
[3.546s] -- Installing: /home/dwduong74/yahboom_src/install/champ/include/champ/leg_controller/phase_generator.h
[3.546s] -- Installing: /home/dwduong74/yahboom_src/install/champ/include/champ/leg_controller/leg_controller.h
[3.546s] -- Installing: /home/dwduong74/yahboom_src/install/champ/share/ament_index/resource_index/package_run_dependencies/champ
[3.546s] -- Installing: /home/dwduong74/yahboom_src/install/champ/share/ament_index/resource_index/parent_prefix_path/champ
[3.547s] -- Installing: /home/dwduong74/yahboom_src/install/champ/share/champ/environment/ament_prefix_path.sh
[3.547s] -- Installing: /home/dwduong74/yahboom_src/install/champ/share/champ/environment/ament_prefix_path.dsv
[3.547s] -- Installing: /home/dwduong74/yahboom_src/install/champ/share/champ/environment/path.sh
[3.548s] -- Installing: /home/dwduong74/yahboom_src/install/champ/share/champ/environment/path.dsv
[3.548s] -- Installing: /home/dwduong74/yahboom_src/install/champ/share/champ/local_setup.bash
[3.548s] -- Installing: /home/dwduong74/yahboom_src/install/champ/share/champ/local_setup.sh
[3.548s] -- Installing: /home/dwduong74/yahboom_src/install/champ/share/champ/local_setup.zsh
[3.550s] -- Installing: /home/dwduong74/yahboom_src/install/champ/share/champ/local_setup.dsv
[3.550s] -- Installing: /home/dwduong74/yahboom_src/install/champ/share/champ/package.dsv
[3.551s] -- Installing: /home/dwduong74/yahboom_src/install/champ/share/ament_index/resource_index/packages/champ
[3.551s] -- Installing: /home/dwduong74/yahboom_src/install/champ/share/champ/cmake/ament_cmake_export_include_directories-extras.cmake
[3.551s] -- Installing: /home/dwduong74/yahboom_src/install/champ/share/champ/cmake/champConfig.cmake
[3.551s] -- Installing: /home/dwduong74/yahboom_src/install/champ/share/champ/cmake/champConfig-version.cmake
[3.551s] -- Installing: /home/dwduong74/yahboom_src/install/champ/share/champ/package.xml
[3.555s] Invoked command in '/home/dwduong74/yahboom_src/build/champ' returned '0': CMAKE_PREFIX_PATH=${CMAKE_PREFIX_PATH}:/home/dwduong74/LUMI_ws/install/custom_explorer:/opt/ros/humble /usr/bin/cmake --install /home/dwduong74/yahboom_src/build/champ
