[0.054s] Invoking command in '/home/dwduong74/yahboom_src/build/champ_msgs': CMAKE_PREFIX_PATH=${CMAKE_PREFIX_PATH}:/home/dwduong74/LUMI_ws/install/custom_explorer:/opt/ros/humble /usr/bin/cmake /home/dwduong74/yahboom_src/src/unitree-go2-ros2/champ/champ_msgs -DCMAKE_INSTALL_PREFIX=/home/dwduong74/yahboom_src/install/champ_msgs
[0.732s] -- The C compiler identification is GNU 11.4.0
[0.732s] -- The CXX compiler identification is GNU 11.4.0
[0.732s] -- Detecting C compiler ABI info
[0.732s] -- Detecting C compiler ABI info - done
[0.732s] -- Check for working C compiler: /usr/bin/cc - skipped
[0.733s] -- Detecting C compile features
[0.733s] -- Detecting C compile features - done
[0.733s] -- Detecting CXX compiler ABI info
[0.734s] -- Detecting CXX compiler ABI info - done
[0.744s] -- Check for working CXX compiler: /usr/bin/c++ - skipped
[0.744s] -- Detecting CXX compile features
[0.745s] -- Detecting CXX compile features - done
[0.755s] -- Found ament_cmake: 1.3.12 (/opt/ros/humble/share/ament_cmake/cmake)
[1.116s] -- Found Python3: /usr/bin/python3 (found version "3.10.12") found components: Interpreter 
[1.317s] -- Found rosidl_default_generators: 1.2.0 (/opt/ros/humble/share/rosidl_default_generators/cmake)
[1.328s] -- Using all available rosidl_typesupport_c: rosidl_typesupport_fastrtps_c;rosidl_typesupport_introspection_c
[1.367s] -- Found rosidl_adapter: 3.1.7 (/opt/ros/humble/share/rosidl_adapter/cmake)
[1.475s] -- Using all available rosidl_typesupport_cpp: rosidl_typesupport_fastrtps_cpp;rosidl_typesupport_introspection_cpp
[1.570s] -- Found std_msgs: 4.9.0 (/opt/ros/humble/share/std_msgs/cmake)
[1.647s] -- Found geometry_msgs: 4.9.0 (/opt/ros/humble/share/geometry_msgs/cmake)
[2.478s] -- Found ament_cmake_ros: 0.10.0 (/opt/ros/humble/share/ament_cmake_ros/cmake)
[3.080s] -- Using all available rosidl_typesupport_c: rosidl_typesupport_fastrtps_c;rosidl_typesupport_introspection_c
[3.816s] -- Using all available rosidl_typesupport_cpp: rosidl_typesupport_fastrtps_cpp;rosidl_typesupport_introspection_cpp
[3.861s] -- Found PythonInterp: /usr/bin/python3 (found suitable version "3.10.12", minimum required is "3.6") 
[3.864s] -- Found python_cmake_module: 0.10.0 (/opt/ros/humble/share/python_cmake_module/cmake)
[3.915s] -- Found PythonLibs: /usr/lib/x86_64-linux-gnu/libpython3.10.so (found suitable version "3.10.12", minimum required is "3.5") 
[3.915s] -- Using PYTHON_EXECUTABLE: /usr/bin/python3
[3.915s] -- Using PYTHON_INCLUDE_DIRS: /usr/include/python3.10
[3.915s] -- Using PYTHON_LIBRARIES: /usr/lib/x86_64-linux-gnu/libpython3.10.so
[3.950s] -- Found PythonExtra: .so  
[4.320s] -- Using numpy include directory: /home/dwduong74/.local/lib/python3.10/site-packages/numpy/core/include
[4.345s] -- Found ament_lint_auto: 0.12.14 (/opt/ros/humble/share/ament_lint_auto/cmake)
[4.363s] -- Configuring done
[4.459s] -- Generating done
[4.489s] -- Build files have been written to: /home/dwduong74/yahboom_src/build/champ_msgs
[5.254s] Invoked command in '/home/dwduong74/yahboom_src/build/champ_msgs' returned '0': CMAKE_PREFIX_PATH=${CMAKE_PREFIX_PATH}:/home/dwduong74/LUMI_ws/install/custom_explorer:/opt/ros/humble /usr/bin/cmake /home/dwduong74/yahboom_src/src/unitree-go2-ros2/champ/champ_msgs -DCMAKE_INSTALL_PREFIX=/home/dwduong74/yahboom_src/install/champ_msgs
[5.257s] Invoking command in '/home/dwduong74/yahboom_src/build/champ_msgs': CMAKE_PREFIX_PATH=${CMAKE_PREFIX_PATH}:/home/dwduong74/LUMI_ws/install/custom_explorer:/opt/ros/humble /usr/bin/cmake --build /home/dwduong74/yahboom_src/build/champ_msgs -- -j8 -l8
[5.347s] [  1%] [34m[1mGenerating C code for ROS interfaces[0m
[5.381s] [  2%] [34m[1mGenerating C++ code for ROS interfaces[0m
[5.393s] [  2%] Built target ament_cmake_python_copy_champ_msgs
[6.127s] running egg_info
[6.128s] creating champ_msgs.egg-info
[6.128s] writing champ_msgs.egg-info/PKG-INFO
[6.128s] writing dependency_links to champ_msgs.egg-info/dependency_links.txt
[6.129s] writing top-level names to champ_msgs.egg-info/top_level.txt
[6.130s] writing manifest file 'champ_msgs.egg-info/SOURCES.txt'
[6.133s] reading manifest file 'champ_msgs.egg-info/SOURCES.txt'
[6.134s] writing manifest file 'champ_msgs.egg-info/SOURCES.txt'
[6.171s] [  2%] Built target ament_cmake_python_build_champ_msgs_egg
[6.648s] [  2%] Built target champ_msgs__cpp
[6.666s] [  3%] [34m[1mGenerating C++ type support dispatch for ROS interfaces[0m
[6.667s] [  5%] [34m[1mGenerating C++ type support for eProsima Fast-RTPS[0m
[6.667s] [  5%] [34m[1mGenerating C++ introspection for ROS interfaces[0m
[7.033s] [  6%] [32mBuilding C object CMakeFiles/champ_msgs__rosidl_generator_c.dir/rosidl_generator_c/champ_msgs/msg/detail/velocities__functions.c.o[0m
[7.041s] [  7%] [32mBuilding C object CMakeFiles/champ_msgs__rosidl_generator_c.dir/rosidl_generator_c/champ_msgs/msg/detail/imu__functions.c.o[0m
[7.045s] [  8%] [32mBuilding C object CMakeFiles/champ_msgs__rosidl_generator_c.dir/rosidl_generator_c/champ_msgs/msg/detail/point__functions.c.o[0m
[7.048s] [  9%] [32mBuilding C object CMakeFiles/champ_msgs__rosidl_generator_c.dir/rosidl_generator_c/champ_msgs/msg/detail/pid__functions.c.o[0m
[7.063s] [ 10%] [32mBuilding C object CMakeFiles/champ_msgs__rosidl_generator_c.dir/rosidl_generator_c/champ_msgs/msg/detail/point_array__functions.c.o[0m
[7.286s] [ 11%] [32mBuilding C object CMakeFiles/champ_msgs__rosidl_generator_c.dir/rosidl_generator_c/champ_msgs/msg/detail/contacts__functions.c.o[0m
[7.286s] [ 12%] [32mBuilding C object CMakeFiles/champ_msgs__rosidl_generator_c.dir/rosidl_generator_c/champ_msgs/msg/detail/contacts_stamped__functions.c.o[0m
[7.289s] [ 13%] [32mBuilding C object CMakeFiles/champ_msgs__rosidl_generator_c.dir/rosidl_generator_c/champ_msgs/msg/detail/joints__functions.c.o[0m
[7.347s] [ 14%] [32mBuilding C object CMakeFiles/champ_msgs__rosidl_generator_c.dir/rosidl_generator_c/champ_msgs/msg/detail/pose__functions.c.o[0m
[7.654s] [ 15%] [32m[1mLinking C shared library libchamp_msgs__rosidl_generator_c.so[0m
[7.895s] [ 15%] Built target champ_msgs__rosidl_generator_c
[7.940s] [ 16%] [34m[1mGenerating C introspection for ROS interfaces[0m
[7.956s] [ 17%] [34m[1mGenerating C type support for eProsima Fast-RTPS[0m
[7.964s] [ 18%] [34m[1mGenerating C type support dispatch for ROS interfaces[0m
[8.703s] [ 20%] [32mBuilding CXX object CMakeFiles/champ_msgs__rosidl_typesupport_cpp.dir/rosidl_typesupport_cpp/champ_msgs/msg/velocities__type_support.cpp.o[0m
[8.719s] [ 21%] [32mBuilding CXX object CMakeFiles/champ_msgs__rosidl_typesupport_cpp.dir/rosidl_typesupport_cpp/champ_msgs/msg/pid__type_support.cpp.o[0m
[8.732s] [ 22%] [32mBuilding CXX object CMakeFiles/champ_msgs__rosidl_typesupport_cpp.dir/rosidl_typesupport_cpp/champ_msgs/msg/imu__type_support.cpp.o[0m
[9.787s] [ 23%] [32mBuilding CXX object CMakeFiles/champ_msgs__rosidl_typesupport_introspection_cpp.dir/rosidl_typesupport_introspection_cpp/champ_msgs/msg/detail/velocities__type_support.cpp.o[0m
[10.106s] [ 24%] [32mBuilding CXX object CMakeFiles/champ_msgs__rosidl_typesupport_introspection_cpp.dir/rosidl_typesupport_introspection_cpp/champ_msgs/msg/detail/pid__type_support.cpp.o[0m
[10.318s] [ 25%] [32mBuilding CXX object CMakeFiles/champ_msgs__rosidl_typesupport_introspection_cpp.dir/rosidl_typesupport_introspection_cpp/champ_msgs/msg/detail/imu__type_support.cpp.o[0m
[10.321s] [ 26%] [32mBuilding CXX object CMakeFiles/champ_msgs__rosidl_typesupport_c.dir/rosidl_typesupport_c/champ_msgs/msg/velocities__type_support.cpp.o[0m
[10.508s] [ 27%] [32mBuilding CXX object CMakeFiles/champ_msgs__rosidl_typesupport_c.dir/rosidl_typesupport_c/champ_msgs/msg/pid__type_support.cpp.o[0m
[10.716s] [ 28%] [32mBuilding CXX object CMakeFiles/champ_msgs__rosidl_typesupport_c.dir/rosidl_typesupport_c/champ_msgs/msg/imu__type_support.cpp.o[0m
[10.815s] [ 29%] [32mBuilding CXX object CMakeFiles/champ_msgs__rosidl_typesupport_cpp.dir/rosidl_typesupport_cpp/champ_msgs/msg/point__type_support.cpp.o[0m
[10.871s] [ 30%] [32mBuilding CXX object CMakeFiles/champ_msgs__rosidl_typesupport_fastrtps_cpp.dir/rosidl_typesupport_fastrtps_cpp/champ_msgs/msg/detail/dds_fastrtps/velocities__type_support.cpp.o[0m
[10.890s] [ 31%] [32mBuilding CXX object CMakeFiles/champ_msgs__rosidl_typesupport_c.dir/rosidl_typesupport_c/champ_msgs/msg/point__type_support.cpp.o[0m
[11.006s] [ 32%] [32mBuilding CXX object CMakeFiles/champ_msgs__rosidl_typesupport_c.dir/rosidl_typesupport_c/champ_msgs/msg/point_array__type_support.cpp.o[0m
[11.198s] [ 33%] [32mBuilding CXX object CMakeFiles/champ_msgs__rosidl_typesupport_introspection_cpp.dir/rosidl_typesupport_introspection_cpp/champ_msgs/msg/detail/point__type_support.cpp.o[0m
[11.223s] [ 34%] [32mBuilding CXX object CMakeFiles/champ_msgs__rosidl_typesupport_c.dir/rosidl_typesupport_c/champ_msgs/msg/joints__type_support.cpp.o[0m
[11.311s] [ 35%] [32mBuilding CXX object CMakeFiles/champ_msgs__rosidl_typesupport_c.dir/rosidl_typesupport_c/champ_msgs/msg/contacts__type_support.cpp.o[0m
[11.448s] [ 36%] [32mBuilding CXX object CMakeFiles/champ_msgs__rosidl_typesupport_c.dir/rosidl_typesupport_c/champ_msgs/msg/contacts_stamped__type_support.cpp.o[0m
[11.668s] [ 37%] [32mBuilding CXX object CMakeFiles/champ_msgs__rosidl_typesupport_c.dir/rosidl_typesupport_c/champ_msgs/msg/pose__type_support.cpp.o[0m
[11.795s] [ 38%] [32m[1mLinking CXX shared library libchamp_msgs__rosidl_typesupport_c.so[0m
[12.048s] [ 38%] Built target champ_msgs__rosidl_typesupport_c
[12.102s] [ 40%] [32mBuilding CXX object CMakeFiles/champ_msgs__rosidl_typesupport_cpp.dir/rosidl_typesupport_cpp/champ_msgs/msg/point_array__type_support.cpp.o[0m
[12.238s] [ 41%] [32mBuilding CXX object CMakeFiles/champ_msgs__rosidl_typesupport_cpp.dir/rosidl_typesupport_cpp/champ_msgs/msg/joints__type_support.cpp.o[0m
[12.345s] [ 42%] [32mBuilding C object CMakeFiles/champ_msgs__rosidl_typesupport_introspection_c.dir/rosidl_typesupport_introspection_c/champ_msgs/msg/detail/velocities__type_support.c.o[0m
[12.437s] [ 43%] [32mBuilding CXX object CMakeFiles/champ_msgs__rosidl_typesupport_fastrtps_c.dir/rosidl_typesupport_fastrtps_c/champ_msgs/msg/detail/velocities__type_support_c.cpp.o[0m
[12.489s] [ 44%] [32mBuilding CXX object CMakeFiles/champ_msgs__rosidl_typesupport_cpp.dir/rosidl_typesupport_cpp/champ_msgs/msg/contacts__type_support.cpp.o[0m
[12.540s] [ 45%] [32mBuilding C object CMakeFiles/champ_msgs__rosidl_typesupport_introspection_c.dir/rosidl_typesupport_introspection_c/champ_msgs/msg/detail/pid__type_support.c.o[0m
[12.726s] [ 46%] [32mBuilding C object CMakeFiles/champ_msgs__rosidl_typesupport_introspection_c.dir/rosidl_typesupport_introspection_c/champ_msgs/msg/detail/imu__type_support.c.o[0m
[12.759s] [ 47%] [32mBuilding C object CMakeFiles/champ_msgs__rosidl_typesupport_introspection_c.dir/rosidl_typesupport_introspection_c/champ_msgs/msg/detail/point__type_support.c.o[0m
[12.849s] [ 48%] [32mBuilding CXX object CMakeFiles/champ_msgs__rosidl_typesupport_cpp.dir/rosidl_typesupport_cpp/champ_msgs/msg/contacts_stamped__type_support.cpp.o[0m
[12.859s] [ 49%] [32mBuilding CXX object CMakeFiles/champ_msgs__rosidl_typesupport_fastrtps_c.dir/rosidl_typesupport_fastrtps_c/champ_msgs/msg/detail/pid__type_support_c.cpp.o[0m
[12.866s] [ 50%] [32mBuilding C object CMakeFiles/champ_msgs__rosidl_typesupport_introspection_c.dir/rosidl_typesupport_introspection_c/champ_msgs/msg/detail/point_array__type_support.c.o[0m
[13.061s] [ 51%] [32mBuilding C object CMakeFiles/champ_msgs__rosidl_typesupport_introspection_c.dir/rosidl_typesupport_introspection_c/champ_msgs/msg/detail/joints__type_support.c.o[0m
[13.187s] [ 52%] [32mBuilding C object CMakeFiles/champ_msgs__rosidl_typesupport_introspection_c.dir/rosidl_typesupport_introspection_c/champ_msgs/msg/detail/contacts__type_support.c.o[0m
[13.350s] [ 53%] [32mBuilding CXX object CMakeFiles/champ_msgs__rosidl_typesupport_fastrtps_cpp.dir/rosidl_typesupport_fastrtps_cpp/champ_msgs/msg/detail/dds_fastrtps/pid__type_support.cpp.o[0m
[13.398s] [ 54%] [32mBuilding C object CMakeFiles/champ_msgs__rosidl_typesupport_introspection_c.dir/rosidl_typesupport_introspection_c/champ_msgs/msg/detail/contacts_stamped__type_support.c.o[0m
[13.478s] [ 55%] [32mBuilding CXX object CMakeFiles/champ_msgs__rosidl_typesupport_introspection_cpp.dir/rosidl_typesupport_introspection_cpp/champ_msgs/msg/detail/point_array__type_support.cpp.o[0m
[13.500s] [ 56%] [32mBuilding CXX object CMakeFiles/champ_msgs__rosidl_typesupport_introspection_cpp.dir/rosidl_typesupport_introspection_cpp/champ_msgs/msg/detail/joints__type_support.cpp.o[0m
[13.578s] [ 57%] [32mBuilding C object CMakeFiles/champ_msgs__rosidl_typesupport_introspection_c.dir/rosidl_typesupport_introspection_c/champ_msgs/msg/detail/pose__type_support.c.o[0m
[13.710s] [ 58%] [32m[1mLinking C shared library libchamp_msgs__rosidl_typesupport_introspection_c.so[0m
[13.755s] [ 60%] [32mBuilding CXX object CMakeFiles/champ_msgs__rosidl_typesupport_cpp.dir/rosidl_typesupport_cpp/champ_msgs/msg/pose__type_support.cpp.o[0m
[13.845s] [ 60%] Built target champ_msgs__rosidl_typesupport_introspection_c
[13.877s] [ 61%] [32mBuilding CXX object CMakeFiles/champ_msgs__rosidl_typesupport_introspection_cpp.dir/rosidl_typesupport_introspection_cpp/champ_msgs/msg/detail/contacts__type_support.cpp.o[0m
[13.971s] [ 62%] [32mBuilding CXX object CMakeFiles/champ_msgs__rosidl_typesupport_fastrtps_c.dir/rosidl_typesupport_fastrtps_c/champ_msgs/msg/detail/imu__type_support_c.cpp.o[0m
[14.448s] [ 63%] [32mBuilding CXX object CMakeFiles/champ_msgs__rosidl_typesupport_fastrtps_cpp.dir/rosidl_typesupport_fastrtps_cpp/champ_msgs/msg/detail/dds_fastrtps/imu__type_support.cpp.o[0m
[14.603s] [ 64%] [32m[1mLinking CXX shared library libchamp_msgs__rosidl_typesupport_cpp.so[0m
[14.746s] [ 65%] [32mBuilding CXX object CMakeFiles/champ_msgs__rosidl_typesupport_fastrtps_c.dir/rosidl_typesupport_fastrtps_c/champ_msgs/msg/detail/point__type_support_c.cpp.o[0m
[14.774s] [ 65%] Built target champ_msgs__rosidl_typesupport_cpp
[14.798s] [ 66%] [32mBuilding CXX object CMakeFiles/champ_msgs__rosidl_typesupport_fastrtps_c.dir/rosidl_typesupport_fastrtps_c/champ_msgs/msg/detail/point_array__type_support_c.cpp.o[0m
[15.018s] [ 67%] [32mBuilding CXX object CMakeFiles/champ_msgs__rosidl_typesupport_fastrtps_c.dir/rosidl_typesupport_fastrtps_c/champ_msgs/msg/detail/joints__type_support_c.cpp.o[0m
[15.187s] [ 68%] [32mBuilding CXX object CMakeFiles/champ_msgs__rosidl_typesupport_introspection_cpp.dir/rosidl_typesupport_introspection_cpp/champ_msgs/msg/detail/contacts_stamped__type_support.cpp.o[0m
[15.496s] [ 69%] [32mBuilding CXX object CMakeFiles/champ_msgs__rosidl_typesupport_fastrtps_c.dir/rosidl_typesupport_fastrtps_c/champ_msgs/msg/detail/contacts__type_support_c.cpp.o[0m
[15.569s] [ 70%] [32mBuilding CXX object CMakeFiles/champ_msgs__rosidl_typesupport_introspection_cpp.dir/rosidl_typesupport_introspection_cpp/champ_msgs/msg/detail/pose__type_support.cpp.o[0m
[15.944s] [ 71%] [32mBuilding CXX object CMakeFiles/champ_msgs__rosidl_typesupport_fastrtps_c.dir/rosidl_typesupport_fastrtps_c/champ_msgs/msg/detail/contacts_stamped__type_support_c.cpp.o[0m
[16.021s] [ 72%] [32mBuilding CXX object CMakeFiles/champ_msgs__rosidl_typesupport_fastrtps_c.dir/rosidl_typesupport_fastrtps_c/champ_msgs/msg/detail/pose__type_support_c.cpp.o[0m
[16.221s] [ 73%] [32mBuilding CXX object CMakeFiles/champ_msgs__rosidl_typesupport_fastrtps_cpp.dir/rosidl_typesupport_fastrtps_cpp/champ_msgs/msg/detail/dds_fastrtps/point__type_support.cpp.o[0m
[16.267s] [ 74%] [32mBuilding CXX object CMakeFiles/champ_msgs__rosidl_typesupport_fastrtps_cpp.dir/rosidl_typesupport_fastrtps_cpp/champ_msgs/msg/detail/dds_fastrtps/point_array__type_support.cpp.o[0m
[16.303s] [ 75%] [32mBuilding CXX object CMakeFiles/champ_msgs__rosidl_typesupport_fastrtps_cpp.dir/rosidl_typesupport_fastrtps_cpp/champ_msgs/msg/detail/dds_fastrtps/joints__type_support.cpp.o[0m
[16.433s] [ 76%] [32mBuilding CXX object CMakeFiles/champ_msgs__rosidl_typesupport_fastrtps_cpp.dir/rosidl_typesupport_fastrtps_cpp/champ_msgs/msg/detail/dds_fastrtps/contacts__type_support.cpp.o[0m
[16.686s] [ 77%] [32mBuilding CXX object CMakeFiles/champ_msgs__rosidl_typesupport_fastrtps_cpp.dir/rosidl_typesupport_fastrtps_cpp/champ_msgs/msg/detail/dds_fastrtps/contacts_stamped__type_support.cpp.o[0m
[17.003s] [ 78%] [32mBuilding CXX object CMakeFiles/champ_msgs__rosidl_typesupport_fastrtps_cpp.dir/rosidl_typesupport_fastrtps_cpp/champ_msgs/msg/detail/dds_fastrtps/pose__type_support.cpp.o[0m
[17.032s] [ 80%] [32m[1mLinking CXX shared library libchamp_msgs__rosidl_typesupport_introspection_cpp.so[0m
[17.218s] [ 81%] [32m[1mLinking CXX shared library libchamp_msgs__rosidl_typesupport_fastrtps_c.so[0m
[17.457s] [ 81%] Built target champ_msgs__rosidl_typesupport_fastrtps_c
[17.471s] [ 81%] Built target champ_msgs__rosidl_typesupport_introspection_cpp
[18.347s] [ 82%] [32m[1mLinking CXX shared library libchamp_msgs__rosidl_typesupport_fastrtps_cpp.so[0m
[18.472s] [ 82%] Built target champ_msgs__rosidl_typesupport_fastrtps_cpp
[18.498s] [ 82%] Built target champ_msgs
[18.535s] [ 83%] [34m[1mGenerating Python code for ROS interfaces[0m
[20.292s] [ 83%] Built target champ_msgs__py
[20.331s] [ 85%] [32mBuilding C object CMakeFiles/champ_msgs__rosidl_generator_py.dir/rosidl_generator_py/champ_msgs/msg/_velocities_s.c.o[0m
[20.331s] [ 85%] [32mBuilding C object CMakeFiles/champ_msgs__rosidl_generator_py.dir/rosidl_generator_py/champ_msgs/msg/_pid_s.c.o[0m
[20.344s] [ 86%] [32mBuilding C object CMakeFiles/champ_msgs__rosidl_generator_py.dir/rosidl_generator_py/champ_msgs/msg/_imu_s.c.o[0m
[20.350s] [ 87%] [32mBuilding C object CMakeFiles/champ_msgs__rosidl_generator_py.dir/rosidl_generator_py/champ_msgs/msg/_point_s.c.o[0m
[20.350s] [ 88%] [32mBuilding C object CMakeFiles/champ_msgs__rosidl_generator_py.dir/rosidl_generator_py/champ_msgs/msg/_joints_s.c.o[0m
[20.356s] [ 89%] [32mBuilding C object CMakeFiles/champ_msgs__rosidl_generator_py.dir/rosidl_generator_py/champ_msgs/msg/_contacts_stamped_s.c.o[0m
[20.358s] [ 90%] [32mBuilding C object CMakeFiles/champ_msgs__rosidl_generator_py.dir/rosidl_generator_py/champ_msgs/msg/_point_array_s.c.o[0m
[20.361s] [ 91%] [32mBuilding C object CMakeFiles/champ_msgs__rosidl_generator_py.dir/rosidl_generator_py/champ_msgs/msg/_contacts_s.c.o[0m
[20.606s] [ 92%] [32mBuilding C object CMakeFiles/champ_msgs__rosidl_generator_py.dir/rosidl_generator_py/champ_msgs/msg/_pose_s.c.o[0m
[20.825s] [ 93%] [32m[1mLinking C shared library rosidl_generator_py/champ_msgs/libchamp_msgs__rosidl_generator_py.so[0m
[20.908s] [ 93%] Built target champ_msgs__rosidl_generator_py
[20.945s] [ 95%] [32mBuilding C object CMakeFiles/champ_msgs__rosidl_typesupport_introspection_c__pyext.dir/rosidl_generator_py/champ_msgs/_champ_msgs_s.ep.rosidl_typesupport_introspection_c.c.o[0m
[20.945s] [ 95%] [32mBuilding C object CMakeFiles/champ_msgs__rosidl_typesupport_c__pyext.dir/rosidl_generator_py/champ_msgs/_champ_msgs_s.ep.rosidl_typesupport_c.c.o[0m
[20.945s] [ 96%] [32mBuilding C object CMakeFiles/champ_msgs__rosidl_typesupport_fastrtps_c__pyext.dir/rosidl_generator_py/champ_msgs/_champ_msgs_s.ep.rosidl_typesupport_fastrtps_c.c.o[0m
[21.205s] [ 97%] [32m[1mLinking C shared library rosidl_generator_py/champ_msgs/champ_msgs_s__rosidl_typesupport_introspection_c.cpython-310-x86_64-linux-gnu.so[0m
[21.210s] [ 98%] [32m[1mLinking C shared library rosidl_generator_py/champ_msgs/champ_msgs_s__rosidl_typesupport_fastrtps_c.cpython-310-x86_64-linux-gnu.so[0m
[21.214s] [100%] [32m[1mLinking C shared library rosidl_generator_py/champ_msgs/champ_msgs_s__rosidl_typesupport_c.cpython-310-x86_64-linux-gnu.so[0m
[21.272s] [100%] Built target champ_msgs__rosidl_typesupport_fastrtps_c__pyext
[21.278s] [100%] Built target champ_msgs__rosidl_typesupport_introspection_c__pyext
[21.284s] [100%] Built target champ_msgs__rosidl_typesupport_c__pyext
[21.300s] Invoked command in '/home/dwduong74/yahboom_src/build/champ_msgs' returned '0': CMAKE_PREFIX_PATH=${CMAKE_PREFIX_PATH}:/home/dwduong74/LUMI_ws/install/custom_explorer:/opt/ros/humble /usr/bin/cmake --build /home/dwduong74/yahboom_src/build/champ_msgs -- -j8 -l8
[21.303s] Invoking command in '/home/dwduong74/yahboom_src/build/champ_msgs': CMAKE_PREFIX_PATH=${CMAKE_PREFIX_PATH}:/home/dwduong74/LUMI_ws/install/custom_explorer:/opt/ros/humble /usr/bin/cmake --install /home/dwduong74/yahboom_src/build/champ_msgs
[21.313s] -- Install configuration: ""
[21.313s] -- Installing: /home/dwduong74/yahboom_src/install/champ_msgs/share/ament_index/resource_index/rosidl_interfaces/champ_msgs
[21.313s] -- Installing: /home/dwduong74/yahboom_src/install/champ_msgs/include/champ_msgs/champ_msgs
[21.313s] -- Installing: /home/dwduong74/yahboom_src/install/champ_msgs/include/champ_msgs/champ_msgs/msg
[21.314s] -- Installing: /home/dwduong74/yahboom_src/install/champ_msgs/include/champ_msgs/champ_msgs/msg/rosidl_generator_c__visibility_control.h
[21.314s] -- Installing: /home/dwduong74/yahboom_src/install/champ_msgs/include/champ_msgs/champ_msgs/msg/joints.h
[21.314s] -- Installing: /home/dwduong74/yahboom_src/install/champ_msgs/include/champ_msgs/champ_msgs/msg/velocities.h
[21.314s] -- Installing: /home/dwduong74/yahboom_src/install/champ_msgs/include/champ_msgs/champ_msgs/msg/contacts.h
[21.314s] -- Installing: /home/dwduong74/yahboom_src/install/champ_msgs/include/champ_msgs/champ_msgs/msg/pid.h
[21.315s] -- Installing: /home/dwduong74/yahboom_src/install/champ_msgs/include/champ_msgs/champ_msgs/msg/contacts_stamped.h
[21.315s] -- Installing: /home/dwduong74/yahboom_src/install/champ_msgs/include/champ_msgs/champ_msgs/msg/point.h
[21.315s] -- Installing: /home/dwduong74/yahboom_src/install/champ_msgs/include/champ_msgs/champ_msgs/msg/point_array.h
[21.315s] -- Installing: /home/dwduong74/yahboom_src/install/champ_msgs/include/champ_msgs/champ_msgs/msg/pose.h
[21.315s] -- Installing: /home/dwduong74/yahboom_src/install/champ_msgs/include/champ_msgs/champ_msgs/msg/imu.h
[21.315s] -- Installing: /home/dwduong74/yahboom_src/install/champ_msgs/include/champ_msgs/champ_msgs/msg/detail
[21.316s] -- Installing: /home/dwduong74/yahboom_src/install/champ_msgs/include/champ_msgs/champ_msgs/msg/detail/velocities__struct.h
[21.316s] -- Installing: /home/dwduong74/yahboom_src/install/champ_msgs/include/champ_msgs/champ_msgs/msg/detail/point__functions.h
[21.316s] -- Installing: /home/dwduong74/yahboom_src/install/champ_msgs/include/champ_msgs/champ_msgs/msg/detail/point_array__type_support.h
[21.316s] -- Installing: /home/dwduong74/yahboom_src/install/champ_msgs/include/champ_msgs/champ_msgs/msg/detail/pose__functions.h
[21.316s] -- Installing: /home/dwduong74/yahboom_src/install/champ_msgs/include/champ_msgs/champ_msgs/msg/detail/pid__type_support.h
[21.316s] -- Installing: /home/dwduong74/yahboom_src/install/champ_msgs/include/champ_msgs/champ_msgs/msg/detail/imu__struct.h
[21.317s] -- Installing: /home/dwduong74/yahboom_src/install/champ_msgs/include/champ_msgs/champ_msgs/msg/detail/pose__struct.h
[21.317s] -- Installing: /home/dwduong74/yahboom_src/install/champ_msgs/include/champ_msgs/champ_msgs/msg/detail/point__functions.c
[21.317s] -- Installing: /home/dwduong74/yahboom_src/install/champ_msgs/include/champ_msgs/champ_msgs/msg/detail/contacts__functions.c
[21.317s] -- Installing: /home/dwduong74/yahboom_src/install/champ_msgs/include/champ_msgs/champ_msgs/msg/detail/pid__functions.c
[21.317s] -- Installing: /home/dwduong74/yahboom_src/install/champ_msgs/include/champ_msgs/champ_msgs/msg/detail/contacts__struct.h
[21.317s] -- Installing: /home/dwduong74/yahboom_src/install/champ_msgs/include/champ_msgs/champ_msgs/msg/detail/joints__functions.h
[21.318s] -- Installing: /home/dwduong74/yahboom_src/install/champ_msgs/include/champ_msgs/champ_msgs/msg/detail/velocities__functions.c
[21.318s] -- Installing: /home/dwduong74/yahboom_src/install/champ_msgs/include/champ_msgs/champ_msgs/msg/detail/pid__struct.h
[21.318s] -- Installing: /home/dwduong74/yahboom_src/install/champ_msgs/include/champ_msgs/champ_msgs/msg/detail/joints__functions.c
[21.318s] -- Installing: /home/dwduong74/yahboom_src/install/champ_msgs/include/champ_msgs/champ_msgs/msg/detail/point_array__functions.c
[21.318s] -- Installing: /home/dwduong74/yahboom_src/install/champ_msgs/include/champ_msgs/champ_msgs/msg/detail/pose__type_support.h
[21.318s] -- Installing: /home/dwduong74/yahboom_src/install/champ_msgs/include/champ_msgs/champ_msgs/msg/detail/joints__type_support.h
[21.318s] -- Installing: /home/dwduong74/yahboom_src/install/champ_msgs/include/champ_msgs/champ_msgs/msg/detail/imu__functions.c
[21.319s] -- Installing: /home/dwduong74/yahboom_src/install/champ_msgs/include/champ_msgs/champ_msgs/msg/detail/imu__type_support.h
[21.319s] -- Installing: /home/dwduong74/yahboom_src/install/champ_msgs/include/champ_msgs/champ_msgs/msg/detail/imu__functions.h
[21.319s] -- Installing: /home/dwduong74/yahboom_src/install/champ_msgs/include/champ_msgs/champ_msgs/msg/detail/contacts__type_support.h
[21.319s] -- Installing: /home/dwduong74/yahboom_src/install/champ_msgs/include/champ_msgs/champ_msgs/msg/detail/velocities__functions.h
[21.319s] -- Installing: /home/dwduong74/yahboom_src/install/champ_msgs/include/champ_msgs/champ_msgs/msg/detail/point__struct.h
[21.319s] -- Installing: /home/dwduong74/yahboom_src/install/champ_msgs/include/champ_msgs/champ_msgs/msg/detail/pose__functions.c
[21.320s] -- Installing: /home/dwduong74/yahboom_src/install/champ_msgs/include/champ_msgs/champ_msgs/msg/detail/joints__struct.h
[21.320s] -- Installing: /home/dwduong74/yahboom_src/install/champ_msgs/include/champ_msgs/champ_msgs/msg/detail/point_array__struct.h
[21.320s] -- Installing: /home/dwduong74/yahboom_src/install/champ_msgs/include/champ_msgs/champ_msgs/msg/detail/contacts_stamped__functions.c
[21.320s] -- Installing: /home/dwduong74/yahboom_src/install/champ_msgs/include/champ_msgs/champ_msgs/msg/detail/pid__functions.h
[21.320s] -- Installing: /home/dwduong74/yahboom_src/install/champ_msgs/include/champ_msgs/champ_msgs/msg/detail/velocities__type_support.h
[21.320s] -- Installing: /home/dwduong74/yahboom_src/install/champ_msgs/include/champ_msgs/champ_msgs/msg/detail/contacts__functions.h
[21.320s] -- Installing: /home/dwduong74/yahboom_src/install/champ_msgs/include/champ_msgs/champ_msgs/msg/detail/contacts_stamped__type_support.h
[21.321s] -- Installing: /home/dwduong74/yahboom_src/install/champ_msgs/include/champ_msgs/champ_msgs/msg/detail/point_array__functions.h
[21.321s] -- Installing: /home/dwduong74/yahboom_src/install/champ_msgs/include/champ_msgs/champ_msgs/msg/detail/contacts_stamped__functions.h
[21.321s] -- Installing: /home/dwduong74/yahboom_src/install/champ_msgs/include/champ_msgs/champ_msgs/msg/detail/contacts_stamped__struct.h
[21.321s] -- Installing: /home/dwduong74/yahboom_src/install/champ_msgs/include/champ_msgs/champ_msgs/msg/detail/point__type_support.h
[21.321s] -- Installing: /home/dwduong74/yahboom_src/install/champ_msgs/share/champ_msgs/environment/library_path.sh
[21.322s] -- Installing: /home/dwduong74/yahboom_src/install/champ_msgs/share/champ_msgs/environment/library_path.dsv
[21.322s] -- Installing: /home/dwduong74/yahboom_src/install/champ_msgs/lib/libchamp_msgs__rosidl_generator_c.so
[21.322s] -- Set runtime path of "/home/dwduong74/yahboom_src/install/champ_msgs/lib/libchamp_msgs__rosidl_generator_c.so" to ""
[21.323s] -- Up-to-date: /home/dwduong74/yahboom_src/install/champ_msgs/include/champ_msgs/champ_msgs
[21.323s] -- Up-to-date: /home/dwduong74/yahboom_src/install/champ_msgs/include/champ_msgs/champ_msgs/msg
[21.323s] -- Installing: /home/dwduong74/yahboom_src/install/champ_msgs/include/champ_msgs/champ_msgs/msg/rosidl_typesupport_fastrtps_c__visibility_control.h
[21.323s] -- Up-to-date: /home/dwduong74/yahboom_src/install/champ_msgs/include/champ_msgs/champ_msgs/msg/detail
[21.323s] -- Installing: /home/dwduong74/yahboom_src/install/champ_msgs/include/champ_msgs/champ_msgs/msg/detail/contacts_stamped__rosidl_typesupport_fastrtps_c.h
[21.323s] -- Installing: /home/dwduong74/yahboom_src/install/champ_msgs/include/champ_msgs/champ_msgs/msg/detail/point_array__rosidl_typesupport_fastrtps_c.h
[21.324s] -- Installing: /home/dwduong74/yahboom_src/install/champ_msgs/include/champ_msgs/champ_msgs/msg/detail/point__rosidl_typesupport_fastrtps_c.h
[21.324s] -- Installing: /home/dwduong74/yahboom_src/install/champ_msgs/include/champ_msgs/champ_msgs/msg/detail/pose__rosidl_typesupport_fastrtps_c.h
[21.324s] -- Installing: /home/dwduong74/yahboom_src/install/champ_msgs/include/champ_msgs/champ_msgs/msg/detail/joints__rosidl_typesupport_fastrtps_c.h
[21.324s] -- Installing: /home/dwduong74/yahboom_src/install/champ_msgs/include/champ_msgs/champ_msgs/msg/detail/contacts__rosidl_typesupport_fastrtps_c.h
[21.324s] -- Installing: /home/dwduong74/yahboom_src/install/champ_msgs/include/champ_msgs/champ_msgs/msg/detail/imu__rosidl_typesupport_fastrtps_c.h
[21.324s] -- Installing: /home/dwduong74/yahboom_src/install/champ_msgs/include/champ_msgs/champ_msgs/msg/detail/pid__rosidl_typesupport_fastrtps_c.h
[21.324s] -- Installing: /home/dwduong74/yahboom_src/install/champ_msgs/include/champ_msgs/champ_msgs/msg/detail/velocities__rosidl_typesupport_fastrtps_c.h
[21.324s] -- Installing: /home/dwduong74/yahboom_src/install/champ_msgs/lib/libchamp_msgs__rosidl_typesupport_fastrtps_c.so
[21.325s] -- Set runtime path of "/home/dwduong74/yahboom_src/install/champ_msgs/lib/libchamp_msgs__rosidl_typesupport_fastrtps_c.so" to ""
[21.325s] -- Up-to-date: /home/dwduong74/yahboom_src/install/champ_msgs/include/champ_msgs/champ_msgs
[21.326s] -- Up-to-date: /home/dwduong74/yahboom_src/install/champ_msgs/include/champ_msgs/champ_msgs/msg
[21.326s] -- Installing: /home/dwduong74/yahboom_src/install/champ_msgs/include/champ_msgs/champ_msgs/msg/rosidl_typesupport_introspection_c__visibility_control.h
[21.326s] -- Up-to-date: /home/dwduong74/yahboom_src/install/champ_msgs/include/champ_msgs/champ_msgs/msg/detail
[21.326s] -- Installing: /home/dwduong74/yahboom_src/install/champ_msgs/include/champ_msgs/champ_msgs/msg/detail/imu__type_support.c
[21.326s] -- Installing: /home/dwduong74/yahboom_src/install/champ_msgs/include/champ_msgs/champ_msgs/msg/detail/point_array__type_support.c
[21.326s] -- Installing: /home/dwduong74/yahboom_src/install/champ_msgs/include/champ_msgs/champ_msgs/msg/detail/contacts_stamped__type_support.c
[21.327s] -- Installing: /home/dwduong74/yahboom_src/install/champ_msgs/include/champ_msgs/champ_msgs/msg/detail/joints__type_support.c
[21.327s] -- Installing: /home/dwduong74/yahboom_src/install/champ_msgs/include/champ_msgs/champ_msgs/msg/detail/velocities__rosidl_typesupport_introspection_c.h
[21.327s] -- Installing: /home/dwduong74/yahboom_src/install/champ_msgs/include/champ_msgs/champ_msgs/msg/detail/point__rosidl_typesupport_introspection_c.h
[21.327s] -- Installing: /home/dwduong74/yahboom_src/install/champ_msgs/include/champ_msgs/champ_msgs/msg/detail/velocities__type_support.c
[21.327s] -- Installing: /home/dwduong74/yahboom_src/install/champ_msgs/include/champ_msgs/champ_msgs/msg/detail/pid__rosidl_typesupport_introspection_c.h
[21.328s] -- Installing: /home/dwduong74/yahboom_src/install/champ_msgs/include/champ_msgs/champ_msgs/msg/detail/contacts_stamped__rosidl_typesupport_introspection_c.h
[21.328s] -- Installing: /home/dwduong74/yahboom_src/install/champ_msgs/include/champ_msgs/champ_msgs/msg/detail/pose__rosidl_typesupport_introspection_c.h
[21.328s] -- Installing: /home/dwduong74/yahboom_src/install/champ_msgs/include/champ_msgs/champ_msgs/msg/detail/point__type_support.c
[21.328s] -- Installing: /home/dwduong74/yahboom_src/install/champ_msgs/include/champ_msgs/champ_msgs/msg/detail/imu__rosidl_typesupport_introspection_c.h
[21.328s] -- Installing: /home/dwduong74/yahboom_src/install/champ_msgs/include/champ_msgs/champ_msgs/msg/detail/contacts__type_support.c
[21.329s] -- Installing: /home/dwduong74/yahboom_src/install/champ_msgs/include/champ_msgs/champ_msgs/msg/detail/point_array__rosidl_typesupport_introspection_c.h
[21.329s] -- Installing: /home/dwduong74/yahboom_src/install/champ_msgs/include/champ_msgs/champ_msgs/msg/detail/pid__type_support.c
[21.329s] -- Installing: /home/dwduong74/yahboom_src/install/champ_msgs/include/champ_msgs/champ_msgs/msg/detail/pose__type_support.c
[21.329s] -- Installing: /home/dwduong74/yahboom_src/install/champ_msgs/include/champ_msgs/champ_msgs/msg/detail/joints__rosidl_typesupport_introspection_c.h
[21.329s] -- Installing: /home/dwduong74/yahboom_src/install/champ_msgs/include/champ_msgs/champ_msgs/msg/detail/contacts__rosidl_typesupport_introspection_c.h
[21.329s] -- Installing: /home/dwduong74/yahboom_src/install/champ_msgs/lib/libchamp_msgs__rosidl_typesupport_introspection_c.so
[21.330s] -- Set runtime path of "/home/dwduong74/yahboom_src/install/champ_msgs/lib/libchamp_msgs__rosidl_typesupport_introspection_c.so" to ""
[21.330s] -- Installing: /home/dwduong74/yahboom_src/install/champ_msgs/lib/libchamp_msgs__rosidl_typesupport_c.so
[21.331s] -- Set runtime path of "/home/dwduong74/yahboom_src/install/champ_msgs/lib/libchamp_msgs__rosidl_typesupport_c.so" to ""
[21.331s] -- Up-to-date: /home/dwduong74/yahboom_src/install/champ_msgs/include/champ_msgs/champ_msgs
[21.331s] -- Up-to-date: /home/dwduong74/yahboom_src/install/champ_msgs/include/champ_msgs/champ_msgs/msg
[21.331s] -- Installing: /home/dwduong74/yahboom_src/install/champ_msgs/include/champ_msgs/champ_msgs/msg/pid.hpp
[21.331s] -- Installing: /home/dwduong74/yahboom_src/install/champ_msgs/include/champ_msgs/champ_msgs/msg/point.hpp
[21.331s] -- Installing: /home/dwduong74/yahboom_src/install/champ_msgs/include/champ_msgs/champ_msgs/msg/imu.hpp
[21.332s] -- Installing: /home/dwduong74/yahboom_src/install/champ_msgs/include/champ_msgs/champ_msgs/msg/contacts_stamped.hpp
[21.332s] -- Installing: /home/dwduong74/yahboom_src/install/champ_msgs/include/champ_msgs/champ_msgs/msg/point_array.hpp
[21.332s] -- Installing: /home/dwduong74/yahboom_src/install/champ_msgs/include/champ_msgs/champ_msgs/msg/velocities.hpp
[21.332s] -- Installing: /home/dwduong74/yahboom_src/install/champ_msgs/include/champ_msgs/champ_msgs/msg/rosidl_generator_cpp__visibility_control.hpp
[21.332s] -- Installing: /home/dwduong74/yahboom_src/install/champ_msgs/include/champ_msgs/champ_msgs/msg/joints.hpp
[21.333s] -- Installing: /home/dwduong74/yahboom_src/install/champ_msgs/include/champ_msgs/champ_msgs/msg/contacts.hpp
[21.333s] -- Up-to-date: /home/dwduong74/yahboom_src/install/champ_msgs/include/champ_msgs/champ_msgs/msg/detail
[21.333s] -- Installing: /home/dwduong74/yahboom_src/install/champ_msgs/include/champ_msgs/champ_msgs/msg/detail/joints__type_support.hpp
[21.333s] -- Installing: /home/dwduong74/yahboom_src/install/champ_msgs/include/champ_msgs/champ_msgs/msg/detail/pid__type_support.hpp
[21.333s] -- Installing: /home/dwduong74/yahboom_src/install/champ_msgs/include/champ_msgs/champ_msgs/msg/detail/contacts__traits.hpp
[21.334s] -- Installing: /home/dwduong74/yahboom_src/install/champ_msgs/include/champ_msgs/champ_msgs/msg/detail/point_array__struct.hpp
[21.334s] -- Installing: /home/dwduong74/yahboom_src/install/champ_msgs/include/champ_msgs/champ_msgs/msg/detail/point_array__builder.hpp
[21.334s] -- Installing: /home/dwduong74/yahboom_src/install/champ_msgs/include/champ_msgs/champ_msgs/msg/detail/pose__type_support.hpp
[21.334s] -- Installing: /home/dwduong74/yahboom_src/install/champ_msgs/include/champ_msgs/champ_msgs/msg/detail/velocities__type_support.hpp
[21.334s] -- Installing: /home/dwduong74/yahboom_src/install/champ_msgs/include/champ_msgs/champ_msgs/msg/detail/contacts__struct.hpp
[21.334s] -- Installing: /home/dwduong74/yahboom_src/install/champ_msgs/include/champ_msgs/champ_msgs/msg/detail/point__type_support.hpp
[21.335s] -- Installing: /home/dwduong74/yahboom_src/install/champ_msgs/include/champ_msgs/champ_msgs/msg/detail/point_array__type_support.hpp
[21.335s] -- Installing: /home/dwduong74/yahboom_src/install/champ_msgs/include/champ_msgs/champ_msgs/msg/detail/point__struct.hpp
[21.335s] -- Installing: /home/dwduong74/yahboom_src/install/champ_msgs/include/champ_msgs/champ_msgs/msg/detail/contacts__builder.hpp
[21.335s] -- Installing: /home/dwduong74/yahboom_src/install/champ_msgs/include/champ_msgs/champ_msgs/msg/detail/pid__traits.hpp
[21.335s] -- Installing: /home/dwduong74/yahboom_src/install/champ_msgs/include/champ_msgs/champ_msgs/msg/detail/contacts__type_support.hpp
[21.336s] -- Installing: /home/dwduong74/yahboom_src/install/champ_msgs/include/champ_msgs/champ_msgs/msg/detail/point_array__traits.hpp
[21.336s] -- Installing: /home/dwduong74/yahboom_src/install/champ_msgs/include/champ_msgs/champ_msgs/msg/detail/joints__traits.hpp
[21.336s] -- Installing: /home/dwduong74/yahboom_src/install/champ_msgs/include/champ_msgs/champ_msgs/msg/detail/contacts_stamped__struct.hpp
[21.336s] -- Installing: /home/dwduong74/yahboom_src/install/champ_msgs/include/champ_msgs/champ_msgs/msg/detail/point__traits.hpp
[21.336s] -- Installing: /home/dwduong74/yahboom_src/install/champ_msgs/include/champ_msgs/champ_msgs/msg/detail/pid__struct.hpp
[21.336s] -- Installing: /home/dwduong74/yahboom_src/install/champ_msgs/include/champ_msgs/champ_msgs/msg/detail/point__builder.hpp
[21.337s] -- Installing: /home/dwduong74/yahboom_src/install/champ_msgs/include/champ_msgs/champ_msgs/msg/detail/imu__traits.hpp
[21.337s] -- Installing: /home/dwduong74/yahboom_src/install/champ_msgs/include/champ_msgs/champ_msgs/msg/detail/imu__type_support.hpp
[21.337s] -- Installing: /home/dwduong74/yahboom_src/install/champ_msgs/include/champ_msgs/champ_msgs/msg/detail/joints__struct.hpp
[21.337s] -- Installing: /home/dwduong74/yahboom_src/install/champ_msgs/include/champ_msgs/champ_msgs/msg/detail/contacts_stamped__type_support.hpp
[21.337s] -- Installing: /home/dwduong74/yahboom_src/install/champ_msgs/include/champ_msgs/champ_msgs/msg/detail/pose__builder.hpp
[21.337s] -- Installing: /home/dwduong74/yahboom_src/install/champ_msgs/include/champ_msgs/champ_msgs/msg/detail/pose__traits.hpp
[21.338s] -- Installing: /home/dwduong74/yahboom_src/install/champ_msgs/include/champ_msgs/champ_msgs/msg/detail/velocities__traits.hpp
[21.338s] -- Installing: /home/dwduong74/yahboom_src/install/champ_msgs/include/champ_msgs/champ_msgs/msg/detail/pid__builder.hpp
[21.338s] -- Installing: /home/dwduong74/yahboom_src/install/champ_msgs/include/champ_msgs/champ_msgs/msg/detail/imu__struct.hpp
[21.338s] -- Installing: /home/dwduong74/yahboom_src/install/champ_msgs/include/champ_msgs/champ_msgs/msg/detail/velocities__struct.hpp
[21.338s] -- Installing: /home/dwduong74/yahboom_src/install/champ_msgs/include/champ_msgs/champ_msgs/msg/detail/imu__builder.hpp
[21.338s] -- Installing: /home/dwduong74/yahboom_src/install/champ_msgs/include/champ_msgs/champ_msgs/msg/detail/joints__builder.hpp
[21.338s] -- Installing: /home/dwduong74/yahboom_src/install/champ_msgs/include/champ_msgs/champ_msgs/msg/detail/velocities__builder.hpp
[21.339s] -- Installing: /home/dwduong74/yahboom_src/install/champ_msgs/include/champ_msgs/champ_msgs/msg/detail/contacts_stamped__traits.hpp
[21.339s] -- Installing: /home/dwduong74/yahboom_src/install/champ_msgs/include/champ_msgs/champ_msgs/msg/detail/pose__struct.hpp
[21.339s] -- Installing: /home/dwduong74/yahboom_src/install/champ_msgs/include/champ_msgs/champ_msgs/msg/detail/contacts_stamped__builder.hpp
[21.339s] -- Installing: /home/dwduong74/yahboom_src/install/champ_msgs/include/champ_msgs/champ_msgs/msg/pose.hpp
[21.339s] -- Up-to-date: /home/dwduong74/yahboom_src/install/champ_msgs/include/champ_msgs/champ_msgs
[21.339s] -- Up-to-date: /home/dwduong74/yahboom_src/install/champ_msgs/include/champ_msgs/champ_msgs/msg
[21.340s] -- Installing: /home/dwduong74/yahboom_src/install/champ_msgs/include/champ_msgs/champ_msgs/msg/rosidl_typesupport_fastrtps_cpp__visibility_control.h
[21.340s] -- Up-to-date: /home/dwduong74/yahboom_src/install/champ_msgs/include/champ_msgs/champ_msgs/msg/detail
[21.340s] -- Installing: /home/dwduong74/yahboom_src/install/champ_msgs/include/champ_msgs/champ_msgs/msg/detail/imu__rosidl_typesupport_fastrtps_cpp.hpp
[21.340s] -- Installing: /home/dwduong74/yahboom_src/install/champ_msgs/include/champ_msgs/champ_msgs/msg/detail/contacts_stamped__rosidl_typesupport_fastrtps_cpp.hpp
[21.340s] -- Installing: /home/dwduong74/yahboom_src/install/champ_msgs/include/champ_msgs/champ_msgs/msg/detail/point__rosidl_typesupport_fastrtps_cpp.hpp
[21.340s] -- Installing: /home/dwduong74/yahboom_src/install/champ_msgs/include/champ_msgs/champ_msgs/msg/detail/dds_fastrtps
[21.341s] -- Installing: /home/dwduong74/yahboom_src/install/champ_msgs/include/champ_msgs/champ_msgs/msg/detail/pose__rosidl_typesupport_fastrtps_cpp.hpp
[21.341s] -- Installing: /home/dwduong74/yahboom_src/install/champ_msgs/include/champ_msgs/champ_msgs/msg/detail/contacts__rosidl_typesupport_fastrtps_cpp.hpp
[21.341s] -- Installing: /home/dwduong74/yahboom_src/install/champ_msgs/include/champ_msgs/champ_msgs/msg/detail/joints__rosidl_typesupport_fastrtps_cpp.hpp
[21.341s] -- Installing: /home/dwduong74/yahboom_src/install/champ_msgs/include/champ_msgs/champ_msgs/msg/detail/point_array__rosidl_typesupport_fastrtps_cpp.hpp
[21.341s] -- Installing: /home/dwduong74/yahboom_src/install/champ_msgs/include/champ_msgs/champ_msgs/msg/detail/pid__rosidl_typesupport_fastrtps_cpp.hpp
[21.341s] -- Installing: /home/dwduong74/yahboom_src/install/champ_msgs/include/champ_msgs/champ_msgs/msg/detail/velocities__rosidl_typesupport_fastrtps_cpp.hpp
[21.341s] -- Installing: /home/dwduong74/yahboom_src/install/champ_msgs/lib/libchamp_msgs__rosidl_typesupport_fastrtps_cpp.so
[21.342s] -- Set runtime path of "/home/dwduong74/yahboom_src/install/champ_msgs/lib/libchamp_msgs__rosidl_typesupport_fastrtps_cpp.so" to ""
[21.342s] -- Up-to-date: /home/dwduong74/yahboom_src/install/champ_msgs/include/champ_msgs/champ_msgs
[21.342s] -- Up-to-date: /home/dwduong74/yahboom_src/install/champ_msgs/include/champ_msgs/champ_msgs/msg
[21.342s] -- Up-to-date: /home/dwduong74/yahboom_src/install/champ_msgs/include/champ_msgs/champ_msgs/msg/detail
[21.342s] -- Installing: /home/dwduong74/yahboom_src/install/champ_msgs/include/champ_msgs/champ_msgs/msg/detail/point__type_support.cpp
[21.342s] -- Installing: /home/dwduong74/yahboom_src/install/champ_msgs/include/champ_msgs/champ_msgs/msg/detail/imu__rosidl_typesupport_introspection_cpp.hpp
[21.342s] -- Installing: /home/dwduong74/yahboom_src/install/champ_msgs/include/champ_msgs/champ_msgs/msg/detail/imu__type_support.cpp
[21.343s] -- Installing: /home/dwduong74/yahboom_src/install/champ_msgs/include/champ_msgs/champ_msgs/msg/detail/point_array__type_support.cpp
[21.343s] -- Installing: /home/dwduong74/yahboom_src/install/champ_msgs/include/champ_msgs/champ_msgs/msg/detail/pose__rosidl_typesupport_introspection_cpp.hpp
[21.343s] -- Installing: /home/dwduong74/yahboom_src/install/champ_msgs/include/champ_msgs/champ_msgs/msg/detail/point__rosidl_typesupport_introspection_cpp.hpp
[21.343s] -- Installing: /home/dwduong74/yahboom_src/install/champ_msgs/include/champ_msgs/champ_msgs/msg/detail/pid__type_support.cpp
[21.343s] -- Installing: /home/dwduong74/yahboom_src/install/champ_msgs/include/champ_msgs/champ_msgs/msg/detail/contacts__type_support.cpp
[21.343s] -- Installing: /home/dwduong74/yahboom_src/install/champ_msgs/include/champ_msgs/champ_msgs/msg/detail/velocities__type_support.cpp
[21.344s] -- Installing: /home/dwduong74/yahboom_src/install/champ_msgs/include/champ_msgs/champ_msgs/msg/detail/pose__type_support.cpp
[21.344s] -- Installing: /home/dwduong74/yahboom_src/install/champ_msgs/include/champ_msgs/champ_msgs/msg/detail/contacts_stamped__type_support.cpp
[21.344s] -- Installing: /home/dwduong74/yahboom_src/install/champ_msgs/include/champ_msgs/champ_msgs/msg/detail/joints__rosidl_typesupport_introspection_cpp.hpp
[21.344s] -- Installing: /home/dwduong74/yahboom_src/install/champ_msgs/include/champ_msgs/champ_msgs/msg/detail/joints__type_support.cpp
[21.344s] -- Installing: /home/dwduong74/yahboom_src/install/champ_msgs/include/champ_msgs/champ_msgs/msg/detail/pid__rosidl_typesupport_introspection_cpp.hpp
[21.344s] -- Installing: /home/dwduong74/yahboom_src/install/champ_msgs/include/champ_msgs/champ_msgs/msg/detail/point_array__rosidl_typesupport_introspection_cpp.hpp
[21.345s] -- Installing: /home/dwduong74/yahboom_src/install/champ_msgs/include/champ_msgs/champ_msgs/msg/detail/contacts_stamped__rosidl_typesupport_introspection_cpp.hpp
[21.345s] -- Installing: /home/dwduong74/yahboom_src/install/champ_msgs/include/champ_msgs/champ_msgs/msg/detail/velocities__rosidl_typesupport_introspection_cpp.hpp
[21.345s] -- Installing: /home/dwduong74/yahboom_src/install/champ_msgs/include/champ_msgs/champ_msgs/msg/detail/contacts__rosidl_typesupport_introspection_cpp.hpp
[21.345s] -- Installing: /home/dwduong74/yahboom_src/install/champ_msgs/lib/libchamp_msgs__rosidl_typesupport_introspection_cpp.so
[21.346s] -- Set runtime path of "/home/dwduong74/yahboom_src/install/champ_msgs/lib/libchamp_msgs__rosidl_typesupport_introspection_cpp.so" to ""
[21.346s] -- Installing: /home/dwduong74/yahboom_src/install/champ_msgs/lib/libchamp_msgs__rosidl_typesupport_cpp.so
[21.347s] -- Set runtime path of "/home/dwduong74/yahboom_src/install/champ_msgs/lib/libchamp_msgs__rosidl_typesupport_cpp.so" to ""
[21.347s] -- Installing: /home/dwduong74/yahboom_src/install/champ_msgs/share/champ_msgs/environment/pythonpath.sh
[21.347s] -- Installing: /home/dwduong74/yahboom_src/install/champ_msgs/share/champ_msgs/environment/pythonpath.dsv
[21.347s] -- Installing: /home/dwduong74/yahboom_src/install/champ_msgs/local/lib/python3.10/dist-packages/champ_msgs-0.1.0-py3.10.egg-info
[21.348s] -- Installing: /home/dwduong74/yahboom_src/install/champ_msgs/local/lib/python3.10/dist-packages/champ_msgs-0.1.0-py3.10.egg-info/SOURCES.txt
[21.348s] -- Installing: /home/dwduong74/yahboom_src/install/champ_msgs/local/lib/python3.10/dist-packages/champ_msgs-0.1.0-py3.10.egg-info/top_level.txt
[21.348s] -- Installing: /home/dwduong74/yahboom_src/install/champ_msgs/local/lib/python3.10/dist-packages/champ_msgs-0.1.0-py3.10.egg-info/dependency_links.txt
[21.348s] -- Installing: /home/dwduong74/yahboom_src/install/champ_msgs/local/lib/python3.10/dist-packages/champ_msgs-0.1.0-py3.10.egg-info/PKG-INFO
[21.348s] -- Installing: /home/dwduong74/yahboom_src/install/champ_msgs/local/lib/python3.10/dist-packages/champ_msgs
[21.349s] -- Installing: /home/dwduong74/yahboom_src/install/champ_msgs/local/lib/python3.10/dist-packages/champ_msgs/_champ_msgs_s.ep.rosidl_typesupport_c.c
[21.349s] -- Installing: /home/dwduong74/yahboom_src/install/champ_msgs/local/lib/python3.10/dist-packages/champ_msgs/libchamp_msgs__rosidl_generator_py.so
[21.349s] -- Installing: /home/dwduong74/yahboom_src/install/champ_msgs/local/lib/python3.10/dist-packages/champ_msgs/champ_msgs_s__rosidl_typesupport_introspection_c.cpython-310-x86_64-linux-gnu.so
[21.349s] -- Installing: /home/dwduong74/yahboom_src/install/champ_msgs/local/lib/python3.10/dist-packages/champ_msgs/champ_msgs_s__rosidl_typesupport_c.cpython-310-x86_64-linux-gnu.so
[21.349s] -- Installing: /home/dwduong74/yahboom_src/install/champ_msgs/local/lib/python3.10/dist-packages/champ_msgs/_champ_msgs_s.ep.rosidl_typesupport_introspection_c.c
[21.349s] -- Installing: /home/dwduong74/yahboom_src/install/champ_msgs/local/lib/python3.10/dist-packages/champ_msgs/msg
[21.349s] -- Installing: /home/dwduong74/yahboom_src/install/champ_msgs/local/lib/python3.10/dist-packages/champ_msgs/msg/_pid_s.c
[21.350s] -- Installing: /home/dwduong74/yahboom_src/install/champ_msgs/local/lib/python3.10/dist-packages/champ_msgs/msg/_imu.py
[21.350s] -- Installing: /home/dwduong74/yahboom_src/install/champ_msgs/local/lib/python3.10/dist-packages/champ_msgs/msg/_point_array_s.c
[21.350s] -- Installing: /home/dwduong74/yahboom_src/install/champ_msgs/local/lib/python3.10/dist-packages/champ_msgs/msg/_velocities.py
[21.350s] -- Installing: /home/dwduong74/yahboom_src/install/champ_msgs/local/lib/python3.10/dist-packages/champ_msgs/msg/_point.py
[21.350s] -- Installing: /home/dwduong74/yahboom_src/install/champ_msgs/local/lib/python3.10/dist-packages/champ_msgs/msg/_point_s.c
[21.351s] -- Installing: /home/dwduong74/yahboom_src/install/champ_msgs/local/lib/python3.10/dist-packages/champ_msgs/msg/_contacts_stamped_s.c
[21.351s] -- Installing: /home/dwduong74/yahboom_src/install/champ_msgs/local/lib/python3.10/dist-packages/champ_msgs/msg/_contacts.py
[21.351s] -- Installing: /home/dwduong74/yahboom_src/install/champ_msgs/local/lib/python3.10/dist-packages/champ_msgs/msg/_pose_s.c
[21.351s] -- Installing: /home/dwduong74/yahboom_src/install/champ_msgs/local/lib/python3.10/dist-packages/champ_msgs/msg/_imu_s.c
[21.351s] -- Installing: /home/dwduong74/yahboom_src/install/champ_msgs/local/lib/python3.10/dist-packages/champ_msgs/msg/_contacts_s.c
[21.351s] -- Installing: /home/dwduong74/yahboom_src/install/champ_msgs/local/lib/python3.10/dist-packages/champ_msgs/msg/_point_array.py
[21.351s] -- Installing: /home/dwduong74/yahboom_src/install/champ_msgs/local/lib/python3.10/dist-packages/champ_msgs/msg/_contacts_stamped.py
[21.351s] -- Installing: /home/dwduong74/yahboom_src/install/champ_msgs/local/lib/python3.10/dist-packages/champ_msgs/msg/_joints.py
[21.351s] -- Installing: /home/dwduong74/yahboom_src/install/champ_msgs/local/lib/python3.10/dist-packages/champ_msgs/msg/_velocities_s.c
[21.352s] -- Installing: /home/dwduong74/yahboom_src/install/champ_msgs/local/lib/python3.10/dist-packages/champ_msgs/msg/_pid.py
[21.352s] -- Installing: /home/dwduong74/yahboom_src/install/champ_msgs/local/lib/python3.10/dist-packages/champ_msgs/msg/__init__.py
[21.352s] -- Installing: /home/dwduong74/yahboom_src/install/champ_msgs/local/lib/python3.10/dist-packages/champ_msgs/msg/_pose.py
[21.352s] -- Installing: /home/dwduong74/yahboom_src/install/champ_msgs/local/lib/python3.10/dist-packages/champ_msgs/msg/_joints_s.c
[21.352s] -- Installing: /home/dwduong74/yahboom_src/install/champ_msgs/local/lib/python3.10/dist-packages/champ_msgs/_champ_msgs_s.ep.rosidl_typesupport_fastrtps_c.c
[21.352s] -- Installing: /home/dwduong74/yahboom_src/install/champ_msgs/local/lib/python3.10/dist-packages/champ_msgs/champ_msgs_s__rosidl_typesupport_fastrtps_c.cpython-310-x86_64-linux-gnu.so
[21.352s] -- Installing: /home/dwduong74/yahboom_src/install/champ_msgs/local/lib/python3.10/dist-packages/champ_msgs/__init__.py
[21.417s] Listing '/home/dwduong74/yahboom_src/install/champ_msgs/local/lib/python3.10/dist-packages/champ_msgs'...
[21.417s] Compiling '/home/dwduong74/yahboom_src/install/champ_msgs/local/lib/python3.10/dist-packages/champ_msgs/__init__.py'...
[21.417s] Listing '/home/dwduong74/yahboom_src/install/champ_msgs/local/lib/python3.10/dist-packages/champ_msgs/msg'...
[21.417s] Compiling '/home/dwduong74/yahboom_src/install/champ_msgs/local/lib/python3.10/dist-packages/champ_msgs/msg/__init__.py'...
[21.418s] Compiling '/home/dwduong74/yahboom_src/install/champ_msgs/local/lib/python3.10/dist-packages/champ_msgs/msg/_contacts.py'...
[21.418s] Compiling '/home/dwduong74/yahboom_src/install/champ_msgs/local/lib/python3.10/dist-packages/champ_msgs/msg/_contacts_stamped.py'...
[21.418s] Compiling '/home/dwduong74/yahboom_src/install/champ_msgs/local/lib/python3.10/dist-packages/champ_msgs/msg/_imu.py'...
[21.418s] Compiling '/home/dwduong74/yahboom_src/install/champ_msgs/local/lib/python3.10/dist-packages/champ_msgs/msg/_joints.py'...
[21.418s] Compiling '/home/dwduong74/yahboom_src/install/champ_msgs/local/lib/python3.10/dist-packages/champ_msgs/msg/_pid.py'...
[21.418s] Compiling '/home/dwduong74/yahboom_src/install/champ_msgs/local/lib/python3.10/dist-packages/champ_msgs/msg/_point.py'...
[21.418s] Compiling '/home/dwduong74/yahboom_src/install/champ_msgs/local/lib/python3.10/dist-packages/champ_msgs/msg/_point_array.py'...
[21.418s] Compiling '/home/dwduong74/yahboom_src/install/champ_msgs/local/lib/python3.10/dist-packages/champ_msgs/msg/_pose.py'...
[21.418s] Compiling '/home/dwduong74/yahboom_src/install/champ_msgs/local/lib/python3.10/dist-packages/champ_msgs/msg/_velocities.py'...
[21.427s] -- Installing: /home/dwduong74/yahboom_src/install/champ_msgs/local/lib/python3.10/dist-packages/champ_msgs/champ_msgs_s__rosidl_typesupport_fastrtps_c.cpython-310-x86_64-linux-gnu.so
[21.427s] -- Set runtime path of "/home/dwduong74/yahboom_src/install/champ_msgs/local/lib/python3.10/dist-packages/champ_msgs/champ_msgs_s__rosidl_typesupport_fastrtps_c.cpython-310-x86_64-linux-gnu.so" to ""
[21.427s] -- Installing: /home/dwduong74/yahboom_src/install/champ_msgs/local/lib/python3.10/dist-packages/champ_msgs/champ_msgs_s__rosidl_typesupport_introspection_c.cpython-310-x86_64-linux-gnu.so
[21.428s] -- Set runtime path of "/home/dwduong74/yahboom_src/install/champ_msgs/local/lib/python3.10/dist-packages/champ_msgs/champ_msgs_s__rosidl_typesupport_introspection_c.cpython-310-x86_64-linux-gnu.so" to ""
[21.428s] -- Installing: /home/dwduong74/yahboom_src/install/champ_msgs/local/lib/python3.10/dist-packages/champ_msgs/champ_msgs_s__rosidl_typesupport_c.cpython-310-x86_64-linux-gnu.so
[21.429s] -- Set runtime path of "/home/dwduong74/yahboom_src/install/champ_msgs/local/lib/python3.10/dist-packages/champ_msgs/champ_msgs_s__rosidl_typesupport_c.cpython-310-x86_64-linux-gnu.so" to ""
[21.429s] -- Installing: /home/dwduong74/yahboom_src/install/champ_msgs/lib/libchamp_msgs__rosidl_generator_py.so
[21.430s] -- Set runtime path of "/home/dwduong74/yahboom_src/install/champ_msgs/lib/libchamp_msgs__rosidl_generator_py.so" to ""
[21.430s] -- Installing: /home/dwduong74/yahboom_src/install/champ_msgs/share/champ_msgs/msg/Velocities.idl
[21.430s] -- Installing: /home/dwduong74/yahboom_src/install/champ_msgs/share/champ_msgs/msg/PID.idl
[21.430s] -- Installing: /home/dwduong74/yahboom_src/install/champ_msgs/share/champ_msgs/msg/Imu.idl
[21.430s] -- Installing: /home/dwduong74/yahboom_src/install/champ_msgs/share/champ_msgs/msg/Point.idl
[21.430s] -- Installing: /home/dwduong74/yahboom_src/install/champ_msgs/share/champ_msgs/msg/PointArray.idl
[21.431s] -- Installing: /home/dwduong74/yahboom_src/install/champ_msgs/share/champ_msgs/msg/Joints.idl
[21.431s] -- Installing: /home/dwduong74/yahboom_src/install/champ_msgs/share/champ_msgs/msg/Contacts.idl
[21.431s] -- Installing: /home/dwduong74/yahboom_src/install/champ_msgs/share/champ_msgs/msg/ContactsStamped.idl
[21.431s] -- Installing: /home/dwduong74/yahboom_src/install/champ_msgs/share/champ_msgs/msg/Pose.idl
[21.431s] -- Installing: /home/dwduong74/yahboom_src/install/champ_msgs/share/champ_msgs/msg/Velocities.msg
[21.432s] -- Installing: /home/dwduong74/yahboom_src/install/champ_msgs/share/champ_msgs/msg/PID.msg
[21.432s] -- Installing: /home/dwduong74/yahboom_src/install/champ_msgs/share/champ_msgs/msg/Imu.msg
[21.432s] -- Installing: /home/dwduong74/yahboom_src/install/champ_msgs/share/champ_msgs/msg/Point.msg
[21.432s] -- Installing: /home/dwduong74/yahboom_src/install/champ_msgs/share/champ_msgs/msg/PointArray.msg
[21.432s] -- Installing: /home/dwduong74/yahboom_src/install/champ_msgs/share/champ_msgs/msg/Joints.msg
[21.433s] -- Installing: /home/dwduong74/yahboom_src/install/champ_msgs/share/champ_msgs/msg/Contacts.msg
[21.433s] -- Installing: /home/dwduong74/yahboom_src/install/champ_msgs/share/champ_msgs/msg/ContactsStamped.msg
[21.433s] -- Installing: /home/dwduong74/yahboom_src/install/champ_msgs/share/champ_msgs/msg/Pose.msg
[21.433s] -- Installing: /home/dwduong74/yahboom_src/install/champ_msgs/share/ament_index/resource_index/package_run_dependencies/champ_msgs
[21.434s] -- Installing: /home/dwduong74/yahboom_src/install/champ_msgs/share/ament_index/resource_index/parent_prefix_path/champ_msgs
[21.434s] -- Installing: /home/dwduong74/yahboom_src/install/champ_msgs/share/champ_msgs/environment/ament_prefix_path.sh
[21.434s] -- Installing: /home/dwduong74/yahboom_src/install/champ_msgs/share/champ_msgs/environment/ament_prefix_path.dsv
[21.434s] -- Installing: /home/dwduong74/yahboom_src/install/champ_msgs/share/champ_msgs/environment/path.sh
[21.434s] -- Installing: /home/dwduong74/yahboom_src/install/champ_msgs/share/champ_msgs/environment/path.dsv
[21.434s] -- Installing: /home/dwduong74/yahboom_src/install/champ_msgs/share/champ_msgs/local_setup.bash
[21.435s] -- Installing: /home/dwduong74/yahboom_src/install/champ_msgs/share/champ_msgs/local_setup.sh
[21.435s] -- Installing: /home/dwduong74/yahboom_src/install/champ_msgs/share/champ_msgs/local_setup.zsh
[21.435s] -- Installing: /home/dwduong74/yahboom_src/install/champ_msgs/share/champ_msgs/local_setup.dsv
[21.435s] -- Installing: /home/dwduong74/yahboom_src/install/champ_msgs/share/champ_msgs/package.dsv
[21.435s] -- Installing: /home/dwduong74/yahboom_src/install/champ_msgs/share/ament_index/resource_index/packages/champ_msgs
[21.436s] -- Installing: /home/dwduong74/yahboom_src/install/champ_msgs/share/champ_msgs/cmake/export_champ_msgs__rosidl_generator_cExport.cmake
[21.436s] -- Installing: /home/dwduong74/yahboom_src/install/champ_msgs/share/champ_msgs/cmake/export_champ_msgs__rosidl_generator_cExport-noconfig.cmake
[21.436s] -- Installing: /home/dwduong74/yahboom_src/install/champ_msgs/share/champ_msgs/cmake/export_champ_msgs__rosidl_typesupport_fastrtps_cExport.cmake
[21.436s] -- Installing: /home/dwduong74/yahboom_src/install/champ_msgs/share/champ_msgs/cmake/export_champ_msgs__rosidl_typesupport_fastrtps_cExport-noconfig.cmake
[21.437s] -- Installing: /home/dwduong74/yahboom_src/install/champ_msgs/share/champ_msgs/cmake/champ_msgs__rosidl_typesupport_introspection_cExport.cmake
[21.437s] -- Installing: /home/dwduong74/yahboom_src/install/champ_msgs/share/champ_msgs/cmake/champ_msgs__rosidl_typesupport_introspection_cExport-noconfig.cmake
[21.437s] -- Installing: /home/dwduong74/yahboom_src/install/champ_msgs/share/champ_msgs/cmake/champ_msgs__rosidl_typesupport_cExport.cmake
[21.437s] -- Installing: /home/dwduong74/yahboom_src/install/champ_msgs/share/champ_msgs/cmake/champ_msgs__rosidl_typesupport_cExport-noconfig.cmake
[21.437s] -- Installing: /home/dwduong74/yahboom_src/install/champ_msgs/share/champ_msgs/cmake/export_champ_msgs__rosidl_generator_cppExport.cmake
[21.438s] -- Installing: /home/dwduong74/yahboom_src/install/champ_msgs/share/champ_msgs/cmake/export_champ_msgs__rosidl_typesupport_fastrtps_cppExport.cmake
[21.438s] -- Installing: /home/dwduong74/yahboom_src/install/champ_msgs/share/champ_msgs/cmake/export_champ_msgs__rosidl_typesupport_fastrtps_cppExport-noconfig.cmake
[21.438s] -- Installing: /home/dwduong74/yahboom_src/install/champ_msgs/share/champ_msgs/cmake/champ_msgs__rosidl_typesupport_introspection_cppExport.cmake
[21.438s] -- Installing: /home/dwduong74/yahboom_src/install/champ_msgs/share/champ_msgs/cmake/champ_msgs__rosidl_typesupport_introspection_cppExport-noconfig.cmake
[21.438s] -- Installing: /home/dwduong74/yahboom_src/install/champ_msgs/share/champ_msgs/cmake/champ_msgs__rosidl_typesupport_cppExport.cmake
[21.439s] -- Installing: /home/dwduong74/yahboom_src/install/champ_msgs/share/champ_msgs/cmake/champ_msgs__rosidl_typesupport_cppExport-noconfig.cmake
[21.439s] -- Installing: /home/dwduong74/yahboom_src/install/champ_msgs/share/champ_msgs/cmake/export_champ_msgs__rosidl_generator_pyExport.cmake
[21.439s] -- Installing: /home/dwduong74/yahboom_src/install/champ_msgs/share/champ_msgs/cmake/export_champ_msgs__rosidl_generator_pyExport-noconfig.cmake
[21.439s] -- Installing: /home/dwduong74/yahboom_src/install/champ_msgs/share/champ_msgs/cmake/rosidl_cmake-extras.cmake
[21.439s] -- Installing: /home/dwduong74/yahboom_src/install/champ_msgs/share/champ_msgs/cmake/ament_cmake_export_dependencies-extras.cmake
[21.440s] -- Installing: /home/dwduong74/yahboom_src/install/champ_msgs/share/champ_msgs/cmake/ament_cmake_export_include_directories-extras.cmake
[21.440s] -- Installing: /home/dwduong74/yahboom_src/install/champ_msgs/share/champ_msgs/cmake/ament_cmake_export_libraries-extras.cmake
[21.440s] -- Installing: /home/dwduong74/yahboom_src/install/champ_msgs/share/champ_msgs/cmake/ament_cmake_export_targets-extras.cmake
[21.440s] -- Installing: /home/dwduong74/yahboom_src/install/champ_msgs/share/champ_msgs/cmake/rosidl_cmake_export_typesupport_targets-extras.cmake
[21.441s] -- Installing: /home/dwduong74/yahboom_src/install/champ_msgs/share/champ_msgs/cmake/rosidl_cmake_export_typesupport_libraries-extras.cmake
[21.441s] -- Installing: /home/dwduong74/yahboom_src/install/champ_msgs/share/champ_msgs/cmake/champ_msgsConfig.cmake
[21.441s] -- Installing: /home/dwduong74/yahboom_src/install/champ_msgs/share/champ_msgs/cmake/champ_msgsConfig-version.cmake
[21.441s] -- Installing: /home/dwduong74/yahboom_src/install/champ_msgs/share/champ_msgs/package.xml
[21.445s] Invoked command in '/home/dwduong74/yahboom_src/build/champ_msgs' returned '0': CMAKE_PREFIX_PATH=${CMAKE_PREFIX_PATH}:/home/dwduong74/LUMI_ws/install/custom_explorer:/opt/ros/humble /usr/bin/cmake --install /home/dwduong74/yahboom_src/build/champ_msgs
