[3.580s] Invoking command in '/home/dwduong74/yahboom_src/src/yahboom_description': PYTHONPATH=/home/dwduong74/yahboom_src/build/yahboom_description/prefix_override:/usr/lib/python3/dist-packages/colcon_core/task/python/colcon_distutils_commands:/home/dwduong74/yahboom_src/install/yahboom_description/lib/python3.10/site-packages:${PYTHONPATH} /usr/bin/python3 -W ignore:setup.py install is deprecated -W ignore:easy_install command is deprecated setup.py egg_info --egg-base ../../build/yahboom_description build --build-base /home/dwduong74/yahboom_src/build/yahboom_description/build install --record /home/dwduong74/yahboom_src/build/yahboom_description/install.log --single-version-externally-managed install_data
[4.463s] running egg_info
[4.464s] writing ../../build/yahboom_description/yahboom_description.egg-info/PKG-INFO
[4.464s] writing dependency_links to ../../build/yahboom_description/yahboom_description.egg-info/dependency_links.txt
[4.464s] writing entry points to ../../build/yahboom_description/yahboom_description.egg-info/entry_points.txt
[4.464s] writing requirements to ../../build/yahboom_description/yahboom_description.egg-info/requires.txt
[4.465s] writing top-level names to ../../build/yahboom_description/yahboom_description.egg-info/top_level.txt
[4.469s] reading manifest file '../../build/yahboom_description/yahboom_description.egg-info/SOURCES.txt'
[4.471s] writing manifest file '../../build/yahboom_description/yahboom_description.egg-info/SOURCES.txt'
[4.472s] running build
[4.472s] running build_py
[4.472s] running install
[4.473s] running install_lib
[4.475s] running install_data
[4.476s] running install_egg_info
[4.480s] removing '/home/dwduong74/yahboom_src/install/yahboom_description/lib/python3.10/site-packages/yahboom_description-0.0.0-py3.10.egg-info' (and everything under it)
[4.480s] Copying ../../build/yahboom_description/yahboom_description.egg-info to /home/dwduong74/yahboom_src/install/yahboom_description/lib/python3.10/site-packages/yahboom_description-0.0.0-py3.10.egg-info
[4.482s] running install_scripts
[4.525s] writing list of installed files to '/home/dwduong74/yahboom_src/build/yahboom_description/install.log'
[4.595s] Invoked command in '/home/dwduong74/yahboom_src/src/yahboom_description' returned '0': PYTHONPATH=/home/dwduong74/yahboom_src/build/yahboom_description/prefix_override:/usr/lib/python3/dist-packages/colcon_core/task/python/colcon_distutils_commands:/home/dwduong74/yahboom_src/install/yahboom_description/lib/python3.10/site-packages:${PYTHONPATH} /usr/bin/python3 -W ignore:setup.py install is deprecated -W ignore:easy_install command is deprecated setup.py egg_info --egg-base ../../build/yahboom_description build --build-base /home/dwduong74/yahboom_src/build/yahboom_description/build install --record /home/dwduong74/yahboom_src/build/yahboom_description/install.log --single-version-externally-managed install_data
