[0.023s] Invoking command in '/home/dwduong74/yahboom_src/build/champ_description': AMENT_PREFIX_PATH=/home/dwduong74/yahboom_src/install/velodyne_gazebo_plugins:${AMENT_PREFIX_PATH} CMAKE_PREFIX_PATH=/home/dwduong74/yahboom_src/install/velodyne_gazebo_plugins:/home/dwduong74/LUMI_ws/install/rf2o_laser_odometry:/home/dwduong74/LUMI_ws/install/custom_explorer:/opt/ros/humble LD_LIBRARY_PATH=/home/dwduong74/yahboom_src/install/velodyne_gazebo_plugins/lib:${LD_LIBRARY_PATH} /usr/bin/cmake /home/dwduong74/yahboom_src/src/unitree-go2-ros2/champ/champ_description -DCMAKE_INSTALL_PREFIX=/home/dwduong74/yahboom_src/install/champ_description
[0.124s] -- The C compiler identification is GNU 11.4.0
[0.223s] -- The CXX compiler identification is GNU 11.4.0
[0.237s] -- Detecting C compiler ABI info
[0.345s] -- Detecting C compiler ABI info - done
[0.360s] -- Check for working C compiler: /usr/bin/cc - skipped
[0.360s] -- Detecting C compile features
[0.360s] -- Detecting C compile features - done
[0.364s] -- Detecting CXX compiler ABI info
[0.475s] -- Detecting CXX compiler ABI info - done
[0.486s] -- Check for working CXX compiler: /usr/bin/c++ - skipped
[0.487s] -- Detecting CXX compile features
[0.487s] -- Detecting CXX compile features - done
[0.492s] -- Found ament_cmake: 1.3.12 (/opt/ros/humble/share/ament_cmake/cmake)
[0.768s] -- Found Python3: /usr/bin/python3 (found version "3.10.12") found components: Interpreter 
[0.972s] -- Found ament_lint_auto: 0.12.14 (/opt/ros/humble/share/ament_lint_auto/cmake)
[1.135s] -- Configuring done
[1.139s] -- Generating done
[1.142s] -- Build files have been written to: /home/dwduong74/yahboom_src/build/champ_description
[1.148s] Invoked command in '/home/dwduong74/yahboom_src/build/champ_description' returned '0': AMENT_PREFIX_PATH=/home/dwduong74/yahboom_src/install/velodyne_gazebo_plugins:${AMENT_PREFIX_PATH} CMAKE_PREFIX_PATH=/home/dwduong74/yahboom_src/install/velodyne_gazebo_plugins:/home/dwduong74/LUMI_ws/install/rf2o_laser_odometry:/home/dwduong74/LUMI_ws/install/custom_explorer:/opt/ros/humble LD_LIBRARY_PATH=/home/dwduong74/yahboom_src/install/velodyne_gazebo_plugins/lib:${LD_LIBRARY_PATH} /usr/bin/cmake /home/dwduong74/yahboom_src/src/unitree-go2-ros2/champ/champ_description -DCMAKE_INSTALL_PREFIX=/home/dwduong74/yahboom_src/install/champ_description
[1.151s] Invoking command in '/home/dwduong74/yahboom_src/build/champ_description': AMENT_PREFIX_PATH=/home/dwduong74/yahboom_src/install/velodyne_gazebo_plugins:${AMENT_PREFIX_PATH} CMAKE_PREFIX_PATH=/home/dwduong74/yahboom_src/install/velodyne_gazebo_plugins:/home/dwduong74/LUMI_ws/install/rf2o_laser_odometry:/home/dwduong74/LUMI_ws/install/custom_explorer:/opt/ros/humble LD_LIBRARY_PATH=/home/dwduong74/yahboom_src/install/velodyne_gazebo_plugins/lib:${LD_LIBRARY_PATH} /usr/bin/cmake --build /home/dwduong74/yahboom_src/build/champ_description -- -j8 -l8
[1.211s] Invoked command in '/home/dwduong74/yahboom_src/build/champ_description' returned '0': AMENT_PREFIX_PATH=/home/dwduong74/yahboom_src/install/velodyne_gazebo_plugins:${AMENT_PREFIX_PATH} CMAKE_PREFIX_PATH=/home/dwduong74/yahboom_src/install/velodyne_gazebo_plugins:/home/dwduong74/LUMI_ws/install/rf2o_laser_odometry:/home/dwduong74/LUMI_ws/install/custom_explorer:/opt/ros/humble LD_LIBRARY_PATH=/home/dwduong74/yahboom_src/install/velodyne_gazebo_plugins/lib:${LD_LIBRARY_PATH} /usr/bin/cmake --build /home/dwduong74/yahboom_src/build/champ_description -- -j8 -l8
[1.214s] Invoking command in '/home/dwduong74/yahboom_src/build/champ_description': AMENT_PREFIX_PATH=/home/dwduong74/yahboom_src/install/velodyne_gazebo_plugins:${AMENT_PREFIX_PATH} CMAKE_PREFIX_PATH=/home/dwduong74/yahboom_src/install/velodyne_gazebo_plugins:/home/dwduong74/LUMI_ws/install/rf2o_laser_odometry:/home/dwduong74/LUMI_ws/install/custom_explorer:/opt/ros/humble LD_LIBRARY_PATH=/home/dwduong74/yahboom_src/install/velodyne_gazebo_plugins/lib:${LD_LIBRARY_PATH} /usr/bin/cmake --install /home/dwduong74/yahboom_src/build/champ_description
[1.225s] -- Install configuration: ""
[1.225s] -- Installing: /home/dwduong74/yahboom_src/install/champ_description/share/champ_description/launch
[1.225s] -- Installing: /home/dwduong74/yahboom_src/install/champ_description/share/champ_description/launch/view_urdf.launch
[1.226s] -- Installing: /home/dwduong74/yahboom_src/install/champ_description/share/champ_description/launch/description.launch.py
[1.226s] -- Installing: /home/dwduong74/yahboom_src/install/champ_description/share/champ_description/launch/description.launch
[1.227s] -- Installing: /home/dwduong74/yahboom_src/install/champ_description/share/champ_description/rviz
[1.227s] -- Installing: /home/dwduong74/yahboom_src/install/champ_description/share/champ_description/rviz/urdf_viewer.rviz
[1.227s] -- Installing: /home/dwduong74/yahboom_src/install/champ_description/share/champ_description/meshes
[1.228s] -- Installing: /home/dwduong74/yahboom_src/install/champ_description/share/champ_description/meshes/lower_leg_simple.stl
[1.228s] -- Installing: /home/dwduong74/yahboom_src/install/champ_description/share/champ_description/meshes/asus_camera_simple.dae
[1.229s] -- Installing: /home/dwduong74/yahboom_src/install/champ_description/share/champ_description/meshes/arm
[1.229s] -- Installing: /home/dwduong74/yahboom_src/install/champ_description/share/champ_description/meshes/arm/wrist2.stl
[1.230s] -- Installing: /home/dwduong74/yahboom_src/install/champ_description/share/champ_description/meshes/arm/upper_arm.stl
[1.231s] -- Installing: /home/dwduong74/yahboom_src/install/champ_description/share/champ_description/meshes/arm/wrist1.stl
[1.232s] -- Installing: /home/dwduong74/yahboom_src/install/champ_description/share/champ_description/meshes/arm/base.stl
[1.234s] -- Installing: /home/dwduong74/yahboom_src/install/champ_description/share/champ_description/meshes/arm/lower_arm.stl
[1.235s] -- Installing: /home/dwduong74/yahboom_src/install/champ_description/share/champ_description/meshes/lower_leg.stl
[1.235s] -- Installing: /home/dwduong74/yahboom_src/install/champ_description/share/champ_description/meshes/upper_leg.stl
[1.236s] -- Installing: /home/dwduong74/yahboom_src/install/champ_description/share/champ_description/meshes/base.stl
[1.237s] -- Installing: /home/dwduong74/yahboom_src/install/champ_description/share/champ_description/meshes/hokuyo_utm_30lx.dae
[1.237s] -- Installing: /home/dwduong74/yahboom_src/install/champ_description/share/champ_description/meshes/upper_leg_simple.stl
[1.237s] -- Installing: /home/dwduong74/yahboom_src/install/champ_description/share/champ_description/meshes/hip.stl
[1.238s] -- Installing: /home/dwduong74/yahboom_src/install/champ_description/share/champ_description/meshes/base_simple.stl
[1.240s] -- Installing: /home/dwduong74/yahboom_src/install/champ_description/share/champ_description/urdf
[1.240s] -- Installing: /home/dwduong74/yahboom_src/install/champ_description/share/champ_description/urdf/hokuyo_utm30lx.urdf.xacro
[1.240s] -- Installing: /home/dwduong74/yahboom_src/install/champ_description/share/champ_description/urdf/champ_arm.urdf
[1.240s] -- Installing: /home/dwduong74/yahboom_src/install/champ_description/share/champ_description/urdf/champ_velodyne.urdf
[1.243s] -- Installing: /home/dwduong74/yahboom_src/install/champ_description/share/champ_description/urdf/accessories.urdf.xacro
[1.244s] -- Installing: /home/dwduong74/yahboom_src/install/champ_description/share/champ_description/urdf/properties.urdf.xacro
[1.244s] -- Installing: /home/dwduong74/yahboom_src/install/champ_description/share/champ_description/urdf/asus_camera.urdf.xacro
[1.244s] -- Installing: /home/dwduong74/yahboom_src/install/champ_description/share/champ_description/urdf/leg.urdf.xacro
[1.244s] -- Installing: /home/dwduong74/yahboom_src/install/champ_description/share/champ_description/urdf/gen_urdf
[1.244s] -- Installing: /home/dwduong74/yahboom_src/install/champ_description/share/champ_description/urdf/champ.urdf
[1.244s] -- Installing: /home/dwduong74/yahboom_src/install/champ_description/share/champ_description/urdf/champ.urdf.xacro
[1.245s] -- Installing: /home/dwduong74/yahboom_src/install/champ_description/share/ament_index/resource_index/package_run_dependencies/champ_description
[1.246s] -- Installing: /home/dwduong74/yahboom_src/install/champ_description/share/ament_index/resource_index/parent_prefix_path/champ_description
[1.246s] -- Installing: /home/dwduong74/yahboom_src/install/champ_description/share/champ_description/environment/ament_prefix_path.sh
[1.247s] -- Installing: /home/dwduong74/yahboom_src/install/champ_description/share/champ_description/environment/ament_prefix_path.dsv
[1.247s] -- Installing: /home/dwduong74/yahboom_src/install/champ_description/share/champ_description/environment/path.sh
[1.247s] -- Installing: /home/dwduong74/yahboom_src/install/champ_description/share/champ_description/environment/path.dsv
[1.247s] -- Installing: /home/dwduong74/yahboom_src/install/champ_description/share/champ_description/local_setup.bash
[1.247s] -- Installing: /home/dwduong74/yahboom_src/install/champ_description/share/champ_description/local_setup.sh
[1.247s] -- Installing: /home/dwduong74/yahboom_src/install/champ_description/share/champ_description/local_setup.zsh
[1.248s] -- Installing: /home/dwduong74/yahboom_src/install/champ_description/share/champ_description/local_setup.dsv
[1.248s] -- Installing: /home/dwduong74/yahboom_src/install/champ_description/share/champ_description/package.dsv
[1.248s] -- Installing: /home/dwduong74/yahboom_src/install/champ_description/share/ament_index/resource_index/packages/champ_description
[1.248s] -- Installing: /home/dwduong74/yahboom_src/install/champ_description/share/champ_description/cmake/champ_descriptionConfig.cmake
[1.248s] -- Installing: /home/dwduong74/yahboom_src/install/champ_description/share/champ_description/cmake/champ_descriptionConfig-version.cmake
[1.248s] -- Installing: /home/dwduong74/yahboom_src/install/champ_description/share/champ_description/package.xml
[1.255s] Invoked command in '/home/dwduong74/yahboom_src/build/champ_description' returned '0': AMENT_PREFIX_PATH=/home/dwduong74/yahboom_src/install/velodyne_gazebo_plugins:${AMENT_PREFIX_PATH} CMAKE_PREFIX_PATH=/home/dwduong74/yahboom_src/install/velodyne_gazebo_plugins:/home/dwduong74/LUMI_ws/install/rf2o_laser_odometry:/home/dwduong74/LUMI_ws/install/custom_explorer:/opt/ros/humble LD_LIBRARY_PATH=/home/dwduong74/yahboom_src/install/velodyne_gazebo_plugins/lib:${LD_LIBRARY_PATH} /usr/bin/cmake --install /home/dwduong74/yahboom_src/build/champ_description
