[0.166s] Invoking command in '/home/dwduong74/yahboom_src/build/go2_description': CMAKE_PREFIX_PATH=${CMAKE_PREFIX_PATH}:/home/dwduong74/yahboom_src/install/yahboom_set_height:/home/dwduong74/yahboom_src/install/yahboom_mediapipe:/home/dwduong74/yahboom_src/install/yahboom_gait:/home/dwduong74/yahboom_src/install/yahboom_dog_joint_state:/home/dwduong74/yahboom_src/install/yahboom_description:/home/dwduong74/yahboom_src/install/yahboom_bringup:/home/dwduong74/yahboom_src/install/yahboom_base:/home/dwduong74/yahboom_src/install/yahboom_app_save_map:/home/dwduong74/yahboom_src/install/tf_publisher:/home/dwduong74/yahboom_src/install/bringup:/home/dwduong74/LUMI_ws/install/custom_explorer:/opt/ros/humble /usr/bin/cmake --build /home/dwduong74/yahboom_src/build/go2_description -- -j8 -l8
[0.214s] Invoked command in '/home/dwduong74/yahboom_src/build/go2_description' returned '0': CMAKE_PREFIX_PATH=${CMAKE_PREFIX_PATH}:/home/dwduong74/yahboom_src/install/yahboom_set_height:/home/dwduong74/yahboom_src/install/yahboom_mediapipe:/home/dwduong74/yahboom_src/install/yahboom_gait:/home/dwduong74/yahboom_src/install/yahboom_dog_joint_state:/home/dwduong74/yahboom_src/install/yahboom_description:/home/dwduong74/yahboom_src/install/yahboom_bringup:/home/dwduong74/yahboom_src/install/yahboom_base:/home/dwduong74/yahboom_src/install/yahboom_app_save_map:/home/dwduong74/yahboom_src/install/tf_publisher:/home/dwduong74/yahboom_src/install/bringup:/home/dwduong74/LUMI_ws/install/custom_explorer:/opt/ros/humble /usr/bin/cmake --build /home/dwduong74/yahboom_src/build/go2_description -- -j8 -l8
[0.215s] Invoking command in '/home/dwduong74/yahboom_src/build/go2_description': CMAKE_PREFIX_PATH=${CMAKE_PREFIX_PATH}:/home/dwduong74/yahboom_src/install/yahboom_set_height:/home/dwduong74/yahboom_src/install/yahboom_mediapipe:/home/dwduong74/yahboom_src/install/yahboom_gait:/home/dwduong74/yahboom_src/install/yahboom_dog_joint_state:/home/dwduong74/yahboom_src/install/yahboom_description:/home/dwduong74/yahboom_src/install/yahboom_bringup:/home/dwduong74/yahboom_src/install/yahboom_base:/home/dwduong74/yahboom_src/install/yahboom_app_save_map:/home/dwduong74/yahboom_src/install/tf_publisher:/home/dwduong74/yahboom_src/install/bringup:/home/dwduong74/LUMI_ws/install/custom_explorer:/opt/ros/humble /usr/bin/cmake --install /home/dwduong74/yahboom_src/build/go2_description
[0.319s] -- Install configuration: ""
[0.319s] -- Up-to-date: /home/dwduong74/yahboom_src/install/go2_description/share/go2_description/config
[0.320s] -- Up-to-date: /home/dwduong74/yahboom_src/install/go2_description/share/go2_description/config/_joint_names_go2_description.yaml
[0.320s] -- Up-to-date: /home/dwduong74/yahboom_src/install/go2_description/share/go2_description/config/_robot_control.yaml
[0.320s] -- Up-to-date: /home/dwduong74/yahboom_src/install/go2_description/share/go2_description/config/ros_control
[0.323s] -- Up-to-date: /home/dwduong74/yahboom_src/install/go2_description/share/go2_description/config/ros_control/ros_control.yaml
[0.324s] -- Up-to-date: /home/dwduong74/yahboom_src/install/go2_description/share/go2_description/dae
[0.324s] -- Up-to-date: /home/dwduong74/yahboom_src/install/go2_description/share/go2_description/dae/thigh_mirror.dae
[0.324s] -- Up-to-date: /home/dwduong74/yahboom_src/install/go2_description/share/go2_description/dae/calf_mirror.dae
[0.324s] -- Up-to-date: /home/dwduong74/yahboom_src/install/go2_description/share/go2_description/dae/thigh.dae
[0.324s] -- Up-to-date: /home/dwduong74/yahboom_src/install/go2_description/share/go2_description/dae/hip.dae
[0.325s] -- Up-to-date: /home/dwduong74/yahboom_src/install/go2_description/share/go2_description/dae/calf.dae
[0.325s] -- Up-to-date: /home/dwduong74/yahboom_src/install/go2_description/share/go2_description/dae/foot.dae
[0.325s] -- Up-to-date: /home/dwduong74/yahboom_src/install/go2_description/share/go2_description/dae/base.dae
[0.325s] -- Up-to-date: /home/dwduong74/yahboom_src/install/go2_description/share/go2_description/launch
[0.325s] -- Up-to-date: /home/dwduong74/yahboom_src/install/go2_description/share/go2_description/launch/description.launch.py
[0.326s] -- Up-to-date: /home/dwduong74/yahboom_src/install/go2_description/share/go2_description/meshes
[0.326s] -- Up-to-date: /home/dwduong74/yahboom_src/install/go2_description/share/go2_description/meshes/thigh_mirror.dae
[0.326s] -- Up-to-date: /home/dwduong74/yahboom_src/install/go2_description/share/go2_description/meshes/calf_mirror.dae
[0.326s] -- Up-to-date: /home/dwduong74/yahboom_src/install/go2_description/share/go2_description/meshes/thigh.dae
[0.326s] -- Up-to-date: /home/dwduong74/yahboom_src/install/go2_description/share/go2_description/meshes/hip.dae
[0.326s] -- Up-to-date: /home/dwduong74/yahboom_src/install/go2_description/share/go2_description/meshes/hokuyo.dae
[0.326s] -- Up-to-date: /home/dwduong74/yahboom_src/install/go2_description/share/go2_description/meshes/calf.dae
[0.326s] -- Up-to-date: /home/dwduong74/yahboom_src/install/go2_description/share/go2_description/meshes/trunk.dae
[0.327s] -- Up-to-date: /home/dwduong74/yahboom_src/install/go2_description/share/go2_description/meshes/XGO
[0.327s] -- Up-to-date: /home/dwduong74/yahboom_src/install/go2_description/share/go2_description/meshes/XGO/lh_hip_link.STL
[0.327s] -- Up-to-date: /home/dwduong74/yahboom_src/install/go2_description/share/go2_description/meshes/XGO/base_link.STL
[0.327s] -- Up-to-date: /home/dwduong74/yahboom_src/install/go2_description/share/go2_description/meshes/XGO/rf_upper_leg_link.STL
[0.327s] -- Up-to-date: /home/dwduong74/yahboom_src/install/go2_description/share/go2_description/meshes/XGO/lf_upper_leg_link.STL
[0.328s] -- Up-to-date: /home/dwduong74/yahboom_src/install/go2_description/share/go2_description/meshes/XGO/rf_lower_leg_link.STL
[0.328s] -- Up-to-date: /home/dwduong74/yahboom_src/install/go2_description/share/go2_description/meshes/XGO/rf_hip_link.STL
[0.328s] -- Up-to-date: /home/dwduong74/yahboom_src/install/go2_description/share/go2_description/meshes/XGO/rh_lower_leg_link.STL
[0.328s] -- Up-to-date: /home/dwduong74/yahboom_src/install/go2_description/share/go2_description/meshes/XGO/lf_hip_link.STL
[0.329s] -- Up-to-date: /home/dwduong74/yahboom_src/install/go2_description/share/go2_description/meshes/XGO/camera_link.STL
[0.329s] -- Up-to-date: /home/dwduong74/yahboom_src/install/go2_description/share/go2_description/meshes/XGO/rh_upper_leg_link.STL
[0.329s] -- Up-to-date: /home/dwduong74/yahboom_src/install/go2_description/share/go2_description/meshes/XGO/laser_link.STL
[0.329s] -- Up-to-date: /home/dwduong74/yahboom_src/install/go2_description/share/go2_description/meshes/XGO/lh_lower_leg_link.STL
[0.330s] -- Up-to-date: /home/dwduong74/yahboom_src/install/go2_description/share/go2_description/meshes/XGO/lf_lower_leg_link.STL
[0.330s] -- Up-to-date: /home/dwduong74/yahboom_src/install/go2_description/share/go2_description/meshes/XGO/lh_upper_leg_link.STL
[0.330s] -- Up-to-date: /home/dwduong74/yahboom_src/install/go2_description/share/go2_description/meshes/XGO/rh_hip_link.STL
[0.330s] -- Up-to-date: /home/dwduong74/yahboom_src/install/go2_description/share/go2_description/meshes/foot.dae
[0.331s] -- Up-to-date: /home/dwduong74/yahboom_src/install/go2_description/share/go2_description/urdf
[0.331s] -- Up-to-date: /home/dwduong74/yahboom_src/install/go2_description/share/go2_description/urdf/Amended_collision_model.png
[0.332s] -- Up-to-date: /home/dwduong74/yahboom_src/install/go2_description/share/go2_description/urdf/.history
[0.332s] -- Up-to-date: /home/dwduong74/yahboom_src/install/go2_description/share/go2_description/urdf/.history/go2_description_20230905113755.urdf
[0.333s] -- Up-to-date: /home/dwduong74/yahboom_src/install/go2_description/share/go2_description/urdf/.history/go2_description_20230905115022.urdf
[0.333s] -- Up-to-date: /home/dwduong74/yahboom_src/install/go2_description/share/go2_description/urdf/.history/go2_description_20230904193653.urdf
[0.333s] -- Up-to-date: /home/dwduong74/yahboom_src/install/go2_description/share/go2_description/urdf/.history/go2_description_20230905112047.urdf
[0.333s] -- Up-to-date: /home/dwduong74/yahboom_src/install/go2_description/share/go2_description/urdf/.history/go2_description_20230905112944.urdf
[0.334s] -- Up-to-date: /home/dwduong74/yahboom_src/install/go2_description/share/go2_description/urdf/.history/go2_description_20230904182446.urdf
[0.335s] -- Up-to-date: /home/dwduong74/yahboom_src/install/go2_description/share/go2_description/urdf/.history/go2_description_20230905115226.urdf
[0.335s] -- Up-to-date: /home/dwduong74/yahboom_src/install/go2_description/share/go2_description/urdf/.history/go2_description_20230905112749.urdf
[0.336s] -- Up-to-date: /home/dwduong74/yahboom_src/install/go2_description/share/go2_description/urdf/.history/go2_description_20230905113059.urdf
[0.337s] -- Up-to-date: /home/dwduong74/yahboom_src/install/go2_description/share/go2_description/urdf/.history/go2_description_20230905115313.urdf
[0.337s] -- Up-to-date: /home/dwduong74/yahboom_src/install/go2_description/share/go2_description/urdf/.history/go2_description_20230905115300.urdf
[0.337s] -- Up-to-date: /home/dwduong74/yahboom_src/install/go2_description/share/go2_description/urdf/.history/go2_description_20230905113633.urdf
[0.337s] -- Up-to-date: /home/dwduong74/yahboom_src/install/go2_description/share/go2_description/urdf/.history/go2_description_20230904193710.urdf
[0.337s] -- Up-to-date: /home/dwduong74/yahboom_src/install/go2_description/share/go2_description/urdf/.history/go2_description_20230904144240.urdf
[0.337s] -- Up-to-date: /home/dwduong74/yahboom_src/install/go2_description/share/go2_description/urdf/.history/go2_description_20230905112735.urdf
[0.338s] -- Up-to-date: /home/dwduong74/yahboom_src/install/go2_description/share/go2_description/urdf/.history/go2_description_20230905115040.urdf
[0.338s] -- Up-to-date: /home/dwduong74/yahboom_src/install/go2_description/share/go2_description/urdf/.history/go2_description_20230905114759.urdf
[0.338s] -- Up-to-date: /home/dwduong74/yahboom_src/install/go2_description/share/go2_description/urdf/.history/go2_description_20230905113754.urdf
[0.338s] -- Up-to-date: /home/dwduong74/yahboom_src/install/go2_description/share/go2_description/urdf/.history/go2_description_20230905113840.urdf
[0.338s] -- Up-to-date: /home/dwduong74/yahboom_src/install/go2_description/share/go2_description/urdf/.history/go2_description_20230905112143.urdf
[0.338s] -- Up-to-date: /home/dwduong74/yahboom_src/install/go2_description/share/go2_description/urdf/.history/go2_description_20230904193711.urdf
[0.339s] -- Up-to-date: /home/dwduong74/yahboom_src/install/go2_description/share/go2_description/urdf/.history/go2_description_20230904193628.urdf
[0.339s] -- Up-to-date: /home/dwduong74/yahboom_src/install/go2_description/share/go2_description/urdf/.history/go2_description_20230904193705.urdf
[0.339s] -- Up-to-date: /home/dwduong74/yahboom_src/install/go2_description/share/go2_description/urdf/.history/go2_description_20230905115215.urdf
[0.339s] -- Up-to-date: /home/dwduong74/yahboom_src/install/go2_description/share/go2_description/urdf/.history/go2_description_20230905114819.urdf
[0.340s] -- Up-to-date: /home/dwduong74/yahboom_src/install/go2_description/share/go2_description/urdf/.history/go2_description_20230905115021.urdf
[0.342s] -- Up-to-date: /home/dwduong74/yahboom_src/install/go2_description/share/go2_description/urdf/.history/go2_description_20230905113839.urdf
[0.342s] -- Up-to-date: /home/dwduong74/yahboom_src/install/go2_description/share/go2_description/urdf/.history/go2_description_20230905112217.urdf
[0.342s] -- Up-to-date: /home/dwduong74/yahboom_src/install/go2_description/share/go2_description/urdf/.history/go2_description_20230905113000.urdf
[0.343s] -- Up-to-date: /home/dwduong74/yahboom_src/install/go2_description/share/go2_description/urdf/.history/go2_description_20230905112752.urdf
[0.344s] -- Up-to-date: /home/dwduong74/yahboom_src/install/go2_description/share/go2_description/urdf/.history/go2_description_20230904193644.urdf
[0.347s] -- Up-to-date: /home/dwduong74/yahboom_src/install/go2_description/share/go2_description/urdf/Normal_collision_model.png
[0.347s] -- Up-to-date: /home/dwduong74/yahboom_src/install/go2_description/share/go2_description/urdf/go2_description.urdf
[0.347s] -- Up-to-date: /home/dwduong74/yahboom_src/install/go2_description/share/go2_description/xacro
[0.347s] -- Up-to-date: /home/dwduong74/yahboom_src/install/go2_description/share/go2_description/xacro/const.xacro
[0.347s] -- Up-to-date: /home/dwduong74/yahboom_src/install/go2_description/share/go2_description/xacro/robot.xacro
[0.347s] -- Up-to-date: /home/dwduong74/yahboom_src/install/go2_description/share/go2_description/xacro/velodyne.xacro
[0.347s] -- Up-to-date: /home/dwduong74/yahboom_src/install/go2_description/share/go2_description/xacro/transmission.xacro
[0.347s] -- Up-to-date: /home/dwduong74/yahboom_src/install/go2_description/share/go2_description/xacro/gazebo.xacro
[0.348s] -- Up-to-date: /home/dwduong74/yahboom_src/install/go2_description/share/go2_description/xacro/materials.xacro
[0.348s] -- Up-to-date: /home/dwduong74/yahboom_src/install/go2_description/share/go2_description/xacro/robot_VLP.xacro
[0.348s] -- Installing: /home/dwduong74/yahboom_src/install/go2_description/share/go2_description/xacro/leg.xacro
[0.348s] -- Up-to-date: /home/dwduong74/yahboom_src/install/go2_description/share/go2_description/xacro/laser.xacro
[0.348s] -- Up-to-date: /home/dwduong74/yahboom_src/install/go2_description/share/ament_index/resource_index/package_run_dependencies/go2_description
[0.348s] -- Up-to-date: /home/dwduong74/yahboom_src/install/go2_description/share/ament_index/resource_index/parent_prefix_path/go2_description
[0.348s] -- Up-to-date: /home/dwduong74/yahboom_src/install/go2_description/share/go2_description/environment/ament_prefix_path.sh
[0.348s] -- Up-to-date: /home/dwduong74/yahboom_src/install/go2_description/share/go2_description/environment/ament_prefix_path.dsv
[0.349s] -- Up-to-date: /home/dwduong74/yahboom_src/install/go2_description/share/go2_description/environment/path.sh
[0.349s] -- Up-to-date: /home/dwduong74/yahboom_src/install/go2_description/share/go2_description/environment/path.dsv
[0.349s] -- Up-to-date: /home/dwduong74/yahboom_src/install/go2_description/share/go2_description/local_setup.bash
[0.349s] -- Up-to-date: /home/dwduong74/yahboom_src/install/go2_description/share/go2_description/local_setup.sh
[0.349s] -- Up-to-date: /home/dwduong74/yahboom_src/install/go2_description/share/go2_description/local_setup.zsh
[0.349s] -- Up-to-date: /home/dwduong74/yahboom_src/install/go2_description/share/go2_description/local_setup.dsv
[0.349s] -- Installing: /home/dwduong74/yahboom_src/install/go2_description/share/go2_description/package.dsv
[0.350s] -- Up-to-date: /home/dwduong74/yahboom_src/install/go2_description/share/ament_index/resource_index/packages/go2_description
[0.350s] -- Up-to-date: /home/dwduong74/yahboom_src/install/go2_description/share/go2_description/cmake/go2_descriptionConfig.cmake
[0.350s] -- Up-to-date: /home/dwduong74/yahboom_src/install/go2_description/share/go2_description/cmake/go2_descriptionConfig-version.cmake
[0.350s] -- Up-to-date: /home/dwduong74/yahboom_src/install/go2_description/share/go2_description/package.xml
[0.421s] Invoked command in '/home/dwduong74/yahboom_src/build/go2_description' returned '0': CMAKE_PREFIX_PATH=${CMAKE_PREFIX_PATH}:/home/dwduong74/yahboom_src/install/yahboom_set_height:/home/dwduong74/yahboom_src/install/yahboom_mediapipe:/home/dwduong74/yahboom_src/install/yahboom_gait:/home/dwduong74/yahboom_src/install/yahboom_dog_joint_state:/home/dwduong74/yahboom_src/install/yahboom_description:/home/dwduong74/yahboom_src/install/yahboom_bringup:/home/dwduong74/yahboom_src/install/yahboom_base:/home/dwduong74/yahboom_src/install/yahboom_app_save_map:/home/dwduong74/yahboom_src/install/tf_publisher:/home/dwduong74/yahboom_src/install/bringup:/home/dwduong74/LUMI_ws/install/custom_explorer:/opt/ros/humble /usr/bin/cmake --install /home/dwduong74/yahboom_src/build/go2_description
