[0.888s] Invoking command in '/home/dwduong74/yahboom_src/build/champ_config': CMAKE_PREFIX_PATH=${CMAKE_PREFIX_PATH}:/home/dwduong74/yahboom_src/install/yahboom_set_height:/home/dwduong74/yahboom_src/install/yahboom_mediapipe:/home/dwduong74/yahboom_src/install/yahboom_gait:/home/dwduong74/yahboom_src/install/yahboom_dog_joint_state:/home/dwduong74/yahboom_src/install/yahboom_description:/home/dwduong74/yahboom_src/install/yahboom_bringup:/home/dwduong74/yahboom_src/install/yahboom_base:/home/dwduong74/yahboom_src/install/yahboom_app_save_map:/home/dwduong74/yahboom_src/install/tf_publisher:/home/dwduong74/yahboom_src/install/bringup:/home/dwduong74/LUMI_ws/install/custom_explorer:/opt/ros/humble /usr/bin/cmake --build /home/dwduong74/yahboom_src/build/champ_config -- -j8 -l8
[0.980s] Invoked command in '/home/dwduong74/yahboom_src/build/champ_config' returned '0': CMAKE_PREFIX_PATH=${CMAKE_PREFIX_PATH}:/home/dwduong74/yahboom_src/install/yahboom_set_height:/home/dwduong74/yahboom_src/install/yahboom_mediapipe:/home/dwduong74/yahboom_src/install/yahboom_gait:/home/dwduong74/yahboom_src/install/yahboom_dog_joint_state:/home/dwduong74/yahboom_src/install/yahboom_description:/home/dwduong74/yahboom_src/install/yahboom_bringup:/home/dwduong74/yahboom_src/install/yahboom_base:/home/dwduong74/yahboom_src/install/yahboom_app_save_map:/home/dwduong74/yahboom_src/install/tf_publisher:/home/dwduong74/yahboom_src/install/bringup:/home/dwduong74/LUMI_ws/install/custom_explorer:/opt/ros/humble /usr/bin/cmake --build /home/dwduong74/yahboom_src/build/champ_config -- -j8 -l8
[0.991s] Invoking command in '/home/dwduong74/yahboom_src/build/champ_config': CMAKE_PREFIX_PATH=${CMAKE_PREFIX_PATH}:/home/dwduong74/yahboom_src/install/yahboom_set_height:/home/dwduong74/yahboom_src/install/yahboom_mediapipe:/home/dwduong74/yahboom_src/install/yahboom_gait:/home/dwduong74/yahboom_src/install/yahboom_dog_joint_state:/home/dwduong74/yahboom_src/install/yahboom_description:/home/dwduong74/yahboom_src/install/yahboom_bringup:/home/dwduong74/yahboom_src/install/yahboom_base:/home/dwduong74/yahboom_src/install/yahboom_app_save_map:/home/dwduong74/yahboom_src/install/tf_publisher:/home/dwduong74/yahboom_src/install/bringup:/home/dwduong74/LUMI_ws/install/custom_explorer:/opt/ros/humble /usr/bin/cmake --install /home/dwduong74/yahboom_src/build/champ_config
[1.018s] -- Install configuration: ""
[1.027s] -- Up-to-date: /home/dwduong74/yahboom_src/install/champ_config/share/champ_config/launch
[1.027s] -- Installing: /home/dwduong74/yahboom_src/install/champ_config/share/champ_config/launch/gazebo.launch.py
[1.027s] -- Installing: /home/dwduong74/yahboom_src/install/champ_config/share/champ_config/launch/bringup.launch.py
[1.027s] -- Installing: /home/dwduong74/yahboom_src/install/champ_config/share/champ_config/launch/navigate.launch.py
[1.028s] -- Installing: /home/dwduong74/yahboom_src/install/champ_config/share/champ_config/launch/slam.launch.py
[1.028s] -- Up-to-date: /home/dwduong74/yahboom_src/install/champ_config/share/champ_config/config
[1.031s] -- Up-to-date: /home/dwduong74/yahboom_src/install/champ_config/share/champ_config/config/gait
[1.031s] -- Installing: /home/dwduong74/yahboom_src/install/champ_config/share/champ_config/config/gait/gait.yaml
[1.032s] -- Up-to-date: /home/dwduong74/yahboom_src/install/champ_config/share/champ_config/config/joints
[1.032s] -- Installing: /home/dwduong74/yahboom_src/install/champ_config/share/champ_config/config/joints/joints.yaml
[1.032s] -- Up-to-date: /home/dwduong74/yahboom_src/install/champ_config/share/champ_config/config/links
[1.034s] -- Installing: /home/dwduong74/yahboom_src/install/champ_config/share/champ_config/config/links/links.yaml
[1.034s] -- Up-to-date: /home/dwduong74/yahboom_src/install/champ_config/share/champ_config/config/autonomy
[1.035s] -- Installing: /home/dwduong74/yahboom_src/install/champ_config/share/champ_config/config/autonomy/navigation.yaml
[1.035s] -- Installing: /home/dwduong74/yahboom_src/install/champ_config/share/champ_config/config/autonomy/slam.yaml
[1.036s] -- Up-to-date: /home/dwduong74/yahboom_src/install/champ_config/share/champ_config/maps
[1.036s] -- Installing: /home/dwduong74/yahboom_src/install/champ_config/share/champ_config/maps/map.pgm
[1.078s] -- Installing: /home/dwduong74/yahboom_src/install/champ_config/share/champ_config/maps/playground.pgm
[1.080s] -- Installing: /home/dwduong74/yahboom_src/install/champ_config/share/champ_config/maps/map.yaml
[1.081s] -- Installing: /home/dwduong74/yahboom_src/install/champ_config/share/champ_config/maps/playground.yaml
[1.081s] -- Up-to-date: /home/dwduong74/yahboom_src/install/champ_config/share/champ_config/worlds
[1.081s] -- Installing: /home/dwduong74/yahboom_src/install/champ_config/share/champ_config/worlds/default.sdf
[1.082s] -- Installing: /home/dwduong74/yahboom_src/install/champ_config/share/champ_config/worlds/default.world
[1.082s] -- Installing: /home/dwduong74/yahboom_src/install/champ_config/share/champ_config/worlds/playground.world
[1.084s] -- Installing: /home/dwduong74/yahboom_src/install/champ_config/share/champ_config/worlds/baylands.sdf
[1.084s] -- Installing: /home/dwduong74/yahboom_src/install/champ_config/share/champ_config/worlds/outdoor.world
[1.085s] -- Installing: /home/dwduong74/yahboom_src/install/champ_config/share/ament_index/resource_index/package_run_dependencies/champ_config
[1.085s] -- Installing: /home/dwduong74/yahboom_src/install/champ_config/share/ament_index/resource_index/parent_prefix_path/champ_config
[1.085s] -- Installing: /home/dwduong74/yahboom_src/install/champ_config/share/champ_config/environment/ament_prefix_path.sh
[1.085s] -- Installing: /home/dwduong74/yahboom_src/install/champ_config/share/champ_config/environment/ament_prefix_path.dsv
[1.085s] -- Installing: /home/dwduong74/yahboom_src/install/champ_config/share/champ_config/environment/path.sh
[1.086s] -- Installing: /home/dwduong74/yahboom_src/install/champ_config/share/champ_config/environment/path.dsv
[1.086s] -- Installing: /home/dwduong74/yahboom_src/install/champ_config/share/champ_config/local_setup.bash
[1.086s] -- Installing: /home/dwduong74/yahboom_src/install/champ_config/share/champ_config/local_setup.sh
[1.086s] -- Installing: /home/dwduong74/yahboom_src/install/champ_config/share/champ_config/local_setup.zsh
[1.086s] -- Installing: /home/dwduong74/yahboom_src/install/champ_config/share/champ_config/local_setup.dsv
[1.087s] -- Installing: /home/dwduong74/yahboom_src/install/champ_config/share/champ_config/package.dsv
[1.087s] -- Installing: /home/dwduong74/yahboom_src/install/champ_config/share/ament_index/resource_index/packages/champ_config
[1.087s] -- Installing: /home/dwduong74/yahboom_src/install/champ_config/share/champ_config/cmake/champ_configConfig.cmake
[1.087s] -- Installing: /home/dwduong74/yahboom_src/install/champ_config/share/champ_config/cmake/champ_configConfig-version.cmake
[1.087s] -- Installing: /home/dwduong74/yahboom_src/install/champ_config/share/champ_config/package.xml
[1.204s] Invoked command in '/home/dwduong74/yahboom_src/build/champ_config' returned '0': CMAKE_PREFIX_PATH=${CMAKE_PREFIX_PATH}:/home/dwduong74/yahboom_src/install/yahboom_set_height:/home/dwduong74/yahboom_src/install/yahboom_mediapipe:/home/dwduong74/yahboom_src/install/yahboom_gait:/home/dwduong74/yahboom_src/install/yahboom_dog_joint_state:/home/dwduong74/yahboom_src/install/yahboom_description:/home/dwduong74/yahboom_src/install/yahboom_bringup:/home/dwduong74/yahboom_src/install/yahboom_base:/home/dwduong74/yahboom_src/install/yahboom_app_save_map:/home/dwduong74/yahboom_src/install/tf_publisher:/home/dwduong74/yahboom_src/install/bringup:/home/dwduong74/LUMI_ws/install/custom_explorer:/opt/ros/humble /usr/bin/cmake --install /home/dwduong74/yahboom_src/build/champ_config
