[0.016s] Invoking command in '/home/dwduong74/yahboom_src/build/champ_gazebo': AMENT_PREFIX_PATH=/home/dwduong74/yahboom_src/install/champ_msgs:/home/dwduong74/yahboom_src/install/champ:${AMENT_PREFIX_PATH} CMAKE_PREFIX_PATH=/home/dwduong74/yahboom_src/install/champ_msgs:/home/dwduong74/yahboom_src/install/champ:/home/dwduong74/LUMI_ws/install/rf2o_laser_odometry:/home/dwduong74/LUMI_ws/install/custom_explorer:/opt/ros/humble LD_LIBRARY_PATH=/home/dwduong74/yahboom_src/install/champ_msgs/lib:${LD_LIBRARY_PATH} PYTHONPATH=/home/dwduong74/yahboom_src/install/champ_msgs/local/lib/python3.10/dist-packages:${PYTHONPATH} /usr/bin/cmake /home/dwduong74/yahboom_src/src/unitree-go2-ros2/champ/champ_gazebo -DCMAKE_INSTALL_PREFIX=/home/dwduong74/yahboom_src/install/champ_gazebo
[0.101s] -- The C compiler identification is GNU 11.4.0
[0.202s] -- The CXX compiler identification is GNU 11.4.0
[0.215s] -- Detecting C compiler ABI info
[0.331s] -- Detecting C compiler ABI info - done
[0.350s] -- Check for working C compiler: /usr/bin/cc - skipped
[0.350s] -- Detecting C compile features
[0.351s] -- Detecting C compile features - done
[0.357s] -- Detecting CXX compiler ABI info
[0.483s] -- Detecting CXX compiler ABI info - done
[0.499s] -- Check for working CXX compiler: /usr/bin/c++ - skipped
[0.500s] -- Detecting CXX compile features
[0.500s] -- Detecting CXX compile features - done
[0.506s] -- Found ament_cmake: 1.3.12 (/opt/ros/humble/share/ament_cmake/cmake)
[0.804s] -- Found Python3: /usr/bin/python3 (found version "3.10.12") found components: Interpreter 
[0.991s] -- Found rclcpp: 16.0.17 (/opt/ros/humble/share/rclcpp/cmake)
[1.083s] -- Found rosidl_generator_c: 3.1.7 (/opt/ros/humble/share/rosidl_generator_c/cmake)
[1.097s] -- Found rosidl_adapter: 3.1.7 (/opt/ros/humble/share/rosidl_adapter/cmake)
[1.114s] -- Found rosidl_generator_cpp: 3.1.7 (/opt/ros/humble/share/rosidl_generator_cpp/cmake)
[1.145s] -- Using all available rosidl_typesupport_c: rosidl_typesupport_fastrtps_c;rosidl_typesupport_introspection_c
[1.182s] -- Using all available rosidl_typesupport_cpp: rosidl_typesupport_fastrtps_cpp;rosidl_typesupport_introspection_cpp
[1.280s] -- Found rmw_implementation_cmake: 6.1.2 (/opt/ros/humble/share/rmw_implementation_cmake/cmake)
[1.286s] -- Found rmw_fastrtps_cpp: 6.2.9 (/opt/ros/humble/share/rmw_fastrtps_cpp/cmake)
[1.464s] -- Found OpenSSL: /usr/lib/x86_64-linux-gnu/libcrypto.so (found version "3.0.2")  
[1.525s] -- Found FastRTPS: /opt/ros/humble/include  
[1.613s] -- Using RMW implementation 'rmw_fastrtps_cpp' as default
[1.633s] -- Looking for pthread.h
[1.768s] -- Looking for pthread.h - found
[1.769s] -- Performing Test CMAKE_HAVE_LIBC_PTHREAD
[1.903s] -- Performing Test CMAKE_HAVE_LIBC_PTHREAD - Success
[1.903s] -- Found Threads: TRUE  
[2.022s] -- Found urdf: 2.6.1 (/opt/ros/humble/share/urdf/cmake)
[2.125s] -- Found champ: 0.1.0 (/home/dwduong74/yahboom_src/install/champ/share/champ/cmake)
[2.131s] -- Found champ_msgs: 0.1.0 (/home/dwduong74/yahboom_src/install/champ_msgs/share/champ_msgs/cmake)
[2.211s] -- Found ros_gz_sim: 0.244.20 (/opt/ros/humble/share/ros_gz_sim/cmake)
[2.219s] -- Found gz_ros2_control: 0.7.17 (/opt/ros/humble/share/gz_ros2_control/cmake)
[2.485s] -- Configuring done
[2.491s] -- Generating done
[2.497s] -- Build files have been written to: /home/dwduong74/yahboom_src/build/champ_gazebo
[2.526s] Invoked command in '/home/dwduong74/yahboom_src/build/champ_gazebo' returned '0': AMENT_PREFIX_PATH=/home/dwduong74/yahboom_src/install/champ_msgs:/home/dwduong74/yahboom_src/install/champ:${AMENT_PREFIX_PATH} CMAKE_PREFIX_PATH=/home/dwduong74/yahboom_src/install/champ_msgs:/home/dwduong74/yahboom_src/install/champ:/home/dwduong74/LUMI_ws/install/rf2o_laser_odometry:/home/dwduong74/LUMI_ws/install/custom_explorer:/opt/ros/humble LD_LIBRARY_PATH=/home/dwduong74/yahboom_src/install/champ_msgs/lib:${LD_LIBRARY_PATH} PYTHONPATH=/home/dwduong74/yahboom_src/install/champ_msgs/local/lib/python3.10/dist-packages:${PYTHONPATH} /usr/bin/cmake /home/dwduong74/yahboom_src/src/unitree-go2-ros2/champ/champ_gazebo -DCMAKE_INSTALL_PREFIX=/home/dwduong74/yahboom_src/install/champ_gazebo
[2.537s] Invoking command in '/home/dwduong74/yahboom_src/build/champ_gazebo': AMENT_PREFIX_PATH=/home/dwduong74/yahboom_src/install/champ_msgs:/home/dwduong74/yahboom_src/install/champ:${AMENT_PREFIX_PATH} CMAKE_PREFIX_PATH=/home/dwduong74/yahboom_src/install/champ_msgs:/home/dwduong74/yahboom_src/install/champ:/home/dwduong74/LUMI_ws/install/rf2o_laser_odometry:/home/dwduong74/LUMI_ws/install/custom_explorer:/opt/ros/humble LD_LIBRARY_PATH=/home/dwduong74/yahboom_src/install/champ_msgs/lib:${LD_LIBRARY_PATH} PYTHONPATH=/home/dwduong74/yahboom_src/install/champ_msgs/local/lib/python3.10/dist-packages:${PYTHONPATH} /usr/bin/cmake --build /home/dwduong74/yahboom_src/build/champ_gazebo -- -j8 -l8
[2.651s] Invoked command in '/home/dwduong74/yahboom_src/build/champ_gazebo' returned '0': AMENT_PREFIX_PATH=/home/dwduong74/yahboom_src/install/champ_msgs:/home/dwduong74/yahboom_src/install/champ:${AMENT_PREFIX_PATH} CMAKE_PREFIX_PATH=/home/dwduong74/yahboom_src/install/champ_msgs:/home/dwduong74/yahboom_src/install/champ:/home/dwduong74/LUMI_ws/install/rf2o_laser_odometry:/home/dwduong74/LUMI_ws/install/custom_explorer:/opt/ros/humble LD_LIBRARY_PATH=/home/dwduong74/yahboom_src/install/champ_msgs/lib:${LD_LIBRARY_PATH} PYTHONPATH=/home/dwduong74/yahboom_src/install/champ_msgs/local/lib/python3.10/dist-packages:${PYTHONPATH} /usr/bin/cmake --build /home/dwduong74/yahboom_src/build/champ_gazebo -- -j8 -l8
[2.651s] Invoking command in '/home/dwduong74/yahboom_src/build/champ_gazebo': AMENT_PREFIX_PATH=/home/dwduong74/yahboom_src/install/champ_msgs:/home/dwduong74/yahboom_src/install/champ:${AMENT_PREFIX_PATH} CMAKE_PREFIX_PATH=/home/dwduong74/yahboom_src/install/champ_msgs:/home/dwduong74/yahboom_src/install/champ:/home/dwduong74/LUMI_ws/install/rf2o_laser_odometry:/home/dwduong74/LUMI_ws/install/custom_explorer:/opt/ros/humble LD_LIBRARY_PATH=/home/dwduong74/yahboom_src/install/champ_msgs/lib:${LD_LIBRARY_PATH} PYTHONPATH=/home/dwduong74/yahboom_src/install/champ_msgs/local/lib/python3.10/dist-packages:${PYTHONPATH} /usr/bin/cmake --install /home/dwduong74/yahboom_src/build/champ_gazebo
[2.678s] -- Install configuration: ""
[2.678s] -- Installing: /home/dwduong74/yahboom_src/install/champ_gazebo/bin/imu_sensor.py
[2.678s] -- Installing: /home/dwduong74/yahboom_src/install/champ_gazebo/bin/odometry_tf.py
[2.678s] -- Installing: /home/dwduong74/yahboom_src/install/champ_gazebo/bin/odometry.py
[2.678s] -- Installing: /home/dwduong74/yahboom_src/install/champ_gazebo/share/champ_gazebo/launch
[2.678s] -- Installing: /home/dwduong74/yahboom_src/install/champ_gazebo/share/champ_gazebo/launch/gazebo.launch
[2.678s] -- Installing: /home/dwduong74/yahboom_src/install/champ_gazebo/share/champ_gazebo/launch/gazebo.launch.py
[2.679s] -- Installing: /home/dwduong74/yahboom_src/install/champ_gazebo/share/champ_gazebo/launch/spawn_world.launch
[2.682s] -- Installing: /home/dwduong74/yahboom_src/install/champ_gazebo/share/champ_gazebo/launch/spawn_robot.launch
[2.684s] -- Installing: /home/dwduong74/yahboom_src/install/champ_gazebo/share/champ_gazebo/config
[2.684s] -- Installing: /home/dwduong74/yahboom_src/install/champ_gazebo/share/champ_gazebo/config/gazebo.yaml
[2.684s] -- Installing: /home/dwduong74/yahboom_src/install/champ_gazebo/share/champ_gazebo/config/ros_control.yaml
[2.684s] -- Installing: /home/dwduong74/yahboom_src/install/champ_gazebo/share/champ_gazebo/worlds
[2.685s] -- Installing: /home/dwduong74/yahboom_src/install/champ_gazebo/share/champ_gazebo/worlds/default.sdf
[2.685s] -- Installing: /home/dwduong74/yahboom_src/install/champ_gazebo/share/champ_gazebo/worlds/default.world
[2.689s] -- Installing: /home/dwduong74/yahboom_src/install/champ_gazebo/share/champ_gazebo/worlds/playground.world
[2.689s] -- Installing: /home/dwduong74/yahboom_src/install/champ_gazebo/share/champ_gazebo/worlds/baylands.sdf
[2.689s] -- Installing: /home/dwduong74/yahboom_src/install/champ_gazebo/share/champ_gazebo/worlds/outdoor.world
[2.689s] -- Installing: /home/dwduong74/yahboom_src/install/champ_gazebo/share/ament_index/resource_index/package_run_dependencies/champ_gazebo
[2.689s] -- Installing: /home/dwduong74/yahboom_src/install/champ_gazebo/share/ament_index/resource_index/parent_prefix_path/champ_gazebo
[2.690s] -- Installing: /home/dwduong74/yahboom_src/install/champ_gazebo/share/champ_gazebo/environment/ament_prefix_path.sh
[2.690s] -- Installing: /home/dwduong74/yahboom_src/install/champ_gazebo/share/champ_gazebo/environment/ament_prefix_path.dsv
[2.690s] -- Installing: /home/dwduong74/yahboom_src/install/champ_gazebo/share/champ_gazebo/environment/path.sh
[2.691s] -- Installing: /home/dwduong74/yahboom_src/install/champ_gazebo/share/champ_gazebo/environment/path.dsv
[2.691s] -- Installing: /home/dwduong74/yahboom_src/install/champ_gazebo/share/champ_gazebo/local_setup.bash
[2.692s] -- Installing: /home/dwduong74/yahboom_src/install/champ_gazebo/share/champ_gazebo/local_setup.sh
[2.693s] -- Installing: /home/dwduong74/yahboom_src/install/champ_gazebo/share/champ_gazebo/local_setup.zsh
[2.693s] -- Installing: /home/dwduong74/yahboom_src/install/champ_gazebo/share/champ_gazebo/local_setup.dsv
[2.694s] -- Installing: /home/dwduong74/yahboom_src/install/champ_gazebo/share/champ_gazebo/package.dsv
[2.694s] -- Installing: /home/dwduong74/yahboom_src/install/champ_gazebo/share/ament_index/resource_index/packages/champ_gazebo
[2.694s] -- Installing: /home/dwduong74/yahboom_src/install/champ_gazebo/share/champ_gazebo/cmake/ament_cmake_export_include_directories-extras.cmake
[2.694s] -- Installing: /home/dwduong74/yahboom_src/install/champ_gazebo/share/champ_gazebo/cmake/ament_cmake_export_dependencies-extras.cmake
[2.694s] -- Installing: /home/dwduong74/yahboom_src/install/champ_gazebo/share/champ_gazebo/cmake/champ_gazeboConfig.cmake
[2.694s] -- Installing: /home/dwduong74/yahboom_src/install/champ_gazebo/share/champ_gazebo/cmake/champ_gazeboConfig-version.cmake
[2.694s] -- Installing: /home/dwduong74/yahboom_src/install/champ_gazebo/share/champ_gazebo/package.xml
[2.705s] Invoked command in '/home/dwduong74/yahboom_src/build/champ_gazebo' returned '0': AMENT_PREFIX_PATH=/home/dwduong74/yahboom_src/install/champ_msgs:/home/dwduong74/yahboom_src/install/champ:${AMENT_PREFIX_PATH} CMAKE_PREFIX_PATH=/home/dwduong74/yahboom_src/install/champ_msgs:/home/dwduong74/yahboom_src/install/champ:/home/dwduong74/LUMI_ws/install/rf2o_laser_odometry:/home/dwduong74/LUMI_ws/install/custom_explorer:/opt/ros/humble LD_LIBRARY_PATH=/home/dwduong74/yahboom_src/install/champ_msgs/lib:${LD_LIBRARY_PATH} PYTHONPATH=/home/dwduong74/yahboom_src/install/champ_msgs/local/lib/python3.10/dist-packages:${PYTHONPATH} /usr/bin/cmake --install /home/dwduong74/yahboom_src/build/champ_gazebo
