/home/dwduong74/yahboom_src/install/yahboom_base/lib/python3.10/site-packages/yahboom_base/base.py
/home/dwduong74/yahboom_src/install/yahboom_base/lib/python3.10/site-packages/yahboom_base/publisher_member_function.py
/home/dwduong74/yahboom_src/install/yahboom_base/lib/python3.10/site-packages/yahboom_base/ref.py
/home/dwduong74/yahboom_src/install/yahboom_base/lib/python3.10/site-packages/yahboom_base/__init__.py
/home/dwduong74/yahboom_src/install/yahboom_base/lib/python3.10/site-packages/yahboom_base/control_test.py
/home/dwduong74/yahboom_src/install/yahboom_base/lib/python3.10/site-packages/yahboom_base/__pycache__/base.cpython-310.pyc
/home/dwduong74/yahboom_src/install/yahboom_base/lib/python3.10/site-packages/yahboom_base/__pycache__/publisher_member_function.cpython-310.pyc
/home/dwduong74/yahboom_src/install/yahboom_base/lib/python3.10/site-packages/yahboom_base/__pycache__/ref.cpython-310.pyc
/home/dwduong74/yahboom_src/install/yahboom_base/lib/python3.10/site-packages/yahboom_base/__pycache__/__init__.cpython-310.pyc
/home/dwduong74/yahboom_src/install/yahboom_base/lib/python3.10/site-packages/yahboom_base/__pycache__/control_test.cpython-310.pyc
/home/dwduong74/yahboom_src/install/yahboom_base/share/ament_index/resource_index/packages/yahboom_base
/home/dwduong74/yahboom_src/install/yahboom_base/share/yahboom_base/package.xml
/home/dwduong74/yahboom_src/install/yahboom_base/share/yahboom_base/yahboom_base.launch.py
/home/dwduong74/yahboom_src/install/yahboom_base/lib/python3.10/site-packages/yahboom_base-0.0.0-py3.10.egg-info/SOURCES.txt
/home/dwduong74/yahboom_src/install/yahboom_base/lib/python3.10/site-packages/yahboom_base-0.0.0-py3.10.egg-info/entry_points.txt
/home/dwduong74/yahboom_src/install/yahboom_base/lib/python3.10/site-packages/yahboom_base-0.0.0-py3.10.egg-info/zip-safe
/home/dwduong74/yahboom_src/install/yahboom_base/lib/python3.10/site-packages/yahboom_base-0.0.0-py3.10.egg-info/requires.txt
/home/dwduong74/yahboom_src/install/yahboom_base/lib/python3.10/site-packages/yahboom_base-0.0.0-py3.10.egg-info/top_level.txt
/home/dwduong74/yahboom_src/install/yahboom_base/lib/python3.10/site-packages/yahboom_base-0.0.0-py3.10.egg-info/dependency_links.txt
/home/dwduong74/yahboom_src/install/yahboom_base/lib/python3.10/site-packages/yahboom_base-0.0.0-py3.10.egg-info/PKG-INFO
/home/dwduong74/yahboom_src/install/yahboom_base/lib/yahboom_base/base
/home/dwduong74/yahboom_src/install/yahboom_base/lib/yahboom_base/talker
