[3.680s] Invoking command in '/home/dwduong74/yahboom_src/src/yahboom_mediapipe': PYTHONPATH=/home/dwduong74/yahboom_src/build/yahboom_mediapipe/prefix_override:/usr/lib/python3/dist-packages/colcon_core/task/python/colcon_distutils_commands:/home/dwduong74/yahboom_src/install/yahboom_mediapipe/lib/python3.10/site-packages:${PYTHONPATH} /usr/bin/python3 -W ignore:setup.py install is deprecated -W ignore:easy_install command is deprecated setup.py egg_info --egg-base ../../build/yahboom_mediapipe build --build-base /home/dwduong74/yahboom_src/build/yahboom_mediapipe/build install --record /home/dwduong74/yahboom_src/build/yahboom_mediapipe/install.log --single-version-externally-managed install_data
[4.352s] running egg_info
[4.353s] writing ../../build/yahboom_mediapipe/yahboom_mediapipe.egg-info/PKG-INFO
[4.353s] writing dependency_links to ../../build/yahboom_mediapipe/yahboom_mediapipe.egg-info/dependency_links.txt
[4.354s] writing entry points to ../../build/yahboom_mediapipe/yahboom_mediapipe.egg-info/entry_points.txt
[4.354s] writing requirements to ../../build/yahboom_mediapipe/yahboom_mediapipe.egg-info/requires.txt
[4.354s] writing top-level names to ../../build/yahboom_mediapipe/yahboom_mediapipe.egg-info/top_level.txt
[4.358s] reading manifest file '../../build/yahboom_mediapipe/yahboom_mediapipe.egg-info/SOURCES.txt'
[4.359s] writing manifest file '../../build/yahboom_mediapipe/yahboom_mediapipe.egg-info/SOURCES.txt'
[4.359s] running build
[4.360s] running build_py
[4.361s] running install
[4.361s] running install_lib
[4.364s] running install_data
[4.365s] running install_egg_info
[4.367s] removing '/home/dwduong74/yahboom_src/install/yahboom_mediapipe/lib/python3.10/site-packages/yahboom_mediapipe-0.0.0-py3.10.egg-info' (and everything under it)
[4.368s] Copying ../../build/yahboom_mediapipe/yahboom_mediapipe.egg-info to /home/dwduong74/yahboom_src/install/yahboom_mediapipe/lib/python3.10/site-packages/yahboom_mediapipe-0.0.0-py3.10.egg-info
[4.369s] running install_scripts
[4.397s] Installing 01_HandDetector script to /home/dwduong74/yahboom_src/install/yahboom_mediapipe/lib/yahboom_mediapipe
[4.397s] Installing 02_PoseDetector script to /home/dwduong74/yahboom_src/install/yahboom_mediapipe/lib/yahboom_mediapipe
[4.397s] Installing 03_Holistic script to /home/dwduong74/yahboom_src/install/yahboom_mediapipe/lib/yahboom_mediapipe
[4.397s] Installing 04_FaceMesh script to /home/dwduong74/yahboom_src/install/yahboom_mediapipe/lib/yahboom_mediapipe
[4.398s] Installing 05_FaceEyeDetection script to /home/dwduong74/yahboom_src/install/yahboom_mediapipe/lib/yahboom_mediapipe
[4.398s] Installing test_msg script to /home/dwduong74/yahboom_src/install/yahboom_mediapipe/lib/yahboom_mediapipe
[4.398s] writing list of installed files to '/home/dwduong74/yahboom_src/build/yahboom_mediapipe/install.log'
[4.435s] Invoked command in '/home/dwduong74/yahboom_src/src/yahboom_mediapipe' returned '0': PYTHONPATH=/home/dwduong74/yahboom_src/build/yahboom_mediapipe/prefix_override:/usr/lib/python3/dist-packages/colcon_core/task/python/colcon_distutils_commands:/home/dwduong74/yahboom_src/install/yahboom_mediapipe/lib/python3.10/site-packages:${PYTHONPATH} /usr/bin/python3 -W ignore:setup.py install is deprecated -W ignore:easy_install command is deprecated setup.py egg_info --egg-base ../../build/yahboom_mediapipe build --build-base /home/dwduong74/yahboom_src/build/yahboom_mediapipe/build install --record /home/dwduong74/yahboom_src/build/yahboom_mediapipe/install.log --single-version-externally-managed install_data
