[4.680s] Invoking command in '/home/dwduong74/yahboom_src/src/tf_publisher': PYTHONPATH=/home/dwduong74/yahboom_src/build/tf_publisher/prefix_override:/usr/lib/python3/dist-packages/colcon_core/task/python/colcon_distutils_commands:/home/dwduong74/yahboom_src/install/tf_publisher/lib/python3.10/site-packages:${PYTHONPATH} /usr/bin/python3 -W ignore:setup.py install is deprecated -W ignore:easy_install command is deprecated setup.py egg_info --egg-base ../../build/tf_publisher build --build-base /home/dwduong74/yahboom_src/build/tf_publisher/build install --record /home/dwduong74/yahboom_src/build/tf_publisher/install.log --single-version-externally-managed install_data
[5.634s] running egg_info
[5.635s] writing ../../build/tf_publisher/tf_publisher.egg-info/PKG-INFO
[5.635s] writing dependency_links to ../../build/tf_publisher/tf_publisher.egg-info/dependency_links.txt
[5.635s] writing entry points to ../../build/tf_publisher/tf_publisher.egg-info/entry_points.txt
[5.635s] writing requirements to ../../build/tf_publisher/tf_publisher.egg-info/requires.txt
[5.635s] writing top-level names to ../../build/tf_publisher/tf_publisher.egg-info/top_level.txt
[5.646s] reading manifest file '../../build/tf_publisher/tf_publisher.egg-info/SOURCES.txt'
[5.647s] writing manifest file '../../build/tf_publisher/tf_publisher.egg-info/SOURCES.txt'
[5.647s] running build
[5.648s] running build_py
[5.648s] running install
[5.655s] running install_lib
[5.656s] running install_data
[5.656s] running install_egg_info
[5.660s] removing '/home/dwduong74/yahboom_src/install/tf_publisher/lib/python3.10/site-packages/tf_publisher-0.0.0-py3.10.egg-info' (and everything under it)
[5.660s] Copying ../../build/tf_publisher/tf_publisher.egg-info to /home/dwduong74/yahboom_src/install/tf_publisher/lib/python3.10/site-packages/tf_publisher-0.0.0-py3.10.egg-info
[5.666s] running install_scripts
[5.722s] Installing tf_publisher script to /home/dwduong74/yahboom_src/install/tf_publisher/lib/tf_publisher
[5.722s] writing list of installed files to '/home/dwduong74/yahboom_src/build/tf_publisher/install.log'
[6.135s] Invoked command in '/home/dwduong74/yahboom_src/src/tf_publisher' returned '0': PYTHONPATH=/home/dwduong74/yahboom_src/build/tf_publisher/prefix_override:/usr/lib/python3/dist-packages/colcon_core/task/python/colcon_distutils_commands:/home/dwduong74/yahboom_src/install/tf_publisher/lib/python3.10/site-packages:${PYTHONPATH} /usr/bin/python3 -W ignore:setup.py install is deprecated -W ignore:easy_install command is deprecated setup.py egg_info --egg-base ../../build/tf_publisher build --build-base /home/dwduong74/yahboom_src/build/tf_publisher/build install --record /home/dwduong74/yahboom_src/build/tf_publisher/install.log --single-version-externally-managed install_data
