running egg_info
creating ../../build/yahboom_gait/yahboom_gait.egg-info
writing ../../build/yahboom_gait/yahboom_gait.egg-info/PKG-INFO
writing dependency_links to ../../build/yahboom_gait/yahboom_gait.egg-info/dependency_links.txt
writing entry points to ../../build/yahboom_gait/yahboom_gait.egg-info/entry_points.txt
writing requirements to ../../build/yahboom_gait/yahboom_gait.egg-info/requires.txt
writing top-level names to ../../build/yahboom_gait/yahboom_gait.egg-info/top_level.txt
writing manifest file '../../build/yahboom_gait/yahboom_gait.egg-info/SOURCES.txt'
reading manifest file '../../build/yahboom_gait/yahboom_gait.egg-info/SOURCES.txt'
writing manifest file '../../build/yahboom_gait/yahboom_gait.egg-info/SOURCES.txt'
running build
running build_py
creating /home/dwduong74/yahboom_src/build/yahboom_gait/build
creating /home/dwduong74/yahboom_src/build/yahboom_gait/build/lib
creating /home/dwduong74/yahboom_src/build/yahboom_gait/build/lib/yahboom_gait
copying yahboom_gait/yahboom_gait.py -> /home/dwduong74/yahboom_src/build/yahboom_gait/build/lib/yahboom_gait
copying yahboom_gait/__init__.py -> /home/dwduong74/yahboom_src/build/yahboom_gait/build/lib/yahboom_gait
running install
running install_lib
creating /home/dwduong74/yahboom_src/install/yahboom_gait/lib/python3.10/site-packages/yahboom_gait
copying /home/dwduong74/yahboom_src/build/yahboom_gait/build/lib/yahboom_gait/yahboom_gait.py -> /home/dwduong74/yahboom_src/install/yahboom_gait/lib/python3.10/site-packages/yahboom_gait
copying /home/dwduong74/yahboom_src/build/yahboom_gait/build/lib/yahboom_gait/__init__.py -> /home/dwduong74/yahboom_src/install/yahboom_gait/lib/python3.10/site-packages/yahboom_gait
byte-compiling /home/dwduong74/yahboom_src/install/yahboom_gait/lib/python3.10/site-packages/yahboom_gait/yahboom_gait.py to yahboom_gait.cpython-310.pyc
byte-compiling /home/dwduong74/yahboom_src/install/yahboom_gait/lib/python3.10/site-packages/yahboom_gait/__init__.py to __init__.cpython-310.pyc
running install_data
creating /home/dwduong74/yahboom_src/install/yahboom_gait/share/ament_index
creating /home/dwduong74/yahboom_src/install/yahboom_gait/share/ament_index/resource_index
creating /home/dwduong74/yahboom_src/install/yahboom_gait/share/ament_index/resource_index/packages
copying resource/yahboom_gait -> /home/dwduong74/yahboom_src/install/yahboom_gait/share/ament_index/resource_index/packages
copying package.xml -> /home/dwduong74/yahboom_src/install/yahboom_gait/share/yahboom_gait
copying launch/yahboomGaitLaunch.launch.py -> /home/dwduong74/yahboom_src/install/yahboom_gait/share/yahboom_gait
running install_egg_info
Copying ../../build/yahboom_gait/yahboom_gait.egg-info to /home/dwduong74/yahboom_src/install/yahboom_gait/lib/python3.10/site-packages/yahboom_gait-0.0.0-py3.10.egg-info
running install_scripts
Installing yahboom_gait script to /home/dwduong74/yahboom_src/install/yahboom_gait/lib/yahboom_gait
writing list of installed files to '/home/dwduong74/yahboom_src/build/yahboom_gait/install.log'
