running egg_info
writing ../../build/yahboom_base/yahboom_base.egg-info/PKG-INFO
writing dependency_links to ../../build/yahboom_base/yahboom_base.egg-info/dependency_links.txt
writing entry points to ../../build/yahboom_base/yahboom_base.egg-info/entry_points.txt
writing requirements to ../../build/yahboom_base/yahboom_base.egg-info/requires.txt
writing top-level names to ../../build/yahboom_base/yahboom_base.egg-info/top_level.txt
reading manifest file '../../build/yahboom_base/yahboom_base.egg-info/SOURCES.txt'
writing manifest file '../../build/yahboom_base/yahboom_base.egg-info/SOURCES.txt'
running build
running build_py
running install
running install_lib
running install_data
running install_egg_info
removing '/home/dwduong74/yahboom_src/install/yahboom_base/lib/python3.10/site-packages/yahboom_base-0.0.0-py3.10.egg-info' (and everything under it)
Copying ../../build/yahboom_base/yahboom_base.egg-info to /home/dwduong74/yahboom_src/install/yahboom_base/lib/python3.10/site-packages/yahboom_base-0.0.0-py3.10.egg-info
running install_scripts
Installing base script to /home/dwduong74/yahboom_src/install/yahboom_base/lib/yahboom_base
Installing talker script to /home/dwduong74/yahboom_src/install/yahboom_base/lib/yahboom_base
writing list of installed files to '/home/dwduong74/yahboom_src/build/yahboom_base/install.log'
