-- Install configuration: ""
-- Installing: /home/dwduong74/yahboom_src/install/champ_gazebo/bin/imu_sensor.py
-- Installing: /home/dwduong74/yahboom_src/install/champ_gazebo/bin/odometry_tf.py
-- Installing: /home/dwduong74/yahboom_src/install/champ_gazebo/bin/odometry.py
-- Up-to-date: /home/dwduong74/yahboom_src/install/champ_gazebo/share/champ_gazebo/launch
-- Installing: /home/dwduong74/yahboom_src/install/champ_gazebo/share/champ_gazebo/launch/gazebo.launch
-- Installing: /home/dwduong74/yahboom_src/install/champ_gazebo/share/champ_gazebo/launch/gazebo.launch.py
-- Installing: /home/dwduong74/yahboom_src/install/champ_gazebo/share/champ_gazebo/launch/spawn_world.launch
-- Installing: /home/dwduong74/yahboom_src/install/champ_gazebo/share/champ_gazebo/launch/spawn_robot.launch
-- Up-to-date: /home/dwduong74/yahboom_src/install/champ_gazebo/share/champ_gazebo/config
-- Installing: /home/dwduong74/yahboom_src/install/champ_gazebo/share/champ_gazebo/config/gazebo.yaml
-- Installing: /home/dwduong74/yahboom_src/install/champ_gazebo/share/champ_gazebo/config/ros_control.yaml
-- Up-to-date: /home/dwduong74/yahboom_src/install/champ_gazebo/share/champ_gazebo/worlds
-- Installing: /home/dwduong74/yahboom_src/install/champ_gazebo/share/champ_gazebo/worlds/default.sdf
-- Installing: /home/dwduong74/yahboom_src/install/champ_gazebo/share/champ_gazebo/worlds/default.world
-- Installing: /home/dwduong74/yahboom_src/install/champ_gazebo/share/champ_gazebo/worlds/playground.world
-- Installing: /home/dwduong74/yahboom_src/install/champ_gazebo/share/champ_gazebo/worlds/baylands.sdf
-- Installing: /home/dwduong74/yahboom_src/install/champ_gazebo/share/champ_gazebo/worlds/outdoor.world
-- Installing: /home/dwduong74/yahboom_src/install/champ_gazebo/share/ament_index/resource_index/package_run_dependencies/champ_gazebo
-- Installing: /home/dwduong74/yahboom_src/install/champ_gazebo/share/ament_index/resource_index/parent_prefix_path/champ_gazebo
-- Installing: /home/dwduong74/yahboom_src/install/champ_gazebo/share/champ_gazebo/environment/ament_prefix_path.sh
-- Installing: /home/dwduong74/yahboom_src/install/champ_gazebo/share/champ_gazebo/environment/ament_prefix_path.dsv
-- Installing: /home/dwduong74/yahboom_src/install/champ_gazebo/share/champ_gazebo/environment/path.sh
-- Installing: /home/dwduong74/yahboom_src/install/champ_gazebo/share/champ_gazebo/environment/path.dsv
-- Installing: /home/dwduong74/yahboom_src/install/champ_gazebo/share/champ_gazebo/local_setup.bash
-- Installing: /home/dwduong74/yahboom_src/install/champ_gazebo/share/champ_gazebo/local_setup.sh
-- Installing: /home/dwduong74/yahboom_src/install/champ_gazebo/share/champ_gazebo/local_setup.zsh
-- Installing: /home/dwduong74/yahboom_src/install/champ_gazebo/share/champ_gazebo/local_setup.dsv
-- Installing: /home/dwduong74/yahboom_src/install/champ_gazebo/share/champ_gazebo/package.dsv
-- Installing: /home/dwduong74/yahboom_src/install/champ_gazebo/share/ament_index/resource_index/packages/champ_gazebo
-- Installing: /home/dwduong74/yahboom_src/install/champ_gazebo/share/champ_gazebo/cmake/ament_cmake_export_include_directories-extras.cmake
-- Installing: /home/dwduong74/yahboom_src/install/champ_gazebo/share/champ_gazebo/cmake/ament_cmake_export_dependencies-extras.cmake
-- Installing: /home/dwduong74/yahboom_src/install/champ_gazebo/share/champ_gazebo/cmake/champ_gazeboConfig.cmake
-- Installing: /home/dwduong74/yahboom_src/install/champ_gazebo/share/champ_gazebo/cmake/champ_gazeboConfig-version.cmake
-- Installing: /home/dwduong74/yahboom_src/install/champ_gazebo/share/champ_gazebo/package.xml
