[0.024s] Invoking command in '/home/dwduong74/yahboom_src/build/image_color_lab': CMAKE_PREFIX_PATH=${CMAKE_PREFIX_PATH}:/home/dwduong74/LUMI_ws/install/custom_explorer:/opt/ros/humble /usr/bin/cmake /home/dwduong74/yahboom_src/src/image_color_lab -DCMAKE_INSTALL_PREFIX=/home/dwduong74/yahboom_src/install/image_color_lab
[0.867s] -- The C compiler identification is GNU 11.4.0
[0.867s] -- The CXX compiler identification is GNU 11.4.0
[0.868s] -- Detecting C compiler ABI info
[0.868s] -- Detecting C compiler ABI info - done
[0.868s] -- Check for working C compiler: /usr/bin/cc - skipped
[0.868s] -- Detecting C compile features
[0.868s] -- Detecting C compile features - done
[0.868s] -- Detecting CXX compiler ABI info
[0.868s] -- Detecting CXX compiler ABI info - done
[0.868s] -- Check for working CXX compiler: /usr/bin/c++ - skipped
[0.869s] -- Detecting CXX compile features
[0.869s] -- Detecting CXX compile features - done
[0.869s] -- Found ament_cmake: 1.3.12 (/opt/ros/humble/share/ament_cmake/cmake)
[0.922s] -- Found Python3: /usr/bin/python3 (found version "3.10.12") found components: Interpreter 
[1.113s] -- Found geometry_msgs: 4.9.0 (/opt/ros/humble/share/geometry_msgs/cmake)
[1.199s] -- Found rosidl_generator_c: 3.1.7 (/opt/ros/humble/share/rosidl_generator_c/cmake)
[1.212s] -- Found rosidl_adapter: 3.1.7 (/opt/ros/humble/share/rosidl_adapter/cmake)
[1.232s] -- Found rosidl_generator_cpp: 3.1.7 (/opt/ros/humble/share/rosidl_generator_cpp/cmake)
[1.263s] -- Using all available rosidl_typesupport_c: rosidl_typesupport_fastrtps_c;rosidl_typesupport_introspection_c
[1.297s] -- Using all available rosidl_typesupport_cpp: rosidl_typesupport_fastrtps_cpp;rosidl_typesupport_introspection_cpp
[1.390s] -- Found rosidl_default_generators: 1.2.0 (/opt/ros/humble/share/rosidl_default_generators/cmake)
[1.991s] -- Found ament_cmake_ros: 0.10.0 (/opt/ros/humble/share/ament_cmake_ros/cmake)
[2.716s] -- Using all available rosidl_typesupport_c: rosidl_typesupport_fastrtps_c;rosidl_typesupport_introspection_c
[2.947s] -- Using all available rosidl_typesupport_cpp: rosidl_typesupport_fastrtps_cpp;rosidl_typesupport_introspection_cpp
[2.983s] -- Found PythonInterp: /usr/bin/python3 (found suitable version "3.10.12", minimum required is "3.6") 
[2.988s] -- Found python_cmake_module: 0.10.0 (/opt/ros/humble/share/python_cmake_module/cmake)
[3.041s] -- Found PythonLibs: /usr/lib/x86_64-linux-gnu/libpython3.10.so (found suitable version "3.10.12", minimum required is "3.5") 
[3.041s] -- Using PYTHON_EXECUTABLE: /usr/bin/python3
[3.041s] -- Using PYTHON_INCLUDE_DIRS: /usr/include/python3.10
[3.042s] -- Using PYTHON_LIBRARIES: /usr/lib/x86_64-linux-gnu/libpython3.10.so
[3.088s] -- Found PythonExtra: .so  
[3.467s] -- Using numpy include directory: /home/dwduong74/.local/lib/python3.10/site-packages/numpy/core/include
[3.494s] -- Found ament_lint_auto: 0.12.14 (/opt/ros/humble/share/ament_lint_auto/cmake)
[3.541s] -- Added test 'copyright' to check source files copyright and LICENSE
[3.544s] -- Added test 'lint_cmake' to check CMake code style
[3.550s] -- Added test 'xmllint' to check XML markup files
[3.553s] -- Configuring done
[3.623s] -- Generating done
[3.646s] -- Build files have been written to: /home/dwduong74/yahboom_src/build/image_color_lab
[4.688s] Invoked command in '/home/dwduong74/yahboom_src/build/image_color_lab' returned '0': CMAKE_PREFIX_PATH=${CMAKE_PREFIX_PATH}:/home/dwduong74/LUMI_ws/install/custom_explorer:/opt/ros/humble /usr/bin/cmake /home/dwduong74/yahboom_src/src/image_color_lab -DCMAKE_INSTALL_PREFIX=/home/dwduong74/yahboom_src/install/image_color_lab
[4.689s] Invoking command in '/home/dwduong74/yahboom_src/build/image_color_lab': CMAKE_PREFIX_PATH=${CMAKE_PREFIX_PATH}:/home/dwduong74/LUMI_ws/install/custom_explorer:/opt/ros/humble /usr/bin/cmake --build /home/dwduong74/yahboom_src/build/image_color_lab -- -j8 -l8
[4.814s] [  2%] [34m[1mGenerating C code for ROS interfaces[0m
[4.838s] [  5%] [34m[1mGenerating C++ code for ROS interfaces[0m
[4.907s] [  5%] Built target ament_cmake_python_copy_image_color_lab
[6.903s] [  5%] Built target image_color_lab__cpp
[6.963s] [  7%] [34m[1mGenerating C++ type support dispatch for ROS interfaces[0m
[6.984s] [ 10%] [34m[1mGenerating C++ type support for eProsima Fast-RTPS[0m
[7.001s] [ 12%] [34m[1mGenerating C++ introspection for ROS interfaces[0m
[7.045s] [ 15%] [32mBuilding C object CMakeFiles/image_color_lab__rosidl_generator_c.dir/rosidl_generator_c/image_color_lab/msg/detail/string_stamped__functions.c.o[0m
[7.067s] [ 17%] [32mBuilding C object CMakeFiles/image_color_lab__rosidl_generator_c.dir/rosidl_generator_c/image_color_lab/msg/detail/lab__functions.c.o[0m
[7.446s] [ 20%] [32m[1mLinking C shared library libimage_color_lab__rosidl_generator_c.so[0m
[7.689s] [ 20%] Built target image_color_lab__rosidl_generator_c
[7.745s] [ 23%] [34m[1mGenerating C type support dispatch for ROS interfaces[0m
[7.756s] [ 25%] [34m[1mGenerating C introspection for ROS interfaces[0m
[7.769s] [ 28%] [34m[1mGenerating C type support for eProsima Fast-RTPS[0m
[7.839s] running egg_info
[7.844s] creating image_color_lab.egg-info
[7.845s] writing image_color_lab.egg-info/PKG-INFO
[7.846s] writing dependency_links to image_color_lab.egg-info/dependency_links.txt
[7.847s] writing top-level names to image_color_lab.egg-info/top_level.txt
[7.851s] writing manifest file 'image_color_lab.egg-info/SOURCES.txt'
[7.867s] reading manifest file 'image_color_lab.egg-info/SOURCES.txt'
[7.869s] writing manifest file 'image_color_lab.egg-info/SOURCES.txt'
[8.055s] [ 28%] Built target ament_cmake_python_build_image_color_lab_egg
[8.337s] [ 30%] [32mBuilding CXX object CMakeFiles/image_color_lab__rosidl_typesupport_fastrtps_cpp.dir/rosidl_typesupport_fastrtps_cpp/image_color_lab/msg/detail/dds_fastrtps/string_stamped__type_support.cpp.o[0m
[8.382s] [ 33%] [32mBuilding CXX object CMakeFiles/image_color_lab__rosidl_typesupport_fastrtps_cpp.dir/rosidl_typesupport_fastrtps_cpp/image_color_lab/msg/detail/dds_fastrtps/lab__type_support.cpp.o[0m
[9.080s] [ 35%] [32mBuilding CXX object CMakeFiles/image_color_lab__rosidl_typesupport_introspection_cpp.dir/rosidl_typesupport_introspection_cpp/image_color_lab/msg/detail/lab__type_support.cpp.o[0m
[9.098s] [ 38%] [32mBuilding CXX object CMakeFiles/image_color_lab__rosidl_typesupport_introspection_cpp.dir/rosidl_typesupport_introspection_cpp/image_color_lab/msg/detail/string_stamped__type_support.cpp.o[0m
[9.272s] [ 41%] [32mBuilding CXX object CMakeFiles/image_color_lab__rosidl_typesupport_cpp.dir/rosidl_typesupport_cpp/image_color_lab/msg/lab__type_support.cpp.o[0m
[9.788s] [ 43%] [32mBuilding CXX object CMakeFiles/image_color_lab__rosidl_typesupport_fastrtps_c.dir/rosidl_typesupport_fastrtps_c/image_color_lab/msg/detail/lab__type_support_c.cpp.o[0m
[9.821s] [ 46%] [32mBuilding CXX object CMakeFiles/image_color_lab__rosidl_typesupport_c.dir/rosidl_typesupport_c/image_color_lab/msg/lab__type_support.cpp.o[0m
[10.009s] [ 48%] [32mBuilding CXX object CMakeFiles/image_color_lab__rosidl_typesupport_c.dir/rosidl_typesupport_c/image_color_lab/msg/string_stamped__type_support.cpp.o[0m
[10.035s] [ 51%] [32mBuilding C object CMakeFiles/image_color_lab__rosidl_typesupport_introspection_c.dir/rosidl_typesupport_introspection_c/image_color_lab/msg/detail/lab__type_support.c.o[0m
[10.150s] [ 53%] [32m[1mLinking CXX shared library libimage_color_lab__rosidl_typesupport_c.so[0m
[10.228s] [ 56%] [32mBuilding C object CMakeFiles/image_color_lab__rosidl_typesupport_introspection_c.dir/rosidl_typesupport_introspection_c/image_color_lab/msg/detail/string_stamped__type_support.c.o[0m
[10.319s] [ 56%] Built target image_color_lab__rosidl_typesupport_c
[10.364s] [ 58%] [32mBuilding CXX object CMakeFiles/image_color_lab__rosidl_typesupport_cpp.dir/rosidl_typesupport_cpp/image_color_lab/msg/string_stamped__type_support.cpp.o[0m
[10.414s] [ 61%] [32m[1mLinking C shared library libimage_color_lab__rosidl_typesupport_introspection_c.so[0m
[10.593s] [ 61%] Built target image_color_lab__rosidl_typesupport_introspection_c
[10.647s] [ 64%] [32mBuilding CXX object CMakeFiles/image_color_lab__rosidl_typesupport_fastrtps_c.dir/rosidl_typesupport_fastrtps_c/image_color_lab/msg/detail/string_stamped__type_support_c.cpp.o[0m
[10.879s] [ 66%] [32m[1mLinking CXX shared library libimage_color_lab__rosidl_typesupport_fastrtps_cpp.so[0m
[11.095s] [ 66%] Built target image_color_lab__rosidl_typesupport_fastrtps_cpp
[11.423s] [ 69%] [32m[1mLinking CXX shared library libimage_color_lab__rosidl_typesupport_introspection_cpp.so[0m
[11.697s] [ 71%] [32m[1mLinking CXX shared library libimage_color_lab__rosidl_typesupport_cpp.so[0m
[11.732s] [ 71%] Built target image_color_lab__rosidl_typesupport_introspection_cpp
[11.897s] [ 71%] Built target image_color_lab__rosidl_typesupport_cpp
[12.437s] [ 74%] [32m[1mLinking CXX shared library libimage_color_lab__rosidl_typesupport_fastrtps_c.so[0m
[12.666s] [ 74%] Built target image_color_lab__rosidl_typesupport_fastrtps_c
[12.760s] [ 74%] Built target image_color_lab
[12.856s] [ 76%] [34m[1mGenerating Python code for ROS interfaces[0m
[14.249s] [ 76%] Built target image_color_lab__py
[14.322s] [ 79%] [32mBuilding C object CMakeFiles/image_color_lab__rosidl_generator_py.dir/rosidl_generator_py/image_color_lab/msg/_lab_s.c.o[0m
[14.325s] [ 82%] [32mBuilding C object CMakeFiles/image_color_lab__rosidl_generator_py.dir/rosidl_generator_py/image_color_lab/msg/_string_stamped_s.c.o[0m
[14.855s] [ 84%] [32m[1mLinking C shared library rosidl_generator_py/image_color_lab/libimage_color_lab__rosidl_generator_py.so[0m
[15.038s] [ 84%] Built target image_color_lab__rosidl_generator_py
[15.108s] [ 87%] [32mBuilding C object CMakeFiles/image_color_lab__rosidl_typesupport_c__pyext.dir/rosidl_generator_py/image_color_lab/_image_color_lab_s.ep.rosidl_typesupport_c.c.o[0m
[15.117s] [ 89%] [32mBuilding C object CMakeFiles/image_color_lab__rosidl_typesupport_introspection_c__pyext.dir/rosidl_generator_py/image_color_lab/_image_color_lab_s.ep.rosidl_typesupport_introspection_c.c.o[0m
[15.145s] [ 92%] [32mBuilding C object CMakeFiles/image_color_lab__rosidl_typesupport_fastrtps_c__pyext.dir/rosidl_generator_py/image_color_lab/_image_color_lab_s.ep.rosidl_typesupport_fastrtps_c.c.o[0m
[15.542s] [ 94%] [32m[1mLinking C shared library rosidl_generator_py/image_color_lab/image_color_lab_s__rosidl_typesupport_c.cpython-310-x86_64-linux-gnu.so[0m
[15.624s] [ 97%] [32m[1mLinking C shared library rosidl_generator_py/image_color_lab/image_color_lab_s__rosidl_typesupport_fastrtps_c.cpython-310-x86_64-linux-gnu.so[0m
[15.645s] [100%] [32m[1mLinking C shared library rosidl_generator_py/image_color_lab/image_color_lab_s__rosidl_typesupport_introspection_c.cpython-310-x86_64-linux-gnu.so[0m
[15.723s] [100%] Built target image_color_lab__rosidl_typesupport_c__pyext
[15.776s] [100%] Built target image_color_lab__rosidl_typesupport_introspection_c__pyext
[15.824s] [100%] Built target image_color_lab__rosidl_typesupport_fastrtps_c__pyext
[16.200s] Invoked command in '/home/dwduong74/yahboom_src/build/image_color_lab' returned '0': CMAKE_PREFIX_PATH=${CMAKE_PREFIX_PATH}:/home/dwduong74/LUMI_ws/install/custom_explorer:/opt/ros/humble /usr/bin/cmake --build /home/dwduong74/yahboom_src/build/image_color_lab -- -j8 -l8
[16.203s] Invoking command in '/home/dwduong74/yahboom_src/build/image_color_lab': CMAKE_PREFIX_PATH=${CMAKE_PREFIX_PATH}:/home/dwduong74/LUMI_ws/install/custom_explorer:/opt/ros/humble /usr/bin/cmake --install /home/dwduong74/yahboom_src/build/image_color_lab
[16.217s] -- Install configuration: ""
[16.217s] -- Installing: /home/dwduong74/yahboom_src/install/image_color_lab/share/ament_index/resource_index/rosidl_interfaces/image_color_lab
[16.217s] -- Installing: /home/dwduong74/yahboom_src/install/image_color_lab/include/image_color_lab/image_color_lab
[16.218s] -- Installing: /home/dwduong74/yahboom_src/install/image_color_lab/include/image_color_lab/image_color_lab/msg
[16.218s] -- Installing: /home/dwduong74/yahboom_src/install/image_color_lab/include/image_color_lab/image_color_lab/msg/rosidl_generator_c__visibility_control.h
[16.218s] -- Installing: /home/dwduong74/yahboom_src/install/image_color_lab/include/image_color_lab/image_color_lab/msg/string_stamped.h
[16.218s] -- Installing: /home/dwduong74/yahboom_src/install/image_color_lab/include/image_color_lab/image_color_lab/msg/lab.h
[16.219s] -- Installing: /home/dwduong74/yahboom_src/install/image_color_lab/include/image_color_lab/image_color_lab/msg/detail
[16.219s] -- Installing: /home/dwduong74/yahboom_src/install/image_color_lab/include/image_color_lab/image_color_lab/msg/detail/string_stamped__struct.h
[16.219s] -- Installing: /home/dwduong74/yahboom_src/install/image_color_lab/include/image_color_lab/image_color_lab/msg/detail/string_stamped__type_support.h
[16.219s] -- Installing: /home/dwduong74/yahboom_src/install/image_color_lab/include/image_color_lab/image_color_lab/msg/detail/lab__type_support.h
[16.220s] -- Installing: /home/dwduong74/yahboom_src/install/image_color_lab/include/image_color_lab/image_color_lab/msg/detail/string_stamped__functions.c
[16.220s] -- Installing: /home/dwduong74/yahboom_src/install/image_color_lab/include/image_color_lab/image_color_lab/msg/detail/lab__functions.c
[16.222s] -- Installing: /home/dwduong74/yahboom_src/install/image_color_lab/include/image_color_lab/image_color_lab/msg/detail/string_stamped__functions.h
[16.222s] -- Installing: /home/dwduong74/yahboom_src/install/image_color_lab/include/image_color_lab/image_color_lab/msg/detail/lab__struct.h
[16.222s] -- Installing: /home/dwduong74/yahboom_src/install/image_color_lab/include/image_color_lab/image_color_lab/msg/detail/lab__functions.h
[16.222s] -- Installing: /home/dwduong74/yahboom_src/install/image_color_lab/share/image_color_lab/environment/library_path.sh
[16.223s] -- Installing: /home/dwduong74/yahboom_src/install/image_color_lab/share/image_color_lab/environment/library_path.dsv
[16.223s] -- Installing: /home/dwduong74/yahboom_src/install/image_color_lab/lib/libimage_color_lab__rosidl_generator_c.so
[16.223s] -- Set runtime path of "/home/dwduong74/yahboom_src/install/image_color_lab/lib/libimage_color_lab__rosidl_generator_c.so" to ""
[16.223s] -- Up-to-date: /home/dwduong74/yahboom_src/install/image_color_lab/include/image_color_lab/image_color_lab
[16.223s] -- Up-to-date: /home/dwduong74/yahboom_src/install/image_color_lab/include/image_color_lab/image_color_lab/msg
[16.223s] -- Installing: /home/dwduong74/yahboom_src/install/image_color_lab/include/image_color_lab/image_color_lab/msg/rosidl_typesupport_fastrtps_c__visibility_control.h
[16.223s] -- Up-to-date: /home/dwduong74/yahboom_src/install/image_color_lab/include/image_color_lab/image_color_lab/msg/detail
[16.224s] -- Installing: /home/dwduong74/yahboom_src/install/image_color_lab/include/image_color_lab/image_color_lab/msg/detail/lab__rosidl_typesupport_fastrtps_c.h
[16.224s] -- Installing: /home/dwduong74/yahboom_src/install/image_color_lab/include/image_color_lab/image_color_lab/msg/detail/string_stamped__rosidl_typesupport_fastrtps_c.h
[16.224s] -- Installing: /home/dwduong74/yahboom_src/install/image_color_lab/lib/libimage_color_lab__rosidl_typesupport_fastrtps_c.so
[16.224s] -- Set runtime path of "/home/dwduong74/yahboom_src/install/image_color_lab/lib/libimage_color_lab__rosidl_typesupport_fastrtps_c.so" to ""
[16.224s] -- Up-to-date: /home/dwduong74/yahboom_src/install/image_color_lab/include/image_color_lab/image_color_lab
[16.225s] -- Up-to-date: /home/dwduong74/yahboom_src/install/image_color_lab/include/image_color_lab/image_color_lab/msg
[16.225s] -- Installing: /home/dwduong74/yahboom_src/install/image_color_lab/include/image_color_lab/image_color_lab/msg/lab.hpp
[16.225s] -- Installing: /home/dwduong74/yahboom_src/install/image_color_lab/include/image_color_lab/image_color_lab/msg/string_stamped.hpp
[16.225s] -- Installing: /home/dwduong74/yahboom_src/install/image_color_lab/include/image_color_lab/image_color_lab/msg/rosidl_generator_cpp__visibility_control.hpp
[16.227s] -- Up-to-date: /home/dwduong74/yahboom_src/install/image_color_lab/include/image_color_lab/image_color_lab/msg/detail
[16.227s] -- Installing: /home/dwduong74/yahboom_src/install/image_color_lab/include/image_color_lab/image_color_lab/msg/detail/string_stamped__builder.hpp
[16.229s] -- Installing: /home/dwduong74/yahboom_src/install/image_color_lab/include/image_color_lab/image_color_lab/msg/detail/lab__traits.hpp
[16.230s] -- Installing: /home/dwduong74/yahboom_src/install/image_color_lab/include/image_color_lab/image_color_lab/msg/detail/lab__builder.hpp
[16.230s] -- Installing: /home/dwduong74/yahboom_src/install/image_color_lab/include/image_color_lab/image_color_lab/msg/detail/string_stamped__type_support.hpp
[16.230s] -- Installing: /home/dwduong74/yahboom_src/install/image_color_lab/include/image_color_lab/image_color_lab/msg/detail/lab__struct.hpp
[16.230s] -- Installing: /home/dwduong74/yahboom_src/install/image_color_lab/include/image_color_lab/image_color_lab/msg/detail/string_stamped__struct.hpp
[16.232s] -- Installing: /home/dwduong74/yahboom_src/install/image_color_lab/include/image_color_lab/image_color_lab/msg/detail/lab__type_support.hpp
[16.232s] -- Installing: /home/dwduong74/yahboom_src/install/image_color_lab/include/image_color_lab/image_color_lab/msg/detail/string_stamped__traits.hpp
[16.232s] -- Up-to-date: /home/dwduong74/yahboom_src/install/image_color_lab/include/image_color_lab/image_color_lab
[16.233s] -- Up-to-date: /home/dwduong74/yahboom_src/install/image_color_lab/include/image_color_lab/image_color_lab/msg
[16.233s] -- Installing: /home/dwduong74/yahboom_src/install/image_color_lab/include/image_color_lab/image_color_lab/msg/rosidl_typesupport_fastrtps_cpp__visibility_control.h
[16.233s] -- Up-to-date: /home/dwduong74/yahboom_src/install/image_color_lab/include/image_color_lab/image_color_lab/msg/detail
[16.234s] -- Installing: /home/dwduong74/yahboom_src/install/image_color_lab/include/image_color_lab/image_color_lab/msg/detail/string_stamped__rosidl_typesupport_fastrtps_cpp.hpp
[16.235s] -- Installing: /home/dwduong74/yahboom_src/install/image_color_lab/include/image_color_lab/image_color_lab/msg/detail/dds_fastrtps
[16.236s] -- Installing: /home/dwduong74/yahboom_src/install/image_color_lab/include/image_color_lab/image_color_lab/msg/detail/lab__rosidl_typesupport_fastrtps_cpp.hpp
[16.237s] -- Installing: /home/dwduong74/yahboom_src/install/image_color_lab/lib/libimage_color_lab__rosidl_typesupport_fastrtps_cpp.so
[16.238s] -- Set runtime path of "/home/dwduong74/yahboom_src/install/image_color_lab/lib/libimage_color_lab__rosidl_typesupport_fastrtps_cpp.so" to ""
[16.238s] -- Up-to-date: /home/dwduong74/yahboom_src/install/image_color_lab/include/image_color_lab/image_color_lab
[16.238s] -- Up-to-date: /home/dwduong74/yahboom_src/install/image_color_lab/include/image_color_lab/image_color_lab/msg
[16.238s] -- Installing: /home/dwduong74/yahboom_src/install/image_color_lab/include/image_color_lab/image_color_lab/msg/rosidl_typesupport_introspection_c__visibility_control.h
[16.238s] -- Up-to-date: /home/dwduong74/yahboom_src/install/image_color_lab/include/image_color_lab/image_color_lab/msg/detail
[16.238s] -- Installing: /home/dwduong74/yahboom_src/install/image_color_lab/include/image_color_lab/image_color_lab/msg/detail/string_stamped__rosidl_typesupport_introspection_c.h
[16.238s] -- Installing: /home/dwduong74/yahboom_src/install/image_color_lab/include/image_color_lab/image_color_lab/msg/detail/lab__rosidl_typesupport_introspection_c.h
[16.239s] -- Installing: /home/dwduong74/yahboom_src/install/image_color_lab/include/image_color_lab/image_color_lab/msg/detail/lab__type_support.c
[16.239s] -- Installing: /home/dwduong74/yahboom_src/install/image_color_lab/include/image_color_lab/image_color_lab/msg/detail/string_stamped__type_support.c
[16.239s] -- Installing: /home/dwduong74/yahboom_src/install/image_color_lab/lib/libimage_color_lab__rosidl_typesupport_introspection_c.so
[16.239s] -- Set runtime path of "/home/dwduong74/yahboom_src/install/image_color_lab/lib/libimage_color_lab__rosidl_typesupport_introspection_c.so" to ""
[16.240s] -- Installing: /home/dwduong74/yahboom_src/install/image_color_lab/lib/libimage_color_lab__rosidl_typesupport_c.so
[16.240s] -- Set runtime path of "/home/dwduong74/yahboom_src/install/image_color_lab/lib/libimage_color_lab__rosidl_typesupport_c.so" to ""
[16.240s] -- Up-to-date: /home/dwduong74/yahboom_src/install/image_color_lab/include/image_color_lab/image_color_lab
[16.240s] -- Up-to-date: /home/dwduong74/yahboom_src/install/image_color_lab/include/image_color_lab/image_color_lab/msg
[16.240s] -- Up-to-date: /home/dwduong74/yahboom_src/install/image_color_lab/include/image_color_lab/image_color_lab/msg/detail
[16.241s] -- Installing: /home/dwduong74/yahboom_src/install/image_color_lab/include/image_color_lab/image_color_lab/msg/detail/string_stamped__rosidl_typesupport_introspection_cpp.hpp
[16.241s] -- Installing: /home/dwduong74/yahboom_src/install/image_color_lab/include/image_color_lab/image_color_lab/msg/detail/string_stamped__type_support.cpp
[16.241s] -- Installing: /home/dwduong74/yahboom_src/install/image_color_lab/include/image_color_lab/image_color_lab/msg/detail/lab__rosidl_typesupport_introspection_cpp.hpp
[16.241s] -- Installing: /home/dwduong74/yahboom_src/install/image_color_lab/include/image_color_lab/image_color_lab/msg/detail/lab__type_support.cpp
[16.241s] -- Installing: /home/dwduong74/yahboom_src/install/image_color_lab/lib/libimage_color_lab__rosidl_typesupport_introspection_cpp.so
[16.241s] -- Set runtime path of "/home/dwduong74/yahboom_src/install/image_color_lab/lib/libimage_color_lab__rosidl_typesupport_introspection_cpp.so" to ""
[16.241s] -- Installing: /home/dwduong74/yahboom_src/install/image_color_lab/lib/libimage_color_lab__rosidl_typesupport_cpp.so
[16.241s] -- Set runtime path of "/home/dwduong74/yahboom_src/install/image_color_lab/lib/libimage_color_lab__rosidl_typesupport_cpp.so" to ""
[16.242s] -- Installing: /home/dwduong74/yahboom_src/install/image_color_lab/share/image_color_lab/environment/pythonpath.sh
[16.242s] -- Installing: /home/dwduong74/yahboom_src/install/image_color_lab/share/image_color_lab/environment/pythonpath.dsv
[16.242s] -- Installing: /home/dwduong74/yahboom_src/install/image_color_lab/local/lib/python3.10/dist-packages/image_color_lab-0.0.0-py3.10.egg-info
[16.242s] -- Installing: /home/dwduong74/yahboom_src/install/image_color_lab/local/lib/python3.10/dist-packages/image_color_lab-0.0.0-py3.10.egg-info/SOURCES.txt
[16.242s] -- Installing: /home/dwduong74/yahboom_src/install/image_color_lab/local/lib/python3.10/dist-packages/image_color_lab-0.0.0-py3.10.egg-info/top_level.txt
[16.242s] -- Installing: /home/dwduong74/yahboom_src/install/image_color_lab/local/lib/python3.10/dist-packages/image_color_lab-0.0.0-py3.10.egg-info/dependency_links.txt
[16.242s] -- Installing: /home/dwduong74/yahboom_src/install/image_color_lab/local/lib/python3.10/dist-packages/image_color_lab-0.0.0-py3.10.egg-info/PKG-INFO
[16.242s] -- Installing: /home/dwduong74/yahboom_src/install/image_color_lab/local/lib/python3.10/dist-packages/image_color_lab
[16.243s] -- Installing: /home/dwduong74/yahboom_src/install/image_color_lab/local/lib/python3.10/dist-packages/image_color_lab/_image_color_lab_s.ep.rosidl_typesupport_c.c
[16.243s] -- Installing: /home/dwduong74/yahboom_src/install/image_color_lab/local/lib/python3.10/dist-packages/image_color_lab/image_color_lab_s__rosidl_typesupport_introspection_c.cpython-310-x86_64-linux-gnu.so
[16.243s] -- Installing: /home/dwduong74/yahboom_src/install/image_color_lab/local/lib/python3.10/dist-packages/image_color_lab/image_color_lab_s__rosidl_typesupport_c.cpython-310-x86_64-linux-gnu.so
[16.243s] -- Installing: /home/dwduong74/yahboom_src/install/image_color_lab/local/lib/python3.10/dist-packages/image_color_lab/_image_color_lab_s.ep.rosidl_typesupport_fastrtps_c.c
[16.243s] -- Installing: /home/dwduong74/yahboom_src/install/image_color_lab/local/lib/python3.10/dist-packages/image_color_lab/image_color_lab_s__rosidl_typesupport_fastrtps_c.cpython-310-x86_64-linux-gnu.so
[16.243s] -- Installing: /home/dwduong74/yahboom_src/install/image_color_lab/local/lib/python3.10/dist-packages/image_color_lab/msg
[16.243s] -- Installing: /home/dwduong74/yahboom_src/install/image_color_lab/local/lib/python3.10/dist-packages/image_color_lab/msg/_string_stamped_s.c
[16.243s] -- Installing: /home/dwduong74/yahboom_src/install/image_color_lab/local/lib/python3.10/dist-packages/image_color_lab/msg/_lab.py
[16.243s] -- Installing: /home/dwduong74/yahboom_src/install/image_color_lab/local/lib/python3.10/dist-packages/image_color_lab/msg/_lab_s.c
[16.244s] -- Installing: /home/dwduong74/yahboom_src/install/image_color_lab/local/lib/python3.10/dist-packages/image_color_lab/msg/_string_stamped.py
[16.244s] -- Installing: /home/dwduong74/yahboom_src/install/image_color_lab/local/lib/python3.10/dist-packages/image_color_lab/msg/__init__.py
[16.244s] -- Installing: /home/dwduong74/yahboom_src/install/image_color_lab/local/lib/python3.10/dist-packages/image_color_lab/_image_color_lab_s.ep.rosidl_typesupport_introspection_c.c
[16.244s] -- Installing: /home/dwduong74/yahboom_src/install/image_color_lab/local/lib/python3.10/dist-packages/image_color_lab/libimage_color_lab__rosidl_generator_py.so
[16.245s] -- Installing: /home/dwduong74/yahboom_src/install/image_color_lab/local/lib/python3.10/dist-packages/image_color_lab/__init__.py
[16.311s] Listing '/home/dwduong74/yahboom_src/install/image_color_lab/local/lib/python3.10/dist-packages/image_color_lab'...
[16.313s] Compiling '/home/dwduong74/yahboom_src/install/image_color_lab/local/lib/python3.10/dist-packages/image_color_lab/__init__.py'...
[16.313s] Listing '/home/dwduong74/yahboom_src/install/image_color_lab/local/lib/python3.10/dist-packages/image_color_lab/msg'...
[16.314s] Compiling '/home/dwduong74/yahboom_src/install/image_color_lab/local/lib/python3.10/dist-packages/image_color_lab/msg/__init__.py'...
[16.314s] Compiling '/home/dwduong74/yahboom_src/install/image_color_lab/local/lib/python3.10/dist-packages/image_color_lab/msg/_lab.py'...
[16.314s] Compiling '/home/dwduong74/yahboom_src/install/image_color_lab/local/lib/python3.10/dist-packages/image_color_lab/msg/_string_stamped.py'...
[16.321s] -- Installing: /home/dwduong74/yahboom_src/install/image_color_lab/local/lib/python3.10/dist-packages/image_color_lab/image_color_lab_s__rosidl_typesupport_fastrtps_c.cpython-310-x86_64-linux-gnu.so
[16.322s] -- Set runtime path of "/home/dwduong74/yahboom_src/install/image_color_lab/local/lib/python3.10/dist-packages/image_color_lab/image_color_lab_s__rosidl_typesupport_fastrtps_c.cpython-310-x86_64-linux-gnu.so" to ""
[16.324s] -- Installing: /home/dwduong74/yahboom_src/install/image_color_lab/local/lib/python3.10/dist-packages/image_color_lab/image_color_lab_s__rosidl_typesupport_introspection_c.cpython-310-x86_64-linux-gnu.so
[16.324s] -- Set runtime path of "/home/dwduong74/yahboom_src/install/image_color_lab/local/lib/python3.10/dist-packages/image_color_lab/image_color_lab_s__rosidl_typesupport_introspection_c.cpython-310-x86_64-linux-gnu.so" to ""
[16.325s] -- Installing: /home/dwduong74/yahboom_src/install/image_color_lab/local/lib/python3.10/dist-packages/image_color_lab/image_color_lab_s__rosidl_typesupport_c.cpython-310-x86_64-linux-gnu.so
[16.326s] -- Set runtime path of "/home/dwduong74/yahboom_src/install/image_color_lab/local/lib/python3.10/dist-packages/image_color_lab/image_color_lab_s__rosidl_typesupport_c.cpython-310-x86_64-linux-gnu.so" to ""
[16.326s] -- Installing: /home/dwduong74/yahboom_src/install/image_color_lab/lib/libimage_color_lab__rosidl_generator_py.so
[16.327s] -- Set runtime path of "/home/dwduong74/yahboom_src/install/image_color_lab/lib/libimage_color_lab__rosidl_generator_py.so" to ""
[16.328s] -- Installing: /home/dwduong74/yahboom_src/install/image_color_lab/share/image_color_lab/msg/Lab.idl
[16.328s] -- Installing: /home/dwduong74/yahboom_src/install/image_color_lab/share/image_color_lab/msg/StringStamped.idl
[16.329s] -- Installing: /home/dwduong74/yahboom_src/install/image_color_lab/share/image_color_lab/msg/Lab.msg
[16.329s] -- Installing: /home/dwduong74/yahboom_src/install/image_color_lab/share/image_color_lab/msg/StringStamped.msg
[16.330s] -- Installing: /home/dwduong74/yahboom_src/install/image_color_lab/share/ament_index/resource_index/package_run_dependencies/image_color_lab
[16.334s] -- Installing: /home/dwduong74/yahboom_src/install/image_color_lab/share/ament_index/resource_index/parent_prefix_path/image_color_lab
[16.334s] -- Installing: /home/dwduong74/yahboom_src/install/image_color_lab/share/image_color_lab/environment/ament_prefix_path.sh
[16.335s] -- Installing: /home/dwduong74/yahboom_src/install/image_color_lab/share/image_color_lab/environment/ament_prefix_path.dsv
[16.335s] -- Installing: /home/dwduong74/yahboom_src/install/image_color_lab/share/image_color_lab/environment/path.sh
[16.335s] -- Installing: /home/dwduong74/yahboom_src/install/image_color_lab/share/image_color_lab/environment/path.dsv
[16.335s] -- Installing: /home/dwduong74/yahboom_src/install/image_color_lab/share/image_color_lab/local_setup.bash
[16.335s] -- Installing: /home/dwduong74/yahboom_src/install/image_color_lab/share/image_color_lab/local_setup.sh
[16.336s] -- Installing: /home/dwduong74/yahboom_src/install/image_color_lab/share/image_color_lab/local_setup.zsh
[16.336s] -- Installing: /home/dwduong74/yahboom_src/install/image_color_lab/share/image_color_lab/local_setup.dsv
[16.336s] -- Installing: /home/dwduong74/yahboom_src/install/image_color_lab/share/image_color_lab/package.dsv
[16.336s] -- Installing: /home/dwduong74/yahboom_src/install/image_color_lab/share/ament_index/resource_index/packages/image_color_lab
[16.337s] -- Installing: /home/dwduong74/yahboom_src/install/image_color_lab/share/image_color_lab/cmake/export_image_color_lab__rosidl_generator_cExport.cmake
[16.337s] -- Installing: /home/dwduong74/yahboom_src/install/image_color_lab/share/image_color_lab/cmake/export_image_color_lab__rosidl_generator_cExport-noconfig.cmake
[16.338s] -- Installing: /home/dwduong74/yahboom_src/install/image_color_lab/share/image_color_lab/cmake/export_image_color_lab__rosidl_typesupport_fastrtps_cExport.cmake
[16.338s] -- Installing: /home/dwduong74/yahboom_src/install/image_color_lab/share/image_color_lab/cmake/export_image_color_lab__rosidl_typesupport_fastrtps_cExport-noconfig.cmake
[16.338s] -- Installing: /home/dwduong74/yahboom_src/install/image_color_lab/share/image_color_lab/cmake/export_image_color_lab__rosidl_generator_cppExport.cmake
[16.339s] -- Installing: /home/dwduong74/yahboom_src/install/image_color_lab/share/image_color_lab/cmake/export_image_color_lab__rosidl_typesupport_fastrtps_cppExport.cmake
[16.339s] -- Installing: /home/dwduong74/yahboom_src/install/image_color_lab/share/image_color_lab/cmake/export_image_color_lab__rosidl_typesupport_fastrtps_cppExport-noconfig.cmake
[16.340s] -- Installing: /home/dwduong74/yahboom_src/install/image_color_lab/share/image_color_lab/cmake/image_color_lab__rosidl_typesupport_introspection_cExport.cmake
[16.340s] -- Installing: /home/dwduong74/yahboom_src/install/image_color_lab/share/image_color_lab/cmake/image_color_lab__rosidl_typesupport_introspection_cExport-noconfig.cmake
[16.341s] -- Installing: /home/dwduong74/yahboom_src/install/image_color_lab/share/image_color_lab/cmake/image_color_lab__rosidl_typesupport_cExport.cmake
[16.342s] -- Installing: /home/dwduong74/yahboom_src/install/image_color_lab/share/image_color_lab/cmake/image_color_lab__rosidl_typesupport_cExport-noconfig.cmake
[16.342s] -- Installing: /home/dwduong74/yahboom_src/install/image_color_lab/share/image_color_lab/cmake/image_color_lab__rosidl_typesupport_introspection_cppExport.cmake
[16.345s] -- Installing: /home/dwduong74/yahboom_src/install/image_color_lab/share/image_color_lab/cmake/image_color_lab__rosidl_typesupport_introspection_cppExport-noconfig.cmake
[16.346s] -- Installing: /home/dwduong74/yahboom_src/install/image_color_lab/share/image_color_lab/cmake/image_color_lab__rosidl_typesupport_cppExport.cmake
[16.346s] -- Installing: /home/dwduong74/yahboom_src/install/image_color_lab/share/image_color_lab/cmake/image_color_lab__rosidl_typesupport_cppExport-noconfig.cmake
[16.347s] -- Installing: /home/dwduong74/yahboom_src/install/image_color_lab/share/image_color_lab/cmake/export_image_color_lab__rosidl_generator_pyExport.cmake
[16.348s] -- Installing: /home/dwduong74/yahboom_src/install/image_color_lab/share/image_color_lab/cmake/export_image_color_lab__rosidl_generator_pyExport-noconfig.cmake
[16.348s] -- Installing: /home/dwduong74/yahboom_src/install/image_color_lab/share/image_color_lab/cmake/rosidl_cmake-extras.cmake
[16.349s] -- Installing: /home/dwduong74/yahboom_src/install/image_color_lab/share/image_color_lab/cmake/ament_cmake_export_dependencies-extras.cmake
[16.349s] -- Installing: /home/dwduong74/yahboom_src/install/image_color_lab/share/image_color_lab/cmake/ament_cmake_export_include_directories-extras.cmake
[16.354s] -- Installing: /home/dwduong74/yahboom_src/install/image_color_lab/share/image_color_lab/cmake/ament_cmake_export_libraries-extras.cmake
[16.354s] -- Installing: /home/dwduong74/yahboom_src/install/image_color_lab/share/image_color_lab/cmake/ament_cmake_export_targets-extras.cmake
[16.355s] -- Installing: /home/dwduong74/yahboom_src/install/image_color_lab/share/image_color_lab/cmake/rosidl_cmake_export_typesupport_targets-extras.cmake
[16.355s] -- Installing: /home/dwduong74/yahboom_src/install/image_color_lab/share/image_color_lab/cmake/rosidl_cmake_export_typesupport_libraries-extras.cmake
[16.358s] -- Installing: /home/dwduong74/yahboom_src/install/image_color_lab/share/image_color_lab/cmake/image_color_labConfig.cmake
[16.359s] -- Installing: /home/dwduong74/yahboom_src/install/image_color_lab/share/image_color_lab/cmake/image_color_labConfig-version.cmake
[16.359s] -- Installing: /home/dwduong74/yahboom_src/install/image_color_lab/share/image_color_lab/package.xml
[17.071s] Invoked command in '/home/dwduong74/yahboom_src/build/image_color_lab' returned '0': CMAKE_PREFIX_PATH=${CMAKE_PREFIX_PATH}:/home/dwduong74/LUMI_ws/install/custom_explorer:/opt/ros/humble /usr/bin/cmake --install /home/dwduong74/yahboom_src/build/image_color_lab
