/home/dwduong74/yahboom_src/install/yahboom_mediapipe/lib/python3.10/site-packages/yahboom_mediapipe/test_msg.py
/home/dwduong74/yahboom_src/install/yahboom_mediapipe/lib/python3.10/site-packages/yahboom_mediapipe/09_VirtualPaint.py
/home/dwduong74/yahboom_src/install/yahboom_mediapipe/lib/python3.10/site-packages/yahboom_mediapipe/11_GestureRecognition.py
/home/dwduong74/yahboom_src/install/yahboom_mediapipe/lib/python3.10/site-packages/yahboom_mediapipe/06_FaceLandmarks.py
/home/dwduong74/yahboom_src/install/yahboom_mediapipe/lib/python3.10/site-packages/yahboom_mediapipe/08_Objectron.py
/home/dwduong74/yahboom_src/install/yahboom_mediapipe/lib/python3.10/site-packages/yahboom_mediapipe/untitled.py
/home/dwduong74/yahboom_src/install/yahboom_mediapipe/lib/python3.10/site-packages/yahboom_mediapipe/07_FaceDetection.py
/home/dwduong74/yahboom_src/install/yahboom_mediapipe/lib/python3.10/site-packages/yahboom_mediapipe/03_Holistic.py
/home/dwduong74/yahboom_src/install/yahboom_mediapipe/lib/python3.10/site-packages/yahboom_mediapipe/10_HandCtrl.py
/home/dwduong74/yahboom_src/install/yahboom_mediapipe/lib/python3.10/site-packages/yahboom_mediapipe/01_HandDetector.py
/home/dwduong74/yahboom_src/install/yahboom_mediapipe/lib/python3.10/site-packages/yahboom_mediapipe/05_FaceEyeDetection.py
/home/dwduong74/yahboom_src/install/yahboom_mediapipe/lib/python3.10/site-packages/yahboom_mediapipe/02_PoseDetector.py
/home/dwduong74/yahboom_src/install/yahboom_mediapipe/lib/python3.10/site-packages/yahboom_mediapipe/04_FaceMesh.py
/home/dwduong74/yahboom_src/install/yahboom_mediapipe/lib/python3.10/site-packages/yahboom_mediapipe/__init__.py
/home/dwduong74/yahboom_src/install/yahboom_mediapipe/lib/python3.10/site-packages/yahboom_mediapipe/__pycache__/test_msg.cpython-310.pyc
/home/dwduong74/yahboom_src/install/yahboom_mediapipe/lib/python3.10/site-packages/yahboom_mediapipe/__pycache__/09_VirtualPaint.cpython-310.pyc
/home/dwduong74/yahboom_src/install/yahboom_mediapipe/lib/python3.10/site-packages/yahboom_mediapipe/__pycache__/11_GestureRecognition.cpython-310.pyc
/home/dwduong74/yahboom_src/install/yahboom_mediapipe/lib/python3.10/site-packages/yahboom_mediapipe/__pycache__/06_FaceLandmarks.cpython-310.pyc
/home/dwduong74/yahboom_src/install/yahboom_mediapipe/lib/python3.10/site-packages/yahboom_mediapipe/__pycache__/08_Objectron.cpython-310.pyc
/home/dwduong74/yahboom_src/install/yahboom_mediapipe/lib/python3.10/site-packages/yahboom_mediapipe/__pycache__/untitled.cpython-310.pyc
/home/dwduong74/yahboom_src/install/yahboom_mediapipe/lib/python3.10/site-packages/yahboom_mediapipe/__pycache__/07_FaceDetection.cpython-310.pyc
/home/dwduong74/yahboom_src/install/yahboom_mediapipe/lib/python3.10/site-packages/yahboom_mediapipe/__pycache__/03_Holistic.cpython-310.pyc
/home/dwduong74/yahboom_src/install/yahboom_mediapipe/lib/python3.10/site-packages/yahboom_mediapipe/__pycache__/10_HandCtrl.cpython-310.pyc
/home/dwduong74/yahboom_src/install/yahboom_mediapipe/lib/python3.10/site-packages/yahboom_mediapipe/__pycache__/01_HandDetector.cpython-310.pyc
/home/dwduong74/yahboom_src/install/yahboom_mediapipe/lib/python3.10/site-packages/yahboom_mediapipe/__pycache__/05_FaceEyeDetection.cpython-310.pyc
/home/dwduong74/yahboom_src/install/yahboom_mediapipe/lib/python3.10/site-packages/yahboom_mediapipe/__pycache__/02_PoseDetector.cpython-310.pyc
/home/dwduong74/yahboom_src/install/yahboom_mediapipe/lib/python3.10/site-packages/yahboom_mediapipe/__pycache__/04_FaceMesh.cpython-310.pyc
/home/dwduong74/yahboom_src/install/yahboom_mediapipe/lib/python3.10/site-packages/yahboom_mediapipe/__pycache__/__init__.cpython-310.pyc
/home/dwduong74/yahboom_src/install/yahboom_mediapipe/share/ament_index/resource_index/packages/yahboom_mediapipe
/home/dwduong74/yahboom_src/install/yahboom_mediapipe/share/yahboom_mediapipe/package.xml
/home/dwduong74/yahboom_src/install/yahboom_mediapipe/share/yahboom_mediapipe/rviz/mediapipe_points.rviz
/home/dwduong74/yahboom_src/install/yahboom_mediapipe/share/yahboom_mediapipe/launch/mediapipe_points.launch.py
/home/dwduong74/yahboom_src/install/yahboom_mediapipe/lib/python3.10/site-packages/yahboom_mediapipe-0.0.0-py3.10.egg-info/SOURCES.txt
/home/dwduong74/yahboom_src/install/yahboom_mediapipe/lib/python3.10/site-packages/yahboom_mediapipe-0.0.0-py3.10.egg-info/entry_points.txt
/home/dwduong74/yahboom_src/install/yahboom_mediapipe/lib/python3.10/site-packages/yahboom_mediapipe-0.0.0-py3.10.egg-info/zip-safe
/home/dwduong74/yahboom_src/install/yahboom_mediapipe/lib/python3.10/site-packages/yahboom_mediapipe-0.0.0-py3.10.egg-info/requires.txt
/home/dwduong74/yahboom_src/install/yahboom_mediapipe/lib/python3.10/site-packages/yahboom_mediapipe-0.0.0-py3.10.egg-info/top_level.txt
/home/dwduong74/yahboom_src/install/yahboom_mediapipe/lib/python3.10/site-packages/yahboom_mediapipe-0.0.0-py3.10.egg-info/dependency_links.txt
/home/dwduong74/yahboom_src/install/yahboom_mediapipe/lib/python3.10/site-packages/yahboom_mediapipe-0.0.0-py3.10.egg-info/PKG-INFO
/home/dwduong74/yahboom_src/install/yahboom_mediapipe/lib/yahboom_mediapipe/01_HandDetector
/home/dwduong74/yahboom_src/install/yahboom_mediapipe/lib/yahboom_mediapipe/02_PoseDetector
/home/dwduong74/yahboom_src/install/yahboom_mediapipe/lib/yahboom_mediapipe/03_Holistic
/home/dwduong74/yahboom_src/install/yahboom_mediapipe/lib/yahboom_mediapipe/04_FaceMesh
/home/dwduong74/yahboom_src/install/yahboom_mediapipe/lib/yahboom_mediapipe/05_FaceEyeDetection
/home/dwduong74/yahboom_src/install/yahboom_mediapipe/lib/yahboom_mediapipe/test_msg
