running egg_info
creating ../../build/yahboom_bringup/yahboom_bringup.egg-info
writing ../../build/yahboom_bringup/yahboom_bringup.egg-info/PKG-INFO
writing dependency_links to ../../build/yahboom_bringup/yahboom_bringup.egg-info/dependency_links.txt
writing entry points to ../../build/yahboom_bringup/yahboom_bringup.egg-info/entry_points.txt
writing requirements to ../../build/yahboom_bringup/yahboom_bringup.egg-info/requires.txt
writing top-level names to ../../build/yahboom_bringup/yahboom_bringup.egg-info/top_level.txt
writing manifest file '../../build/yahboom_bringup/yahboom_bringup.egg-info/SOURCES.txt'
reading manifest file '../../build/yahboom_bringup/yahboom_bringup.egg-info/SOURCES.txt'
writing manifest file '../../build/yahboom_bringup/yahboom_bringup.egg-info/SOURCES.txt'
running build
running build_py
creating /home/dwduong74/yahboom_src/build/yahboom_bringup/build
creating /home/dwduong74/yahboom_src/build/yahboom_bringup/build/lib
creating /home/dwduong74/yahboom_src/build/yahboom_bringup/build/lib/yahboom_bringup
copying yahboom_bringup/__init__.py -> /home/dwduong74/yahboom_src/build/yahboom_bringup/build/lib/yahboom_bringup
running install
running install_lib
creating /home/dwduong74/yahboom_src/install/yahboom_bringup/lib/python3.10/site-packages/yahboom_bringup
copying /home/dwduong74/yahboom_src/build/yahboom_bringup/build/lib/yahboom_bringup/__init__.py -> /home/dwduong74/yahboom_src/install/yahboom_bringup/lib/python3.10/site-packages/yahboom_bringup
byte-compiling /home/dwduong74/yahboom_src/install/yahboom_bringup/lib/python3.10/site-packages/yahboom_bringup/__init__.py to __init__.cpython-310.pyc
running install_data
creating /home/dwduong74/yahboom_src/install/yahboom_bringup/share/ament_index
creating /home/dwduong74/yahboom_src/install/yahboom_bringup/share/ament_index/resource_index
creating /home/dwduong74/yahboom_src/install/yahboom_bringup/share/ament_index/resource_index/packages
copying resource/yahboom_bringup -> /home/dwduong74/yahboom_src/install/yahboom_bringup/share/ament_index/resource_index/packages
copying package.xml -> /home/dwduong74/yahboom_src/install/yahboom_bringup/share/yahboom_bringup
copying launch/Navigation_bringup.launch.py -> /home/dwduong74/yahboom_src/install/yahboom_bringup/share/yahboom_bringup
copying launch/Mapping_bring.launch.py -> /home/dwduong74/yahboom_src/install/yahboom_bringup/share/yahboom_bringup
copying launch/Catographer_localization.launch.py -> /home/dwduong74/yahboom_src/install/yahboom_bringup/share/yahboom_bringup
copying launch/Catographer.launch.py -> /home/dwduong74/yahboom_src/install/yahboom_bringup/share/yahboom_bringup
copying launch/DogFindColor.launch.py -> /home/dwduong74/yahboom_src/install/yahboom_bringup/share/yahboom_bringup
running install_egg_info
Copying ../../build/yahboom_bringup/yahboom_bringup.egg-info to /home/dwduong74/yahboom_src/install/yahboom_bringup/lib/python3.10/site-packages/yahboom_bringup-0.0.0-py3.10.egg-info
running install_scripts
writing list of installed files to '/home/dwduong74/yahboom_src/build/yahboom_bringup/install.log'
