[6.184s] Invoking command in '/home/dwduong74/yahboom_src/src/tf_publisher': PYTHONPATH=/home/dwduong74/yahboom_src/build/tf_publisher/prefix_override:/usr/lib/python3/dist-packages/colcon_core/task/python/colcon_distutils_commands:/home/dwduong74/yahboom_src/install/tf_publisher/lib/python3.10/site-packages:${PYTHONPATH} /usr/bin/python3 -W ignore:setup.py install is deprecated -W ignore:easy_install command is deprecated setup.py egg_info --egg-base ../../build/tf_publisher build --build-base /home/dwduong74/yahboom_src/build/tf_publisher/build install --record /home/dwduong74/yahboom_src/build/tf_publisher/install.log --single-version-externally-managed install_data
[7.581s] running egg_info
[7.585s] writing ../../build/tf_publisher/tf_publisher.egg-info/PKG-INFO
[7.585s] writing dependency_links to ../../build/tf_publisher/tf_publisher.egg-info/dependency_links.txt
[7.586s] writing entry points to ../../build/tf_publisher/tf_publisher.egg-info/entry_points.txt
[7.586s] writing requirements to ../../build/tf_publisher/tf_publisher.egg-info/requires.txt
[7.586s] writing top-level names to ../../build/tf_publisher/tf_publisher.egg-info/top_level.txt
[7.591s] reading manifest file '../../build/tf_publisher/tf_publisher.egg-info/SOURCES.txt'
[7.591s] writing manifest file '../../build/tf_publisher/tf_publisher.egg-info/SOURCES.txt'
[7.591s] running build
[7.592s] running build_py
[7.592s] running install
[7.599s] running install_lib
[7.600s] running install_data
[7.600s] running install_egg_info
[7.604s] removing '/home/dwduong74/yahboom_src/install/tf_publisher/lib/python3.10/site-packages/tf_publisher-0.0.0-py3.10.egg-info' (and everything under it)
[7.604s] Copying ../../build/tf_publisher/tf_publisher.egg-info to /home/dwduong74/yahboom_src/install/tf_publisher/lib/python3.10/site-packages/tf_publisher-0.0.0-py3.10.egg-info
[7.604s] running install_scripts
[7.653s] Installing tf_publisher script to /home/dwduong74/yahboom_src/install/tf_publisher/lib/tf_publisher
[7.654s] writing list of installed files to '/home/dwduong74/yahboom_src/build/tf_publisher/install.log'
[9.139s] Invoked command in '/home/dwduong74/yahboom_src/src/tf_publisher' returned '0': PYTHONPATH=/home/dwduong74/yahboom_src/build/tf_publisher/prefix_override:/usr/lib/python3/dist-packages/colcon_core/task/python/colcon_distutils_commands:/home/dwduong74/yahboom_src/install/tf_publisher/lib/python3.10/site-packages:${PYTHONPATH} /usr/bin/python3 -W ignore:setup.py install is deprecated -W ignore:easy_install command is deprecated setup.py egg_info --egg-base ../../build/tf_publisher build --build-base /home/dwduong74/yahboom_src/build/tf_publisher/build install --record /home/dwduong74/yahboom_src/build/tf_publisher/install.log --single-version-externally-managed install_data
