running egg_info
creating ../../build/yahboom_app_save_map/yahboom_app_save_map.egg-info
writing ../../build/yahboom_app_save_map/yahboom_app_save_map.egg-info/PKG-INFO
writing dependency_links to ../../build/yahboom_app_save_map/yahboom_app_save_map.egg-info/dependency_links.txt
writing entry points to ../../build/yahboom_app_save_map/yahboom_app_save_map.egg-info/entry_points.txt
writing requirements to ../../build/yahboom_app_save_map/yahboom_app_save_map.egg-info/requires.txt
writing top-level names to ../../build/yahboom_app_save_map/yahboom_app_save_map.egg-info/top_level.txt
writing manifest file '../../build/yahboom_app_save_map/yahboom_app_save_map.egg-info/SOURCES.txt'
reading manifest file '../../build/yahboom_app_save_map/yahboom_app_save_map.egg-info/SOURCES.txt'
writing manifest file '../../build/yahboom_app_save_map/yahboom_app_save_map.egg-info/SOURCES.txt'
running build
running build_py
creating /home/dwduong74/yahboom_src/build/yahboom_app_save_map/build
creating /home/dwduong74/yahboom_src/build/yahboom_app_save_map/build/lib
creating /home/dwduong74/yahboom_src/build/yahboom_app_save_map/build/lib/yahboom_app_save_map
copying yahboom_app_save_map/yahboom_app_save_map.py -> /home/dwduong74/yahboom_src/build/yahboom_app_save_map/build/lib/yahboom_app_save_map
copying yahboom_app_save_map/__init__.py -> /home/dwduong74/yahboom_src/build/yahboom_app_save_map/build/lib/yahboom_app_save_map
copying yahboom_app_save_map/yahboom_app_save_map_client.py -> /home/dwduong74/yahboom_src/build/yahboom_app_save_map/build/lib/yahboom_app_save_map
running install
running install_lib
creating /home/dwduong74/yahboom_src/install/yahboom_app_save_map/lib/python3.10/site-packages/yahboom_app_save_map
copying /home/dwduong74/yahboom_src/build/yahboom_app_save_map/build/lib/yahboom_app_save_map/yahboom_app_save_map.py -> /home/dwduong74/yahboom_src/install/yahboom_app_save_map/lib/python3.10/site-packages/yahboom_app_save_map
copying /home/dwduong74/yahboom_src/build/yahboom_app_save_map/build/lib/yahboom_app_save_map/__init__.py -> /home/dwduong74/yahboom_src/install/yahboom_app_save_map/lib/python3.10/site-packages/yahboom_app_save_map
copying /home/dwduong74/yahboom_src/build/yahboom_app_save_map/build/lib/yahboom_app_save_map/yahboom_app_save_map_client.py -> /home/dwduong74/yahboom_src/install/yahboom_app_save_map/lib/python3.10/site-packages/yahboom_app_save_map
byte-compiling /home/dwduong74/yahboom_src/install/yahboom_app_save_map/lib/python3.10/site-packages/yahboom_app_save_map/yahboom_app_save_map.py to yahboom_app_save_map.cpython-310.pyc
byte-compiling /home/dwduong74/yahboom_src/install/yahboom_app_save_map/lib/python3.10/site-packages/yahboom_app_save_map/__init__.py to __init__.cpython-310.pyc
byte-compiling /home/dwduong74/yahboom_src/install/yahboom_app_save_map/lib/python3.10/site-packages/yahboom_app_save_map/yahboom_app_save_map_client.py to yahboom_app_save_map_client.cpython-310.pyc
running install_data
creating /home/dwduong74/yahboom_src/install/yahboom_app_save_map/share/ament_index
creating /home/dwduong74/yahboom_src/install/yahboom_app_save_map/share/ament_index/resource_index
creating /home/dwduong74/yahboom_src/install/yahboom_app_save_map/share/ament_index/resource_index/packages
copying resource/yahboom_app_save_map -> /home/dwduong74/yahboom_src/install/yahboom_app_save_map/share/ament_index/resource_index/packages
copying package.xml -> /home/dwduong74/yahboom_src/install/yahboom_app_save_map/share/yahboom_app_save_map
copying launch/yahboom_app_save_map.launch.py -> /home/dwduong74/yahboom_src/install/yahboom_app_save_map/share/yahboom_app_save_map
running install_egg_info
Copying ../../build/yahboom_app_save_map/yahboom_app_save_map.egg-info to /home/dwduong74/yahboom_src/install/yahboom_app_save_map/lib/python3.10/site-packages/yahboom_app_save_map-0.0.0-py3.10.egg-info
running install_scripts
Installing client script to /home/dwduong74/yahboom_src/install/yahboom_app_save_map/lib/yahboom_app_save_map
Installing server script to /home/dwduong74/yahboom_src/install/yahboom_app_save_map/lib/yahboom_app_save_map
writing list of installed files to '/home/dwduong74/yahboom_src/build/yahboom_app_save_map/install.log'
