running egg_info
creating ../../build/yahboom_mediapipe/yahboom_mediapipe.egg-info
writing ../../build/yahboom_mediapipe/yahboom_mediapipe.egg-info/PKG-INFO
writing dependency_links to ../../build/yahboom_mediapipe/yahboom_mediapipe.egg-info/dependency_links.txt
writing entry points to ../../build/yahboom_mediapipe/yahboom_mediapipe.egg-info/entry_points.txt
writing requirements to ../../build/yahboom_mediapipe/yahboom_mediapipe.egg-info/requires.txt
writing top-level names to ../../build/yahboom_mediapipe/yahboom_mediapipe.egg-info/top_level.txt
writing manifest file '../../build/yahboom_mediapipe/yahboom_mediapipe.egg-info/SOURCES.txt'
reading manifest file '../../build/yahboom_mediapipe/yahboom_mediapipe.egg-info/SOURCES.txt'
writing manifest file '../../build/yahboom_mediapipe/yahboom_mediapipe.egg-info/SOURCES.txt'
running build
running build_py
creating /home/dwduong74/yahboom_src/build/yahboom_mediapipe/build
creating /home/dwduong74/yahboom_src/build/yahboom_mediapipe/build/lib
creating /home/dwduong74/yahboom_src/build/yahboom_mediapipe/build/lib/yahboom_mediapipe
copying yahboom_mediapipe/test_msg.py -> /home/dwduong74/yahboom_src/build/yahboom_mediapipe/build/lib/yahboom_mediapipe
copying yahboom_mediapipe/09_VirtualPaint.py -> /home/dwduong74/yahboom_src/build/yahboom_mediapipe/build/lib/yahboom_mediapipe
copying yahboom_mediapipe/11_GestureRecognition.py -> /home/dwduong74/yahboom_src/build/yahboom_mediapipe/build/lib/yahboom_mediapipe
copying yahboom_mediapipe/06_FaceLandmarks.py -> /home/dwduong74/yahboom_src/build/yahboom_mediapipe/build/lib/yahboom_mediapipe
copying yahboom_mediapipe/08_Objectron.py -> /home/dwduong74/yahboom_src/build/yahboom_mediapipe/build/lib/yahboom_mediapipe
copying yahboom_mediapipe/untitled.py -> /home/dwduong74/yahboom_src/build/yahboom_mediapipe/build/lib/yahboom_mediapipe
copying yahboom_mediapipe/07_FaceDetection.py -> /home/dwduong74/yahboom_src/build/yahboom_mediapipe/build/lib/yahboom_mediapipe
copying yahboom_mediapipe/03_Holistic.py -> /home/dwduong74/yahboom_src/build/yahboom_mediapipe/build/lib/yahboom_mediapipe
copying yahboom_mediapipe/10_HandCtrl.py -> /home/dwduong74/yahboom_src/build/yahboom_mediapipe/build/lib/yahboom_mediapipe
copying yahboom_mediapipe/01_HandDetector.py -> /home/dwduong74/yahboom_src/build/yahboom_mediapipe/build/lib/yahboom_mediapipe
copying yahboom_mediapipe/05_FaceEyeDetection.py -> /home/dwduong74/yahboom_src/build/yahboom_mediapipe/build/lib/yahboom_mediapipe
copying yahboom_mediapipe/02_PoseDetector.py -> /home/dwduong74/yahboom_src/build/yahboom_mediapipe/build/lib/yahboom_mediapipe
copying yahboom_mediapipe/04_FaceMesh.py -> /home/dwduong74/yahboom_src/build/yahboom_mediapipe/build/lib/yahboom_mediapipe
copying yahboom_mediapipe/__init__.py -> /home/dwduong74/yahboom_src/build/yahboom_mediapipe/build/lib/yahboom_mediapipe
running install
running install_lib
creating /home/dwduong74/yahboom_src/install/yahboom_mediapipe/lib/python3.10/site-packages/yahboom_mediapipe
copying /home/dwduong74/yahboom_src/build/yahboom_mediapipe/build/lib/yahboom_mediapipe/test_msg.py -> /home/dwduong74/yahboom_src/install/yahboom_mediapipe/lib/python3.10/site-packages/yahboom_mediapipe
copying /home/dwduong74/yahboom_src/build/yahboom_mediapipe/build/lib/yahboom_mediapipe/09_VirtualPaint.py -> /home/dwduong74/yahboom_src/install/yahboom_mediapipe/lib/python3.10/site-packages/yahboom_mediapipe
copying /home/dwduong74/yahboom_src/build/yahboom_mediapipe/build/lib/yahboom_mediapipe/11_GestureRecognition.py -> /home/dwduong74/yahboom_src/install/yahboom_mediapipe/lib/python3.10/site-packages/yahboom_mediapipe
copying /home/dwduong74/yahboom_src/build/yahboom_mediapipe/build/lib/yahboom_mediapipe/06_FaceLandmarks.py -> /home/dwduong74/yahboom_src/install/yahboom_mediapipe/lib/python3.10/site-packages/yahboom_mediapipe
copying /home/dwduong74/yahboom_src/build/yahboom_mediapipe/build/lib/yahboom_mediapipe/08_Objectron.py -> /home/dwduong74/yahboom_src/install/yahboom_mediapipe/lib/python3.10/site-packages/yahboom_mediapipe
copying /home/dwduong74/yahboom_src/build/yahboom_mediapipe/build/lib/yahboom_mediapipe/untitled.py -> /home/dwduong74/yahboom_src/install/yahboom_mediapipe/lib/python3.10/site-packages/yahboom_mediapipe
copying /home/dwduong74/yahboom_src/build/yahboom_mediapipe/build/lib/yahboom_mediapipe/07_FaceDetection.py -> /home/dwduong74/yahboom_src/install/yahboom_mediapipe/lib/python3.10/site-packages/yahboom_mediapipe
copying /home/dwduong74/yahboom_src/build/yahboom_mediapipe/build/lib/yahboom_mediapipe/03_Holistic.py -> /home/dwduong74/yahboom_src/install/yahboom_mediapipe/lib/python3.10/site-packages/yahboom_mediapipe
copying /home/dwduong74/yahboom_src/build/yahboom_mediapipe/build/lib/yahboom_mediapipe/10_HandCtrl.py -> /home/dwduong74/yahboom_src/install/yahboom_mediapipe/lib/python3.10/site-packages/yahboom_mediapipe
copying /home/dwduong74/yahboom_src/build/yahboom_mediapipe/build/lib/yahboom_mediapipe/01_HandDetector.py -> /home/dwduong74/yahboom_src/install/yahboom_mediapipe/lib/python3.10/site-packages/yahboom_mediapipe
copying /home/dwduong74/yahboom_src/build/yahboom_mediapipe/build/lib/yahboom_mediapipe/05_FaceEyeDetection.py -> /home/dwduong74/yahboom_src/install/yahboom_mediapipe/lib/python3.10/site-packages/yahboom_mediapipe
copying /home/dwduong74/yahboom_src/build/yahboom_mediapipe/build/lib/yahboom_mediapipe/02_PoseDetector.py -> /home/dwduong74/yahboom_src/install/yahboom_mediapipe/lib/python3.10/site-packages/yahboom_mediapipe
copying /home/dwduong74/yahboom_src/build/yahboom_mediapipe/build/lib/yahboom_mediapipe/04_FaceMesh.py -> /home/dwduong74/yahboom_src/install/yahboom_mediapipe/lib/python3.10/site-packages/yahboom_mediapipe
copying /home/dwduong74/yahboom_src/build/yahboom_mediapipe/build/lib/yahboom_mediapipe/__init__.py -> /home/dwduong74/yahboom_src/install/yahboom_mediapipe/lib/python3.10/site-packages/yahboom_mediapipe
byte-compiling /home/dwduong74/yahboom_src/install/yahboom_mediapipe/lib/python3.10/site-packages/yahboom_mediapipe/test_msg.py to test_msg.cpython-310.pyc
byte-compiling /home/dwduong74/yahboom_src/install/yahboom_mediapipe/lib/python3.10/site-packages/yahboom_mediapipe/09_VirtualPaint.py to 09_VirtualPaint.cpython-310.pyc
byte-compiling /home/dwduong74/yahboom_src/install/yahboom_mediapipe/lib/python3.10/site-packages/yahboom_mediapipe/11_GestureRecognition.py to 11_GestureRecognition.cpython-310.pyc
byte-compiling /home/dwduong74/yahboom_src/install/yahboom_mediapipe/lib/python3.10/site-packages/yahboom_mediapipe/06_FaceLandmarks.py to 06_FaceLandmarks.cpython-310.pyc
byte-compiling /home/dwduong74/yahboom_src/install/yahboom_mediapipe/lib/python3.10/site-packages/yahboom_mediapipe/08_Objectron.py to 08_Objectron.cpython-310.pyc
byte-compiling /home/dwduong74/yahboom_src/install/yahboom_mediapipe/lib/python3.10/site-packages/yahboom_mediapipe/untitled.py to untitled.cpython-310.pyc
byte-compiling /home/dwduong74/yahboom_src/install/yahboom_mediapipe/lib/python3.10/site-packages/yahboom_mediapipe/07_FaceDetection.py to 07_FaceDetection.cpython-310.pyc
byte-compiling /home/dwduong74/yahboom_src/install/yahboom_mediapipe/lib/python3.10/site-packages/yahboom_mediapipe/03_Holistic.py to 03_Holistic.cpython-310.pyc
byte-compiling /home/dwduong74/yahboom_src/install/yahboom_mediapipe/lib/python3.10/site-packages/yahboom_mediapipe/10_HandCtrl.py to 10_HandCtrl.cpython-310.pyc
byte-compiling /home/dwduong74/yahboom_src/install/yahboom_mediapipe/lib/python3.10/site-packages/yahboom_mediapipe/01_HandDetector.py to 01_HandDetector.cpython-310.pyc
byte-compiling /home/dwduong74/yahboom_src/install/yahboom_mediapipe/lib/python3.10/site-packages/yahboom_mediapipe/05_FaceEyeDetection.py to 05_FaceEyeDetection.cpython-310.pyc
byte-compiling /home/dwduong74/yahboom_src/install/yahboom_mediapipe/lib/python3.10/site-packages/yahboom_mediapipe/02_PoseDetector.py to 02_PoseDetector.cpython-310.pyc
byte-compiling /home/dwduong74/yahboom_src/install/yahboom_mediapipe/lib/python3.10/site-packages/yahboom_mediapipe/04_FaceMesh.py to 04_FaceMesh.cpython-310.pyc
byte-compiling /home/dwduong74/yahboom_src/install/yahboom_mediapipe/lib/python3.10/site-packages/yahboom_mediapipe/__init__.py to __init__.cpython-310.pyc
running install_data
creating /home/dwduong74/yahboom_src/install/yahboom_mediapipe/share/ament_index
creating /home/dwduong74/yahboom_src/install/yahboom_mediapipe/share/ament_index/resource_index
creating /home/dwduong74/yahboom_src/install/yahboom_mediapipe/share/ament_index/resource_index/packages
copying resource/yahboom_mediapipe -> /home/dwduong74/yahboom_src/install/yahboom_mediapipe/share/ament_index/resource_index/packages
copying package.xml -> /home/dwduong74/yahboom_src/install/yahboom_mediapipe/share/yahboom_mediapipe
creating /home/dwduong74/yahboom_src/install/yahboom_mediapipe/share/yahboom_mediapipe/rviz
copying rviz/mediapipe_points.rviz -> /home/dwduong74/yahboom_src/install/yahboom_mediapipe/share/yahboom_mediapipe/rviz
creating /home/dwduong74/yahboom_src/install/yahboom_mediapipe/share/yahboom_mediapipe/launch
copying launch/mediapipe_points.launch.py -> /home/dwduong74/yahboom_src/install/yahboom_mediapipe/share/yahboom_mediapipe/launch
running install_egg_info
Copying ../../build/yahboom_mediapipe/yahboom_mediapipe.egg-info to /home/dwduong74/yahboom_src/install/yahboom_mediapipe/lib/python3.10/site-packages/yahboom_mediapipe-0.0.0-py3.10.egg-info
running install_scripts
Installing 01_HandDetector script to /home/dwduong74/yahboom_src/install/yahboom_mediapipe/lib/yahboom_mediapipe
Installing 02_PoseDetector script to /home/dwduong74/yahboom_src/install/yahboom_mediapipe/lib/yahboom_mediapipe
Installing 03_Holistic script to /home/dwduong74/yahboom_src/install/yahboom_mediapipe/lib/yahboom_mediapipe
Installing 04_FaceMesh script to /home/dwduong74/yahboom_src/install/yahboom_mediapipe/lib/yahboom_mediapipe
Installing 05_FaceEyeDetection script to /home/dwduong74/yahboom_src/install/yahboom_mediapipe/lib/yahboom_mediapipe
Installing test_msg script to /home/dwduong74/yahboom_src/install/yahboom_mediapipe/lib/yahboom_mediapipe
writing list of installed files to '/home/dwduong74/yahboom_src/build/yahboom_mediapipe/install.log'
