[2.786s] Invoking command in '/home/dwduong74/yahboom_src/src/yahboom_description': PYTHONPATH=/home/dwduong74/yahboom_src/build/yahboom_description/prefix_override:/usr/lib/python3/dist-packages/colcon_core/task/python/colcon_distutils_commands:/home/dwduong74/yahboom_src/install/yahboom_description/lib/python3.10/site-packages:${PYTHONPATH} /usr/bin/python3 -W ignore:setup.py install is deprecated -W ignore:easy_install command is deprecated setup.py egg_info --egg-base ../../build/yahboom_description build --build-base /home/dwduong74/yahboom_src/build/yahboom_description/build install --record /home/dwduong74/yahboom_src/build/yahboom_description/install.log --single-version-externally-managed install_data
[3.712s] running egg_info
[3.716s] writing ../../build/yahboom_description/yahboom_description.egg-info/PKG-INFO
[3.716s] writing dependency_links to ../../build/yahboom_description/yahboom_description.egg-info/dependency_links.txt
[3.716s] writing entry points to ../../build/yahboom_description/yahboom_description.egg-info/entry_points.txt
[3.716s] writing requirements to ../../build/yahboom_description/yahboom_description.egg-info/requires.txt
[3.716s] writing top-level names to ../../build/yahboom_description/yahboom_description.egg-info/top_level.txt
[3.719s] reading manifest file '../../build/yahboom_description/yahboom_description.egg-info/SOURCES.txt'
[3.721s] writing manifest file '../../build/yahboom_description/yahboom_description.egg-info/SOURCES.txt'
[3.721s] running build
[3.721s] running build_py
[3.722s] running install
[3.723s] running install_lib
[3.731s] running install_data
[3.731s] running install_egg_info
[3.741s] removing '/home/dwduong74/yahboom_src/install/yahboom_description/lib/python3.10/site-packages/yahboom_description-0.0.0-py3.10.egg-info' (and everything under it)
[3.742s] Copying ../../build/yahboom_description/yahboom_description.egg-info to /home/dwduong74/yahboom_src/install/yahboom_description/lib/python3.10/site-packages/yahboom_description-0.0.0-py3.10.egg-info
[3.747s] running install_scripts
[3.796s] writing list of installed files to '/home/dwduong74/yahboom_src/build/yahboom_description/install.log'
[3.933s] Invoked command in '/home/dwduong74/yahboom_src/src/yahboom_description' returned '0': PYTHONPATH=/home/dwduong74/yahboom_src/build/yahboom_description/prefix_override:/usr/lib/python3/dist-packages/colcon_core/task/python/colcon_distutils_commands:/home/dwduong74/yahboom_src/install/yahboom_description/lib/python3.10/site-packages:${PYTHONPATH} /usr/bin/python3 -W ignore:setup.py install is deprecated -W ignore:easy_install command is deprecated setup.py egg_info --egg-base ../../build/yahboom_description build --build-base /home/dwduong74/yahboom_src/build/yahboom_description/build install --record /home/dwduong74/yahboom_src/build/yahboom_description/install.log --single-version-externally-managed install_data
