[3.571s] Invoking command in '/home/dwduong74/yahboom_src/src/yahboom_description': PYTHONPATH=/home/dwduong74/yahboom_src/build/yahboom_description/prefix_override:/usr/lib/python3/dist-packages/colcon_core/task/python/colcon_distutils_commands:/home/dwduong74/yahboom_src/install/yahboom_description/lib/python3.10/site-packages:${PYTHONPATH} /usr/bin/python3 -W ignore:setup.py install is deprecated -W ignore:easy_install command is deprecated setup.py egg_info --egg-base ../../build/yahboom_description build --build-base /home/dwduong74/yahboom_src/build/yahboom_description/build install --record /home/dwduong74/yahboom_src/build/yahboom_description/install.log --single-version-externally-managed install_data
[4.628s] running egg_info
[4.630s] writing ../../build/yahboom_description/yahboom_description.egg-info/PKG-INFO
[4.630s] writing dependency_links to ../../build/yahboom_description/yahboom_description.egg-info/dependency_links.txt
[4.631s] writing entry points to ../../build/yahboom_description/yahboom_description.egg-info/entry_points.txt
[4.631s] writing requirements to ../../build/yahboom_description/yahboom_description.egg-info/requires.txt
[4.631s] writing top-level names to ../../build/yahboom_description/yahboom_description.egg-info/top_level.txt
[4.636s] reading manifest file '../../build/yahboom_description/yahboom_description.egg-info/SOURCES.txt'
[4.638s] writing manifest file '../../build/yahboom_description/yahboom_description.egg-info/SOURCES.txt'
[4.638s] running build
[4.638s] running build_py
[4.640s] running install
[4.640s] running install_lib
[4.641s] running install_data
[4.643s] running install_egg_info
[4.645s] removing '/home/dwduong74/yahboom_src/install/yahboom_description/lib/python3.10/site-packages/yahboom_description-0.0.0-py3.10.egg-info' (and everything under it)
[4.650s] Copying ../../build/yahboom_description/yahboom_description.egg-info to /home/dwduong74/yahboom_src/install/yahboom_description/lib/python3.10/site-packages/yahboom_description-0.0.0-py3.10.egg-info
[4.650s] running install_scripts
[4.679s] writing list of installed files to '/home/dwduong74/yahboom_src/build/yahboom_description/install.log'
[5.277s] Invoked command in '/home/dwduong74/yahboom_src/src/yahboom_description' returned '0': PYTHONPATH=/home/dwduong74/yahboom_src/build/yahboom_description/prefix_override:/usr/lib/python3/dist-packages/colcon_core/task/python/colcon_distutils_commands:/home/dwduong74/yahboom_src/install/yahboom_description/lib/python3.10/site-packages:${PYTHONPATH} /usr/bin/python3 -W ignore:setup.py install is deprecated -W ignore:easy_install command is deprecated setup.py egg_info --egg-base ../../build/yahboom_description build --build-base /home/dwduong74/yahboom_src/build/yahboom_description/build install --record /home/dwduong74/yahboom_src/build/yahboom_description/install.log --single-version-externally-managed install_data
