[0.690s] Invoking command in '/home/dwduong74/yahboom_src/build/champ_navigation': CMAKE_PREFIX_PATH=${CMAKE_PREFIX_PATH}:/home/dwduong74/LUMI_ws/install/custom_explorer:/opt/ros/humble /usr/bin/cmake /home/dwduong74/yahboom_src/src/unitree-go2-ros2/champ/champ_navigation -DCMAKE_INSTALL_PREFIX=/home/dwduong74/yahboom_src/install/champ_navigation
[0.788s] -- The C compiler identification is GNU 11.4.0
[0.909s] -- The CXX compiler identification is GNU 11.4.0
[0.923s] -- Detecting C compiler ABI info
[1.065s] -- Detecting C compiler ABI info - done
[1.087s] -- Check for working C compiler: /usr/bin/cc - skipped
[1.089s] -- Detecting C compile features
[1.089s] -- Detecting C compile features - done
[1.096s] -- Detecting CXX compiler ABI info
[1.246s] -- Detecting CXX compiler ABI info - done
[1.267s] -- Check for working CXX compiler: /usr/bin/c++ - skipped
[1.268s] -- Detecting CXX compile features
[1.269s] -- Detecting CXX compile features - done
[1.275s] -- Found ament_cmake: 1.3.12 (/opt/ros/humble/share/ament_cmake/cmake)
[1.608s] -- Found Python3: /usr/bin/python3 (found version "3.10.12") found components: Interpreter 
[1.988s] -- Configuring done
[1.993s] -- Generating done
[2.002s] -- Build files have been written to: /home/dwduong74/yahboom_src/build/champ_navigation
[2.021s] Invoked command in '/home/dwduong74/yahboom_src/build/champ_navigation' returned '0': CMAKE_PREFIX_PATH=${CMAKE_PREFIX_PATH}:/home/dwduong74/LUMI_ws/install/custom_explorer:/opt/ros/humble /usr/bin/cmake /home/dwduong74/yahboom_src/src/unitree-go2-ros2/champ/champ_navigation -DCMAKE_INSTALL_PREFIX=/home/dwduong74/yahboom_src/install/champ_navigation
[2.023s] Invoking command in '/home/dwduong74/yahboom_src/build/champ_navigation': CMAKE_PREFIX_PATH=${CMAKE_PREFIX_PATH}:/home/dwduong74/LUMI_ws/install/custom_explorer:/opt/ros/humble /usr/bin/cmake --build /home/dwduong74/yahboom_src/build/champ_navigation -- -j8 -l8
[2.129s] Invoked command in '/home/dwduong74/yahboom_src/build/champ_navigation' returned '0': CMAKE_PREFIX_PATH=${CMAKE_PREFIX_PATH}:/home/dwduong74/LUMI_ws/install/custom_explorer:/opt/ros/humble /usr/bin/cmake --build /home/dwduong74/yahboom_src/build/champ_navigation -- -j8 -l8
[2.132s] Invoking command in '/home/dwduong74/yahboom_src/build/champ_navigation': CMAKE_PREFIX_PATH=${CMAKE_PREFIX_PATH}:/home/dwduong74/LUMI_ws/install/custom_explorer:/opt/ros/humble /usr/bin/cmake --install /home/dwduong74/yahboom_src/build/champ_navigation
[2.144s] -- Install configuration: ""
[2.145s] -- Installing: /home/dwduong74/yahboom_src/install/champ_navigation/share/champ_navigation/launch
[2.145s] -- Installing: /home/dwduong74/yahboom_src/install/champ_navigation/share/champ_navigation/launch/navigate.launch.py
[2.145s] -- Installing: /home/dwduong74/yahboom_src/install/champ_navigation/share/champ_navigation/launch/slam.launch.py
[2.145s] -- Installing: /home/dwduong74/yahboom_src/install/champ_navigation/share/champ_navigation/rviz
[2.147s] -- Installing: /home/dwduong74/yahboom_src/install/champ_navigation/share/champ_navigation/rviz/navigation_minimal.rviz
[2.148s] -- Installing: /home/dwduong74/yahboom_src/install/champ_navigation/share/champ_navigation/rviz/slam.rviz
[2.148s] -- Installing: /home/dwduong74/yahboom_src/install/champ_navigation/share/champ_navigation/rviz/navigation.rviz
[2.148s] -- Installing: /home/dwduong74/yahboom_src/install/champ_navigation/share/ament_index/resource_index/package_run_dependencies/champ_navigation
[2.148s] -- Installing: /home/dwduong74/yahboom_src/install/champ_navigation/share/ament_index/resource_index/parent_prefix_path/champ_navigation
[2.148s] -- Installing: /home/dwduong74/yahboom_src/install/champ_navigation/share/champ_navigation/environment/ament_prefix_path.sh
[2.148s] -- Installing: /home/dwduong74/yahboom_src/install/champ_navigation/share/champ_navigation/environment/ament_prefix_path.dsv
[2.149s] -- Installing: /home/dwduong74/yahboom_src/install/champ_navigation/share/champ_navigation/environment/path.sh
[2.149s] -- Installing: /home/dwduong74/yahboom_src/install/champ_navigation/share/champ_navigation/environment/path.dsv
[2.149s] -- Installing: /home/dwduong74/yahboom_src/install/champ_navigation/share/champ_navigation/local_setup.bash
[2.151s] -- Installing: /home/dwduong74/yahboom_src/install/champ_navigation/share/champ_navigation/local_setup.sh
[2.152s] -- Installing: /home/dwduong74/yahboom_src/install/champ_navigation/share/champ_navigation/local_setup.zsh
[2.152s] -- Installing: /home/dwduong74/yahboom_src/install/champ_navigation/share/champ_navigation/local_setup.dsv
[2.152s] -- Installing: /home/dwduong74/yahboom_src/install/champ_navigation/share/champ_navigation/package.dsv
[2.152s] -- Installing: /home/dwduong74/yahboom_src/install/champ_navigation/share/ament_index/resource_index/packages/champ_navigation
[2.152s] -- Installing: /home/dwduong74/yahboom_src/install/champ_navigation/share/champ_navigation/cmake/champ_navigationConfig.cmake
[2.152s] -- Installing: /home/dwduong74/yahboom_src/install/champ_navigation/share/champ_navigation/cmake/champ_navigationConfig-version.cmake
[2.152s] -- Installing: /home/dwduong74/yahboom_src/install/champ_navigation/share/champ_navigation/package.xml
[2.205s] Invoked command in '/home/dwduong74/yahboom_src/build/champ_navigation' returned '0': CMAKE_PREFIX_PATH=${CMAKE_PREFIX_PATH}:/home/dwduong74/LUMI_ws/install/custom_explorer:/opt/ros/humble /usr/bin/cmake --install /home/dwduong74/yahboom_src/build/champ_navigation
