[0.083s] Invoking command in '/home/dwduong74/yahboom_src/build/champ': CMAKE_PREFIX_PATH=${CMAKE_PREFIX_PATH}:/home/dwduong74/yahboom_src/install/yahboom_set_height:/home/dwduong74/yahboom_src/install/yahboom_mediapipe:/home/dwduong74/yahboom_src/install/yahboom_gait:/home/dwduong74/yahboom_src/install/yahboom_dog_joint_state:/home/dwduong74/yahboom_src/install/yahboom_description:/home/dwduong74/yahboom_src/install/yahboom_bringup:/home/dwduong74/yahboom_src/install/yahboom_base:/home/dwduong74/yahboom_src/install/yahboom_app_save_map:/home/dwduong74/yahboom_src/install/tf_publisher:/home/dwduong74/yahboom_src/install/bringup:/home/dwduong74/LUMI_ws/install/custom_explorer:/opt/ros/humble /usr/bin/cmake --build /home/dwduong74/yahboom_src/build/champ -- -j8 -l8
[0.726s] Invoked command in '/home/dwduong74/yahboom_src/build/champ' returned '0': CMAKE_PREFIX_PATH=${CMAKE_PREFIX_PATH}:/home/dwduong74/yahboom_src/install/yahboom_set_height:/home/dwduong74/yahboom_src/install/yahboom_mediapipe:/home/dwduong74/yahboom_src/install/yahboom_gait:/home/dwduong74/yahboom_src/install/yahboom_dog_joint_state:/home/dwduong74/yahboom_src/install/yahboom_description:/home/dwduong74/yahboom_src/install/yahboom_bringup:/home/dwduong74/yahboom_src/install/yahboom_base:/home/dwduong74/yahboom_src/install/yahboom_app_save_map:/home/dwduong74/yahboom_src/install/tf_publisher:/home/dwduong74/yahboom_src/install/bringup:/home/dwduong74/LUMI_ws/install/custom_explorer:/opt/ros/humble /usr/bin/cmake --build /home/dwduong74/yahboom_src/build/champ -- -j8 -l8
[0.742s] Invoking command in '/home/dwduong74/yahboom_src/build/champ': CMAKE_PREFIX_PATH=${CMAKE_PREFIX_PATH}:/home/dwduong74/yahboom_src/install/yahboom_set_height:/home/dwduong74/yahboom_src/install/yahboom_mediapipe:/home/dwduong74/yahboom_src/install/yahboom_gait:/home/dwduong74/yahboom_src/install/yahboom_dog_joint_state:/home/dwduong74/yahboom_src/install/yahboom_description:/home/dwduong74/yahboom_src/install/yahboom_bringup:/home/dwduong74/yahboom_src/install/yahboom_base:/home/dwduong74/yahboom_src/install/yahboom_app_save_map:/home/dwduong74/yahboom_src/install/tf_publisher:/home/dwduong74/yahboom_src/install/bringup:/home/dwduong74/LUMI_ws/install/custom_explorer:/opt/ros/humble /usr/bin/cmake --install /home/dwduong74/yahboom_src/build/champ
[0.768s] -- Install configuration: ""
[0.768s] -- Up-to-date: /home/dwduong74/yahboom_src/install/champ/include
[0.768s] -- Up-to-date: /home/dwduong74/yahboom_src/install/champ/include/champ
[0.768s] -- Up-to-date: /home/dwduong74/yahboom_src/install/champ/include/champ/bla
[0.768s] -- Up-to-date: /home/dwduong74/yahboom_src/install/champ/include/champ/bla/basic_linear_algebra.h
[0.768s] -- Up-to-date: /home/dwduong74/yahboom_src/install/champ/include/champ/bla/memory_delegate.h
[0.769s] -- Up-to-date: /home/dwduong74/yahboom_src/install/champ/include/champ/README.md
[0.769s] -- Up-to-date: /home/dwduong74/yahboom_src/install/champ/include/champ/LICENSE
[0.769s] -- Up-to-date: /home/dwduong74/yahboom_src/install/champ/include/champ/quadruped_base
[0.769s] -- Up-to-date: /home/dwduong74/yahboom_src/install/champ/include/champ/quadruped_base/quadruped_leg.h
[0.769s] -- Up-to-date: /home/dwduong74/yahboom_src/install/champ/include/champ/quadruped_base/quadruped_joint.h
[0.769s] -- Up-to-date: /home/dwduong74/yahboom_src/install/champ/include/champ/quadruped_base/quadruped_components.h
[0.770s] -- Up-to-date: /home/dwduong74/yahboom_src/install/champ/include/champ/quadruped_base/quadruped_base.h
[0.770s] -- Up-to-date: /home/dwduong74/yahboom_src/install/champ/include/champ/body_controller
[0.770s] -- Up-to-date: /home/dwduong74/yahboom_src/install/champ/include/champ/body_controller/body_controller.h
[0.771s] -- Up-to-date: /home/dwduong74/yahboom_src/install/champ/include/champ/geometry
[0.771s] -- Up-to-date: /home/dwduong74/yahboom_src/install/champ/include/champ/geometry/geometry.h
[0.771s] -- Up-to-date: /home/dwduong74/yahboom_src/install/champ/include/champ/utils
[0.771s] -- Up-to-date: /home/dwduong74/yahboom_src/install/champ/include/champ/utils/urdf_loader.h
[0.771s] -- Up-to-date: /home/dwduong74/yahboom_src/install/champ/include/champ/utils/xmlrpc_helpers.h
[0.772s] -- Up-to-date: /home/dwduong74/yahboom_src/install/champ/include/champ/kinematics
[0.772s] -- Up-to-date: /home/dwduong74/yahboom_src/install/champ/include/champ/kinematics/kinematics.h
[0.772s] -- Up-to-date: /home/dwduong74/yahboom_src/install/champ/include/champ/odometry
[0.772s] -- Up-to-date: /home/dwduong74/yahboom_src/install/champ/include/champ/odometry/odometry.h
[0.772s] -- Up-to-date: /home/dwduong74/yahboom_src/install/champ/include/champ/macros
[0.773s] -- Up-to-date: /home/dwduong74/yahboom_src/install/champ/include/champ/macros/macros.h
[0.773s] -- Up-to-date: /home/dwduong74/yahboom_src/install/champ/include/champ/leg_controller
[0.773s] -- Up-to-date: /home/dwduong74/yahboom_src/install/champ/include/champ/leg_controller/trajectory_planner.h
[0.773s] -- Up-to-date: /home/dwduong74/yahboom_src/install/champ/include/champ/leg_controller/phase_generator.h
[0.773s] -- Up-to-date: /home/dwduong74/yahboom_src/install/champ/include/champ/leg_controller/leg_controller.h
[0.773s] -- Up-to-date: /home/dwduong74/yahboom_src/install/champ/share/ament_index/resource_index/package_run_dependencies/champ
[0.773s] -- Up-to-date: /home/dwduong74/yahboom_src/install/champ/share/ament_index/resource_index/parent_prefix_path/champ
[0.773s] -- Up-to-date: /home/dwduong74/yahboom_src/install/champ/share/champ/environment/ament_prefix_path.sh
[0.774s] -- Up-to-date: /home/dwduong74/yahboom_src/install/champ/share/champ/environment/ament_prefix_path.dsv
[0.774s] -- Up-to-date: /home/dwduong74/yahboom_src/install/champ/share/champ/environment/path.sh
[0.774s] -- Up-to-date: /home/dwduong74/yahboom_src/install/champ/share/champ/environment/path.dsv
[0.774s] -- Up-to-date: /home/dwduong74/yahboom_src/install/champ/share/champ/local_setup.bash
[0.774s] -- Up-to-date: /home/dwduong74/yahboom_src/install/champ/share/champ/local_setup.sh
[0.775s] -- Up-to-date: /home/dwduong74/yahboom_src/install/champ/share/champ/local_setup.zsh
[0.775s] -- Up-to-date: /home/dwduong74/yahboom_src/install/champ/share/champ/local_setup.dsv
[0.775s] -- Installing: /home/dwduong74/yahboom_src/install/champ/share/champ/package.dsv
[0.775s] -- Up-to-date: /home/dwduong74/yahboom_src/install/champ/share/ament_index/resource_index/packages/champ
[0.775s] -- Up-to-date: /home/dwduong74/yahboom_src/install/champ/share/champ/cmake/ament_cmake_export_include_directories-extras.cmake
[0.775s] -- Up-to-date: /home/dwduong74/yahboom_src/install/champ/share/champ/cmake/champConfig.cmake
[0.776s] -- Up-to-date: /home/dwduong74/yahboom_src/install/champ/share/champ/cmake/champConfig-version.cmake
[0.776s] -- Up-to-date: /home/dwduong74/yahboom_src/install/champ/share/champ/package.xml
[0.790s] Invoked command in '/home/dwduong74/yahboom_src/build/champ' returned '0': CMAKE_PREFIX_PATH=${CMAKE_PREFIX_PATH}:/home/dwduong74/yahboom_src/install/yahboom_set_height:/home/dwduong74/yahboom_src/install/yahboom_mediapipe:/home/dwduong74/yahboom_src/install/yahboom_gait:/home/dwduong74/yahboom_src/install/yahboom_dog_joint_state:/home/dwduong74/yahboom_src/install/yahboom_description:/home/dwduong74/yahboom_src/install/yahboom_bringup:/home/dwduong74/yahboom_src/install/yahboom_base:/home/dwduong74/yahboom_src/install/yahboom_app_save_map:/home/dwduong74/yahboom_src/install/tf_publisher:/home/dwduong74/yahboom_src/install/bringup:/home/dwduong74/LUMI_ws/install/custom_explorer:/opt/ros/humble /usr/bin/cmake --install /home/dwduong74/yahboom_src/build/champ
