[3.725s] Invoking command in '/home/dwduong74/yahboom_src/src/bringup': PYTHONPATH=/home/dwduong74/yahboom_src/build/bringup/prefix_override:/usr/lib/python3/dist-packages/colcon_core/task/python/colcon_distutils_commands:/home/dwduong74/yahboom_src/install/bringup/lib/python3.10/site-packages:${PYTHONPATH} /usr/bin/python3 -W ignore:setup.py install is deprecated -W ignore:easy_install command is deprecated setup.py egg_info --egg-base ../../build/bringup build --build-base /home/dwduong74/yahboom_src/build/bringup/build install --record /home/dwduong74/yahboom_src/build/bringup/install.log --single-version-externally-managed install_data
[4.397s] running egg_info
[4.399s] writing ../../build/bringup/bringup.egg-info/PKG-INFO
[4.399s] writing dependency_links to ../../build/bringup/bringup.egg-info/dependency_links.txt
[4.400s] writing entry points to ../../build/bringup/bringup.egg-info/entry_points.txt
[4.400s] writing requirements to ../../build/bringup/bringup.egg-info/requires.txt
[4.400s] writing top-level names to ../../build/bringup/bringup.egg-info/top_level.txt
[4.400s] reading manifest file '../../build/bringup/bringup.egg-info/SOURCES.txt'
[4.401s] writing manifest file '../../build/bringup/bringup.egg-info/SOURCES.txt'
[4.401s] running build
[4.401s] running build_py
[4.401s] running install
[4.401s] running install_lib
[4.401s] running install_data
[4.401s] running install_egg_info
[4.402s] removing '/home/dwduong74/yahboom_src/install/bringup/lib/python3.10/site-packages/bringup-0.0.0-py3.10.egg-info' (and everything under it)
[4.402s] Copying ../../build/bringup/bringup.egg-info to /home/dwduong74/yahboom_src/install/bringup/lib/python3.10/site-packages/bringup-0.0.0-py3.10.egg-info
[4.402s] running install_scripts
[4.402s] writing list of installed files to '/home/dwduong74/yahboom_src/build/bringup/install.log'
[4.480s] Invoked command in '/home/dwduong74/yahboom_src/src/bringup' returned '0': PYTHONPATH=/home/dwduong74/yahboom_src/build/bringup/prefix_override:/usr/lib/python3/dist-packages/colcon_core/task/python/colcon_distutils_commands:/home/dwduong74/yahboom_src/install/bringup/lib/python3.10/site-packages:${PYTHONPATH} /usr/bin/python3 -W ignore:setup.py install is deprecated -W ignore:easy_install command is deprecated setup.py egg_info --egg-base ../../build/bringup build --build-base /home/dwduong74/yahboom_src/build/bringup/build install --record /home/dwduong74/yahboom_src/build/bringup/install.log --single-version-externally-managed install_data
