[0.694s] Invoking command in '/home/dwduong74/yahboom_src/build/champ_config': CMAKE_PREFIX_PATH=${CMAKE_PREFIX_PATH}:/home/dwduong74/LUMI_ws/install/custom_explorer:/opt/ros/humble /usr/bin/cmake /home/dwduong74/yahboom_src/src/unitree-go2-ros2/champ/champ_config -DCMAKE_INSTALL_PREFIX=/home/dwduong74/yahboom_src/install/champ_config
[0.795s] -- The C compiler identification is GNU 11.4.0
[0.905s] -- The CXX compiler identification is GNU 11.4.0
[0.917s] -- Detecting C compiler ABI info
[1.055s] -- Detecting C compiler ABI info - done
[1.073s] -- Check for working C compiler: /usr/bin/cc - skipped
[1.073s] -- Detecting C compile features
[1.074s] -- Detecting C compile features - done
[1.079s] -- Detecting CXX compiler ABI info
[1.239s] -- Detecting CXX compiler ABI info - done
[1.258s] -- Check for working CXX compiler: /usr/bin/c++ - skipped
[1.259s] -- Detecting CXX compile features
[1.259s] -- Detecting CXX compile features - done
[1.264s] -- Found ament_cmake: 1.3.12 (/opt/ros/humble/share/ament_cmake/cmake)
[1.571s] -- Found Python3: /usr/bin/python3 (found version "3.10.12") found components: Interpreter 
[1.933s] -- Configuring done
[1.937s] -- Generating done
[1.941s] -- Build files have been written to: /home/dwduong74/yahboom_src/build/champ_config
[1.961s] Invoked command in '/home/dwduong74/yahboom_src/build/champ_config' returned '0': CMAKE_PREFIX_PATH=${CMAKE_PREFIX_PATH}:/home/dwduong74/LUMI_ws/install/custom_explorer:/opt/ros/humble /usr/bin/cmake /home/dwduong74/yahboom_src/src/unitree-go2-ros2/champ/champ_config -DCMAKE_INSTALL_PREFIX=/home/dwduong74/yahboom_src/install/champ_config
[1.962s] Invoking command in '/home/dwduong74/yahboom_src/build/champ_config': CMAKE_PREFIX_PATH=${CMAKE_PREFIX_PATH}:/home/dwduong74/LUMI_ws/install/custom_explorer:/opt/ros/humble /usr/bin/cmake --build /home/dwduong74/yahboom_src/build/champ_config -- -j8 -l8
[2.040s] Invoked command in '/home/dwduong74/yahboom_src/build/champ_config' returned '0': CMAKE_PREFIX_PATH=${CMAKE_PREFIX_PATH}:/home/dwduong74/LUMI_ws/install/custom_explorer:/opt/ros/humble /usr/bin/cmake --build /home/dwduong74/yahboom_src/build/champ_config -- -j8 -l8
[2.052s] Invoking command in '/home/dwduong74/yahboom_src/build/champ_config': CMAKE_PREFIX_PATH=${CMAKE_PREFIX_PATH}:/home/dwduong74/LUMI_ws/install/custom_explorer:/opt/ros/humble /usr/bin/cmake --install /home/dwduong74/yahboom_src/build/champ_config
[2.065s] -- Install configuration: ""
[2.065s] -- Installing: /home/dwduong74/yahboom_src/install/champ_config/share/champ_config/launch
[2.066s] -- Installing: /home/dwduong74/yahboom_src/install/champ_config/share/champ_config/launch/gazebo.launch.py
[2.067s] -- Installing: /home/dwduong74/yahboom_src/install/champ_config/share/champ_config/launch/bringup.launch.py
[2.067s] -- Installing: /home/dwduong74/yahboom_src/install/champ_config/share/champ_config/launch/navigate.launch.py
[2.067s] -- Installing: /home/dwduong74/yahboom_src/install/champ_config/share/champ_config/launch/slam.launch.py
[2.067s] -- Installing: /home/dwduong74/yahboom_src/install/champ_config/share/champ_config/config
[2.068s] -- Installing: /home/dwduong74/yahboom_src/install/champ_config/share/champ_config/config/gait
[2.068s] -- Installing: /home/dwduong74/yahboom_src/install/champ_config/share/champ_config/config/gait/gait.yaml
[2.068s] -- Installing: /home/dwduong74/yahboom_src/install/champ_config/share/champ_config/config/joints
[2.068s] -- Installing: /home/dwduong74/yahboom_src/install/champ_config/share/champ_config/config/joints/joints.yaml
[2.068s] -- Installing: /home/dwduong74/yahboom_src/install/champ_config/share/champ_config/config/links
[2.068s] -- Installing: /home/dwduong74/yahboom_src/install/champ_config/share/champ_config/config/links/links.yaml
[2.068s] -- Installing: /home/dwduong74/yahboom_src/install/champ_config/share/champ_config/config/autonomy
[2.069s] -- Installing: /home/dwduong74/yahboom_src/install/champ_config/share/champ_config/config/autonomy/navigation.yaml
[2.069s] -- Installing: /home/dwduong74/yahboom_src/install/champ_config/share/champ_config/config/autonomy/slam.yaml
[2.069s] -- Installing: /home/dwduong74/yahboom_src/install/champ_config/share/champ_config/maps
[2.069s] -- Installing: /home/dwduong74/yahboom_src/install/champ_config/share/champ_config/maps/map.pgm
[2.073s] -- Installing: /home/dwduong74/yahboom_src/install/champ_config/share/champ_config/maps/playground.pgm
[2.074s] -- Installing: /home/dwduong74/yahboom_src/install/champ_config/share/champ_config/maps/map.yaml
[2.075s] -- Installing: /home/dwduong74/yahboom_src/install/champ_config/share/champ_config/maps/playground.yaml
[2.075s] -- Installing: /home/dwduong74/yahboom_src/install/champ_config/share/champ_config/worlds
[2.081s] -- Installing: /home/dwduong74/yahboom_src/install/champ_config/share/champ_config/worlds/default.sdf
[2.081s] -- Installing: /home/dwduong74/yahboom_src/install/champ_config/share/champ_config/worlds/default.world
[2.081s] -- Installing: /home/dwduong74/yahboom_src/install/champ_config/share/champ_config/worlds/playground.world
[2.081s] -- Installing: /home/dwduong74/yahboom_src/install/champ_config/share/champ_config/worlds/baylands.sdf
[2.081s] -- Installing: /home/dwduong74/yahboom_src/install/champ_config/share/champ_config/worlds/outdoor.world
[2.081s] -- Installing: /home/dwduong74/yahboom_src/install/champ_config/share/ament_index/resource_index/package_run_dependencies/champ_config
[2.082s] -- Installing: /home/dwduong74/yahboom_src/install/champ_config/share/ament_index/resource_index/parent_prefix_path/champ_config
[2.082s] -- Installing: /home/dwduong74/yahboom_src/install/champ_config/share/champ_config/environment/ament_prefix_path.sh
[2.082s] -- Installing: /home/dwduong74/yahboom_src/install/champ_config/share/champ_config/environment/ament_prefix_path.dsv
[2.082s] -- Installing: /home/dwduong74/yahboom_src/install/champ_config/share/champ_config/environment/path.sh
[2.082s] -- Installing: /home/dwduong74/yahboom_src/install/champ_config/share/champ_config/environment/path.dsv
[2.085s] -- Installing: /home/dwduong74/yahboom_src/install/champ_config/share/champ_config/local_setup.bash
[2.085s] -- Installing: /home/dwduong74/yahboom_src/install/champ_config/share/champ_config/local_setup.sh
[2.085s] -- Installing: /home/dwduong74/yahboom_src/install/champ_config/share/champ_config/local_setup.zsh
[2.086s] -- Installing: /home/dwduong74/yahboom_src/install/champ_config/share/champ_config/local_setup.dsv
[2.086s] -- Installing: /home/dwduong74/yahboom_src/install/champ_config/share/champ_config/package.dsv
[2.086s] -- Installing: /home/dwduong74/yahboom_src/install/champ_config/share/ament_index/resource_index/packages/champ_config
[2.086s] -- Installing: /home/dwduong74/yahboom_src/install/champ_config/share/champ_config/cmake/champ_configConfig.cmake
[2.086s] -- Installing: /home/dwduong74/yahboom_src/install/champ_config/share/champ_config/cmake/champ_configConfig-version.cmake
[2.087s] -- Installing: /home/dwduong74/yahboom_src/install/champ_config/share/champ_config/package.xml
[2.090s] Invoked command in '/home/dwduong74/yahboom_src/build/champ_config' returned '0': CMAKE_PREFIX_PATH=${CMAKE_PREFIX_PATH}:/home/dwduong74/LUMI_ws/install/custom_explorer:/opt/ros/humble /usr/bin/cmake --install /home/dwduong74/yahboom_src/build/champ_config
