[0.094s] Invoking command in '/home/dwduong74/yahboom_src/build/champ': CMAKE_PREFIX_PATH=${CMAKE_PREFIX_PATH}:/home/dwduong74/yahboom_src/install/yahboom_set_height:/home/dwduong74/yahboom_src/install/yahboom_mediapipe:/home/dwduong74/yahboom_src/install/yahboom_gait:/home/dwduong74/yahboom_src/install/yahboom_dog_joint_state:/home/dwduong74/yahboom_src/install/yahboom_description:/home/dwduong74/yahboom_src/install/yahboom_bringup:/home/dwduong74/yahboom_src/install/yahboom_base:/home/dwduong74/yahboom_src/install/yahboom_app_save_map:/home/dwduong74/yahboom_src/install/tf_publisher:/home/dwduong74/yahboom_src/install/bringup:/home/dwduong74/LUMI_ws/install/custom_explorer:/opt/ros/humble /usr/bin/cmake --build /home/dwduong74/yahboom_src/build/champ -- -j8 -l8
[0.997s] Invoked command in '/home/dwduong74/yahboom_src/build/champ' returned '0': CMAKE_PREFIX_PATH=${CMAKE_PREFIX_PATH}:/home/dwduong74/yahboom_src/install/yahboom_set_height:/home/dwduong74/yahboom_src/install/yahboom_mediapipe:/home/dwduong74/yahboom_src/install/yahboom_gait:/home/dwduong74/yahboom_src/install/yahboom_dog_joint_state:/home/dwduong74/yahboom_src/install/yahboom_description:/home/dwduong74/yahboom_src/install/yahboom_bringup:/home/dwduong74/yahboom_src/install/yahboom_base:/home/dwduong74/yahboom_src/install/yahboom_app_save_map:/home/dwduong74/yahboom_src/install/tf_publisher:/home/dwduong74/yahboom_src/install/bringup:/home/dwduong74/LUMI_ws/install/custom_explorer:/opt/ros/humble /usr/bin/cmake --build /home/dwduong74/yahboom_src/build/champ -- -j8 -l8
[1.000s] Invoking command in '/home/dwduong74/yahboom_src/build/champ': CMAKE_PREFIX_PATH=${CMAKE_PREFIX_PATH}:/home/dwduong74/yahboom_src/install/yahboom_set_height:/home/dwduong74/yahboom_src/install/yahboom_mediapipe:/home/dwduong74/yahboom_src/install/yahboom_gait:/home/dwduong74/yahboom_src/install/yahboom_dog_joint_state:/home/dwduong74/yahboom_src/install/yahboom_description:/home/dwduong74/yahboom_src/install/yahboom_bringup:/home/dwduong74/yahboom_src/install/yahboom_base:/home/dwduong74/yahboom_src/install/yahboom_app_save_map:/home/dwduong74/yahboom_src/install/tf_publisher:/home/dwduong74/yahboom_src/install/bringup:/home/dwduong74/LUMI_ws/install/custom_explorer:/opt/ros/humble /usr/bin/cmake --install /home/dwduong74/yahboom_src/build/champ
[1.038s] -- Install configuration: ""
[1.039s] -- Up-to-date: /home/dwduong74/yahboom_src/install/champ/include
[1.039s] -- Up-to-date: /home/dwduong74/yahboom_src/install/champ/include/champ
[1.039s] -- Up-to-date: /home/dwduong74/yahboom_src/install/champ/include/champ/bla
[1.040s] -- Installing: /home/dwduong74/yahboom_src/install/champ/include/champ/bla/basic_linear_algebra.h
[1.040s] -- Installing: /home/dwduong74/yahboom_src/install/champ/include/champ/bla/memory_delegate.h
[1.041s] -- Installing: /home/dwduong74/yahboom_src/install/champ/include/champ/README.md
[1.042s] -- Installing: /home/dwduong74/yahboom_src/install/champ/include/champ/LICENSE
[1.042s] -- Up-to-date: /home/dwduong74/yahboom_src/install/champ/include/champ/quadruped_base
[1.043s] -- Installing: /home/dwduong74/yahboom_src/install/champ/include/champ/quadruped_base/quadruped_leg.h
[1.044s] -- Installing: /home/dwduong74/yahboom_src/install/champ/include/champ/quadruped_base/quadruped_joint.h
[1.045s] -- Installing: /home/dwduong74/yahboom_src/install/champ/include/champ/quadruped_base/quadruped_components.h
[1.045s] -- Installing: /home/dwduong74/yahboom_src/install/champ/include/champ/quadruped_base/quadruped_base.h
[1.046s] -- Up-to-date: /home/dwduong74/yahboom_src/install/champ/include/champ/body_controller
[1.046s] -- Installing: /home/dwduong74/yahboom_src/install/champ/include/champ/body_controller/body_controller.h
[1.047s] -- Up-to-date: /home/dwduong74/yahboom_src/install/champ/include/champ/geometry
[1.047s] -- Installing: /home/dwduong74/yahboom_src/install/champ/include/champ/geometry/geometry.h
[1.052s] -- Up-to-date: /home/dwduong74/yahboom_src/install/champ/include/champ/utils
[1.052s] -- Installing: /home/dwduong74/yahboom_src/install/champ/include/champ/utils/urdf_loader.h
[1.052s] -- Installing: /home/dwduong74/yahboom_src/install/champ/include/champ/utils/xmlrpc_helpers.h
[1.052s] -- Up-to-date: /home/dwduong74/yahboom_src/install/champ/include/champ/kinematics
[1.052s] -- Installing: /home/dwduong74/yahboom_src/install/champ/include/champ/kinematics/kinematics.h
[1.052s] -- Up-to-date: /home/dwduong74/yahboom_src/install/champ/include/champ/odometry
[1.053s] -- Installing: /home/dwduong74/yahboom_src/install/champ/include/champ/odometry/odometry.h
[1.053s] -- Up-to-date: /home/dwduong74/yahboom_src/install/champ/include/champ/macros
[1.053s] -- Installing: /home/dwduong74/yahboom_src/install/champ/include/champ/macros/macros.h
[1.053s] -- Up-to-date: /home/dwduong74/yahboom_src/install/champ/include/champ/leg_controller
[1.053s] -- Installing: /home/dwduong74/yahboom_src/install/champ/include/champ/leg_controller/trajectory_planner.h
[1.053s] -- Installing: /home/dwduong74/yahboom_src/install/champ/include/champ/leg_controller/phase_generator.h
[1.053s] -- Installing: /home/dwduong74/yahboom_src/install/champ/include/champ/leg_controller/leg_controller.h
[1.054s] -- Installing: /home/dwduong74/yahboom_src/install/champ/share/ament_index/resource_index/package_run_dependencies/champ
[1.056s] -- Installing: /home/dwduong74/yahboom_src/install/champ/share/ament_index/resource_index/parent_prefix_path/champ
[1.059s] -- Installing: /home/dwduong74/yahboom_src/install/champ/share/champ/environment/ament_prefix_path.sh
[1.061s] -- Installing: /home/dwduong74/yahboom_src/install/champ/share/champ/environment/ament_prefix_path.dsv
[1.061s] -- Installing: /home/dwduong74/yahboom_src/install/champ/share/champ/environment/path.sh
[1.061s] -- Installing: /home/dwduong74/yahboom_src/install/champ/share/champ/environment/path.dsv
[1.062s] -- Installing: /home/dwduong74/yahboom_src/install/champ/share/champ/local_setup.bash
[1.062s] -- Installing: /home/dwduong74/yahboom_src/install/champ/share/champ/local_setup.sh
[1.069s] -- Installing: /home/dwduong74/yahboom_src/install/champ/share/champ/local_setup.zsh
[1.070s] -- Installing: /home/dwduong74/yahboom_src/install/champ/share/champ/local_setup.dsv
[1.070s] -- Installing: /home/dwduong74/yahboom_src/install/champ/share/champ/package.dsv
[1.071s] -- Installing: /home/dwduong74/yahboom_src/install/champ/share/ament_index/resource_index/packages/champ
[1.071s] -- Installing: /home/dwduong74/yahboom_src/install/champ/share/champ/cmake/ament_cmake_export_include_directories-extras.cmake
[1.082s] -- Installing: /home/dwduong74/yahboom_src/install/champ/share/champ/cmake/champConfig.cmake
[1.082s] -- Installing: /home/dwduong74/yahboom_src/install/champ/share/champ/cmake/champConfig-version.cmake
[1.083s] -- Installing: /home/dwduong74/yahboom_src/install/champ/share/champ/package.xml
[1.108s] Invoked command in '/home/dwduong74/yahboom_src/build/champ' returned '0': CMAKE_PREFIX_PATH=${CMAKE_PREFIX_PATH}:/home/dwduong74/yahboom_src/install/yahboom_set_height:/home/dwduong74/yahboom_src/install/yahboom_mediapipe:/home/dwduong74/yahboom_src/install/yahboom_gait:/home/dwduong74/yahboom_src/install/yahboom_dog_joint_state:/home/dwduong74/yahboom_src/install/yahboom_description:/home/dwduong74/yahboom_src/install/yahboom_bringup:/home/dwduong74/yahboom_src/install/yahboom_base:/home/dwduong74/yahboom_src/install/yahboom_app_save_map:/home/dwduong74/yahboom_src/install/tf_publisher:/home/dwduong74/yahboom_src/install/bringup:/home/dwduong74/LUMI_ws/install/custom_explorer:/opt/ros/humble /usr/bin/cmake --install /home/dwduong74/yahboom_src/build/champ
