[3.020s] Invoking command in '/home/dwduong74/yahboom_src/src/yahboom_set_height': PYTHONPATH=/home/dwduong74/yahboom_src/build/yahboom_set_height/prefix_override:/usr/lib/python3/dist-packages/colcon_core/task/python/colcon_distutils_commands:/home/dwduong74/yahboom_src/install/yahboom_set_height/lib/python3.10/site-packages:${PYTHONPATH} /usr/bin/python3 -W ignore:setup.py install is deprecated -W ignore:easy_install command is deprecated setup.py egg_info --egg-base ../../build/yahboom_set_height build --build-base /home/dwduong74/yahboom_src/build/yahboom_set_height/build install --record /home/dwduong74/yahboom_src/build/yahboom_set_height/install.log --single-version-externally-managed install_data
[3.721s] running egg_info
[3.722s] writing ../../build/yahboom_set_height/yahboom_set_height.egg-info/PKG-INFO
[3.723s] writing dependency_links to ../../build/yahboom_set_height/yahboom_set_height.egg-info/dependency_links.txt
[3.723s] writing entry points to ../../build/yahboom_set_height/yahboom_set_height.egg-info/entry_points.txt
[3.723s] writing requirements to ../../build/yahboom_set_height/yahboom_set_height.egg-info/requires.txt
[3.723s] writing top-level names to ../../build/yahboom_set_height/yahboom_set_height.egg-info/top_level.txt
[3.727s] reading manifest file '../../build/yahboom_set_height/yahboom_set_height.egg-info/SOURCES.txt'
[3.729s] writing manifest file '../../build/yahboom_set_height/yahboom_set_height.egg-info/SOURCES.txt'
[3.729s] running build
[3.730s] running build_py
[3.730s] running install
[3.730s] running install_lib
[3.733s] running install_data
[3.733s] running install_egg_info
[3.736s] removing '/home/dwduong74/yahboom_src/install/yahboom_set_height/lib/python3.10/site-packages/yahboom_set_height-0.0.0-py3.10.egg-info' (and everything under it)
[3.736s] Copying ../../build/yahboom_set_height/yahboom_set_height.egg-info to /home/dwduong74/yahboom_src/install/yahboom_set_height/lib/python3.10/site-packages/yahboom_set_height-0.0.0-py3.10.egg-info
[3.737s] running install_scripts
[3.769s] Installing yahboom_set_height script to /home/dwduong74/yahboom_src/install/yahboom_set_height/lib/yahboom_set_height
[3.769s] writing list of installed files to '/home/dwduong74/yahboom_src/build/yahboom_set_height/install.log'
[3.808s] Invoked command in '/home/dwduong74/yahboom_src/src/yahboom_set_height' returned '0': PYTHONPATH=/home/dwduong74/yahboom_src/build/yahboom_set_height/prefix_override:/usr/lib/python3/dist-packages/colcon_core/task/python/colcon_distutils_commands:/home/dwduong74/yahboom_src/install/yahboom_set_height/lib/python3.10/site-packages:${PYTHONPATH} /usr/bin/python3 -W ignore:setup.py install is deprecated -W ignore:easy_install command is deprecated setup.py egg_info --egg-base ../../build/yahboom_set_height build --build-base /home/dwduong74/yahboom_src/build/yahboom_set_height/build install --record /home/dwduong74/yahboom_src/build/yahboom_set_height/install.log --single-version-externally-managed install_data
