running egg_info
creating ../../build/tf_publisher/tf_publisher.egg-info
writing ../../build/tf_publisher/tf_publisher.egg-info/PKG-INFO
writing dependency_links to ../../build/tf_publisher/tf_publisher.egg-info/dependency_links.txt
writing entry points to ../../build/tf_publisher/tf_publisher.egg-info/entry_points.txt
writing requirements to ../../build/tf_publisher/tf_publisher.egg-info/requires.txt
writing top-level names to ../../build/tf_publisher/tf_publisher.egg-info/top_level.txt
writing manifest file '../../build/tf_publisher/tf_publisher.egg-info/SOURCES.txt'
reading manifest file '../../build/tf_publisher/tf_publisher.egg-info/SOURCES.txt'
writing manifest file '../../build/tf_publisher/tf_publisher.egg-info/SOURCES.txt'
running build
running build_py
creating /home/dwduong74/yahboom_src/build/tf_publisher/build
creating /home/dwduong74/yahboom_src/build/tf_publisher/build/lib
creating /home/dwduong74/yahboom_src/build/tf_publisher/build/lib/tf_publisher
copying tf_publisher/tf_publisher.py -> /home/dwduong74/yahboom_src/build/tf_publisher/build/lib/tf_publisher
copying tf_publisher/__init__.py -> /home/dwduong74/yahboom_src/build/tf_publisher/build/lib/tf_publisher
running install
running install_lib
creating /home/dwduong74/yahboom_src/install/tf_publisher/lib/python3.10/site-packages/tf_publisher
copying /home/dwduong74/yahboom_src/build/tf_publisher/build/lib/tf_publisher/tf_publisher.py -> /home/dwduong74/yahboom_src/install/tf_publisher/lib/python3.10/site-packages/tf_publisher
copying /home/dwduong74/yahboom_src/build/tf_publisher/build/lib/tf_publisher/__init__.py -> /home/dwduong74/yahboom_src/install/tf_publisher/lib/python3.10/site-packages/tf_publisher
byte-compiling /home/dwduong74/yahboom_src/install/tf_publisher/lib/python3.10/site-packages/tf_publisher/tf_publisher.py to tf_publisher.cpython-310.pyc
byte-compiling /home/dwduong74/yahboom_src/install/tf_publisher/lib/python3.10/site-packages/tf_publisher/__init__.py to __init__.cpython-310.pyc
running install_data
creating /home/dwduong74/yahboom_src/install/tf_publisher/share/ament_index
creating /home/dwduong74/yahboom_src/install/tf_publisher/share/ament_index/resource_index
creating /home/dwduong74/yahboom_src/install/tf_publisher/share/ament_index/resource_index/packages
copying resource/tf_publisher -> /home/dwduong74/yahboom_src/install/tf_publisher/share/ament_index/resource_index/packages
copying package.xml -> /home/dwduong74/yahboom_src/install/tf_publisher/share/tf_publisher
running install_egg_info
Copying ../../build/tf_publisher/tf_publisher.egg-info to /home/dwduong74/yahboom_src/install/tf_publisher/lib/python3.10/site-packages/tf_publisher-0.0.0-py3.10.egg-info
running install_scripts
Installing tf_publisher script to /home/dwduong74/yahboom_src/install/tf_publisher/lib/tf_publisher
writing list of installed files to '/home/dwduong74/yahboom_src/build/tf_publisher/install.log'
