[3.423s] Invoking command in '/home/dwduong74/yahboom_src/src/tf_publisher': PYTHONPATH=/home/dwduong74/yahboom_src/build/tf_publisher/prefix_override:/usr/lib/python3/dist-packages/colcon_core/task/python/colcon_distutils_commands:/home/dwduong74/yahboom_src/install/tf_publisher/lib/python3.10/site-packages:${PYTHONPATH} /usr/bin/python3 -W ignore:setup.py install is deprecated -W ignore:easy_install command is deprecated setup.py egg_info --egg-base ../../build/tf_publisher build --build-base /home/dwduong74/yahboom_src/build/tf_publisher/build install --record /home/dwduong74/yahboom_src/build/tf_publisher/install.log --single-version-externally-managed install_data
[4.433s] running egg_info
[4.434s] creating ../../build/tf_publisher/tf_publisher.egg-info
[4.434s] writing ../../build/tf_publisher/tf_publisher.egg-info/PKG-INFO
[4.435s] writing dependency_links to ../../build/tf_publisher/tf_publisher.egg-info/dependency_links.txt
[4.435s] writing entry points to ../../build/tf_publisher/tf_publisher.egg-info/entry_points.txt
[4.436s] writing requirements to ../../build/tf_publisher/tf_publisher.egg-info/requires.txt
[4.436s] writing top-level names to ../../build/tf_publisher/tf_publisher.egg-info/top_level.txt
[4.440s] writing manifest file '../../build/tf_publisher/tf_publisher.egg-info/SOURCES.txt'
[4.445s] reading manifest file '../../build/tf_publisher/tf_publisher.egg-info/SOURCES.txt'
[4.445s] writing manifest file '../../build/tf_publisher/tf_publisher.egg-info/SOURCES.txt'
[4.445s] running build
[4.445s] running build_py
[4.445s] creating /home/dwduong74/yahboom_src/build/tf_publisher/build
[4.445s] creating /home/dwduong74/yahboom_src/build/tf_publisher/build/lib
[4.446s] creating /home/dwduong74/yahboom_src/build/tf_publisher/build/lib/tf_publisher
[4.446s] copying tf_publisher/tf_publisher.py -> /home/dwduong74/yahboom_src/build/tf_publisher/build/lib/tf_publisher
[4.446s] copying tf_publisher/__init__.py -> /home/dwduong74/yahboom_src/build/tf_publisher/build/lib/tf_publisher
[4.446s] running install
[4.446s] running install_lib
[4.446s] creating /home/dwduong74/yahboom_src/install/tf_publisher/lib/python3.10/site-packages/tf_publisher
[4.446s] copying /home/dwduong74/yahboom_src/build/tf_publisher/build/lib/tf_publisher/tf_publisher.py -> /home/dwduong74/yahboom_src/install/tf_publisher/lib/python3.10/site-packages/tf_publisher
[4.446s] copying /home/dwduong74/yahboom_src/build/tf_publisher/build/lib/tf_publisher/__init__.py -> /home/dwduong74/yahboom_src/install/tf_publisher/lib/python3.10/site-packages/tf_publisher
[4.451s] byte-compiling /home/dwduong74/yahboom_src/install/tf_publisher/lib/python3.10/site-packages/tf_publisher/tf_publisher.py to tf_publisher.cpython-310.pyc
[4.451s] byte-compiling /home/dwduong74/yahboom_src/install/tf_publisher/lib/python3.10/site-packages/tf_publisher/__init__.py to __init__.cpython-310.pyc
[4.451s] running install_data
[4.452s] creating /home/dwduong74/yahboom_src/install/tf_publisher/share/ament_index
[4.460s] creating /home/dwduong74/yahboom_src/install/tf_publisher/share/ament_index/resource_index
[4.460s] creating /home/dwduong74/yahboom_src/install/tf_publisher/share/ament_index/resource_index/packages
[4.460s] copying resource/tf_publisher -> /home/dwduong74/yahboom_src/install/tf_publisher/share/ament_index/resource_index/packages
[4.461s] copying package.xml -> /home/dwduong74/yahboom_src/install/tf_publisher/share/tf_publisher
[4.461s] running install_egg_info
[4.461s] Copying ../../build/tf_publisher/tf_publisher.egg-info to /home/dwduong74/yahboom_src/install/tf_publisher/lib/python3.10/site-packages/tf_publisher-0.0.0-py3.10.egg-info
[4.461s] running install_scripts
[4.492s] Installing tf_publisher script to /home/dwduong74/yahboom_src/install/tf_publisher/lib/tf_publisher
[4.493s] writing list of installed files to '/home/dwduong74/yahboom_src/build/tf_publisher/install.log'
[4.561s] Invoked command in '/home/dwduong74/yahboom_src/src/tf_publisher' returned '0': PYTHONPATH=/home/dwduong74/yahboom_src/build/tf_publisher/prefix_override:/usr/lib/python3/dist-packages/colcon_core/task/python/colcon_distutils_commands:/home/dwduong74/yahboom_src/install/tf_publisher/lib/python3.10/site-packages:${PYTHONPATH} /usr/bin/python3 -W ignore:setup.py install is deprecated -W ignore:easy_install command is deprecated setup.py egg_info --egg-base ../../build/tf_publisher build --build-base /home/dwduong74/yahboom_src/build/tf_publisher/build install --record /home/dwduong74/yahboom_src/build/tf_publisher/install.log --single-version-externally-managed install_data
