-- The C compiler identification is GNU 11.4.0
-- The CXX compiler identification is GNU 11.4.0
-- Detecting C compiler ABI info
-- Detecting C compiler ABI info - done
-- Check for working C compiler: /usr/bin/cc - skipped
-- Detecting C compile features
-- Detecting C compile features - done
-- Detecting CXX compiler ABI info
-- Detecting CXX compiler ABI info - done
-- Check for working CXX compiler: /usr/bin/c++ - skipped
-- Detecting CXX compile features
-- Detecting CXX compile features - done
-- Found ament_cmake: 1.3.12 (/opt/ros/humble/share/ament_cmake/cmake)
-- Found Python3: /usr/bin/python3 (found version "3.10.12") found components: Interpreter 
-- Found rosidl_default_generators: 1.2.0 (/opt/ros/humble/share/rosidl_default_generators/cmake)
-- Using all available rosidl_typesupport_c: rosidl_typesupport_fastrtps_c;rosidl_typesupport_introspection_c
-- Found rosidl_adapter: 3.1.7 (/opt/ros/humble/share/rosidl_adapter/cmake)
-- Using all available rosidl_typesupport_cpp: rosidl_typesupport_fastrtps_cpp;rosidl_typesupport_introspection_cpp
-- Found geometry_msgs: 4.9.0 (/opt/ros/humble/share/geometry_msgs/cmake)
-- Found ament_cmake_ros: 0.10.0 (/opt/ros/humble/share/ament_cmake_ros/cmake)
-- Using all available rosidl_typesupport_c: rosidl_typesupport_fastrtps_c;rosidl_typesupport_introspection_c
-- Using all available rosidl_typesupport_cpp: rosidl_typesupport_fastrtps_cpp;rosidl_typesupport_introspection_cpp
-- Found PythonInterp: /usr/bin/python3 (found suitable version "3.10.12", minimum required is "3.6") 
-- Found python_cmake_module: 0.10.0 (/opt/ros/humble/share/python_cmake_module/cmake)
-- Found PythonLibs: /usr/lib/x86_64-linux-gnu/libpython3.10.so (found suitable version "3.10.12", minimum required is "3.5") 
-- Using PYTHON_EXECUTABLE: /usr/bin/python3
-- Using PYTHON_INCLUDE_DIRS: /usr/include/python3.10
-- Using PYTHON_LIBRARIES: /usr/lib/x86_64-linux-gnu/libpython3.10.so
-- Found PythonExtra: .so  
-- Using numpy include directory: /home/dwduong74/.local/lib/python3.10/site-packages/numpy/core/include
-- Found ament_lint_auto: 0.12.14 (/opt/ros/humble/share/ament_lint_auto/cmake)
-- Added test 'copyright' to check source files copyright and LICENSE
-- Added test 'lint_cmake' to check CMake code style
-- Added test 'xmllint' to check XML markup files
-- Configuring done
-- Generating done
-- Build files have been written to: /home/dwduong74/yahboom_src/build/yahboom_msgs
[  1%] [34m[1mGenerating C code for ROS interfaces[0m
[  3%] [34m[1mGenerating C++ code for ROS interfaces[0m
[  3%] Built target ament_cmake_python_copy_yahboom_msgs
running egg_info
creating yahboom_msgs.egg-info
writing yahboom_msgs.egg-info/PKG-INFO
writing dependency_links to yahboom_msgs.egg-info/dependency_links.txt
writing top-level names to yahboom_msgs.egg-info/top_level.txt
writing manifest file 'yahboom_msgs.egg-info/SOURCES.txt'
reading manifest file 'yahboom_msgs.egg-info/SOURCES.txt'
writing manifest file 'yahboom_msgs.egg-info/SOURCES.txt'
[  3%] Built target ament_cmake_python_build_yahboom_msgs_egg
[  3%] Built target yahboom_msgs__cpp
[  4%] [34m[1mGenerating C++ type support dispatch for ROS interfaces[0m
[  6%] [32mBuilding C object CMakeFiles/yahboom_msgs__rosidl_generator_c.dir/rosidl_generator_c/yahboom_msgs/msg/detail/image_msg__functions.c.o[0m
[  7%] [34m[1mGenerating C++ introspection for ROS interfaces[0m
[  9%] [34m[1mGenerating C++ type support for eProsima Fast-RTPS[0m
[ 11%] [32mBuilding C object CMakeFiles/yahboom_msgs__rosidl_generator_c.dir/rosidl_generator_c/yahboom_msgs/msg/detail/target__functions.c.o[0m
[ 14%] [32mBuilding C object CMakeFiles/yahboom_msgs__rosidl_generator_c.dir/rosidl_generator_c/yahboom_msgs/msg/detail/point_array__functions.c.o[0m
[ 14%] [32mBuilding C object CMakeFiles/yahboom_msgs__rosidl_generator_c.dir/rosidl_generator_c/yahboom_msgs/msg/detail/position__functions.c.o[0m
[ 15%] [32mBuilding C object CMakeFiles/yahboom_msgs__rosidl_generator_c.dir/rosidl_generator_c/yahboom_msgs/msg/detail/target_array__functions.c.o[0m
[ 17%] [32m[1mLinking C shared library libyahboom_msgs__rosidl_generator_c.so[0m
[ 17%] Built target yahboom_msgs__rosidl_generator_c
[ 20%] [34m[1mGenerating C type support for eProsima Fast-RTPS[0m
[ 22%] [34m[1mGenerating C introspection for ROS interfaces[0m
[ 22%] [34m[1mGenerating C type support dispatch for ROS interfaces[0m
[ 23%] [32mBuilding CXX object CMakeFiles/yahboom_msgs__rosidl_typesupport_introspection_cpp.dir/rosidl_typesupport_introspection_cpp/yahboom_msgs/msg/detail/image_msg__type_support.cpp.o[0m
[ 25%] [32mBuilding CXX object CMakeFiles/yahboom_msgs__rosidl_typesupport_introspection_cpp.dir/rosidl_typesupport_introspection_cpp/yahboom_msgs/msg/detail/position__type_support.cpp.o[0m
[ 26%] [32mBuilding CXX object CMakeFiles/yahboom_msgs__rosidl_typesupport_introspection_cpp.dir/rosidl_typesupport_introspection_cpp/yahboom_msgs/msg/detail/point_array__type_support.cpp.o[0m
[ 28%] [32mBuilding CXX object CMakeFiles/yahboom_msgs__rosidl_typesupport_cpp.dir/rosidl_typesupport_cpp/yahboom_msgs/msg/image_msg__type_support.cpp.o[0m
[ 30%] [32mBuilding CXX object CMakeFiles/yahboom_msgs__rosidl_typesupport_c.dir/rosidl_typesupport_c/yahboom_msgs/msg/image_msg__type_support.cpp.o[0m
[ 31%] [32mBuilding CXX object CMakeFiles/yahboom_msgs__rosidl_typesupport_fastrtps_cpp.dir/rosidl_typesupport_fastrtps_cpp/yahboom_msgs/msg/detail/dds_fastrtps/image_msg__type_support.cpp.o[0m
[ 33%] [32mBuilding CXX object CMakeFiles/yahboom_msgs__rosidl_typesupport_c.dir/rosidl_typesupport_c/yahboom_msgs/msg/point_array__type_support.cpp.o[0m
[ 34%] [32mBuilding CXX object CMakeFiles/yahboom_msgs__rosidl_typesupport_c.dir/rosidl_typesupport_c/yahboom_msgs/msg/position__type_support.cpp.o[0m
[ 36%] [32mBuilding C object CMakeFiles/yahboom_msgs__rosidl_typesupport_introspection_c.dir/rosidl_typesupport_introspection_c/yahboom_msgs/msg/detail/image_msg__type_support.c.o[0m
[ 38%] [32mBuilding CXX object CMakeFiles/yahboom_msgs__rosidl_typesupport_c.dir/rosidl_typesupport_c/yahboom_msgs/msg/target__type_support.cpp.o[0m
[ 39%] [32mBuilding C object CMakeFiles/yahboom_msgs__rosidl_typesupport_introspection_c.dir/rosidl_typesupport_introspection_c/yahboom_msgs/msg/detail/point_array__type_support.c.o[0m
[ 41%] [32mBuilding CXX object CMakeFiles/yahboom_msgs__rosidl_typesupport_c.dir/rosidl_typesupport_c/yahboom_msgs/msg/target_array__type_support.cpp.o[0m
[ 42%] [32mBuilding CXX object CMakeFiles/yahboom_msgs__rosidl_typesupport_cpp.dir/rosidl_typesupport_cpp/yahboom_msgs/msg/point_array__type_support.cpp.o[0m
[ 44%] [32m[1mLinking CXX shared library libyahboom_msgs__rosidl_typesupport_c.so[0m
[ 46%] [32mBuilding C object CMakeFiles/yahboom_msgs__rosidl_typesupport_introspection_c.dir/rosidl_typesupport_introspection_c/yahboom_msgs/msg/detail/position__type_support.c.o[0m
[ 47%] [32mBuilding C object CMakeFiles/yahboom_msgs__rosidl_typesupport_introspection_c.dir/rosidl_typesupport_introspection_c/yahboom_msgs/msg/detail/target__type_support.c.o[0m
[ 49%] [32mBuilding C object CMakeFiles/yahboom_msgs__rosidl_typesupport_introspection_c.dir/rosidl_typesupport_introspection_c/yahboom_msgs/msg/detail/target_array__type_support.c.o[0m
[ 49%] Built target yahboom_msgs__rosidl_typesupport_c
[ 50%] [32mBuilding CXX object CMakeFiles/yahboom_msgs__rosidl_typesupport_cpp.dir/rosidl_typesupport_cpp/yahboom_msgs/msg/position__type_support.cpp.o[0m
[ 52%] [32mBuilding CXX object CMakeFiles/yahboom_msgs__rosidl_typesupport_introspection_cpp.dir/rosidl_typesupport_introspection_cpp/yahboom_msgs/msg/detail/target__type_support.cpp.o[0m
[ 53%] [32m[1mLinking C shared library libyahboom_msgs__rosidl_typesupport_introspection_c.so[0m
[ 55%] [32mBuilding CXX object CMakeFiles/yahboom_msgs__rosidl_typesupport_fastrtps_c.dir/rosidl_typesupport_fastrtps_c/yahboom_msgs/msg/detail/image_msg__type_support_c.cpp.o[0m
[ 55%] Built target yahboom_msgs__rosidl_typesupport_introspection_c
[ 57%] [32mBuilding CXX object CMakeFiles/yahboom_msgs__rosidl_typesupport_fastrtps_c.dir/rosidl_typesupport_fastrtps_c/yahboom_msgs/msg/detail/point_array__type_support_c.cpp.o[0m
[ 58%] [32mBuilding CXX object CMakeFiles/yahboom_msgs__rosidl_typesupport_introspection_cpp.dir/rosidl_typesupport_introspection_cpp/yahboom_msgs/msg/detail/target_array__type_support.cpp.o[0m
[ 60%] [32mBuilding CXX object CMakeFiles/yahboom_msgs__rosidl_typesupport_fastrtps_cpp.dir/rosidl_typesupport_fastrtps_cpp/yahboom_msgs/msg/detail/dds_fastrtps/point_array__type_support.cpp.o[0m
[ 61%] [32mBuilding CXX object CMakeFiles/yahboom_msgs__rosidl_typesupport_fastrtps_cpp.dir/rosidl_typesupport_fastrtps_cpp/yahboom_msgs/msg/detail/dds_fastrtps/position__type_support.cpp.o[0m
[ 63%] [32mBuilding CXX object CMakeFiles/yahboom_msgs__rosidl_typesupport_cpp.dir/rosidl_typesupport_cpp/yahboom_msgs/msg/target__type_support.cpp.o[0m
[ 65%] [32mBuilding CXX object CMakeFiles/yahboom_msgs__rosidl_typesupport_cpp.dir/rosidl_typesupport_cpp/yahboom_msgs/msg/target_array__type_support.cpp.o[0m
[ 66%] [32mBuilding CXX object CMakeFiles/yahboom_msgs__rosidl_typesupport_fastrtps_c.dir/rosidl_typesupport_fastrtps_c/yahboom_msgs/msg/detail/position__type_support_c.cpp.o[0m
[ 68%] [32m[1mLinking CXX shared library libyahboom_msgs__rosidl_typesupport_introspection_cpp.so[0m
[ 69%] [32mBuilding CXX object CMakeFiles/yahboom_msgs__rosidl_typesupport_fastrtps_cpp.dir/rosidl_typesupport_fastrtps_cpp/yahboom_msgs/msg/detail/dds_fastrtps/target__type_support.cpp.o[0m
[ 71%] [32mBuilding CXX object CMakeFiles/yahboom_msgs__rosidl_typesupport_fastrtps_cpp.dir/rosidl_typesupport_fastrtps_cpp/yahboom_msgs/msg/detail/dds_fastrtps/target_array__type_support.cpp.o[0m
[ 71%] Built target yahboom_msgs__rosidl_typesupport_introspection_cpp
[ 73%] [32mBuilding CXX object CMakeFiles/yahboom_msgs__rosidl_typesupport_fastrtps_c.dir/rosidl_typesupport_fastrtps_c/yahboom_msgs/msg/detail/target__type_support_c.cpp.o[0m
[ 74%] [32mBuilding CXX object CMakeFiles/yahboom_msgs__rosidl_typesupport_fastrtps_c.dir/rosidl_typesupport_fastrtps_c/yahboom_msgs/msg/detail/target_array__type_support_c.cpp.o[0m
[ 76%] [32m[1mLinking CXX shared library libyahboom_msgs__rosidl_typesupport_cpp.so[0m
[ 76%] Built target yahboom_msgs__rosidl_typesupport_cpp
[ 77%] [32m[1mLinking CXX shared library libyahboom_msgs__rosidl_typesupport_fastrtps_cpp.so[0m
[ 79%] [32m[1mLinking CXX shared library libyahboom_msgs__rosidl_typesupport_fastrtps_c.so[0m
[ 79%] Built target yahboom_msgs__rosidl_typesupport_fastrtps_cpp
[ 79%] Built target yahboom_msgs__rosidl_typesupport_fastrtps_c
[ 79%] Built target yahboom_msgs
[ 80%] [34m[1mGenerating Python code for ROS interfaces[0m
[ 80%] Built target yahboom_msgs__py
[ 82%] [32mBuilding C object CMakeFiles/yahboom_msgs__rosidl_generator_py.dir/rosidl_generator_py/yahboom_msgs/msg/_image_msg_s.c.o[0m
[ 84%] [32mBuilding C object CMakeFiles/yahboom_msgs__rosidl_generator_py.dir/rosidl_generator_py/yahboom_msgs/msg/_position_s.c.o[0m
[ 85%] [32mBuilding C object CMakeFiles/yahboom_msgs__rosidl_generator_py.dir/rosidl_generator_py/yahboom_msgs/msg/_target_s.c.o[0m
[ 87%] [32mBuilding C object CMakeFiles/yahboom_msgs__rosidl_generator_py.dir/rosidl_generator_py/yahboom_msgs/msg/_target_array_s.c.o[0m
[ 88%] [32mBuilding C object CMakeFiles/yahboom_msgs__rosidl_generator_py.dir/rosidl_generator_py/yahboom_msgs/msg/_point_array_s.c.o[0m
[ 90%] [32m[1mLinking C shared library rosidl_generator_py/yahboom_msgs/libyahboom_msgs__rosidl_generator_py.so[0m
[ 90%] Built target yahboom_msgs__rosidl_generator_py
[ 92%] [32mBuilding C object CMakeFiles/yahboom_msgs__rosidl_typesupport_introspection_c__pyext.dir/rosidl_generator_py/yahboom_msgs/_yahboom_msgs_s.ep.rosidl_typesupport_introspection_c.c.o[0m
[ 93%] [32mBuilding C object CMakeFiles/yahboom_msgs__rosidl_typesupport_fastrtps_c__pyext.dir/rosidl_generator_py/yahboom_msgs/_yahboom_msgs_s.ep.rosidl_typesupport_fastrtps_c.c.o[0m
[ 95%] [32mBuilding C object CMakeFiles/yahboom_msgs__rosidl_typesupport_c__pyext.dir/rosidl_generator_py/yahboom_msgs/_yahboom_msgs_s.ep.rosidl_typesupport_c.c.o[0m
[ 98%] [32m[1mLinking C shared library rosidl_generator_py/yahboom_msgs/yahboom_msgs_s__rosidl_typesupport_fastrtps_c.cpython-310-x86_64-linux-gnu.so[0m
[ 98%] [32m[1mLinking C shared library rosidl_generator_py/yahboom_msgs/yahboom_msgs_s__rosidl_typesupport_introspection_c.cpython-310-x86_64-linux-gnu.so[0m
[100%] [32m[1mLinking C shared library rosidl_generator_py/yahboom_msgs/yahboom_msgs_s__rosidl_typesupport_c.cpython-310-x86_64-linux-gnu.so[0m
[100%] Built target yahboom_msgs__rosidl_typesupport_c__pyext
[100%] Built target yahboom_msgs__rosidl_typesupport_fastrtps_c__pyext
[100%] Built target yahboom_msgs__rosidl_typesupport_introspection_c__pyext
-- Install configuration: ""
-- Installing: /home/dwduong74/yahboom_src/install/yahboom_msgs/share/ament_index/resource_index/rosidl_interfaces/yahboom_msgs
-- Installing: /home/dwduong74/yahboom_src/install/yahboom_msgs/include/yahboom_msgs/yahboom_msgs
-- Installing: /home/dwduong74/yahboom_src/install/yahboom_msgs/include/yahboom_msgs/yahboom_msgs/msg
-- Installing: /home/dwduong74/yahboom_src/install/yahboom_msgs/include/yahboom_msgs/yahboom_msgs/msg/rosidl_generator_c__visibility_control.h
-- Installing: /home/dwduong74/yahboom_src/install/yahboom_msgs/include/yahboom_msgs/yahboom_msgs/msg/target_array.h
-- Installing: /home/dwduong74/yahboom_src/install/yahboom_msgs/include/yahboom_msgs/yahboom_msgs/msg/image_msg.h
-- Installing: /home/dwduong74/yahboom_src/install/yahboom_msgs/include/yahboom_msgs/yahboom_msgs/msg/target.h
-- Installing: /home/dwduong74/yahboom_src/install/yahboom_msgs/include/yahboom_msgs/yahboom_msgs/msg/position.h
-- Installing: /home/dwduong74/yahboom_src/install/yahboom_msgs/include/yahboom_msgs/yahboom_msgs/msg/point_array.h
-- Installing: /home/dwduong74/yahboom_src/install/yahboom_msgs/include/yahboom_msgs/yahboom_msgs/msg/detail
-- Installing: /home/dwduong74/yahboom_src/install/yahboom_msgs/include/yahboom_msgs/yahboom_msgs/msg/detail/target__functions.h
-- Installing: /home/dwduong74/yahboom_src/install/yahboom_msgs/include/yahboom_msgs/yahboom_msgs/msg/detail/position__functions.c
-- Installing: /home/dwduong74/yahboom_src/install/yahboom_msgs/include/yahboom_msgs/yahboom_msgs/msg/detail/position__functions.h
-- Installing: /home/dwduong74/yahboom_src/install/yahboom_msgs/include/yahboom_msgs/yahboom_msgs/msg/detail/target__functions.c
-- Installing: /home/dwduong74/yahboom_src/install/yahboom_msgs/include/yahboom_msgs/yahboom_msgs/msg/detail/point_array__type_support.h
-- Installing: /home/dwduong74/yahboom_src/install/yahboom_msgs/include/yahboom_msgs/yahboom_msgs/msg/detail/target_array__functions.h
-- Installing: /home/dwduong74/yahboom_src/install/yahboom_msgs/include/yahboom_msgs/yahboom_msgs/msg/detail/target_array__type_support.h
-- Installing: /home/dwduong74/yahboom_src/install/yahboom_msgs/include/yahboom_msgs/yahboom_msgs/msg/detail/target_array__functions.c
-- Installing: /home/dwduong74/yahboom_src/install/yahboom_msgs/include/yahboom_msgs/yahboom_msgs/msg/detail/target__type_support.h
-- Installing: /home/dwduong74/yahboom_src/install/yahboom_msgs/include/yahboom_msgs/yahboom_msgs/msg/detail/point_array__functions.c
-- Installing: /home/dwduong74/yahboom_src/install/yahboom_msgs/include/yahboom_msgs/yahboom_msgs/msg/detail/position__struct.h
-- Installing: /home/dwduong74/yahboom_src/install/yahboom_msgs/include/yahboom_msgs/yahboom_msgs/msg/detail/image_msg__functions.h
-- Installing: /home/dwduong74/yahboom_src/install/yahboom_msgs/include/yahboom_msgs/yahboom_msgs/msg/detail/image_msg__struct.h
-- Installing: /home/dwduong74/yahboom_src/install/yahboom_msgs/include/yahboom_msgs/yahboom_msgs/msg/detail/target_array__struct.h
-- Installing: /home/dwduong74/yahboom_src/install/yahboom_msgs/include/yahboom_msgs/yahboom_msgs/msg/detail/target__struct.h
-- Installing: /home/dwduong74/yahboom_src/install/yahboom_msgs/include/yahboom_msgs/yahboom_msgs/msg/detail/image_msg__functions.c
-- Installing: /home/dwduong74/yahboom_src/install/yahboom_msgs/include/yahboom_msgs/yahboom_msgs/msg/detail/point_array__struct.h
-- Installing: /home/dwduong74/yahboom_src/install/yahboom_msgs/include/yahboom_msgs/yahboom_msgs/msg/detail/point_array__functions.h
-- Installing: /home/dwduong74/yahboom_src/install/yahboom_msgs/include/yahboom_msgs/yahboom_msgs/msg/detail/image_msg__type_support.h
-- Installing: /home/dwduong74/yahboom_src/install/yahboom_msgs/include/yahboom_msgs/yahboom_msgs/msg/detail/position__type_support.h
-- Installing: /home/dwduong74/yahboom_src/install/yahboom_msgs/share/yahboom_msgs/environment/library_path.sh
-- Installing: /home/dwduong74/yahboom_src/install/yahboom_msgs/share/yahboom_msgs/environment/library_path.dsv
-- Installing: /home/dwduong74/yahboom_src/install/yahboom_msgs/lib/libyahboom_msgs__rosidl_generator_c.so
-- Set runtime path of "/home/dwduong74/yahboom_src/install/yahboom_msgs/lib/libyahboom_msgs__rosidl_generator_c.so" to ""
-- Up-to-date: /home/dwduong74/yahboom_src/install/yahboom_msgs/include/yahboom_msgs/yahboom_msgs
-- Up-to-date: /home/dwduong74/yahboom_src/install/yahboom_msgs/include/yahboom_msgs/yahboom_msgs/msg
-- Installing: /home/dwduong74/yahboom_src/install/yahboom_msgs/include/yahboom_msgs/yahboom_msgs/msg/rosidl_typesupport_fastrtps_c__visibility_control.h
-- Up-to-date: /home/dwduong74/yahboom_src/install/yahboom_msgs/include/yahboom_msgs/yahboom_msgs/msg/detail
-- Installing: /home/dwduong74/yahboom_src/install/yahboom_msgs/include/yahboom_msgs/yahboom_msgs/msg/detail/point_array__rosidl_typesupport_fastrtps_c.h
-- Installing: /home/dwduong74/yahboom_src/install/yahboom_msgs/include/yahboom_msgs/yahboom_msgs/msg/detail/position__rosidl_typesupport_fastrtps_c.h
-- Installing: /home/dwduong74/yahboom_src/install/yahboom_msgs/include/yahboom_msgs/yahboom_msgs/msg/detail/target_array__rosidl_typesupport_fastrtps_c.h
-- Installing: /home/dwduong74/yahboom_src/install/yahboom_msgs/include/yahboom_msgs/yahboom_msgs/msg/detail/target__rosidl_typesupport_fastrtps_c.h
-- Installing: /home/dwduong74/yahboom_src/install/yahboom_msgs/include/yahboom_msgs/yahboom_msgs/msg/detail/image_msg__rosidl_typesupport_fastrtps_c.h
-- Installing: /home/dwduong74/yahboom_src/install/yahboom_msgs/lib/libyahboom_msgs__rosidl_typesupport_fastrtps_c.so
-- Set runtime path of "/home/dwduong74/yahboom_src/install/yahboom_msgs/lib/libyahboom_msgs__rosidl_typesupport_fastrtps_c.so" to ""
-- Up-to-date: /home/dwduong74/yahboom_src/install/yahboom_msgs/include/yahboom_msgs/yahboom_msgs
-- Up-to-date: /home/dwduong74/yahboom_src/install/yahboom_msgs/include/yahboom_msgs/yahboom_msgs/msg
-- Installing: /home/dwduong74/yahboom_src/install/yahboom_msgs/include/yahboom_msgs/yahboom_msgs/msg/rosidl_typesupport_introspection_c__visibility_control.h
-- Up-to-date: /home/dwduong74/yahboom_src/install/yahboom_msgs/include/yahboom_msgs/yahboom_msgs/msg/detail
-- Installing: /home/dwduong74/yahboom_src/install/yahboom_msgs/include/yahboom_msgs/yahboom_msgs/msg/detail/image_msg__rosidl_typesupport_introspection_c.h
-- Installing: /home/dwduong74/yahboom_src/install/yahboom_msgs/include/yahboom_msgs/yahboom_msgs/msg/detail/image_msg__type_support.c
-- Installing: /home/dwduong74/yahboom_src/install/yahboom_msgs/include/yahboom_msgs/yahboom_msgs/msg/detail/point_array__type_support.c
-- Installing: /home/dwduong74/yahboom_src/install/yahboom_msgs/include/yahboom_msgs/yahboom_msgs/msg/detail/position__rosidl_typesupport_introspection_c.h
-- Installing: /home/dwduong74/yahboom_src/install/yahboom_msgs/include/yahboom_msgs/yahboom_msgs/msg/detail/target__rosidl_typesupport_introspection_c.h
-- Installing: /home/dwduong74/yahboom_src/install/yahboom_msgs/include/yahboom_msgs/yahboom_msgs/msg/detail/position__type_support.c
-- Installing: /home/dwduong74/yahboom_src/install/yahboom_msgs/include/yahboom_msgs/yahboom_msgs/msg/detail/point_array__rosidl_typesupport_introspection_c.h
-- Installing: /home/dwduong74/yahboom_src/install/yahboom_msgs/include/yahboom_msgs/yahboom_msgs/msg/detail/target__type_support.c
-- Installing: /home/dwduong74/yahboom_src/install/yahboom_msgs/include/yahboom_msgs/yahboom_msgs/msg/detail/target_array__rosidl_typesupport_introspection_c.h
-- Installing: /home/dwduong74/yahboom_src/install/yahboom_msgs/include/yahboom_msgs/yahboom_msgs/msg/detail/target_array__type_support.c
-- Installing: /home/dwduong74/yahboom_src/install/yahboom_msgs/lib/libyahboom_msgs__rosidl_typesupport_introspection_c.so
-- Set runtime path of "/home/dwduong74/yahboom_src/install/yahboom_msgs/lib/libyahboom_msgs__rosidl_typesupport_introspection_c.so" to ""
-- Installing: /home/dwduong74/yahboom_src/install/yahboom_msgs/lib/libyahboom_msgs__rosidl_typesupport_c.so
-- Set runtime path of "/home/dwduong74/yahboom_src/install/yahboom_msgs/lib/libyahboom_msgs__rosidl_typesupport_c.so" to ""
-- Up-to-date: /home/dwduong74/yahboom_src/install/yahboom_msgs/include/yahboom_msgs/yahboom_msgs
-- Up-to-date: /home/dwduong74/yahboom_src/install/yahboom_msgs/include/yahboom_msgs/yahboom_msgs/msg
-- Installing: /home/dwduong74/yahboom_src/install/yahboom_msgs/include/yahboom_msgs/yahboom_msgs/msg/target.hpp
-- Installing: /home/dwduong74/yahboom_src/install/yahboom_msgs/include/yahboom_msgs/yahboom_msgs/msg/image_msg.hpp
-- Installing: /home/dwduong74/yahboom_src/install/yahboom_msgs/include/yahboom_msgs/yahboom_msgs/msg/point_array.hpp
-- Installing: /home/dwduong74/yahboom_src/install/yahboom_msgs/include/yahboom_msgs/yahboom_msgs/msg/target_array.hpp
-- Installing: /home/dwduong74/yahboom_src/install/yahboom_msgs/include/yahboom_msgs/yahboom_msgs/msg/rosidl_generator_cpp__visibility_control.hpp
-- Up-to-date: /home/dwduong74/yahboom_src/install/yahboom_msgs/include/yahboom_msgs/yahboom_msgs/msg/detail
-- Installing: /home/dwduong74/yahboom_src/install/yahboom_msgs/include/yahboom_msgs/yahboom_msgs/msg/detail/target__struct.hpp
-- Installing: /home/dwduong74/yahboom_src/install/yahboom_msgs/include/yahboom_msgs/yahboom_msgs/msg/detail/target_array__type_support.hpp
-- Installing: /home/dwduong74/yahboom_src/install/yahboom_msgs/include/yahboom_msgs/yahboom_msgs/msg/detail/image_msg__builder.hpp
-- Installing: /home/dwduong74/yahboom_src/install/yahboom_msgs/include/yahboom_msgs/yahboom_msgs/msg/detail/position__struct.hpp
-- Installing: /home/dwduong74/yahboom_src/install/yahboom_msgs/include/yahboom_msgs/yahboom_msgs/msg/detail/point_array__struct.hpp
-- Installing: /home/dwduong74/yahboom_src/install/yahboom_msgs/include/yahboom_msgs/yahboom_msgs/msg/detail/position__traits.hpp
-- Installing: /home/dwduong74/yahboom_src/install/yahboom_msgs/include/yahboom_msgs/yahboom_msgs/msg/detail/point_array__builder.hpp
-- Installing: /home/dwduong74/yahboom_src/install/yahboom_msgs/include/yahboom_msgs/yahboom_msgs/msg/detail/target__type_support.hpp
-- Installing: /home/dwduong74/yahboom_src/install/yahboom_msgs/include/yahboom_msgs/yahboom_msgs/msg/detail/point_array__type_support.hpp
-- Installing: /home/dwduong74/yahboom_src/install/yahboom_msgs/include/yahboom_msgs/yahboom_msgs/msg/detail/position__builder.hpp
-- Installing: /home/dwduong74/yahboom_src/install/yahboom_msgs/include/yahboom_msgs/yahboom_msgs/msg/detail/position__type_support.hpp
-- Installing: /home/dwduong74/yahboom_src/install/yahboom_msgs/include/yahboom_msgs/yahboom_msgs/msg/detail/point_array__traits.hpp
-- Installing: /home/dwduong74/yahboom_src/install/yahboom_msgs/include/yahboom_msgs/yahboom_msgs/msg/detail/image_msg__traits.hpp
-- Installing: /home/dwduong74/yahboom_src/install/yahboom_msgs/include/yahboom_msgs/yahboom_msgs/msg/detail/image_msg__type_support.hpp
-- Installing: /home/dwduong74/yahboom_src/install/yahboom_msgs/include/yahboom_msgs/yahboom_msgs/msg/detail/target_array__builder.hpp
-- Installing: /home/dwduong74/yahboom_src/install/yahboom_msgs/include/yahboom_msgs/yahboom_msgs/msg/detail/image_msg__struct.hpp
-- Installing: /home/dwduong74/yahboom_src/install/yahboom_msgs/include/yahboom_msgs/yahboom_msgs/msg/detail/target__traits.hpp
-- Installing: /home/dwduong74/yahboom_src/install/yahboom_msgs/include/yahboom_msgs/yahboom_msgs/msg/detail/target_array__struct.hpp
-- Installing: /home/dwduong74/yahboom_src/install/yahboom_msgs/include/yahboom_msgs/yahboom_msgs/msg/detail/target__builder.hpp
-- Installing: /home/dwduong74/yahboom_src/install/yahboom_msgs/include/yahboom_msgs/yahboom_msgs/msg/detail/target_array__traits.hpp
-- Installing: /home/dwduong74/yahboom_src/install/yahboom_msgs/include/yahboom_msgs/yahboom_msgs/msg/position.hpp
-- Up-to-date: /home/dwduong74/yahboom_src/install/yahboom_msgs/include/yahboom_msgs/yahboom_msgs
-- Up-to-date: /home/dwduong74/yahboom_src/install/yahboom_msgs/include/yahboom_msgs/yahboom_msgs/msg
-- Installing: /home/dwduong74/yahboom_src/install/yahboom_msgs/include/yahboom_msgs/yahboom_msgs/msg/rosidl_typesupport_fastrtps_cpp__visibility_control.h
-- Up-to-date: /home/dwduong74/yahboom_src/install/yahboom_msgs/include/yahboom_msgs/yahboom_msgs/msg/detail
-- Installing: /home/dwduong74/yahboom_src/install/yahboom_msgs/include/yahboom_msgs/yahboom_msgs/msg/detail/image_msg__rosidl_typesupport_fastrtps_cpp.hpp
-- Installing: /home/dwduong74/yahboom_src/install/yahboom_msgs/include/yahboom_msgs/yahboom_msgs/msg/detail/target_array__rosidl_typesupport_fastrtps_cpp.hpp
-- Installing: /home/dwduong74/yahboom_src/install/yahboom_msgs/include/yahboom_msgs/yahboom_msgs/msg/detail/target__rosidl_typesupport_fastrtps_cpp.hpp
-- Installing: /home/dwduong74/yahboom_src/install/yahboom_msgs/include/yahboom_msgs/yahboom_msgs/msg/detail/dds_fastrtps
-- Installing: /home/dwduong74/yahboom_src/install/yahboom_msgs/include/yahboom_msgs/yahboom_msgs/msg/detail/position__rosidl_typesupport_fastrtps_cpp.hpp
-- Installing: /home/dwduong74/yahboom_src/install/yahboom_msgs/include/yahboom_msgs/yahboom_msgs/msg/detail/point_array__rosidl_typesupport_fastrtps_cpp.hpp
-- Installing: /home/dwduong74/yahboom_src/install/yahboom_msgs/lib/libyahboom_msgs__rosidl_typesupport_fastrtps_cpp.so
-- Set runtime path of "/home/dwduong74/yahboom_src/install/yahboom_msgs/lib/libyahboom_msgs__rosidl_typesupport_fastrtps_cpp.so" to ""
-- Up-to-date: /home/dwduong74/yahboom_src/install/yahboom_msgs/include/yahboom_msgs/yahboom_msgs
-- Up-to-date: /home/dwduong74/yahboom_src/install/yahboom_msgs/include/yahboom_msgs/yahboom_msgs/msg
-- Up-to-date: /home/dwduong74/yahboom_src/install/yahboom_msgs/include/yahboom_msgs/yahboom_msgs/msg/detail
-- Installing: /home/dwduong74/yahboom_src/install/yahboom_msgs/include/yahboom_msgs/yahboom_msgs/msg/detail/target__rosidl_typesupport_introspection_cpp.hpp
-- Installing: /home/dwduong74/yahboom_src/install/yahboom_msgs/include/yahboom_msgs/yahboom_msgs/msg/detail/image_msg__type_support.cpp
-- Installing: /home/dwduong74/yahboom_src/install/yahboom_msgs/include/yahboom_msgs/yahboom_msgs/msg/detail/position__rosidl_typesupport_introspection_cpp.hpp
-- Installing: /home/dwduong74/yahboom_src/install/yahboom_msgs/include/yahboom_msgs/yahboom_msgs/msg/detail/point_array__type_support.cpp
-- Installing: /home/dwduong74/yahboom_src/install/yahboom_msgs/include/yahboom_msgs/yahboom_msgs/msg/detail/target_array__rosidl_typesupport_introspection_cpp.hpp
-- Installing: /home/dwduong74/yahboom_src/install/yahboom_msgs/include/yahboom_msgs/yahboom_msgs/msg/detail/image_msg__rosidl_typesupport_introspection_cpp.hpp
-- Installing: /home/dwduong74/yahboom_src/install/yahboom_msgs/include/yahboom_msgs/yahboom_msgs/msg/detail/position__type_support.cpp
-- Installing: /home/dwduong74/yahboom_src/install/yahboom_msgs/include/yahboom_msgs/yahboom_msgs/msg/detail/target_array__type_support.cpp
-- Installing: /home/dwduong74/yahboom_src/install/yahboom_msgs/include/yahboom_msgs/yahboom_msgs/msg/detail/point_array__rosidl_typesupport_introspection_cpp.hpp
-- Installing: /home/dwduong74/yahboom_src/install/yahboom_msgs/include/yahboom_msgs/yahboom_msgs/msg/detail/target__type_support.cpp
-- Installing: /home/dwduong74/yahboom_src/install/yahboom_msgs/lib/libyahboom_msgs__rosidl_typesupport_introspection_cpp.so
-- Set runtime path of "/home/dwduong74/yahboom_src/install/yahboom_msgs/lib/libyahboom_msgs__rosidl_typesupport_introspection_cpp.so" to ""
-- Installing: /home/dwduong74/yahboom_src/install/yahboom_msgs/lib/libyahboom_msgs__rosidl_typesupport_cpp.so
-- Set runtime path of "/home/dwduong74/yahboom_src/install/yahboom_msgs/lib/libyahboom_msgs__rosidl_typesupport_cpp.so" to ""
-- Installing: /home/dwduong74/yahboom_src/install/yahboom_msgs/share/yahboom_msgs/environment/pythonpath.sh
-- Installing: /home/dwduong74/yahboom_src/install/yahboom_msgs/share/yahboom_msgs/environment/pythonpath.dsv
-- Installing: /home/dwduong74/yahboom_src/install/yahboom_msgs/local/lib/python3.10/dist-packages/yahboom_msgs-0.0.0-py3.10.egg-info
-- Installing: /home/dwduong74/yahboom_src/install/yahboom_msgs/local/lib/python3.10/dist-packages/yahboom_msgs-0.0.0-py3.10.egg-info/SOURCES.txt
-- Installing: /home/dwduong74/yahboom_src/install/yahboom_msgs/local/lib/python3.10/dist-packages/yahboom_msgs-0.0.0-py3.10.egg-info/top_level.txt
-- Installing: /home/dwduong74/yahboom_src/install/yahboom_msgs/local/lib/python3.10/dist-packages/yahboom_msgs-0.0.0-py3.10.egg-info/dependency_links.txt
-- Installing: /home/dwduong74/yahboom_src/install/yahboom_msgs/local/lib/python3.10/dist-packages/yahboom_msgs-0.0.0-py3.10.egg-info/PKG-INFO
-- Installing: /home/dwduong74/yahboom_src/install/yahboom_msgs/local/lib/python3.10/dist-packages/yahboom_msgs
-- Installing: /home/dwduong74/yahboom_src/install/yahboom_msgs/local/lib/python3.10/dist-packages/yahboom_msgs/_yahboom_msgs_s.ep.rosidl_typesupport_c.c
-- Installing: /home/dwduong74/yahboom_src/install/yahboom_msgs/local/lib/python3.10/dist-packages/yahboom_msgs/libyahboom_msgs__rosidl_generator_py.so
-- Installing: /home/dwduong74/yahboom_src/install/yahboom_msgs/local/lib/python3.10/dist-packages/yahboom_msgs/_yahboom_msgs_s.ep.rosidl_typesupport_introspection_c.c
-- Installing: /home/dwduong74/yahboom_src/install/yahboom_msgs/local/lib/python3.10/dist-packages/yahboom_msgs/_yahboom_msgs_s.ep.rosidl_typesupport_fastrtps_c.c
-- Installing: /home/dwduong74/yahboom_src/install/yahboom_msgs/local/lib/python3.10/dist-packages/yahboom_msgs/yahboom_msgs_s__rosidl_typesupport_introspection_c.cpython-310-x86_64-linux-gnu.so
-- Installing: /home/dwduong74/yahboom_src/install/yahboom_msgs/local/lib/python3.10/dist-packages/yahboom_msgs/msg
-- Installing: /home/dwduong74/yahboom_src/install/yahboom_msgs/local/lib/python3.10/dist-packages/yahboom_msgs/msg/_point_array_s.c
-- Installing: /home/dwduong74/yahboom_src/install/yahboom_msgs/local/lib/python3.10/dist-packages/yahboom_msgs/msg/_position.py
-- Installing: /home/dwduong74/yahboom_src/install/yahboom_msgs/local/lib/python3.10/dist-packages/yahboom_msgs/msg/_target_s.c
-- Installing: /home/dwduong74/yahboom_src/install/yahboom_msgs/local/lib/python3.10/dist-packages/yahboom_msgs/msg/_target_array_s.c
-- Installing: /home/dwduong74/yahboom_src/install/yahboom_msgs/local/lib/python3.10/dist-packages/yahboom_msgs/msg/_target.py
-- Installing: /home/dwduong74/yahboom_src/install/yahboom_msgs/local/lib/python3.10/dist-packages/yahboom_msgs/msg/_point_array.py
-- Installing: /home/dwduong74/yahboom_src/install/yahboom_msgs/local/lib/python3.10/dist-packages/yahboom_msgs/msg/_image_msg.py
-- Installing: /home/dwduong74/yahboom_src/install/yahboom_msgs/local/lib/python3.10/dist-packages/yahboom_msgs/msg/_position_s.c
-- Installing: /home/dwduong74/yahboom_src/install/yahboom_msgs/local/lib/python3.10/dist-packages/yahboom_msgs/msg/__init__.py
-- Installing: /home/dwduong74/yahboom_src/install/yahboom_msgs/local/lib/python3.10/dist-packages/yahboom_msgs/msg/_image_msg_s.c
-- Installing: /home/dwduong74/yahboom_src/install/yahboom_msgs/local/lib/python3.10/dist-packages/yahboom_msgs/msg/_target_array.py
-- Installing: /home/dwduong74/yahboom_src/install/yahboom_msgs/local/lib/python3.10/dist-packages/yahboom_msgs/__init__.py
-- Installing: /home/dwduong74/yahboom_src/install/yahboom_msgs/local/lib/python3.10/dist-packages/yahboom_msgs/yahboom_msgs_s__rosidl_typesupport_fastrtps_c.cpython-310-x86_64-linux-gnu.so
-- Installing: /home/dwduong74/yahboom_src/install/yahboom_msgs/local/lib/python3.10/dist-packages/yahboom_msgs/yahboom_msgs_s__rosidl_typesupport_c.cpython-310-x86_64-linux-gnu.so
Listing '/home/dwduong74/yahboom_src/install/yahboom_msgs/local/lib/python3.10/dist-packages/yahboom_msgs'...
Compiling '/home/dwduong74/yahboom_src/install/yahboom_msgs/local/lib/python3.10/dist-packages/yahboom_msgs/__init__.py'...
Listing '/home/dwduong74/yahboom_src/install/yahboom_msgs/local/lib/python3.10/dist-packages/yahboom_msgs/msg'...
Compiling '/home/dwduong74/yahboom_src/install/yahboom_msgs/local/lib/python3.10/dist-packages/yahboom_msgs/msg/__init__.py'...
Compiling '/home/dwduong74/yahboom_src/install/yahboom_msgs/local/lib/python3.10/dist-packages/yahboom_msgs/msg/_image_msg.py'...
Compiling '/home/dwduong74/yahboom_src/install/yahboom_msgs/local/lib/python3.10/dist-packages/yahboom_msgs/msg/_point_array.py'...
Compiling '/home/dwduong74/yahboom_src/install/yahboom_msgs/local/lib/python3.10/dist-packages/yahboom_msgs/msg/_position.py'...
Compiling '/home/dwduong74/yahboom_src/install/yahboom_msgs/local/lib/python3.10/dist-packages/yahboom_msgs/msg/_target.py'...
Compiling '/home/dwduong74/yahboom_src/install/yahboom_msgs/local/lib/python3.10/dist-packages/yahboom_msgs/msg/_target_array.py'...
-- Installing: /home/dwduong74/yahboom_src/install/yahboom_msgs/local/lib/python3.10/dist-packages/yahboom_msgs/yahboom_msgs_s__rosidl_typesupport_fastrtps_c.cpython-310-x86_64-linux-gnu.so
-- Set runtime path of "/home/dwduong74/yahboom_src/install/yahboom_msgs/local/lib/python3.10/dist-packages/yahboom_msgs/yahboom_msgs_s__rosidl_typesupport_fastrtps_c.cpython-310-x86_64-linux-gnu.so" to ""
-- Installing: /home/dwduong74/yahboom_src/install/yahboom_msgs/local/lib/python3.10/dist-packages/yahboom_msgs/yahboom_msgs_s__rosidl_typesupport_introspection_c.cpython-310-x86_64-linux-gnu.so
-- Set runtime path of "/home/dwduong74/yahboom_src/install/yahboom_msgs/local/lib/python3.10/dist-packages/yahboom_msgs/yahboom_msgs_s__rosidl_typesupport_introspection_c.cpython-310-x86_64-linux-gnu.so" to ""
-- Installing: /home/dwduong74/yahboom_src/install/yahboom_msgs/local/lib/python3.10/dist-packages/yahboom_msgs/yahboom_msgs_s__rosidl_typesupport_c.cpython-310-x86_64-linux-gnu.so
-- Set runtime path of "/home/dwduong74/yahboom_src/install/yahboom_msgs/local/lib/python3.10/dist-packages/yahboom_msgs/yahboom_msgs_s__rosidl_typesupport_c.cpython-310-x86_64-linux-gnu.so" to ""
-- Installing: /home/dwduong74/yahboom_src/install/yahboom_msgs/lib/libyahboom_msgs__rosidl_generator_py.so
-- Set runtime path of "/home/dwduong74/yahboom_src/install/yahboom_msgs/lib/libyahboom_msgs__rosidl_generator_py.so" to ""
-- Installing: /home/dwduong74/yahboom_src/install/yahboom_msgs/share/yahboom_msgs/msg/ImageMsg.idl
-- Installing: /home/dwduong74/yahboom_src/install/yahboom_msgs/share/yahboom_msgs/msg/PointArray.idl
-- Installing: /home/dwduong74/yahboom_src/install/yahboom_msgs/share/yahboom_msgs/msg/Position.idl
-- Installing: /home/dwduong74/yahboom_src/install/yahboom_msgs/share/yahboom_msgs/msg/Target.idl
-- Installing: /home/dwduong74/yahboom_src/install/yahboom_msgs/share/yahboom_msgs/msg/TargetArray.idl
-- Installing: /home/dwduong74/yahboom_src/install/yahboom_msgs/share/yahboom_msgs/msg/ImageMsg.msg
-- Installing: /home/dwduong74/yahboom_src/install/yahboom_msgs/share/yahboom_msgs/msg/PointArray.msg
-- Installing: /home/dwduong74/yahboom_src/install/yahboom_msgs/share/yahboom_msgs/msg/Position.msg
-- Installing: /home/dwduong74/yahboom_src/install/yahboom_msgs/share/yahboom_msgs/msg/Target.msg
-- Installing: /home/dwduong74/yahboom_src/install/yahboom_msgs/share/yahboom_msgs/msg/TargetArray.msg
-- Installing: /home/dwduong74/yahboom_src/install/yahboom_msgs/share/ament_index/resource_index/package_run_dependencies/yahboom_msgs
-- Installing: /home/dwduong74/yahboom_src/install/yahboom_msgs/share/ament_index/resource_index/parent_prefix_path/yahboom_msgs
-- Installing: /home/dwduong74/yahboom_src/install/yahboom_msgs/share/yahboom_msgs/environment/ament_prefix_path.sh
-- Installing: /home/dwduong74/yahboom_src/install/yahboom_msgs/share/yahboom_msgs/environment/ament_prefix_path.dsv
-- Installing: /home/dwduong74/yahboom_src/install/yahboom_msgs/share/yahboom_msgs/environment/path.sh
-- Installing: /home/dwduong74/yahboom_src/install/yahboom_msgs/share/yahboom_msgs/environment/path.dsv
-- Installing: /home/dwduong74/yahboom_src/install/yahboom_msgs/share/yahboom_msgs/local_setup.bash
-- Installing: /home/dwduong74/yahboom_src/install/yahboom_msgs/share/yahboom_msgs/local_setup.sh
-- Installing: /home/dwduong74/yahboom_src/install/yahboom_msgs/share/yahboom_msgs/local_setup.zsh
-- Installing: /home/dwduong74/yahboom_src/install/yahboom_msgs/share/yahboom_msgs/local_setup.dsv
-- Installing: /home/dwduong74/yahboom_src/install/yahboom_msgs/share/yahboom_msgs/package.dsv
-- Installing: /home/dwduong74/yahboom_src/install/yahboom_msgs/share/ament_index/resource_index/packages/yahboom_msgs
-- Installing: /home/dwduong74/yahboom_src/install/yahboom_msgs/share/yahboom_msgs/cmake/export_yahboom_msgs__rosidl_generator_cExport.cmake
-- Installing: /home/dwduong74/yahboom_src/install/yahboom_msgs/share/yahboom_msgs/cmake/export_yahboom_msgs__rosidl_generator_cExport-noconfig.cmake
-- Installing: /home/dwduong74/yahboom_src/install/yahboom_msgs/share/yahboom_msgs/cmake/export_yahboom_msgs__rosidl_typesupport_fastrtps_cExport.cmake
-- Installing: /home/dwduong74/yahboom_src/install/yahboom_msgs/share/yahboom_msgs/cmake/export_yahboom_msgs__rosidl_typesupport_fastrtps_cExport-noconfig.cmake
-- Installing: /home/dwduong74/yahboom_src/install/yahboom_msgs/share/yahboom_msgs/cmake/yahboom_msgs__rosidl_typesupport_introspection_cExport.cmake
-- Installing: /home/dwduong74/yahboom_src/install/yahboom_msgs/share/yahboom_msgs/cmake/yahboom_msgs__rosidl_typesupport_introspection_cExport-noconfig.cmake
-- Installing: /home/dwduong74/yahboom_src/install/yahboom_msgs/share/yahboom_msgs/cmake/yahboom_msgs__rosidl_typesupport_cExport.cmake
-- Installing: /home/dwduong74/yahboom_src/install/yahboom_msgs/share/yahboom_msgs/cmake/yahboom_msgs__rosidl_typesupport_cExport-noconfig.cmake
-- Installing: /home/dwduong74/yahboom_src/install/yahboom_msgs/share/yahboom_msgs/cmake/export_yahboom_msgs__rosidl_generator_cppExport.cmake
-- Installing: /home/dwduong74/yahboom_src/install/yahboom_msgs/share/yahboom_msgs/cmake/export_yahboom_msgs__rosidl_typesupport_fastrtps_cppExport.cmake
-- Installing: /home/dwduong74/yahboom_src/install/yahboom_msgs/share/yahboom_msgs/cmake/export_yahboom_msgs__rosidl_typesupport_fastrtps_cppExport-noconfig.cmake
-- Installing: /home/dwduong74/yahboom_src/install/yahboom_msgs/share/yahboom_msgs/cmake/yahboom_msgs__rosidl_typesupport_introspection_cppExport.cmake
-- Installing: /home/dwduong74/yahboom_src/install/yahboom_msgs/share/yahboom_msgs/cmake/yahboom_msgs__rosidl_typesupport_introspection_cppExport-noconfig.cmake
-- Installing: /home/dwduong74/yahboom_src/install/yahboom_msgs/share/yahboom_msgs/cmake/yahboom_msgs__rosidl_typesupport_cppExport.cmake
-- Installing: /home/dwduong74/yahboom_src/install/yahboom_msgs/share/yahboom_msgs/cmake/yahboom_msgs__rosidl_typesupport_cppExport-noconfig.cmake
-- Installing: /home/dwduong74/yahboom_src/install/yahboom_msgs/share/yahboom_msgs/cmake/export_yahboom_msgs__rosidl_generator_pyExport.cmake
-- Installing: /home/dwduong74/yahboom_src/install/yahboom_msgs/share/yahboom_msgs/cmake/export_yahboom_msgs__rosidl_generator_pyExport-noconfig.cmake
-- Installing: /home/dwduong74/yahboom_src/install/yahboom_msgs/share/yahboom_msgs/cmake/rosidl_cmake-extras.cmake
-- Installing: /home/dwduong74/yahboom_src/install/yahboom_msgs/share/yahboom_msgs/cmake/ament_cmake_export_dependencies-extras.cmake
-- Installing: /home/dwduong74/yahboom_src/install/yahboom_msgs/share/yahboom_msgs/cmake/ament_cmake_export_include_directories-extras.cmake
-- Installing: /home/dwduong74/yahboom_src/install/yahboom_msgs/share/yahboom_msgs/cmake/ament_cmake_export_libraries-extras.cmake
-- Installing: /home/dwduong74/yahboom_src/install/yahboom_msgs/share/yahboom_msgs/cmake/ament_cmake_export_targets-extras.cmake
-- Installing: /home/dwduong74/yahboom_src/install/yahboom_msgs/share/yahboom_msgs/cmake/rosidl_cmake_export_typesupport_targets-extras.cmake
-- Installing: /home/dwduong74/yahboom_src/install/yahboom_msgs/share/yahboom_msgs/cmake/rosidl_cmake_export_typesupport_libraries-extras.cmake
-- Installing: /home/dwduong74/yahboom_src/install/yahboom_msgs/share/yahboom_msgs/cmake/yahboom_msgsConfig.cmake
-- Installing: /home/dwduong74/yahboom_src/install/yahboom_msgs/share/yahboom_msgs/cmake/yahboom_msgsConfig-version.cmake
-- Installing: /home/dwduong74/yahboom_src/install/yahboom_msgs/share/yahboom_msgs/package.xml
