-- Install configuration: ""
-- Up-to-date: /home/dwduong74/yahboom_src/install/dogzilla_description/share/dogzilla_description/config
-- Up-to-date: /home/dwduong74/yahboom_src/install/dogzilla_description/share/dogzilla_description/config/_joint_names_dogzilla_description.yaml
-- Up-to-date: /home/dwduong74/yahboom_src/install/dogzilla_description/share/dogzilla_description/config/_robot_control.yaml
-- Up-to-date: /home/dwduong74/yahboom_src/install/dogzilla_description/share/dogzilla_description/config/ros_control
-- Up-to-date: /home/dwduong74/yahboom_src/install/dogzilla_description/share/dogzilla_description/config/ros_control/ros_control.yaml
-- Up-to-date: /home/dwduong74/yahboom_src/install/dogzilla_description/share/dogzilla_description/dae
-- Up-to-date: /home/dwduong74/yahboom_src/install/dogzilla_description/share/dogzilla_description/dae/thigh_mirror.dae
-- Up-to-date: /home/dwduong74/yahboom_src/install/dogzilla_description/share/dogzilla_description/dae/calf_mirror.dae
-- Up-to-date: /home/dwduong74/yahboom_src/install/dogzilla_description/share/dogzilla_description/dae/thigh.dae
-- Up-to-date: /home/dwduong74/yahboom_src/install/dogzilla_description/share/dogzilla_description/dae/hip.dae
-- Up-to-date: /home/dwduong74/yahboom_src/install/dogzilla_description/share/dogzilla_description/dae/calf.dae
-- Up-to-date: /home/dwduong74/yahboom_src/install/dogzilla_description/share/dogzilla_description/dae/foot.dae
-- Up-to-date: /home/dwduong74/yahboom_src/install/dogzilla_description/share/dogzilla_description/dae/base.dae
-- Up-to-date: /home/dwduong74/yahboom_src/install/dogzilla_description/share/dogzilla_description/launch
-- Up-to-date: /home/dwduong74/yahboom_src/install/dogzilla_description/share/dogzilla_description/launch/description.launch.py
-- Up-to-date: /home/dwduong74/yahboom_src/install/dogzilla_description/share/dogzilla_description/meshes_dog
-- Up-to-date: /home/dwduong74/yahboom_src/install/dogzilla_description/share/dogzilla_description/meshes_dog/lh_hip_link.STL
-- Up-to-date: /home/dwduong74/yahboom_src/install/dogzilla_description/share/dogzilla_description/meshes_dog/base_link.STL
-- Up-to-date: /home/dwduong74/yahboom_src/install/dogzilla_description/share/dogzilla_description/meshes_dog/rf_upper_leg_link.STL
-- Up-to-date: /home/dwduong74/yahboom_src/install/dogzilla_description/share/dogzilla_description/meshes_dog/lf_upper_leg_link.STL
-- Up-to-date: /home/dwduong74/yahboom_src/install/dogzilla_description/share/dogzilla_description/meshes_dog/rf_lower_leg_link.STL
-- Up-to-date: /home/dwduong74/yahboom_src/install/dogzilla_description/share/dogzilla_description/meshes_dog/rf_hip_link.STL
-- Up-to-date: /home/dwduong74/yahboom_src/install/dogzilla_description/share/dogzilla_description/meshes_dog/rh_lower_leg_link.STL
-- Up-to-date: /home/dwduong74/yahboom_src/install/dogzilla_description/share/dogzilla_description/meshes_dog/lf_hip_link.STL
-- Up-to-date: /home/dwduong74/yahboom_src/install/dogzilla_description/share/dogzilla_description/meshes_dog/camera_link.STL
-- Up-to-date: /home/dwduong74/yahboom_src/install/dogzilla_description/share/dogzilla_description/meshes_dog/rh_upper_leg_link.STL
-- Up-to-date: /home/dwduong74/yahboom_src/install/dogzilla_description/share/dogzilla_description/meshes_dog/laser_link.STL
-- Up-to-date: /home/dwduong74/yahboom_src/install/dogzilla_description/share/dogzilla_description/meshes_dog/lh_lower_leg_link.STL
-- Up-to-date: /home/dwduong74/yahboom_src/install/dogzilla_description/share/dogzilla_description/meshes_dog/lf_lower_leg_link.STL
-- Up-to-date: /home/dwduong74/yahboom_src/install/dogzilla_description/share/dogzilla_description/meshes_dog/XGO
-- Up-to-date: /home/dwduong74/yahboom_src/install/dogzilla_description/share/dogzilla_description/meshes_dog/XGO/lh_hip_link.STL
-- Up-to-date: /home/dwduong74/yahboom_src/install/dogzilla_description/share/dogzilla_description/meshes_dog/XGO/base_link.STL
-- Up-to-date: /home/dwduong74/yahboom_src/install/dogzilla_description/share/dogzilla_description/meshes_dog/XGO/rf_upper_leg_link.STL
-- Up-to-date: /home/dwduong74/yahboom_src/install/dogzilla_description/share/dogzilla_description/meshes_dog/XGO/lf_upper_leg_link.STL
-- Up-to-date: /home/dwduong74/yahboom_src/install/dogzilla_description/share/dogzilla_description/meshes_dog/XGO/rf_lower_leg_link.STL
-- Up-to-date: /home/dwduong74/yahboom_src/install/dogzilla_description/share/dogzilla_description/meshes_dog/XGO/rf_hip_link.STL
-- Up-to-date: /home/dwduong74/yahboom_src/install/dogzilla_description/share/dogzilla_description/meshes_dog/XGO/rh_lower_leg_link.STL
-- Up-to-date: /home/dwduong74/yahboom_src/install/dogzilla_description/share/dogzilla_description/meshes_dog/XGO/lf_hip_link.STL
-- Up-to-date: /home/dwduong74/yahboom_src/install/dogzilla_description/share/dogzilla_description/meshes_dog/XGO/camera_link.STL
-- Up-to-date: /home/dwduong74/yahboom_src/install/dogzilla_description/share/dogzilla_description/meshes_dog/XGO/rh_upper_leg_link.STL
-- Up-to-date: /home/dwduong74/yahboom_src/install/dogzilla_description/share/dogzilla_description/meshes_dog/XGO/laser_link.STL
-- Up-to-date: /home/dwduong74/yahboom_src/install/dogzilla_description/share/dogzilla_description/meshes_dog/XGO/lh_lower_leg_link.STL
-- Up-to-date: /home/dwduong74/yahboom_src/install/dogzilla_description/share/dogzilla_description/meshes_dog/XGO/lf_lower_leg_link.STL
-- Up-to-date: /home/dwduong74/yahboom_src/install/dogzilla_description/share/dogzilla_description/meshes_dog/XGO/lh_upper_leg_link.STL
-- Up-to-date: /home/dwduong74/yahboom_src/install/dogzilla_description/share/dogzilla_description/meshes_dog/XGO/rh_hip_link.STL
-- Up-to-date: /home/dwduong74/yahboom_src/install/dogzilla_description/share/dogzilla_description/meshes_dog/lh_upper_leg_link.STL
-- Up-to-date: /home/dwduong74/yahboom_src/install/dogzilla_description/share/dogzilla_description/meshes_dog/rh_hip_link.STL
-- Up-to-date: /home/dwduong74/yahboom_src/install/dogzilla_description/share/dogzilla_description/urdf
-- Up-to-date: /home/dwduong74/yahboom_src/install/dogzilla_description/share/dogzilla_description/urdf/Amended_collision_model.png
-- Up-to-date: /home/dwduong74/yahboom_src/install/dogzilla_description/share/dogzilla_description/urdf/dogzilla_description.urdf
-- Up-to-date: /home/dwduong74/yahboom_src/install/dogzilla_description/share/dogzilla_description/urdf/.history
-- Up-to-date: /home/dwduong74/yahboom_src/install/dogzilla_description/share/dogzilla_description/urdf/.history/dogzilla_description_20230904144240.urdf
-- Up-to-date: /home/dwduong74/yahboom_src/install/dogzilla_description/share/dogzilla_description/urdf/.history/dogzilla_description_20230905115215.urdf
-- Up-to-date: /home/dwduong74/yahboom_src/install/dogzilla_description/share/dogzilla_description/urdf/.history/dogzilla_description_20230905113755.urdf
-- Up-to-date: /home/dwduong74/yahboom_src/install/dogzilla_description/share/dogzilla_description/urdf/.history/dogzilla_description_20230905113059.urdf
-- Up-to-date: /home/dwduong74/yahboom_src/install/dogzilla_description/share/dogzilla_description/urdf/.history/dogzilla_description_20230904182446.urdf
-- Up-to-date: /home/dwduong74/yahboom_src/install/dogzilla_description/share/dogzilla_description/urdf/.history/dogzilla_description_20230905113633.urdf
-- Up-to-date: /home/dwduong74/yahboom_src/install/dogzilla_description/share/dogzilla_description/urdf/.history/dogzilla_description_20230905115313.urdf
-- Up-to-date: /home/dwduong74/yahboom_src/install/dogzilla_description/share/dogzilla_description/urdf/.history/dogzilla_description_20230904193711.urdf
-- Up-to-date: /home/dwduong74/yahboom_src/install/dogzilla_description/share/dogzilla_description/urdf/.history/dogzilla_description_20230905112944.urdf
-- Up-to-date: /home/dwduong74/yahboom_src/install/dogzilla_description/share/dogzilla_description/urdf/.history/dogzilla_description_20230905115021.urdf
-- Up-to-date: /home/dwduong74/yahboom_src/install/dogzilla_description/share/dogzilla_description/urdf/.history/dogzilla_description_20230905112749.urdf
-- Up-to-date: /home/dwduong74/yahboom_src/install/dogzilla_description/share/dogzilla_description/urdf/.history/dogzilla_description_20230904193710.urdf
-- Up-to-date: /home/dwduong74/yahboom_src/install/dogzilla_description/share/dogzilla_description/urdf/.history/dogzilla_description_20230905114819.urdf
-- Up-to-date: /home/dwduong74/yahboom_src/install/dogzilla_description/share/dogzilla_description/urdf/.history/dogzilla_description_20230905113000.urdf
-- Up-to-date: /home/dwduong74/yahboom_src/install/dogzilla_description/share/dogzilla_description/urdf/.history/dogzilla_description_20230905112047.urdf
-- Up-to-date: /home/dwduong74/yahboom_src/install/dogzilla_description/share/dogzilla_description/urdf/.history/dogzilla_description_20230904193628.urdf
-- Up-to-date: /home/dwduong74/yahboom_src/install/dogzilla_description/share/dogzilla_description/urdf/.history/dogzilla_description_20230905114759.urdf
-- Up-to-date: /home/dwduong74/yahboom_src/install/dogzilla_description/share/dogzilla_description/urdf/.history/dogzilla_description_20230904193705.urdf
-- Up-to-date: /home/dwduong74/yahboom_src/install/dogzilla_description/share/dogzilla_description/urdf/.history/dogzilla_description_20230905115022.urdf
-- Up-to-date: /home/dwduong74/yahboom_src/install/dogzilla_description/share/dogzilla_description/urdf/.history/dogzilla_description_20230905113840.urdf
-- Up-to-date: /home/dwduong74/yahboom_src/install/dogzilla_description/share/dogzilla_description/urdf/.history/dogzilla_description_20230904193653.urdf
-- Up-to-date: /home/dwduong74/yahboom_src/install/dogzilla_description/share/dogzilla_description/urdf/.history/dogzilla_description_20230905115040.urdf
-- Up-to-date: /home/dwduong74/yahboom_src/install/dogzilla_description/share/dogzilla_description/urdf/.history/dogzilla_description_20230904193644.urdf
-- Up-to-date: /home/dwduong74/yahboom_src/install/dogzilla_description/share/dogzilla_description/urdf/.history/dogzilla_description_20230905112143.urdf
-- Up-to-date: /home/dwduong74/yahboom_src/install/dogzilla_description/share/dogzilla_description/urdf/.history/dogzilla_description_20230905112217.urdf
-- Up-to-date: /home/dwduong74/yahboom_src/install/dogzilla_description/share/dogzilla_description/urdf/.history/dogzilla_description_20230905113754.urdf
-- Up-to-date: /home/dwduong74/yahboom_src/install/dogzilla_description/share/dogzilla_description/urdf/.history/dogzilla_description_20230905113839.urdf
-- Up-to-date: /home/dwduong74/yahboom_src/install/dogzilla_description/share/dogzilla_description/urdf/.history/dogzilla_description_20230905115300.urdf
-- Up-to-date: /home/dwduong74/yahboom_src/install/dogzilla_description/share/dogzilla_description/urdf/.history/dogzilla_description_20230905112752.urdf
-- Up-to-date: /home/dwduong74/yahboom_src/install/dogzilla_description/share/dogzilla_description/urdf/.history/dogzilla_description_20230905112735.urdf
-- Up-to-date: /home/dwduong74/yahboom_src/install/dogzilla_description/share/dogzilla_description/urdf/.history/dogzilla_description_20230905115226.urdf
-- Up-to-date: /home/dwduong74/yahboom_src/install/dogzilla_description/share/dogzilla_description/urdf/Normal_collision_model.png
-- Up-to-date: /home/dwduong74/yahboom_src/install/dogzilla_description/share/dogzilla_description/xacro
-- Up-to-date: /home/dwduong74/yahboom_src/install/dogzilla_description/share/dogzilla_description/xacro/robot.xacro
-- Up-to-date: /home/dwduong74/yahboom_src/install/dogzilla_description/share/dogzilla_description/xacro/velodyne.xacro
-- Up-to-date: /home/dwduong74/yahboom_src/install/dogzilla_description/share/dogzilla_description/xacro/transmission.xacro
-- Up-to-date: /home/dwduong74/yahboom_src/install/dogzilla_description/share/dogzilla_description/xacro/yahboom_xgo_rviz.xacro
-- Up-to-date: /home/dwduong74/yahboom_src/install/dogzilla_description/share/dogzilla_description/xacro/gazebo.xacro
-- Up-to-date: /home/dwduong74/yahboom_src/install/dogzilla_description/share/dogzilla_description/xacro/materials.xacro
-- Up-to-date: /home/dwduong74/yahboom_src/install/dogzilla_description/share/dogzilla_description/xacro/robot_VLP.xacro
-- Up-to-date: /home/dwduong74/yahboom_src/install/dogzilla_description/share/dogzilla_description/xacro/leg.xacro
-- Up-to-date: /home/dwduong74/yahboom_src/install/dogzilla_description/share/dogzilla_description/xacro/laser.xacro
-- Up-to-date: /home/dwduong74/yahboom_src/install/dogzilla_description/share/ament_index/resource_index/package_run_dependencies/dogzilla_description
-- Up-to-date: /home/dwduong74/yahboom_src/install/dogzilla_description/share/ament_index/resource_index/parent_prefix_path/dogzilla_description
-- Up-to-date: /home/dwduong74/yahboom_src/install/dogzilla_description/share/dogzilla_description/environment/ament_prefix_path.sh
-- Up-to-date: /home/dwduong74/yahboom_src/install/dogzilla_description/share/dogzilla_description/environment/ament_prefix_path.dsv
-- Up-to-date: /home/dwduong74/yahboom_src/install/dogzilla_description/share/dogzilla_description/environment/path.sh
-- Up-to-date: /home/dwduong74/yahboom_src/install/dogzilla_description/share/dogzilla_description/environment/path.dsv
-- Up-to-date: /home/dwduong74/yahboom_src/install/dogzilla_description/share/dogzilla_description/local_setup.bash
-- Up-to-date: /home/dwduong74/yahboom_src/install/dogzilla_description/share/dogzilla_description/local_setup.sh
-- Up-to-date: /home/dwduong74/yahboom_src/install/dogzilla_description/share/dogzilla_description/local_setup.zsh
-- Up-to-date: /home/dwduong74/yahboom_src/install/dogzilla_description/share/dogzilla_description/local_setup.dsv
-- Up-to-date: /home/dwduong74/yahboom_src/install/dogzilla_description/share/dogzilla_description/package.dsv
-- Up-to-date: /home/dwduong74/yahboom_src/install/dogzilla_description/share/ament_index/resource_index/packages/dogzilla_description
-- Up-to-date: /home/dwduong74/yahboom_src/install/dogzilla_description/share/dogzilla_description/cmake/dogzilla_descriptionConfig.cmake
-- Up-to-date: /home/dwduong74/yahboom_src/install/dogzilla_description/share/dogzilla_description/cmake/dogzilla_descriptionConfig-version.cmake
-- Up-to-date: /home/dwduong74/yahboom_src/install/dogzilla_description/share/dogzilla_description/package.xml
