[5.140s] Invoking command in '/home/dwduong74/yahboom_src/src/yahboom_base': PYTHONPATH=/home/dwduong74/yahboom_src/build/yahboom_base/prefix_override:/usr/lib/python3/dist-packages/colcon_core/task/python/colcon_distutils_commands:/home/dwduong74/yahboom_src/install/yahboom_base/lib/python3.10/site-packages:${PYTHONPATH} /usr/bin/python3 -W ignore:setup.py install is deprecated -W ignore:easy_install command is deprecated setup.py egg_info --egg-base ../../build/yahboom_base build --build-base /home/dwduong74/yahboom_src/build/yahboom_base/build install --record /home/dwduong74/yahboom_src/build/yahboom_base/install.log --single-version-externally-managed install_data
[6.275s] running egg_info
[6.275s] writing ../../build/yahboom_base/yahboom_base.egg-info/PKG-INFO
[6.282s] writing dependency_links to ../../build/yahboom_base/yahboom_base.egg-info/dependency_links.txt
[6.282s] writing entry points to ../../build/yahboom_base/yahboom_base.egg-info/entry_points.txt
[6.283s] writing requirements to ../../build/yahboom_base/yahboom_base.egg-info/requires.txt
[6.283s] writing top-level names to ../../build/yahboom_base/yahboom_base.egg-info/top_level.txt
[6.283s] reading manifest file '../../build/yahboom_base/yahboom_base.egg-info/SOURCES.txt'
[6.286s] writing manifest file '../../build/yahboom_base/yahboom_base.egg-info/SOURCES.txt'
[6.286s] running build
[6.286s] running build_py
[6.286s] running install
[6.286s] running install_lib
[6.289s] running install_data
[6.289s] running install_egg_info
[6.293s] removing '/home/dwduong74/yahboom_src/install/yahboom_base/lib/python3.10/site-packages/yahboom_base-0.0.0-py3.10.egg-info' (and everything under it)
[6.294s] Copying ../../build/yahboom_base/yahboom_base.egg-info to /home/dwduong74/yahboom_src/install/yahboom_base/lib/python3.10/site-packages/yahboom_base-0.0.0-py3.10.egg-info
[6.300s] running install_scripts
[6.345s] Installing base script to /home/dwduong74/yahboom_src/install/yahboom_base/lib/yahboom_base
[6.345s] Installing talker script to /home/dwduong74/yahboom_src/install/yahboom_base/lib/yahboom_base
[6.347s] writing list of installed files to '/home/dwduong74/yahboom_src/build/yahboom_base/install.log'
[7.147s] Invoked command in '/home/dwduong74/yahboom_src/src/yahboom_base' returned '0': PYTHONPATH=/home/dwduong74/yahboom_src/build/yahboom_base/prefix_override:/usr/lib/python3/dist-packages/colcon_core/task/python/colcon_distutils_commands:/home/dwduong74/yahboom_src/install/yahboom_base/lib/python3.10/site-packages:${PYTHONPATH} /usr/bin/python3 -W ignore:setup.py install is deprecated -W ignore:easy_install command is deprecated setup.py egg_info --egg-base ../../build/yahboom_base build --build-base /home/dwduong74/yahboom_src/build/yahboom_base/build install --record /home/dwduong74/yahboom_src/build/yahboom_base/install.log --single-version-externally-managed install_data
