[0.297s] Invoking command in '/home/dwduong74/yahboom_src/build/champ_description': CMAKE_PREFIX_PATH=/home/dwduong74/yahboom_src/install/velodyne_gazebo_plugins:/home/dwduong74/yahboom_src/install/yahboom_msgs:/home/dwduong74/yahboom_src/install/velodyne_simulator:/home/dwduong74/yahboom_src/install/velodyne_description:/home/dwduong74/yahboom_src/install/champ_bringup:/home/dwduong74/yahboom_src/install/champ_description:/home/dwduong74/yahboom_src/install/oradar_lidar:/home/dwduong74/yahboom_src/install/image_color_lab:/home/dwduong74/yahboom_src/install/go2_description:/home/dwduong74/yahboom_src/install/go2_config:/home/dwduong74/yahboom_src/install/dogzilla_description:/home/dwduong74/yahboom_src/install/dogzilla_config:/home/dwduong74/yahboom_src/install/champ_teleop:/home/dwduong74/yahboom_src/install/champ_navigation:/home/dwduong74/yahboom_src/install/champ_gazebo:/home/dwduong74/yahboom_src/install/champ_base:/home/dwduong74/yahboom_src/install/champ_msgs:/home/dwduong74/yahboom_src/install/champ_config:/home/dwduong74/yahboom_src/install/champ:/home/dwduong74/LUMI_ws/install/turtlebot3_manipulation_gazebo:/home/dwduong74/LUMI_ws/install/champ:/home/dwduong74/LUMI_ws/install/rf2o_laser_odometry:/home/dwduong74/yahboom_src/install/yahboom_set_height:/home/dwduong74/yahboom_src/install/yahboom_mediapipe:/home/dwduong74/yahboom_src/install/yahboom_gait:/home/dwduong74/yahboom_src/install/yahboom_dog_joint_state:/home/dwduong74/yahboom_src/install/yahboom_description:/home/dwduong74/yahboom_src/install/yahboom_bringup:/home/dwduong74/yahboom_src/install/yahboom_base:/home/dwduong74/yahboom_src/install/yahboom_app_save_map:/home/dwduong74/yahboom_src/install/tf_publisher:/home/dwduong74/yahboom_src/install/bringup:/home/dwduong74/LUMI_ws/install/custom_explorer:/opt/ros/humble LD_LIBRARY_PATH=/home/dwduong74/yahboom_src/install/velodyne_gazebo_plugins/lib:/home/dwduong74/yahboom_src/install/yahboom_msgs/lib:/home/dwduong74/yahboom_src/install/image_color_lab/lib:/home/dwduong74/yahboom_src/install/champ_base/lib:/home/dwduong74/yahboom_src/install/champ_msgs/lib:/usr/lib/x86_64-linux-gnu/gazebo-11/plugins:/opt/ros/humble/opt/rviz_ogre_vendor/lib:/opt/ros/humble/lib/x86_64-linux-gnu:/opt/ros/humble/lib /usr/bin/cmake --build /home/dwduong74/yahboom_src/build/champ_description -- -j8 -l8
[0.600s] Invoked command in '/home/dwduong74/yahboom_src/build/champ_description' returned '0': CMAKE_PREFIX_PATH=/home/dwduong74/yahboom_src/install/velodyne_gazebo_plugins:/home/dwduong74/yahboom_src/install/yahboom_msgs:/home/dwduong74/yahboom_src/install/velodyne_simulator:/home/dwduong74/yahboom_src/install/velodyne_description:/home/dwduong74/yahboom_src/install/champ_bringup:/home/dwduong74/yahboom_src/install/champ_description:/home/dwduong74/yahboom_src/install/oradar_lidar:/home/dwduong74/yahboom_src/install/image_color_lab:/home/dwduong74/yahboom_src/install/go2_description:/home/dwduong74/yahboom_src/install/go2_config:/home/dwduong74/yahboom_src/install/dogzilla_description:/home/dwduong74/yahboom_src/install/dogzilla_config:/home/dwduong74/yahboom_src/install/champ_teleop:/home/dwduong74/yahboom_src/install/champ_navigation:/home/dwduong74/yahboom_src/install/champ_gazebo:/home/dwduong74/yahboom_src/install/champ_base:/home/dwduong74/yahboom_src/install/champ_msgs:/home/dwduong74/yahboom_src/install/champ_config:/home/dwduong74/yahboom_src/install/champ:/home/dwduong74/LUMI_ws/install/turtlebot3_manipulation_gazebo:/home/dwduong74/LUMI_ws/install/champ:/home/dwduong74/LUMI_ws/install/rf2o_laser_odometry:/home/dwduong74/yahboom_src/install/yahboom_set_height:/home/dwduong74/yahboom_src/install/yahboom_mediapipe:/home/dwduong74/yahboom_src/install/yahboom_gait:/home/dwduong74/yahboom_src/install/yahboom_dog_joint_state:/home/dwduong74/yahboom_src/install/yahboom_description:/home/dwduong74/yahboom_src/install/yahboom_bringup:/home/dwduong74/yahboom_src/install/yahboom_base:/home/dwduong74/yahboom_src/install/yahboom_app_save_map:/home/dwduong74/yahboom_src/install/tf_publisher:/home/dwduong74/yahboom_src/install/bringup:/home/dwduong74/LUMI_ws/install/custom_explorer:/opt/ros/humble LD_LIBRARY_PATH=/home/dwduong74/yahboom_src/install/velodyne_gazebo_plugins/lib:/home/dwduong74/yahboom_src/install/yahboom_msgs/lib:/home/dwduong74/yahboom_src/install/image_color_lab/lib:/home/dwduong74/yahboom_src/install/champ_base/lib:/home/dwduong74/yahboom_src/install/champ_msgs/lib:/usr/lib/x86_64-linux-gnu/gazebo-11/plugins:/opt/ros/humble/opt/rviz_ogre_vendor/lib:/opt/ros/humble/lib/x86_64-linux-gnu:/opt/ros/humble/lib /usr/bin/cmake --build /home/dwduong74/yahboom_src/build/champ_description -- -j8 -l8
[0.604s] Invoking command in '/home/dwduong74/yahboom_src/build/champ_description': CMAKE_PREFIX_PATH=/home/dwduong74/yahboom_src/install/velodyne_gazebo_plugins:/home/dwduong74/yahboom_src/install/yahboom_msgs:/home/dwduong74/yahboom_src/install/velodyne_simulator:/home/dwduong74/yahboom_src/install/velodyne_description:/home/dwduong74/yahboom_src/install/champ_bringup:/home/dwduong74/yahboom_src/install/champ_description:/home/dwduong74/yahboom_src/install/oradar_lidar:/home/dwduong74/yahboom_src/install/image_color_lab:/home/dwduong74/yahboom_src/install/go2_description:/home/dwduong74/yahboom_src/install/go2_config:/home/dwduong74/yahboom_src/install/dogzilla_description:/home/dwduong74/yahboom_src/install/dogzilla_config:/home/dwduong74/yahboom_src/install/champ_teleop:/home/dwduong74/yahboom_src/install/champ_navigation:/home/dwduong74/yahboom_src/install/champ_gazebo:/home/dwduong74/yahboom_src/install/champ_base:/home/dwduong74/yahboom_src/install/champ_msgs:/home/dwduong74/yahboom_src/install/champ_config:/home/dwduong74/yahboom_src/install/champ:/home/dwduong74/LUMI_ws/install/turtlebot3_manipulation_gazebo:/home/dwduong74/LUMI_ws/install/champ:/home/dwduong74/LUMI_ws/install/rf2o_laser_odometry:/home/dwduong74/yahboom_src/install/yahboom_set_height:/home/dwduong74/yahboom_src/install/yahboom_mediapipe:/home/dwduong74/yahboom_src/install/yahboom_gait:/home/dwduong74/yahboom_src/install/yahboom_dog_joint_state:/home/dwduong74/yahboom_src/install/yahboom_description:/home/dwduong74/yahboom_src/install/yahboom_bringup:/home/dwduong74/yahboom_src/install/yahboom_base:/home/dwduong74/yahboom_src/install/yahboom_app_save_map:/home/dwduong74/yahboom_src/install/tf_publisher:/home/dwduong74/yahboom_src/install/bringup:/home/dwduong74/LUMI_ws/install/custom_explorer:/opt/ros/humble LD_LIBRARY_PATH=/home/dwduong74/yahboom_src/install/velodyne_gazebo_plugins/lib:/home/dwduong74/yahboom_src/install/yahboom_msgs/lib:/home/dwduong74/yahboom_src/install/image_color_lab/lib:/home/dwduong74/yahboom_src/install/champ_base/lib:/home/dwduong74/yahboom_src/install/champ_msgs/lib:/usr/lib/x86_64-linux-gnu/gazebo-11/plugins:/opt/ros/humble/opt/rviz_ogre_vendor/lib:/opt/ros/humble/lib/x86_64-linux-gnu:/opt/ros/humble/lib /usr/bin/cmake --install /home/dwduong74/yahboom_src/build/champ_description
[0.646s] -- Install configuration: ""
[0.646s] -- Up-to-date: /home/dwduong74/yahboom_src/install/champ_description/share/champ_description/launch
[0.647s] -- Up-to-date: /home/dwduong74/yahboom_src/install/champ_description/share/champ_description/launch/view_urdf.launch
[0.647s] -- Up-to-date: /home/dwduong74/yahboom_src/install/champ_description/share/champ_description/launch/description.launch.py
[0.647s] -- Up-to-date: /home/dwduong74/yahboom_src/install/champ_description/share/champ_description/launch/description.launch
[0.647s] -- Up-to-date: /home/dwduong74/yahboom_src/install/champ_description/share/champ_description/rviz
[0.647s] -- Up-to-date: /home/dwduong74/yahboom_src/install/champ_description/share/champ_description/rviz/urdf_viewer.rviz
[0.647s] -- Up-to-date: /home/dwduong74/yahboom_src/install/champ_description/share/champ_description/meshes
[0.647s] -- Up-to-date: /home/dwduong74/yahboom_src/install/champ_description/share/champ_description/meshes/lower_leg_simple.stl
[0.647s] -- Up-to-date: /home/dwduong74/yahboom_src/install/champ_description/share/champ_description/meshes/asus_camera_simple.dae
[0.662s] -- Up-to-date: /home/dwduong74/yahboom_src/install/champ_description/share/champ_description/meshes/arm
[0.662s] -- Up-to-date: /home/dwduong74/yahboom_src/install/champ_description/share/champ_description/meshes/arm/wrist2.stl
[0.663s] -- Up-to-date: /home/dwduong74/yahboom_src/install/champ_description/share/champ_description/meshes/arm/upper_arm.stl
[0.663s] -- Up-to-date: /home/dwduong74/yahboom_src/install/champ_description/share/champ_description/meshes/arm/wrist1.stl
[0.663s] -- Up-to-date: /home/dwduong74/yahboom_src/install/champ_description/share/champ_description/meshes/arm/base.stl
[0.663s] -- Up-to-date: /home/dwduong74/yahboom_src/install/champ_description/share/champ_description/meshes/arm/lower_arm.stl
[0.663s] -- Up-to-date: /home/dwduong74/yahboom_src/install/champ_description/share/champ_description/meshes/lower_leg.stl
[0.663s] -- Up-to-date: /home/dwduong74/yahboom_src/install/champ_description/share/champ_description/meshes/upper_leg.stl
[0.663s] -- Up-to-date: /home/dwduong74/yahboom_src/install/champ_description/share/champ_description/meshes/base.stl
[0.664s] -- Up-to-date: /home/dwduong74/yahboom_src/install/champ_description/share/champ_description/meshes/hokuyo_utm_30lx.dae
[0.664s] -- Up-to-date: /home/dwduong74/yahboom_src/install/champ_description/share/champ_description/meshes/upper_leg_simple.stl
[0.664s] -- Up-to-date: /home/dwduong74/yahboom_src/install/champ_description/share/champ_description/meshes/hip.stl
[0.664s] -- Up-to-date: /home/dwduong74/yahboom_src/install/champ_description/share/champ_description/meshes/base_simple.stl
[0.664s] -- Up-to-date: /home/dwduong74/yahboom_src/install/champ_description/share/champ_description/urdf
[0.664s] -- Up-to-date: /home/dwduong74/yahboom_src/install/champ_description/share/champ_description/urdf/hokuyo_utm30lx.urdf.xacro
[0.664s] -- Up-to-date: /home/dwduong74/yahboom_src/install/champ_description/share/champ_description/urdf/champ_arm.urdf
[0.664s] -- Up-to-date: /home/dwduong74/yahboom_src/install/champ_description/share/champ_description/urdf/champ_velodyne.urdf
[0.665s] -- Up-to-date: /home/dwduong74/yahboom_src/install/champ_description/share/champ_description/urdf/accessories.urdf.xacro
[0.665s] -- Up-to-date: /home/dwduong74/yahboom_src/install/champ_description/share/champ_description/urdf/properties.urdf.xacro
[0.665s] -- Up-to-date: /home/dwduong74/yahboom_src/install/champ_description/share/champ_description/urdf/asus_camera.urdf.xacro
[0.665s] -- Up-to-date: /home/dwduong74/yahboom_src/install/champ_description/share/champ_description/urdf/leg.urdf.xacro
[0.665s] -- Up-to-date: /home/dwduong74/yahboom_src/install/champ_description/share/champ_description/urdf/gen_urdf
[0.665s] -- Up-to-date: /home/dwduong74/yahboom_src/install/champ_description/share/champ_description/urdf/champ.urdf
[0.665s] -- Up-to-date: /home/dwduong74/yahboom_src/install/champ_description/share/champ_description/urdf/champ.urdf.xacro
[0.665s] -- Up-to-date: /home/dwduong74/yahboom_src/install/champ_description/share/ament_index/resource_index/package_run_dependencies/champ_description
[0.666s] -- Up-to-date: /home/dwduong74/yahboom_src/install/champ_description/share/ament_index/resource_index/parent_prefix_path/champ_description
[0.668s] -- Up-to-date: /home/dwduong74/yahboom_src/install/champ_description/share/champ_description/environment/ament_prefix_path.sh
[0.668s] -- Up-to-date: /home/dwduong74/yahboom_src/install/champ_description/share/champ_description/environment/ament_prefix_path.dsv
[0.668s] -- Up-to-date: /home/dwduong74/yahboom_src/install/champ_description/share/champ_description/environment/path.sh
[0.668s] -- Up-to-date: /home/dwduong74/yahboom_src/install/champ_description/share/champ_description/environment/path.dsv
[0.668s] -- Up-to-date: /home/dwduong74/yahboom_src/install/champ_description/share/champ_description/local_setup.bash
[0.668s] -- Up-to-date: /home/dwduong74/yahboom_src/install/champ_description/share/champ_description/local_setup.sh
[0.668s] -- Up-to-date: /home/dwduong74/yahboom_src/install/champ_description/share/champ_description/local_setup.zsh
[0.668s] -- Up-to-date: /home/dwduong74/yahboom_src/install/champ_description/share/champ_description/local_setup.dsv
[0.669s] -- Installing: /home/dwduong74/yahboom_src/install/champ_description/share/champ_description/package.dsv
[0.669s] -- Up-to-date: /home/dwduong74/yahboom_src/install/champ_description/share/ament_index/resource_index/packages/champ_description
[0.669s] -- Up-to-date: /home/dwduong74/yahboom_src/install/champ_description/share/champ_description/cmake/champ_descriptionConfig.cmake
[0.669s] -- Up-to-date: /home/dwduong74/yahboom_src/install/champ_description/share/champ_description/cmake/champ_descriptionConfig-version.cmake
[0.669s] -- Up-to-date: /home/dwduong74/yahboom_src/install/champ_description/share/champ_description/package.xml
[0.741s] Invoked command in '/home/dwduong74/yahboom_src/build/champ_description' returned '0': CMAKE_PREFIX_PATH=/home/dwduong74/yahboom_src/install/velodyne_gazebo_plugins:/home/dwduong74/yahboom_src/install/yahboom_msgs:/home/dwduong74/yahboom_src/install/velodyne_simulator:/home/dwduong74/yahboom_src/install/velodyne_description:/home/dwduong74/yahboom_src/install/champ_bringup:/home/dwduong74/yahboom_src/install/champ_description:/home/dwduong74/yahboom_src/install/oradar_lidar:/home/dwduong74/yahboom_src/install/image_color_lab:/home/dwduong74/yahboom_src/install/go2_description:/home/dwduong74/yahboom_src/install/go2_config:/home/dwduong74/yahboom_src/install/dogzilla_description:/home/dwduong74/yahboom_src/install/dogzilla_config:/home/dwduong74/yahboom_src/install/champ_teleop:/home/dwduong74/yahboom_src/install/champ_navigation:/home/dwduong74/yahboom_src/install/champ_gazebo:/home/dwduong74/yahboom_src/install/champ_base:/home/dwduong74/yahboom_src/install/champ_msgs:/home/dwduong74/yahboom_src/install/champ_config:/home/dwduong74/yahboom_src/install/champ:/home/dwduong74/LUMI_ws/install/turtlebot3_manipulation_gazebo:/home/dwduong74/LUMI_ws/install/champ:/home/dwduong74/LUMI_ws/install/rf2o_laser_odometry:/home/dwduong74/yahboom_src/install/yahboom_set_height:/home/dwduong74/yahboom_src/install/yahboom_mediapipe:/home/dwduong74/yahboom_src/install/yahboom_gait:/home/dwduong74/yahboom_src/install/yahboom_dog_joint_state:/home/dwduong74/yahboom_src/install/yahboom_description:/home/dwduong74/yahboom_src/install/yahboom_bringup:/home/dwduong74/yahboom_src/install/yahboom_base:/home/dwduong74/yahboom_src/install/yahboom_app_save_map:/home/dwduong74/yahboom_src/install/tf_publisher:/home/dwduong74/yahboom_src/install/bringup:/home/dwduong74/LUMI_ws/install/custom_explorer:/opt/ros/humble LD_LIBRARY_PATH=/home/dwduong74/yahboom_src/install/velodyne_gazebo_plugins/lib:/home/dwduong74/yahboom_src/install/yahboom_msgs/lib:/home/dwduong74/yahboom_src/install/image_color_lab/lib:/home/dwduong74/yahboom_src/install/champ_base/lib:/home/dwduong74/yahboom_src/install/champ_msgs/lib:/usr/lib/x86_64-linux-gnu/gazebo-11/plugins:/opt/ros/humble/opt/rviz_ogre_vendor/lib:/opt/ros/humble/lib/x86_64-linux-gnu:/opt/ros/humble/lib /usr/bin/cmake --install /home/dwduong74/yahboom_src/build/champ_description
