[0.877s] Invoking command in '/home/dwduong74/yahboom_src/build/champ_teleop': CMAKE_PREFIX_PATH=${CMAKE_PREFIX_PATH}:/home/dwduong74/yahboom_src/install/yahboom_set_height:/home/dwduong74/yahboom_src/install/yahboom_mediapipe:/home/dwduong74/yahboom_src/install/yahboom_gait:/home/dwduong74/yahboom_src/install/yahboom_dog_joint_state:/home/dwduong74/yahboom_src/install/yahboom_description:/home/dwduong74/yahboom_src/install/yahboom_bringup:/home/dwduong74/yahboom_src/install/yahboom_base:/home/dwduong74/yahboom_src/install/yahboom_app_save_map:/home/dwduong74/yahboom_src/install/tf_publisher:/home/dwduong74/yahboom_src/install/bringup:/home/dwduong74/LUMI_ws/install/custom_explorer:/opt/ros/humble /usr/bin/cmake --build /home/dwduong74/yahboom_src/build/champ_teleop -- -j8 -l8
[0.999s] Invoked command in '/home/dwduong74/yahboom_src/build/champ_teleop' returned '0': CMAKE_PREFIX_PATH=${CMAKE_PREFIX_PATH}:/home/dwduong74/yahboom_src/install/yahboom_set_height:/home/dwduong74/yahboom_src/install/yahboom_mediapipe:/home/dwduong74/yahboom_src/install/yahboom_gait:/home/dwduong74/yahboom_src/install/yahboom_dog_joint_state:/home/dwduong74/yahboom_src/install/yahboom_description:/home/dwduong74/yahboom_src/install/yahboom_bringup:/home/dwduong74/yahboom_src/install/yahboom_base:/home/dwduong74/yahboom_src/install/yahboom_app_save_map:/home/dwduong74/yahboom_src/install/tf_publisher:/home/dwduong74/yahboom_src/install/bringup:/home/dwduong74/LUMI_ws/install/custom_explorer:/opt/ros/humble /usr/bin/cmake --build /home/dwduong74/yahboom_src/build/champ_teleop -- -j8 -l8
[1.000s] Invoking command in '/home/dwduong74/yahboom_src/build/champ_teleop': CMAKE_PREFIX_PATH=${CMAKE_PREFIX_PATH}:/home/dwduong74/yahboom_src/install/yahboom_set_height:/home/dwduong74/yahboom_src/install/yahboom_mediapipe:/home/dwduong74/yahboom_src/install/yahboom_gait:/home/dwduong74/yahboom_src/install/yahboom_dog_joint_state:/home/dwduong74/yahboom_src/install/yahboom_description:/home/dwduong74/yahboom_src/install/yahboom_bringup:/home/dwduong74/yahboom_src/install/yahboom_base:/home/dwduong74/yahboom_src/install/yahboom_app_save_map:/home/dwduong74/yahboom_src/install/tf_publisher:/home/dwduong74/yahboom_src/install/bringup:/home/dwduong74/LUMI_ws/install/custom_explorer:/opt/ros/humble /usr/bin/cmake --install /home/dwduong74/yahboom_src/build/champ_teleop
[1.039s] -- Install configuration: ""
[1.046s] -- Up-to-date: /home/dwduong74/yahboom_src/install/champ_teleop/share/champ_teleop/launch
[1.046s] -- Installing: /home/dwduong74/yahboom_src/install/champ_teleop/share/champ_teleop/launch/teleop.launch.py
[1.046s] -- Installing: /home/dwduong74/yahboom_src/install/champ_teleop/lib/champ_teleop/champ_teleop.py
[1.047s] -- Installing: /home/dwduong74/yahboom_src/install/champ_teleop/share/ament_index/resource_index/package_run_dependencies/champ_teleop
[1.047s] -- Installing: /home/dwduong74/yahboom_src/install/champ_teleop/share/ament_index/resource_index/parent_prefix_path/champ_teleop
[1.047s] -- Installing: /home/dwduong74/yahboom_src/install/champ_teleop/share/champ_teleop/environment/ament_prefix_path.sh
[1.049s] -- Installing: /home/dwduong74/yahboom_src/install/champ_teleop/share/champ_teleop/environment/ament_prefix_path.dsv
[1.050s] -- Installing: /home/dwduong74/yahboom_src/install/champ_teleop/share/champ_teleop/environment/path.sh
[1.050s] -- Installing: /home/dwduong74/yahboom_src/install/champ_teleop/share/champ_teleop/environment/path.dsv
[1.051s] -- Installing: /home/dwduong74/yahboom_src/install/champ_teleop/share/champ_teleop/local_setup.bash
[1.051s] -- Installing: /home/dwduong74/yahboom_src/install/champ_teleop/share/champ_teleop/local_setup.sh
[1.052s] -- Installing: /home/dwduong74/yahboom_src/install/champ_teleop/share/champ_teleop/local_setup.zsh
[1.053s] -- Installing: /home/dwduong74/yahboom_src/install/champ_teleop/share/champ_teleop/local_setup.dsv
[1.053s] -- Installing: /home/dwduong74/yahboom_src/install/champ_teleop/share/champ_teleop/package.dsv
[1.053s] -- Installing: /home/dwduong74/yahboom_src/install/champ_teleop/share/ament_index/resource_index/packages/champ_teleop
[1.054s] -- Installing: /home/dwduong74/yahboom_src/install/champ_teleop/share/champ_teleop/cmake/champ_teleopConfig.cmake
[1.057s] -- Installing: /home/dwduong74/yahboom_src/install/champ_teleop/share/champ_teleop/cmake/champ_teleopConfig-version.cmake
[1.061s] -- Installing: /home/dwduong74/yahboom_src/install/champ_teleop/share/champ_teleop/package.xml
[1.204s] Invoked command in '/home/dwduong74/yahboom_src/build/champ_teleop' returned '0': CMAKE_PREFIX_PATH=${CMAKE_PREFIX_PATH}:/home/dwduong74/yahboom_src/install/yahboom_set_height:/home/dwduong74/yahboom_src/install/yahboom_mediapipe:/home/dwduong74/yahboom_src/install/yahboom_gait:/home/dwduong74/yahboom_src/install/yahboom_dog_joint_state:/home/dwduong74/yahboom_src/install/yahboom_description:/home/dwduong74/yahboom_src/install/yahboom_bringup:/home/dwduong74/yahboom_src/install/yahboom_base:/home/dwduong74/yahboom_src/install/yahboom_app_save_map:/home/dwduong74/yahboom_src/install/tf_publisher:/home/dwduong74/yahboom_src/install/bringup:/home/dwduong74/LUMI_ws/install/custom_explorer:/opt/ros/humble /usr/bin/cmake --install /home/dwduong74/yahboom_src/build/champ_teleop
