running egg_info
creating ../../build/yahboom_set_height/yahboom_set_height.egg-info
writing ../../build/yahboom_set_height/yahboom_set_height.egg-info/PKG-INFO
writing dependency_links to ../../build/yahboom_set_height/yahboom_set_height.egg-info/dependency_links.txt
writing entry points to ../../build/yahboom_set_height/yahboom_set_height.egg-info/entry_points.txt
writing requirements to ../../build/yahboom_set_height/yahboom_set_height.egg-info/requires.txt
writing top-level names to ../../build/yahboom_set_height/yahboom_set_height.egg-info/top_level.txt
writing manifest file '../../build/yahboom_set_height/yahboom_set_height.egg-info/SOURCES.txt'
reading manifest file '../../build/yahboom_set_height/yahboom_set_height.egg-info/SOURCES.txt'
writing manifest file '../../build/yahboom_set_height/yahboom_set_height.egg-info/SOURCES.txt'
running build
running build_py
creating /home/dwduong74/yahboom_src/build/yahboom_set_height/build
creating /home/dwduong74/yahboom_src/build/yahboom_set_height/build/lib
creating /home/dwduong74/yahboom_src/build/yahboom_set_height/build/lib/yahboom_set_height
copying yahboom_set_height/yahboom_set_height.py -> /home/dwduong74/yahboom_src/build/yahboom_set_height/build/lib/yahboom_set_height
copying yahboom_set_height/__init__.py -> /home/dwduong74/yahboom_src/build/yahboom_set_height/build/lib/yahboom_set_height
running install
running install_lib
creating /home/dwduong74/yahboom_src/install/yahboom_set_height/lib/python3.10/site-packages/yahboom_set_height
copying /home/dwduong74/yahboom_src/build/yahboom_set_height/build/lib/yahboom_set_height/yahboom_set_height.py -> /home/dwduong74/yahboom_src/install/yahboom_set_height/lib/python3.10/site-packages/yahboom_set_height
copying /home/dwduong74/yahboom_src/build/yahboom_set_height/build/lib/yahboom_set_height/__init__.py -> /home/dwduong74/yahboom_src/install/yahboom_set_height/lib/python3.10/site-packages/yahboom_set_height
byte-compiling /home/dwduong74/yahboom_src/install/yahboom_set_height/lib/python3.10/site-packages/yahboom_set_height/yahboom_set_height.py to yahboom_set_height.cpython-310.pyc
byte-compiling /home/dwduong74/yahboom_src/install/yahboom_set_height/lib/python3.10/site-packages/yahboom_set_height/__init__.py to __init__.cpython-310.pyc
running install_data
creating /home/dwduong74/yahboom_src/install/yahboom_set_height/share/ament_index
creating /home/dwduong74/yahboom_src/install/yahboom_set_height/share/ament_index/resource_index
creating /home/dwduong74/yahboom_src/install/yahboom_set_height/share/ament_index/resource_index/packages
copying resource/yahboom_set_height -> /home/dwduong74/yahboom_src/install/yahboom_set_height/share/ament_index/resource_index/packages
copying package.xml -> /home/dwduong74/yahboom_src/install/yahboom_set_height/share/yahboom_set_height
copying launch/yahboomSetHeghtLaunch.launch.py -> /home/dwduong74/yahboom_src/install/yahboom_set_height/share/yahboom_set_height
running install_egg_info
Copying ../../build/yahboom_set_height/yahboom_set_height.egg-info to /home/dwduong74/yahboom_src/install/yahboom_set_height/lib/python3.10/site-packages/yahboom_set_height-0.0.0-py3.10.egg-info
running install_scripts
Installing yahboom_set_height script to /home/dwduong74/yahboom_src/install/yahboom_set_height/lib/yahboom_set_height
writing list of installed files to '/home/dwduong74/yahboom_src/build/yahboom_set_height/install.log'
