[2.209s] Invoking command in '/home/dwduong74/yahboom_src/src/yahboom_set_height': PYTHONPATH=/home/dwduong74/yahboom_src/build/yahboom_set_height/prefix_override:/usr/lib/python3/dist-packages/colcon_core/task/python/colcon_distutils_commands:/home/dwduong74/yahboom_src/install/yahboom_set_height/lib/python3.10/site-packages:${PYTHONPATH} /usr/bin/python3 -W ignore:setup.py install is deprecated -W ignore:easy_install command is deprecated setup.py egg_info --egg-base ../../build/yahboom_set_height build --build-base /home/dwduong74/yahboom_src/build/yahboom_set_height/build install --record /home/dwduong74/yahboom_src/build/yahboom_set_height/install.log --single-version-externally-managed install_data
[3.041s] running egg_info
[3.042s] creating ../../build/yahboom_set_height/yahboom_set_height.egg-info
[3.043s] writing ../../build/yahboom_set_height/yahboom_set_height.egg-info/PKG-INFO
[3.043s] writing dependency_links to ../../build/yahboom_set_height/yahboom_set_height.egg-info/dependency_links.txt
[3.043s] writing entry points to ../../build/yahboom_set_height/yahboom_set_height.egg-info/entry_points.txt
[3.044s] writing requirements to ../../build/yahboom_set_height/yahboom_set_height.egg-info/requires.txt
[3.044s] writing top-level names to ../../build/yahboom_set_height/yahboom_set_height.egg-info/top_level.txt
[3.044s] writing manifest file '../../build/yahboom_set_height/yahboom_set_height.egg-info/SOURCES.txt'
[3.048s] reading manifest file '../../build/yahboom_set_height/yahboom_set_height.egg-info/SOURCES.txt'
[3.050s] writing manifest file '../../build/yahboom_set_height/yahboom_set_height.egg-info/SOURCES.txt'
[3.050s] running build
[3.050s] running build_py
[3.050s] creating /home/dwduong74/yahboom_src/build/yahboom_set_height/build
[3.050s] creating /home/dwduong74/yahboom_src/build/yahboom_set_height/build/lib
[3.051s] creating /home/dwduong74/yahboom_src/build/yahboom_set_height/build/lib/yahboom_set_height
[3.051s] copying yahboom_set_height/yahboom_set_height.py -> /home/dwduong74/yahboom_src/build/yahboom_set_height/build/lib/yahboom_set_height
[3.051s] copying yahboom_set_height/__init__.py -> /home/dwduong74/yahboom_src/build/yahboom_set_height/build/lib/yahboom_set_height
[3.051s] running install
[3.051s] running install_lib
[3.053s] creating /home/dwduong74/yahboom_src/install/yahboom_set_height/lib/python3.10/site-packages/yahboom_set_height
[3.053s] copying /home/dwduong74/yahboom_src/build/yahboom_set_height/build/lib/yahboom_set_height/yahboom_set_height.py -> /home/dwduong74/yahboom_src/install/yahboom_set_height/lib/python3.10/site-packages/yahboom_set_height
[3.053s] copying /home/dwduong74/yahboom_src/build/yahboom_set_height/build/lib/yahboom_set_height/__init__.py -> /home/dwduong74/yahboom_src/install/yahboom_set_height/lib/python3.10/site-packages/yahboom_set_height
[3.054s] byte-compiling /home/dwduong74/yahboom_src/install/yahboom_set_height/lib/python3.10/site-packages/yahboom_set_height/yahboom_set_height.py to yahboom_set_height.cpython-310.pyc
[3.056s] byte-compiling /home/dwduong74/yahboom_src/install/yahboom_set_height/lib/python3.10/site-packages/yahboom_set_height/__init__.py to __init__.cpython-310.pyc
[3.056s] running install_data
[3.056s] creating /home/dwduong74/yahboom_src/install/yahboom_set_height/share/ament_index
[3.056s] creating /home/dwduong74/yahboom_src/install/yahboom_set_height/share/ament_index/resource_index
[3.056s] creating /home/dwduong74/yahboom_src/install/yahboom_set_height/share/ament_index/resource_index/packages
[3.057s] copying resource/yahboom_set_height -> /home/dwduong74/yahboom_src/install/yahboom_set_height/share/ament_index/resource_index/packages
[3.057s] copying package.xml -> /home/dwduong74/yahboom_src/install/yahboom_set_height/share/yahboom_set_height
[3.057s] copying launch/yahboomSetHeghtLaunch.launch.py -> /home/dwduong74/yahboom_src/install/yahboom_set_height/share/yahboom_set_height
[3.057s] running install_egg_info
[3.061s] Copying ../../build/yahboom_set_height/yahboom_set_height.egg-info to /home/dwduong74/yahboom_src/install/yahboom_set_height/lib/python3.10/site-packages/yahboom_set_height-0.0.0-py3.10.egg-info
[3.062s] running install_scripts
[3.107s] Installing yahboom_set_height script to /home/dwduong74/yahboom_src/install/yahboom_set_height/lib/yahboom_set_height
[3.107s] writing list of installed files to '/home/dwduong74/yahboom_src/build/yahboom_set_height/install.log'
[3.161s] Invoked command in '/home/dwduong74/yahboom_src/src/yahboom_set_height' returned '0': PYTHONPATH=/home/dwduong74/yahboom_src/build/yahboom_set_height/prefix_override:/usr/lib/python3/dist-packages/colcon_core/task/python/colcon_distutils_commands:/home/dwduong74/yahboom_src/install/yahboom_set_height/lib/python3.10/site-packages:${PYTHONPATH} /usr/bin/python3 -W ignore:setup.py install is deprecated -W ignore:easy_install command is deprecated setup.py egg_info --egg-base ../../build/yahboom_set_height build --build-base /home/dwduong74/yahboom_src/build/yahboom_set_height/build install --record /home/dwduong74/yahboom_src/build/yahboom_set_height/install.log --single-version-externally-managed install_data
