[0.161s] Invoking command in '/home/dwduong74/yahboom_src/build/image_color_lab': CMAKE_PREFIX_PATH=${CMAKE_PREFIX_PATH}:/home/dwduong74/yahboom_src/install/yahboom_set_height:/home/dwduong74/yahboom_src/install/yahboom_mediapipe:/home/dwduong74/yahboom_src/install/yahboom_gait:/home/dwduong74/yahboom_src/install/yahboom_dog_joint_state:/home/dwduong74/yahboom_src/install/yahboom_description:/home/dwduong74/yahboom_src/install/yahboom_bringup:/home/dwduong74/yahboom_src/install/yahboom_base:/home/dwduong74/yahboom_src/install/yahboom_app_save_map:/home/dwduong74/yahboom_src/install/tf_publisher:/home/dwduong74/yahboom_src/install/bringup:/home/dwduong74/LUMI_ws/install/custom_explorer:/opt/ros/humble /usr/bin/cmake --build /home/dwduong74/yahboom_src/build/image_color_lab -- -j8 -l8
[0.310s] [  2%] Built target image_color_lab__cpp
[0.310s] [ 12%] Built target image_color_lab__rosidl_generator_c
[0.310s] [ 12%] Built target ament_cmake_python_copy_image_color_lab
[0.368s] [ 23%] Built target image_color_lab__rosidl_typesupport_cpp
[0.384s] [ 33%] Built target image_color_lab__rosidl_typesupport_introspection_c
[0.385s] [ 43%] Built target image_color_lab__rosidl_typesupport_fastrtps_c
[0.394s] [ 53%] Built target image_color_lab__rosidl_typesupport_introspection_cpp
[0.401s] [ 64%] Built target image_color_lab__rosidl_typesupport_c
[0.405s] [ 74%] Built target image_color_lab__rosidl_typesupport_fastrtps_cpp
[0.496s] [ 74%] Built target image_color_lab
[0.574s] [ 76%] Built target image_color_lab__py
[0.626s] [ 84%] Built target image_color_lab__rosidl_generator_py
[0.670s] [ 89%] Built target image_color_lab__rosidl_typesupport_introspection_c__pyext
[0.676s] [ 94%] Built target image_color_lab__rosidl_typesupport_fastrtps_c__pyext
[0.683s] [100%] Built target image_color_lab__rosidl_typesupport_c__pyext
[1.217s] running egg_info
[1.218s] writing image_color_lab.egg-info/PKG-INFO
[1.218s] writing dependency_links to image_color_lab.egg-info/dependency_links.txt
[1.218s] writing top-level names to image_color_lab.egg-info/top_level.txt
[1.222s] reading manifest file 'image_color_lab.egg-info/SOURCES.txt'
[1.223s] writing manifest file 'image_color_lab.egg-info/SOURCES.txt'
[1.261s] [100%] Built target ament_cmake_python_build_image_color_lab_egg
[2.533s] Invoked command in '/home/dwduong74/yahboom_src/build/image_color_lab' returned '0': CMAKE_PREFIX_PATH=${CMAKE_PREFIX_PATH}:/home/dwduong74/yahboom_src/install/yahboom_set_height:/home/dwduong74/yahboom_src/install/yahboom_mediapipe:/home/dwduong74/yahboom_src/install/yahboom_gait:/home/dwduong74/yahboom_src/install/yahboom_dog_joint_state:/home/dwduong74/yahboom_src/install/yahboom_description:/home/dwduong74/yahboom_src/install/yahboom_bringup:/home/dwduong74/yahboom_src/install/yahboom_base:/home/dwduong74/yahboom_src/install/yahboom_app_save_map:/home/dwduong74/yahboom_src/install/tf_publisher:/home/dwduong74/yahboom_src/install/bringup:/home/dwduong74/LUMI_ws/install/custom_explorer:/opt/ros/humble /usr/bin/cmake --build /home/dwduong74/yahboom_src/build/image_color_lab -- -j8 -l8
[2.534s] Invoking command in '/home/dwduong74/yahboom_src/build/image_color_lab': CMAKE_PREFIX_PATH=${CMAKE_PREFIX_PATH}:/home/dwduong74/yahboom_src/install/yahboom_set_height:/home/dwduong74/yahboom_src/install/yahboom_mediapipe:/home/dwduong74/yahboom_src/install/yahboom_gait:/home/dwduong74/yahboom_src/install/yahboom_dog_joint_state:/home/dwduong74/yahboom_src/install/yahboom_description:/home/dwduong74/yahboom_src/install/yahboom_bringup:/home/dwduong74/yahboom_src/install/yahboom_base:/home/dwduong74/yahboom_src/install/yahboom_app_save_map:/home/dwduong74/yahboom_src/install/tf_publisher:/home/dwduong74/yahboom_src/install/bringup:/home/dwduong74/LUMI_ws/install/custom_explorer:/opt/ros/humble /usr/bin/cmake --install /home/dwduong74/yahboom_src/build/image_color_lab
[3.209s] -- Install configuration: ""
[3.209s] -- Up-to-date: /home/dwduong74/yahboom_src/install/image_color_lab/share/ament_index/resource_index/rosidl_interfaces/image_color_lab
[3.210s] -- Up-to-date: /home/dwduong74/yahboom_src/install/image_color_lab/include/image_color_lab/image_color_lab
[3.210s] -- Up-to-date: /home/dwduong74/yahboom_src/install/image_color_lab/include/image_color_lab/image_color_lab/msg
[3.211s] -- Up-to-date: /home/dwduong74/yahboom_src/install/image_color_lab/include/image_color_lab/image_color_lab/msg/rosidl_generator_c__visibility_control.h
[3.211s] -- Up-to-date: /home/dwduong74/yahboom_src/install/image_color_lab/include/image_color_lab/image_color_lab/msg/string_stamped.h
[3.212s] -- Up-to-date: /home/dwduong74/yahboom_src/install/image_color_lab/include/image_color_lab/image_color_lab/msg/lab.h
[3.212s] -- Up-to-date: /home/dwduong74/yahboom_src/install/image_color_lab/include/image_color_lab/image_color_lab/msg/detail
[3.212s] -- Up-to-date: /home/dwduong74/yahboom_src/install/image_color_lab/include/image_color_lab/image_color_lab/msg/detail/string_stamped__struct.h
[3.212s] -- Up-to-date: /home/dwduong74/yahboom_src/install/image_color_lab/include/image_color_lab/image_color_lab/msg/detail/string_stamped__type_support.h
[3.212s] -- Up-to-date: /home/dwduong74/yahboom_src/install/image_color_lab/include/image_color_lab/image_color_lab/msg/detail/lab__type_support.h
[3.212s] -- Up-to-date: /home/dwduong74/yahboom_src/install/image_color_lab/include/image_color_lab/image_color_lab/msg/detail/string_stamped__functions.c
[3.213s] -- Up-to-date: /home/dwduong74/yahboom_src/install/image_color_lab/include/image_color_lab/image_color_lab/msg/detail/lab__functions.c
[3.213s] -- Up-to-date: /home/dwduong74/yahboom_src/install/image_color_lab/include/image_color_lab/image_color_lab/msg/detail/string_stamped__functions.h
[3.213s] -- Up-to-date: /home/dwduong74/yahboom_src/install/image_color_lab/include/image_color_lab/image_color_lab/msg/detail/lab__struct.h
[3.213s] -- Up-to-date: /home/dwduong74/yahboom_src/install/image_color_lab/include/image_color_lab/image_color_lab/msg/detail/lab__functions.h
[3.213s] -- Up-to-date: /home/dwduong74/yahboom_src/install/image_color_lab/share/image_color_lab/environment/library_path.sh
[3.213s] -- Up-to-date: /home/dwduong74/yahboom_src/install/image_color_lab/share/image_color_lab/environment/library_path.dsv
[3.213s] -- Up-to-date: /home/dwduong74/yahboom_src/install/image_color_lab/lib/libimage_color_lab__rosidl_generator_c.so
[3.213s] -- Up-to-date: /home/dwduong74/yahboom_src/install/image_color_lab/include/image_color_lab/image_color_lab
[3.214s] -- Up-to-date: /home/dwduong74/yahboom_src/install/image_color_lab/include/image_color_lab/image_color_lab/msg
[3.214s] -- Up-to-date: /home/dwduong74/yahboom_src/install/image_color_lab/include/image_color_lab/image_color_lab/msg/rosidl_typesupport_fastrtps_c__visibility_control.h
[3.214s] -- Up-to-date: /home/dwduong74/yahboom_src/install/image_color_lab/include/image_color_lab/image_color_lab/msg/detail
[3.214s] -- Up-to-date: /home/dwduong74/yahboom_src/install/image_color_lab/include/image_color_lab/image_color_lab/msg/detail/lab__rosidl_typesupport_fastrtps_c.h
[3.214s] -- Up-to-date: /home/dwduong74/yahboom_src/install/image_color_lab/include/image_color_lab/image_color_lab/msg/detail/string_stamped__rosidl_typesupport_fastrtps_c.h
[3.214s] -- Up-to-date: /home/dwduong74/yahboom_src/install/image_color_lab/lib/libimage_color_lab__rosidl_typesupport_fastrtps_c.so
[3.214s] -- Up-to-date: /home/dwduong74/yahboom_src/install/image_color_lab/include/image_color_lab/image_color_lab
[3.214s] -- Up-to-date: /home/dwduong74/yahboom_src/install/image_color_lab/include/image_color_lab/image_color_lab/msg
[3.215s] -- Up-to-date: /home/dwduong74/yahboom_src/install/image_color_lab/include/image_color_lab/image_color_lab/msg/lab.hpp
[3.215s] -- Up-to-date: /home/dwduong74/yahboom_src/install/image_color_lab/include/image_color_lab/image_color_lab/msg/string_stamped.hpp
[3.215s] -- Up-to-date: /home/dwduong74/yahboom_src/install/image_color_lab/include/image_color_lab/image_color_lab/msg/rosidl_generator_cpp__visibility_control.hpp
[3.215s] -- Up-to-date: /home/dwduong74/yahboom_src/install/image_color_lab/include/image_color_lab/image_color_lab/msg/detail
[3.215s] -- Up-to-date: /home/dwduong74/yahboom_src/install/image_color_lab/include/image_color_lab/image_color_lab/msg/detail/string_stamped__builder.hpp
[3.215s] -- Up-to-date: /home/dwduong74/yahboom_src/install/image_color_lab/include/image_color_lab/image_color_lab/msg/detail/lab__traits.hpp
[3.215s] -- Up-to-date: /home/dwduong74/yahboom_src/install/image_color_lab/include/image_color_lab/image_color_lab/msg/detail/lab__builder.hpp
[3.215s] -- Up-to-date: /home/dwduong74/yahboom_src/install/image_color_lab/include/image_color_lab/image_color_lab/msg/detail/string_stamped__type_support.hpp
[3.215s] -- Up-to-date: /home/dwduong74/yahboom_src/install/image_color_lab/include/image_color_lab/image_color_lab/msg/detail/lab__struct.hpp
[3.215s] -- Up-to-date: /home/dwduong74/yahboom_src/install/image_color_lab/include/image_color_lab/image_color_lab/msg/detail/string_stamped__struct.hpp
[3.215s] -- Up-to-date: /home/dwduong74/yahboom_src/install/image_color_lab/include/image_color_lab/image_color_lab/msg/detail/lab__type_support.hpp
[3.215s] -- Up-to-date: /home/dwduong74/yahboom_src/install/image_color_lab/include/image_color_lab/image_color_lab/msg/detail/string_stamped__traits.hpp
[3.216s] -- Up-to-date: /home/dwduong74/yahboom_src/install/image_color_lab/include/image_color_lab/image_color_lab
[3.216s] -- Up-to-date: /home/dwduong74/yahboom_src/install/image_color_lab/include/image_color_lab/image_color_lab/msg
[3.216s] -- Up-to-date: /home/dwduong74/yahboom_src/install/image_color_lab/include/image_color_lab/image_color_lab/msg/rosidl_typesupport_fastrtps_cpp__visibility_control.h
[3.216s] -- Up-to-date: /home/dwduong74/yahboom_src/install/image_color_lab/include/image_color_lab/image_color_lab/msg/detail
[3.216s] -- Up-to-date: /home/dwduong74/yahboom_src/install/image_color_lab/include/image_color_lab/image_color_lab/msg/detail/string_stamped__rosidl_typesupport_fastrtps_cpp.hpp
[3.216s] -- Up-to-date: /home/dwduong74/yahboom_src/install/image_color_lab/include/image_color_lab/image_color_lab/msg/detail/dds_fastrtps
[3.216s] -- Up-to-date: /home/dwduong74/yahboom_src/install/image_color_lab/include/image_color_lab/image_color_lab/msg/detail/lab__rosidl_typesupport_fastrtps_cpp.hpp
[3.216s] -- Up-to-date: /home/dwduong74/yahboom_src/install/image_color_lab/lib/libimage_color_lab__rosidl_typesupport_fastrtps_cpp.so
[3.216s] -- Up-to-date: /home/dwduong74/yahboom_src/install/image_color_lab/include/image_color_lab/image_color_lab
[3.216s] -- Up-to-date: /home/dwduong74/yahboom_src/install/image_color_lab/include/image_color_lab/image_color_lab/msg
[3.216s] -- Up-to-date: /home/dwduong74/yahboom_src/install/image_color_lab/include/image_color_lab/image_color_lab/msg/rosidl_typesupport_introspection_c__visibility_control.h
[3.217s] -- Up-to-date: /home/dwduong74/yahboom_src/install/image_color_lab/include/image_color_lab/image_color_lab/msg/detail
[3.217s] -- Up-to-date: /home/dwduong74/yahboom_src/install/image_color_lab/include/image_color_lab/image_color_lab/msg/detail/string_stamped__rosidl_typesupport_introspection_c.h
[3.217s] -- Up-to-date: /home/dwduong74/yahboom_src/install/image_color_lab/include/image_color_lab/image_color_lab/msg/detail/lab__rosidl_typesupport_introspection_c.h
[3.217s] -- Up-to-date: /home/dwduong74/yahboom_src/install/image_color_lab/include/image_color_lab/image_color_lab/msg/detail/lab__type_support.c
[3.217s] -- Up-to-date: /home/dwduong74/yahboom_src/install/image_color_lab/include/image_color_lab/image_color_lab/msg/detail/string_stamped__type_support.c
[3.217s] -- Up-to-date: /home/dwduong74/yahboom_src/install/image_color_lab/lib/libimage_color_lab__rosidl_typesupport_introspection_c.so
[3.217s] -- Up-to-date: /home/dwduong74/yahboom_src/install/image_color_lab/lib/libimage_color_lab__rosidl_typesupport_c.so
[3.217s] -- Up-to-date: /home/dwduong74/yahboom_src/install/image_color_lab/include/image_color_lab/image_color_lab
[3.217s] -- Up-to-date: /home/dwduong74/yahboom_src/install/image_color_lab/include/image_color_lab/image_color_lab/msg
[3.217s] -- Up-to-date: /home/dwduong74/yahboom_src/install/image_color_lab/include/image_color_lab/image_color_lab/msg/detail
[3.217s] -- Up-to-date: /home/dwduong74/yahboom_src/install/image_color_lab/include/image_color_lab/image_color_lab/msg/detail/string_stamped__rosidl_typesupport_introspection_cpp.hpp
[3.217s] -- Up-to-date: /home/dwduong74/yahboom_src/install/image_color_lab/include/image_color_lab/image_color_lab/msg/detail/string_stamped__type_support.cpp
[3.217s] -- Up-to-date: /home/dwduong74/yahboom_src/install/image_color_lab/include/image_color_lab/image_color_lab/msg/detail/lab__rosidl_typesupport_introspection_cpp.hpp
[3.218s] -- Up-to-date: /home/dwduong74/yahboom_src/install/image_color_lab/include/image_color_lab/image_color_lab/msg/detail/lab__type_support.cpp
[3.218s] -- Up-to-date: /home/dwduong74/yahboom_src/install/image_color_lab/lib/libimage_color_lab__rosidl_typesupport_introspection_cpp.so
[3.218s] -- Up-to-date: /home/dwduong74/yahboom_src/install/image_color_lab/lib/libimage_color_lab__rosidl_typesupport_cpp.so
[3.218s] -- Up-to-date: /home/dwduong74/yahboom_src/install/image_color_lab/share/image_color_lab/environment/pythonpath.sh
[3.218s] -- Up-to-date: /home/dwduong74/yahboom_src/install/image_color_lab/share/image_color_lab/environment/pythonpath.dsv
[3.218s] -- Up-to-date: /home/dwduong74/yahboom_src/install/image_color_lab/local/lib/python3.10/dist-packages/image_color_lab-0.0.0-py3.10.egg-info
[3.218s] -- Installing: /home/dwduong74/yahboom_src/install/image_color_lab/local/lib/python3.10/dist-packages/image_color_lab-0.0.0-py3.10.egg-info/SOURCES.txt
[3.218s] -- Installing: /home/dwduong74/yahboom_src/install/image_color_lab/local/lib/python3.10/dist-packages/image_color_lab-0.0.0-py3.10.egg-info/top_level.txt
[3.218s] -- Installing: /home/dwduong74/yahboom_src/install/image_color_lab/local/lib/python3.10/dist-packages/image_color_lab-0.0.0-py3.10.egg-info/dependency_links.txt
[3.218s] -- Installing: /home/dwduong74/yahboom_src/install/image_color_lab/local/lib/python3.10/dist-packages/image_color_lab-0.0.0-py3.10.egg-info/PKG-INFO
[3.218s] -- Up-to-date: /home/dwduong74/yahboom_src/install/image_color_lab/local/lib/python3.10/dist-packages/image_color_lab
[3.218s] -- Up-to-date: /home/dwduong74/yahboom_src/install/image_color_lab/local/lib/python3.10/dist-packages/image_color_lab/_image_color_lab_s.ep.rosidl_typesupport_c.c
[3.218s] -- Up-to-date: /home/dwduong74/yahboom_src/install/image_color_lab/local/lib/python3.10/dist-packages/image_color_lab/image_color_lab_s__rosidl_typesupport_introspection_c.cpython-310-x86_64-linux-gnu.so
[3.218s] -- Up-to-date: /home/dwduong74/yahboom_src/install/image_color_lab/local/lib/python3.10/dist-packages/image_color_lab/image_color_lab_s__rosidl_typesupport_c.cpython-310-x86_64-linux-gnu.so
[3.219s] -- Up-to-date: /home/dwduong74/yahboom_src/install/image_color_lab/local/lib/python3.10/dist-packages/image_color_lab/_image_color_lab_s.ep.rosidl_typesupport_fastrtps_c.c
[3.219s] -- Up-to-date: /home/dwduong74/yahboom_src/install/image_color_lab/local/lib/python3.10/dist-packages/image_color_lab/image_color_lab_s__rosidl_typesupport_fastrtps_c.cpython-310-x86_64-linux-gnu.so
[3.219s] -- Up-to-date: /home/dwduong74/yahboom_src/install/image_color_lab/local/lib/python3.10/dist-packages/image_color_lab/msg
[3.219s] -- Up-to-date: /home/dwduong74/yahboom_src/install/image_color_lab/local/lib/python3.10/dist-packages/image_color_lab/msg/_string_stamped_s.c
[3.219s] -- Up-to-date: /home/dwduong74/yahboom_src/install/image_color_lab/local/lib/python3.10/dist-packages/image_color_lab/msg/_lab.py
[3.219s] -- Up-to-date: /home/dwduong74/yahboom_src/install/image_color_lab/local/lib/python3.10/dist-packages/image_color_lab/msg/_lab_s.c
[3.219s] -- Up-to-date: /home/dwduong74/yahboom_src/install/image_color_lab/local/lib/python3.10/dist-packages/image_color_lab/msg/_string_stamped.py
[3.219s] -- Up-to-date: /home/dwduong74/yahboom_src/install/image_color_lab/local/lib/python3.10/dist-packages/image_color_lab/msg/__init__.py
[3.219s] -- Up-to-date: /home/dwduong74/yahboom_src/install/image_color_lab/local/lib/python3.10/dist-packages/image_color_lab/_image_color_lab_s.ep.rosidl_typesupport_introspection_c.c
[3.219s] -- Up-to-date: /home/dwduong74/yahboom_src/install/image_color_lab/local/lib/python3.10/dist-packages/image_color_lab/libimage_color_lab__rosidl_generator_py.so
[3.219s] -- Up-to-date: /home/dwduong74/yahboom_src/install/image_color_lab/local/lib/python3.10/dist-packages/image_color_lab/__init__.py
[3.219s] Listing '/home/dwduong74/yahboom_src/install/image_color_lab/local/lib/python3.10/dist-packages/image_color_lab'...
[3.220s] Listing '/home/dwduong74/yahboom_src/install/image_color_lab/local/lib/python3.10/dist-packages/image_color_lab/msg'...
[3.220s] -- Up-to-date: /home/dwduong74/yahboom_src/install/image_color_lab/local/lib/python3.10/dist-packages/image_color_lab/image_color_lab_s__rosidl_typesupport_fastrtps_c.cpython-310-x86_64-linux-gnu.so
[3.220s] -- Up-to-date: /home/dwduong74/yahboom_src/install/image_color_lab/local/lib/python3.10/dist-packages/image_color_lab/image_color_lab_s__rosidl_typesupport_introspection_c.cpython-310-x86_64-linux-gnu.so
[3.220s] -- Up-to-date: /home/dwduong74/yahboom_src/install/image_color_lab/local/lib/python3.10/dist-packages/image_color_lab/image_color_lab_s__rosidl_typesupport_c.cpython-310-x86_64-linux-gnu.so
[3.220s] -- Up-to-date: /home/dwduong74/yahboom_src/install/image_color_lab/lib/libimage_color_lab__rosidl_generator_py.so
[3.220s] -- Up-to-date: /home/dwduong74/yahboom_src/install/image_color_lab/share/image_color_lab/msg/Lab.idl
[3.220s] -- Up-to-date: /home/dwduong74/yahboom_src/install/image_color_lab/share/image_color_lab/msg/StringStamped.idl
[3.220s] -- Up-to-date: /home/dwduong74/yahboom_src/install/image_color_lab/share/image_color_lab/msg/Lab.msg
[3.220s] -- Up-to-date: /home/dwduong74/yahboom_src/install/image_color_lab/share/image_color_lab/msg/StringStamped.msg
[3.220s] -- Up-to-date: /home/dwduong74/yahboom_src/install/image_color_lab/share/ament_index/resource_index/package_run_dependencies/image_color_lab
[3.220s] -- Up-to-date: /home/dwduong74/yahboom_src/install/image_color_lab/share/ament_index/resource_index/parent_prefix_path/image_color_lab
[3.220s] -- Up-to-date: /home/dwduong74/yahboom_src/install/image_color_lab/share/image_color_lab/environment/ament_prefix_path.sh
[3.220s] -- Up-to-date: /home/dwduong74/yahboom_src/install/image_color_lab/share/image_color_lab/environment/ament_prefix_path.dsv
[3.220s] -- Up-to-date: /home/dwduong74/yahboom_src/install/image_color_lab/share/image_color_lab/environment/path.sh
[3.221s] -- Up-to-date: /home/dwduong74/yahboom_src/install/image_color_lab/share/image_color_lab/environment/path.dsv
[3.221s] -- Up-to-date: /home/dwduong74/yahboom_src/install/image_color_lab/share/image_color_lab/local_setup.bash
[3.221s] -- Up-to-date: /home/dwduong74/yahboom_src/install/image_color_lab/share/image_color_lab/local_setup.sh
[3.221s] -- Up-to-date: /home/dwduong74/yahboom_src/install/image_color_lab/share/image_color_lab/local_setup.zsh
[3.221s] -- Up-to-date: /home/dwduong74/yahboom_src/install/image_color_lab/share/image_color_lab/local_setup.dsv
[3.221s] -- Installing: /home/dwduong74/yahboom_src/install/image_color_lab/share/image_color_lab/package.dsv
[3.221s] -- Up-to-date: /home/dwduong74/yahboom_src/install/image_color_lab/share/ament_index/resource_index/packages/image_color_lab
[3.221s] -- Up-to-date: /home/dwduong74/yahboom_src/install/image_color_lab/share/image_color_lab/cmake/export_image_color_lab__rosidl_generator_cExport.cmake
[3.221s] -- Up-to-date: /home/dwduong74/yahboom_src/install/image_color_lab/share/image_color_lab/cmake/export_image_color_lab__rosidl_generator_cExport-noconfig.cmake
[3.221s] -- Up-to-date: /home/dwduong74/yahboom_src/install/image_color_lab/share/image_color_lab/cmake/export_image_color_lab__rosidl_typesupport_fastrtps_cExport.cmake
[3.221s] -- Up-to-date: /home/dwduong74/yahboom_src/install/image_color_lab/share/image_color_lab/cmake/export_image_color_lab__rosidl_typesupport_fastrtps_cExport-noconfig.cmake
[3.221s] -- Up-to-date: /home/dwduong74/yahboom_src/install/image_color_lab/share/image_color_lab/cmake/export_image_color_lab__rosidl_generator_cppExport.cmake
[3.222s] -- Up-to-date: /home/dwduong74/yahboom_src/install/image_color_lab/share/image_color_lab/cmake/export_image_color_lab__rosidl_typesupport_fastrtps_cppExport.cmake
[3.222s] -- Up-to-date: /home/dwduong74/yahboom_src/install/image_color_lab/share/image_color_lab/cmake/export_image_color_lab__rosidl_typesupport_fastrtps_cppExport-noconfig.cmake
[3.222s] -- Up-to-date: /home/dwduong74/yahboom_src/install/image_color_lab/share/image_color_lab/cmake/image_color_lab__rosidl_typesupport_introspection_cExport.cmake
[3.222s] -- Up-to-date: /home/dwduong74/yahboom_src/install/image_color_lab/share/image_color_lab/cmake/image_color_lab__rosidl_typesupport_introspection_cExport-noconfig.cmake
[3.222s] -- Up-to-date: /home/dwduong74/yahboom_src/install/image_color_lab/share/image_color_lab/cmake/image_color_lab__rosidl_typesupport_cExport.cmake
[3.222s] -- Up-to-date: /home/dwduong74/yahboom_src/install/image_color_lab/share/image_color_lab/cmake/image_color_lab__rosidl_typesupport_cExport-noconfig.cmake
[3.222s] -- Up-to-date: /home/dwduong74/yahboom_src/install/image_color_lab/share/image_color_lab/cmake/image_color_lab__rosidl_typesupport_introspection_cppExport.cmake
[3.222s] -- Up-to-date: /home/dwduong74/yahboom_src/install/image_color_lab/share/image_color_lab/cmake/image_color_lab__rosidl_typesupport_introspection_cppExport-noconfig.cmake
[3.222s] -- Up-to-date: /home/dwduong74/yahboom_src/install/image_color_lab/share/image_color_lab/cmake/image_color_lab__rosidl_typesupport_cppExport.cmake
[3.222s] -- Up-to-date: /home/dwduong74/yahboom_src/install/image_color_lab/share/image_color_lab/cmake/image_color_lab__rosidl_typesupport_cppExport-noconfig.cmake
[3.222s] -- Up-to-date: /home/dwduong74/yahboom_src/install/image_color_lab/share/image_color_lab/cmake/export_image_color_lab__rosidl_generator_pyExport.cmake
[3.222s] -- Up-to-date: /home/dwduong74/yahboom_src/install/image_color_lab/share/image_color_lab/cmake/export_image_color_lab__rosidl_generator_pyExport-noconfig.cmake
[3.222s] -- Up-to-date: /home/dwduong74/yahboom_src/install/image_color_lab/share/image_color_lab/cmake/rosidl_cmake-extras.cmake
[3.222s] -- Up-to-date: /home/dwduong74/yahboom_src/install/image_color_lab/share/image_color_lab/cmake/ament_cmake_export_dependencies-extras.cmake
[3.222s] -- Up-to-date: /home/dwduong74/yahboom_src/install/image_color_lab/share/image_color_lab/cmake/ament_cmake_export_include_directories-extras.cmake
[3.223s] -- Up-to-date: /home/dwduong74/yahboom_src/install/image_color_lab/share/image_color_lab/cmake/ament_cmake_export_libraries-extras.cmake
[3.223s] -- Up-to-date: /home/dwduong74/yahboom_src/install/image_color_lab/share/image_color_lab/cmake/ament_cmake_export_targets-extras.cmake
[3.223s] -- Up-to-date: /home/dwduong74/yahboom_src/install/image_color_lab/share/image_color_lab/cmake/rosidl_cmake_export_typesupport_targets-extras.cmake
[3.223s] -- Up-to-date: /home/dwduong74/yahboom_src/install/image_color_lab/share/image_color_lab/cmake/rosidl_cmake_export_typesupport_libraries-extras.cmake
[3.223s] -- Up-to-date: /home/dwduong74/yahboom_src/install/image_color_lab/share/image_color_lab/cmake/image_color_labConfig.cmake
[3.223s] -- Up-to-date: /home/dwduong74/yahboom_src/install/image_color_lab/share/image_color_lab/cmake/image_color_labConfig-version.cmake
[3.223s] -- Up-to-date: /home/dwduong74/yahboom_src/install/image_color_lab/share/image_color_lab/package.xml
[3.319s] Invoked command in '/home/dwduong74/yahboom_src/build/image_color_lab' returned '0': CMAKE_PREFIX_PATH=${CMAKE_PREFIX_PATH}:/home/dwduong74/yahboom_src/install/yahboom_set_height:/home/dwduong74/yahboom_src/install/yahboom_mediapipe:/home/dwduong74/yahboom_src/install/yahboom_gait:/home/dwduong74/yahboom_src/install/yahboom_dog_joint_state:/home/dwduong74/yahboom_src/install/yahboom_description:/home/dwduong74/yahboom_src/install/yahboom_bringup:/home/dwduong74/yahboom_src/install/yahboom_base:/home/dwduong74/yahboom_src/install/yahboom_app_save_map:/home/dwduong74/yahboom_src/install/tf_publisher:/home/dwduong74/yahboom_src/install/bringup:/home/dwduong74/LUMI_ws/install/custom_explorer:/opt/ros/humble /usr/bin/cmake --install /home/dwduong74/yahboom_src/build/image_color_lab
