[0.197s] Invoking command in '/home/dwduong74/yahboom_src/build/oradar_lidar': CMAKE_PREFIX_PATH=${CMAKE_PREFIX_PATH}:/home/dwduong74/yahboom_src/install/yahboom_set_height:/home/dwduong74/yahboom_src/install/yahboom_mediapipe:/home/dwduong74/yahboom_src/install/yahboom_gait:/home/dwduong74/yahboom_src/install/yahboom_dog_joint_state:/home/dwduong74/yahboom_src/install/yahboom_description:/home/dwduong74/yahboom_src/install/yahboom_bringup:/home/dwduong74/yahboom_src/install/yahboom_base:/home/dwduong74/yahboom_src/install/yahboom_app_save_map:/home/dwduong74/yahboom_src/install/tf_publisher:/home/dwduong74/yahboom_src/install/bringup:/home/dwduong74/LUMI_ws/install/custom_explorer:/opt/ros/humble /usr/bin/cmake --build /home/dwduong74/yahboom_src/build/oradar_lidar -- -j8 -l8
[0.277s] [ 60%] Built target oradar_sdk
[0.334s] [ 70%] Built target blocking_test
[0.341s] [ 80%] Built target oradar_scan
[0.345s] [ 90%] Built target non-blocking_test
[0.346s] [100%] Built target blocking_c_api_test
[0.387s] Invoked command in '/home/dwduong74/yahboom_src/build/oradar_lidar' returned '0': CMAKE_PREFIX_PATH=${CMAKE_PREFIX_PATH}:/home/dwduong74/yahboom_src/install/yahboom_set_height:/home/dwduong74/yahboom_src/install/yahboom_mediapipe:/home/dwduong74/yahboom_src/install/yahboom_gait:/home/dwduong74/yahboom_src/install/yahboom_dog_joint_state:/home/dwduong74/yahboom_src/install/yahboom_description:/home/dwduong74/yahboom_src/install/yahboom_bringup:/home/dwduong74/yahboom_src/install/yahboom_base:/home/dwduong74/yahboom_src/install/yahboom_app_save_map:/home/dwduong74/yahboom_src/install/tf_publisher:/home/dwduong74/yahboom_src/install/bringup:/home/dwduong74/LUMI_ws/install/custom_explorer:/opt/ros/humble /usr/bin/cmake --build /home/dwduong74/yahboom_src/build/oradar_lidar -- -j8 -l8
[0.391s] Invoking command in '/home/dwduong74/yahboom_src/build/oradar_lidar': CMAKE_PREFIX_PATH=${CMAKE_PREFIX_PATH}:/home/dwduong74/yahboom_src/install/yahboom_set_height:/home/dwduong74/yahboom_src/install/yahboom_mediapipe:/home/dwduong74/yahboom_src/install/yahboom_gait:/home/dwduong74/yahboom_src/install/yahboom_dog_joint_state:/home/dwduong74/yahboom_src/install/yahboom_description:/home/dwduong74/yahboom_src/install/yahboom_bringup:/home/dwduong74/yahboom_src/install/yahboom_base:/home/dwduong74/yahboom_src/install/yahboom_app_save_map:/home/dwduong74/yahboom_src/install/tf_publisher:/home/dwduong74/yahboom_src/install/bringup:/home/dwduong74/LUMI_ws/install/custom_explorer:/opt/ros/humble /usr/bin/cmake --install /home/dwduong74/yahboom_src/build/oradar_lidar
[0.405s] -- Install configuration: "RELEASE"
[0.405s] -- Up-to-date: /home/dwduong74/yahboom_src/install/oradar_lidar/lib/oradar_lidar/oradar_scan
[0.405s] -- Up-to-date: /home/dwduong74/yahboom_src/install/oradar_lidar/share/oradar_lidar//launch
[0.406s] -- Up-to-date: /home/dwduong74/yahboom_src/install/oradar_lidar/share/oradar_lidar//launch/ms200_scan_view.launch
[0.406s] -- Up-to-date: /home/dwduong74/yahboom_src/install/oradar_lidar/share/oradar_lidar//launch/ms200_scan_view.launch.py
[0.406s] -- Up-to-date: /home/dwduong74/yahboom_src/install/oradar_lidar/share/oradar_lidar//launch/ms200_scan.launch.py
[0.406s] -- Up-to-date: /home/dwduong74/yahboom_src/install/oradar_lidar/share/oradar_lidar//launch/ms200_scan.launch
[0.406s] -- Up-to-date: /home/dwduong74/yahboom_src/install/oradar_lidar/share/oradar_lidar//rviz2
[0.406s] -- Up-to-date: /home/dwduong74/yahboom_src/install/oradar_lidar/share/oradar_lidar//rviz2/oradar_scan.rviz
[0.407s] -- Up-to-date: /home/dwduong74/yahboom_src/install/oradar_lidar/share/ament_index/resource_index/package_run_dependencies/oradar_lidar
[0.407s] -- Up-to-date: /home/dwduong74/yahboom_src/install/oradar_lidar/share/ament_index/resource_index/parent_prefix_path/oradar_lidar
[0.407s] -- Up-to-date: /home/dwduong74/yahboom_src/install/oradar_lidar/share/oradar_lidar/environment/ament_prefix_path.sh
[0.408s] -- Up-to-date: /home/dwduong74/yahboom_src/install/oradar_lidar/share/oradar_lidar/environment/ament_prefix_path.dsv
[0.408s] -- Up-to-date: /home/dwduong74/yahboom_src/install/oradar_lidar/share/oradar_lidar/environment/path.sh
[0.408s] -- Up-to-date: /home/dwduong74/yahboom_src/install/oradar_lidar/share/oradar_lidar/environment/path.dsv
[0.408s] -- Up-to-date: /home/dwduong74/yahboom_src/install/oradar_lidar/share/oradar_lidar/local_setup.bash
[0.408s] -- Up-to-date: /home/dwduong74/yahboom_src/install/oradar_lidar/share/oradar_lidar/local_setup.sh
[0.410s] -- Up-to-date: /home/dwduong74/yahboom_src/install/oradar_lidar/share/oradar_lidar/local_setup.zsh
[0.410s] -- Up-to-date: /home/dwduong74/yahboom_src/install/oradar_lidar/share/oradar_lidar/local_setup.dsv
[0.410s] -- Installing: /home/dwduong74/yahboom_src/install/oradar_lidar/share/oradar_lidar/package.dsv
[0.410s] -- Up-to-date: /home/dwduong74/yahboom_src/install/oradar_lidar/share/ament_index/resource_index/packages/oradar_lidar
[0.411s] -- Up-to-date: /home/dwduong74/yahboom_src/install/oradar_lidar/share/oradar_lidar/cmake/oradar_lidarConfig.cmake
[0.411s] -- Up-to-date: /home/dwduong74/yahboom_src/install/oradar_lidar/share/oradar_lidar/cmake/oradar_lidarConfig-version.cmake
[0.411s] -- Up-to-date: /home/dwduong74/yahboom_src/install/oradar_lidar/share/oradar_lidar/package.xml
[0.412s] -- Up-to-date: /home/dwduong74/yahboom_src/install/oradar_lidar/include/core/base/datatype.h
[0.412s] -- Up-to-date: /home/dwduong74/yahboom_src/install/oradar_lidar/include/core/base/locker.h
[0.412s] -- Up-to-date: /home/dwduong74/yahboom_src/install/oradar_lidar/include/core/base/thread.h
[0.412s] -- Up-to-date: /home/dwduong74/yahboom_src/install/oradar_lidar/include/core/base/timer.h
[0.412s] -- Up-to-date: /home/dwduong74/yahboom_src/install/oradar_lidar/include/core/base/typedef.h
[0.412s] -- Up-to-date: /home/dwduong74/yahboom_src/install/oradar_lidar/include/core/base/utils.h
[0.412s] -- Up-to-date: /home/dwduong74/yahboom_src/install/oradar_lidar/include/core/base/v8stdint.h
[0.413s] -- Up-to-date: /home/dwduong74/yahboom_src/install/oradar_lidar/include/core/common/ChannelDevice.h
[0.413s] -- Up-to-date: /home/dwduong74/yahboom_src/install/oradar_lidar/include/core/math/angles.h
[0.413s] -- Up-to-date: /home/dwduong74/yahboom_src/install/oradar_lidar/include/core/network/ActiveSocket.h
[0.413s] -- Up-to-date: /home/dwduong74/yahboom_src/install/oradar_lidar/include/core/network/PassiveSocket.h
[0.413s] -- Up-to-date: /home/dwduong74/yahboom_src/install/oradar_lidar/include/core/network/SimpleSocket.h
[0.413s] -- Up-to-date: /home/dwduong74/yahboom_src/install/oradar_lidar/include/core/network/StatTimer.h
[0.413s] -- Up-to-date: /home/dwduong74/yahboom_src/install/oradar_lidar/include/core/serial/common.h
[0.413s] -- Up-to-date: /home/dwduong74/yahboom_src/install/oradar_lidar/include/core/serial/serial.h
[0.414s] -- Up-to-date: /home/dwduong74/yahboom_src/install/oradar_lidar/include/core/serial/impl/unix/lock.h
[0.414s] -- Up-to-date: /home/dwduong74/yahboom_src/install/oradar_lidar/include/core/serial/impl/unix/unix.h
[0.414s] -- Up-to-date: /home/dwduong74/yahboom_src/install/oradar_lidar/include/core/serial/impl/unix/unix_serial.h
[0.414s] -- Up-to-date: /home/dwduong74/yahboom_src/install/oradar_lidar/include/src/ord_lidar_c_api_driver.h
[0.414s] -- Up-to-date: /home/dwduong74/yahboom_src/install/oradar_lidar/include/src/ord_lidar_driver.h
[0.414s] -- Up-to-date: /home/dwduong74/yahboom_src/install/oradar_lidar/include/src/ordlidar_protocol.h
[0.414s] -- Up-to-date: /home/dwduong74/yahboom_src/install/oradar_lidar/include/src/filters/FullScanFilter.h
[0.414s] -- Up-to-date: /home/dwduong74/yahboom_src/install/oradar_lidar/lib/liboradar_sdk.a
[0.415s] -- Up-to-date: /home/dwduong74/yahboom_src/install/oradar_lidar/bin/blocking_test
[0.415s] -- Up-to-date: /home/dwduong74/yahboom_src/install/oradar_lidar/bin/non-blocking_test
[0.415s] -- Up-to-date: /home/dwduong74/yahboom_src/install/oradar_lidar/bin/blocking_c_api_test
[2.664s] Invoked command in '/home/dwduong74/yahboom_src/build/oradar_lidar' returned '0': CMAKE_PREFIX_PATH=${CMAKE_PREFIX_PATH}:/home/dwduong74/yahboom_src/install/yahboom_set_height:/home/dwduong74/yahboom_src/install/yahboom_mediapipe:/home/dwduong74/yahboom_src/install/yahboom_gait:/home/dwduong74/yahboom_src/install/yahboom_dog_joint_state:/home/dwduong74/yahboom_src/install/yahboom_description:/home/dwduong74/yahboom_src/install/yahboom_bringup:/home/dwduong74/yahboom_src/install/yahboom_base:/home/dwduong74/yahboom_src/install/yahboom_app_save_map:/home/dwduong74/yahboom_src/install/tf_publisher:/home/dwduong74/yahboom_src/install/bringup:/home/dwduong74/LUMI_ws/install/custom_explorer:/opt/ros/humble /usr/bin/cmake --install /home/dwduong74/yahboom_src/build/oradar_lidar
