[3.841s] Invoking command in '/home/dwduong74/yahboom_src/src/yahboom_bringup': PYTHONPATH=/home/dwduong74/yahboom_src/build/yahboom_bringup/prefix_override:/usr/lib/python3/dist-packages/colcon_core/task/python/colcon_distutils_commands:/home/dwduong74/yahboom_src/install/yahboom_bringup/lib/python3.10/site-packages:${PYTHONPATH} /usr/bin/python3 -W ignore:setup.py install is deprecated -W ignore:easy_install command is deprecated setup.py egg_info --egg-base ../../build/yahboom_bringup build --build-base /home/dwduong74/yahboom_src/build/yahboom_bringup/build install --record /home/dwduong74/yahboom_src/build/yahboom_bringup/install.log --single-version-externally-managed install_data
[4.755s] running egg_info
[4.757s] writing ../../build/yahboom_bringup/yahboom_bringup.egg-info/PKG-INFO
[4.758s] writing dependency_links to ../../build/yahboom_bringup/yahboom_bringup.egg-info/dependency_links.txt
[4.758s] writing entry points to ../../build/yahboom_bringup/yahboom_bringup.egg-info/entry_points.txt
[4.758s] writing requirements to ../../build/yahboom_bringup/yahboom_bringup.egg-info/requires.txt
[4.758s] writing top-level names to ../../build/yahboom_bringup/yahboom_bringup.egg-info/top_level.txt
[4.758s] reading manifest file '../../build/yahboom_bringup/yahboom_bringup.egg-info/SOURCES.txt'
[4.758s] writing manifest file '../../build/yahboom_bringup/yahboom_bringup.egg-info/SOURCES.txt'
[4.758s] running build
[4.758s] running build_py
[4.759s] running install
[4.759s] running install_lib
[4.759s] running install_data
[4.759s] running install_egg_info
[4.759s] removing '/home/dwduong74/yahboom_src/install/yahboom_bringup/lib/python3.10/site-packages/yahboom_bringup-0.0.0-py3.10.egg-info' (and everything under it)
[4.759s] Copying ../../build/yahboom_bringup/yahboom_bringup.egg-info to /home/dwduong74/yahboom_src/install/yahboom_bringup/lib/python3.10/site-packages/yahboom_bringup-0.0.0-py3.10.egg-info
[4.759s] running install_scripts
[4.759s] writing list of installed files to '/home/dwduong74/yahboom_src/build/yahboom_bringup/install.log'
[5.246s] Invoked command in '/home/dwduong74/yahboom_src/src/yahboom_bringup' returned '0': PYTHONPATH=/home/dwduong74/yahboom_src/build/yahboom_bringup/prefix_override:/usr/lib/python3/dist-packages/colcon_core/task/python/colcon_distutils_commands:/home/dwduong74/yahboom_src/install/yahboom_bringup/lib/python3.10/site-packages:${PYTHONPATH} /usr/bin/python3 -W ignore:setup.py install is deprecated -W ignore:easy_install command is deprecated setup.py egg_info --egg-base ../../build/yahboom_bringup build --build-base /home/dwduong74/yahboom_src/build/yahboom_bringup/build install --record /home/dwduong74/yahboom_src/build/yahboom_bringup/install.log --single-version-externally-managed install_data
