[0.076s] Invoking command in '/home/dwduong74/yahboom_src/build/go2_config': CMAKE_PREFIX_PATH=${CMAKE_PREFIX_PATH}:/home/dwduong74/LUMI_ws/install/custom_explorer:/opt/ros/humble /usr/bin/cmake /home/dwduong74/yahboom_src/src/unitree-go2-ros2/robots/configs/go2_config -DCMAKE_INSTALL_PREFIX=/home/dwduong74/yahboom_src/install/go2_config
[0.191s] -- The C compiler identification is GNU 11.4.0
[0.302s] -- The CXX compiler identification is GNU 11.4.0
[0.315s] -- Detecting C compiler ABI info
[0.442s] -- Detecting C compiler ABI info - done
[0.459s] -- Check for working C compiler: /usr/bin/cc - skipped
[0.459s] -- Detecting C compile features
[0.460s] -- Detecting C compile features - done
[0.465s] -- Detecting CXX compiler ABI info
[0.616s] -- Detecting CXX compiler ABI info - done
[0.634s] -- Check for working CXX compiler: /usr/bin/c++ - skipped
[0.635s] -- Detecting CXX compile features
[0.636s] -- Detecting CXX compile features - done
[0.647s] -- Found ament_cmake: 1.3.12 (/opt/ros/humble/share/ament_cmake/cmake)
[0.947s] -- Found Python3: /usr/bin/python3 (found version "3.10.12") found components: Interpreter 
[1.321s] -- Configuring done
[1.322s] -- Generating done
[1.324s] -- Build files have been written to: /home/dwduong74/yahboom_src/build/go2_config
[1.376s] Invoked command in '/home/dwduong74/yahboom_src/build/go2_config' returned '0': CMAKE_PREFIX_PATH=${CMAKE_PREFIX_PATH}:/home/dwduong74/LUMI_ws/install/custom_explorer:/opt/ros/humble /usr/bin/cmake /home/dwduong74/yahboom_src/src/unitree-go2-ros2/robots/configs/go2_config -DCMAKE_INSTALL_PREFIX=/home/dwduong74/yahboom_src/install/go2_config
[1.376s] Invoking command in '/home/dwduong74/yahboom_src/build/go2_config': CMAKE_PREFIX_PATH=${CMAKE_PREFIX_PATH}:/home/dwduong74/LUMI_ws/install/custom_explorer:/opt/ros/humble /usr/bin/cmake --build /home/dwduong74/yahboom_src/build/go2_config -- -j8 -l8
[2.161s] Invoked command in '/home/dwduong74/yahboom_src/build/go2_config' returned '0': CMAKE_PREFIX_PATH=${CMAKE_PREFIX_PATH}:/home/dwduong74/LUMI_ws/install/custom_explorer:/opt/ros/humble /usr/bin/cmake --build /home/dwduong74/yahboom_src/build/go2_config -- -j8 -l8
[2.166s] Invoking command in '/home/dwduong74/yahboom_src/build/go2_config': CMAKE_PREFIX_PATH=${CMAKE_PREFIX_PATH}:/home/dwduong74/LUMI_ws/install/custom_explorer:/opt/ros/humble /usr/bin/cmake --install /home/dwduong74/yahboom_src/build/go2_config
[2.193s] -- Install configuration: ""
[2.193s] -- Installing: /home/dwduong74/yahboom_src/install/go2_config/share/go2_config/launch
[2.193s] -- Installing: /home/dwduong74/yahboom_src/install/go2_config/share/go2_config/launch/gazebo.launch.py
[2.193s] -- Installing: /home/dwduong74/yahboom_src/install/go2_config/share/go2_config/launch/gazebo_velodyne.launch.py
[2.193s] -- Installing: /home/dwduong74/yahboom_src/install/go2_config/share/go2_config/launch/bringup.launch.py
[2.193s] -- Installing: /home/dwduong74/yahboom_src/install/go2_config/share/go2_config/launch/navigate.launch.py
[2.193s] -- Installing: /home/dwduong74/yahboom_src/install/go2_config/share/go2_config/launch/slam.launch.py
[2.193s] -- Installing: /home/dwduong74/yahboom_src/install/go2_config/share/go2_config/config
[2.193s] -- Installing: /home/dwduong74/yahboom_src/install/go2_config/share/go2_config/config/gait
[2.193s] -- Installing: /home/dwduong74/yahboom_src/install/go2_config/share/go2_config/config/gait/gait.yaml
[2.194s] -- Installing: /home/dwduong74/yahboom_src/install/go2_config/share/go2_config/config/joints
[2.194s] -- Installing: /home/dwduong74/yahboom_src/install/go2_config/share/go2_config/config/joints/joints.yaml
[2.194s] -- Installing: /home/dwduong74/yahboom_src/install/go2_config/share/go2_config/config/links
[2.194s] -- Installing: /home/dwduong74/yahboom_src/install/go2_config/share/go2_config/config/links/links.yaml
[2.194s] -- Installing: /home/dwduong74/yahboom_src/install/go2_config/share/go2_config/config/autonomy
[2.194s] -- Installing: /home/dwduong74/yahboom_src/install/go2_config/share/go2_config/config/autonomy/navigation.yaml
[2.194s] -- Installing: /home/dwduong74/yahboom_src/install/go2_config/share/go2_config/config/autonomy/slam.yaml
[2.194s] -- Installing: /home/dwduong74/yahboom_src/install/go2_config/share/go2_config/config/ros_control
[2.194s] -- Installing: /home/dwduong74/yahboom_src/install/go2_config/share/go2_config/config/ros_control/ros_control.yaml
[2.194s] -- Installing: /home/dwduong74/yahboom_src/install/go2_config/share/go2_config/maps
[2.195s] -- Installing: /home/dwduong74/yahboom_src/install/go2_config/share/go2_config/maps/map.pgm
[2.200s] -- Installing: /home/dwduong74/yahboom_src/install/go2_config/share/go2_config/maps/playground.pgm
[2.200s] -- Installing: /home/dwduong74/yahboom_src/install/go2_config/share/go2_config/maps/map.yaml
[2.200s] -- Installing: /home/dwduong74/yahboom_src/install/go2_config/share/go2_config/maps/playground.yaml
[2.200s] -- Installing: /home/dwduong74/yahboom_src/install/go2_config/share/go2_config/worlds
[2.201s] -- Installing: /home/dwduong74/yahboom_src/install/go2_config/share/go2_config/worlds/default.sdf
[2.203s] -- Installing: /home/dwduong74/yahboom_src/install/go2_config/share/go2_config/worlds/default.world
[2.203s] -- Installing: /home/dwduong74/yahboom_src/install/go2_config/share/go2_config/worlds/playground.world
[2.203s] -- Installing: /home/dwduong74/yahboom_src/install/go2_config/share/go2_config/worlds/outdoor.world
[2.204s] -- Installing: /home/dwduong74/yahboom_src/install/go2_config/share/ament_index/resource_index/package_run_dependencies/go2_config
[2.204s] -- Installing: /home/dwduong74/yahboom_src/install/go2_config/share/ament_index/resource_index/parent_prefix_path/go2_config
[2.204s] -- Installing: /home/dwduong74/yahboom_src/install/go2_config/share/go2_config/environment/ament_prefix_path.sh
[2.204s] -- Installing: /home/dwduong74/yahboom_src/install/go2_config/share/go2_config/environment/ament_prefix_path.dsv
[2.204s] -- Installing: /home/dwduong74/yahboom_src/install/go2_config/share/go2_config/environment/path.sh
[2.205s] -- Installing: /home/dwduong74/yahboom_src/install/go2_config/share/go2_config/environment/path.dsv
[2.205s] -- Installing: /home/dwduong74/yahboom_src/install/go2_config/share/go2_config/local_setup.bash
[2.205s] -- Installing: /home/dwduong74/yahboom_src/install/go2_config/share/go2_config/local_setup.sh
[2.205s] -- Installing: /home/dwduong74/yahboom_src/install/go2_config/share/go2_config/local_setup.zsh
[2.205s] -- Installing: /home/dwduong74/yahboom_src/install/go2_config/share/go2_config/local_setup.dsv
[2.205s] -- Installing: /home/dwduong74/yahboom_src/install/go2_config/share/go2_config/package.dsv
[2.205s] -- Installing: /home/dwduong74/yahboom_src/install/go2_config/share/ament_index/resource_index/packages/go2_config
[2.206s] -- Installing: /home/dwduong74/yahboom_src/install/go2_config/share/go2_config/cmake/go2_configConfig.cmake
[2.206s] -- Installing: /home/dwduong74/yahboom_src/install/go2_config/share/go2_config/cmake/go2_configConfig-version.cmake
[2.206s] -- Installing: /home/dwduong74/yahboom_src/install/go2_config/share/go2_config/package.xml
[2.208s] Invoked command in '/home/dwduong74/yahboom_src/build/go2_config' returned '0': CMAKE_PREFIX_PATH=${CMAKE_PREFIX_PATH}:/home/dwduong74/LUMI_ws/install/custom_explorer:/opt/ros/humble /usr/bin/cmake --install /home/dwduong74/yahboom_src/build/go2_config
