[0.016s] Invoking command in '/home/dwduong74/yahboom_src/build/velodyne_simulator': AMENT_PREFIX_PATH=/home/dwduong74/yahboom_src/install/velodyne_description:/home/dwduong74/yahboom_src/install/velodyne_gazebo_plugins:${AMENT_PREFIX_PATH} CMAKE_PREFIX_PATH=/home/dwduong74/yahboom_src/install/velodyne_description:/home/dwduong74/yahboom_src/install/velodyne_gazebo_plugins:/home/dwduong74/LUMI_ws/install/rf2o_laser_odometry:/home/dwduong74/LUMI_ws/install/custom_explorer:/opt/ros/humble LD_LIBRARY_PATH=/home/dwduong74/yahboom_src/install/velodyne_gazebo_plugins/lib:${LD_LIBRARY_PATH} /usr/bin/cmake /home/dwduong74/yahboom_src/src/unitree-go2-ros2/velodyne/velodyne_simulator -DCMAKE_INSTALL_PREFIX=/home/dwduong74/yahboom_src/install/velodyne_simulator
[0.091s] -- The C compiler identification is GNU 11.4.0
[0.166s] -- The CXX compiler identification is GNU 11.4.0
[0.178s] -- Detecting C compiler ABI info
[0.264s] -- Detecting C compiler ABI info - done
[0.277s] -- Check for working C compiler: /usr/bin/cc - skipped
[0.277s] -- Detecting C compile features
[0.278s] -- Detecting C compile features - done
[0.283s] -- Detecting CXX compiler ABI info
[0.400s] -- Detecting CXX compiler ABI info - done
[0.414s] -- Check for working CXX compiler: /usr/bin/c++ - skipped
[0.415s] -- Detecting CXX compile features
[0.416s] -- Detecting CXX compile features - done
[0.421s] -- Found ament_cmake: 1.3.12 (/opt/ros/humble/share/ament_cmake/cmake)
[0.648s] -- Found Python3: /usr/bin/python3 (found version "3.10.12") found components: Interpreter 
[0.898s] -- Configuring done
[0.901s] -- Generating done
[0.902s] -- Build files have been written to: /home/dwduong74/yahboom_src/build/velodyne_simulator
[0.908s] Invoked command in '/home/dwduong74/yahboom_src/build/velodyne_simulator' returned '0': AMENT_PREFIX_PATH=/home/dwduong74/yahboom_src/install/velodyne_description:/home/dwduong74/yahboom_src/install/velodyne_gazebo_plugins:${AMENT_PREFIX_PATH} CMAKE_PREFIX_PATH=/home/dwduong74/yahboom_src/install/velodyne_description:/home/dwduong74/yahboom_src/install/velodyne_gazebo_plugins:/home/dwduong74/LUMI_ws/install/rf2o_laser_odometry:/home/dwduong74/LUMI_ws/install/custom_explorer:/opt/ros/humble LD_LIBRARY_PATH=/home/dwduong74/yahboom_src/install/velodyne_gazebo_plugins/lib:${LD_LIBRARY_PATH} /usr/bin/cmake /home/dwduong74/yahboom_src/src/unitree-go2-ros2/velodyne/velodyne_simulator -DCMAKE_INSTALL_PREFIX=/home/dwduong74/yahboom_src/install/velodyne_simulator
[0.910s] Invoking command in '/home/dwduong74/yahboom_src/build/velodyne_simulator': AMENT_PREFIX_PATH=/home/dwduong74/yahboom_src/install/velodyne_description:/home/dwduong74/yahboom_src/install/velodyne_gazebo_plugins:${AMENT_PREFIX_PATH} CMAKE_PREFIX_PATH=/home/dwduong74/yahboom_src/install/velodyne_description:/home/dwduong74/yahboom_src/install/velodyne_gazebo_plugins:/home/dwduong74/LUMI_ws/install/rf2o_laser_odometry:/home/dwduong74/LUMI_ws/install/custom_explorer:/opt/ros/humble LD_LIBRARY_PATH=/home/dwduong74/yahboom_src/install/velodyne_gazebo_plugins/lib:${LD_LIBRARY_PATH} /usr/bin/cmake --build /home/dwduong74/yahboom_src/build/velodyne_simulator -- -j8 -l8
[0.960s] Invoked command in '/home/dwduong74/yahboom_src/build/velodyne_simulator' returned '0': AMENT_PREFIX_PATH=/home/dwduong74/yahboom_src/install/velodyne_description:/home/dwduong74/yahboom_src/install/velodyne_gazebo_plugins:${AMENT_PREFIX_PATH} CMAKE_PREFIX_PATH=/home/dwduong74/yahboom_src/install/velodyne_description:/home/dwduong74/yahboom_src/install/velodyne_gazebo_plugins:/home/dwduong74/LUMI_ws/install/rf2o_laser_odometry:/home/dwduong74/LUMI_ws/install/custom_explorer:/opt/ros/humble LD_LIBRARY_PATH=/home/dwduong74/yahboom_src/install/velodyne_gazebo_plugins/lib:${LD_LIBRARY_PATH} /usr/bin/cmake --build /home/dwduong74/yahboom_src/build/velodyne_simulator -- -j8 -l8
[0.962s] Invoking command in '/home/dwduong74/yahboom_src/build/velodyne_simulator': AMENT_PREFIX_PATH=/home/dwduong74/yahboom_src/install/velodyne_description:/home/dwduong74/yahboom_src/install/velodyne_gazebo_plugins:${AMENT_PREFIX_PATH} CMAKE_PREFIX_PATH=/home/dwduong74/yahboom_src/install/velodyne_description:/home/dwduong74/yahboom_src/install/velodyne_gazebo_plugins:/home/dwduong74/LUMI_ws/install/rf2o_laser_odometry:/home/dwduong74/LUMI_ws/install/custom_explorer:/opt/ros/humble LD_LIBRARY_PATH=/home/dwduong74/yahboom_src/install/velodyne_gazebo_plugins/lib:${LD_LIBRARY_PATH} /usr/bin/cmake --install /home/dwduong74/yahboom_src/build/velodyne_simulator
[0.970s] -- Install configuration: ""
[0.971s] -- Installing: /home/dwduong74/yahboom_src/install/velodyne_simulator/share/ament_index/resource_index/package_run_dependencies/velodyne_simulator
[0.971s] -- Installing: /home/dwduong74/yahboom_src/install/velodyne_simulator/share/ament_index/resource_index/parent_prefix_path/velodyne_simulator
[0.971s] -- Installing: /home/dwduong74/yahboom_src/install/velodyne_simulator/share/velodyne_simulator/environment/ament_prefix_path.sh
[0.971s] -- Installing: /home/dwduong74/yahboom_src/install/velodyne_simulator/share/velodyne_simulator/environment/ament_prefix_path.dsv
[0.971s] -- Installing: /home/dwduong74/yahboom_src/install/velodyne_simulator/share/velodyne_simulator/environment/path.sh
[0.972s] -- Installing: /home/dwduong74/yahboom_src/install/velodyne_simulator/share/velodyne_simulator/environment/path.dsv
[0.972s] -- Installing: /home/dwduong74/yahboom_src/install/velodyne_simulator/share/velodyne_simulator/local_setup.bash
[0.972s] -- Installing: /home/dwduong74/yahboom_src/install/velodyne_simulator/share/velodyne_simulator/local_setup.sh
[0.972s] -- Installing: /home/dwduong74/yahboom_src/install/velodyne_simulator/share/velodyne_simulator/local_setup.zsh
[0.972s] -- Installing: /home/dwduong74/yahboom_src/install/velodyne_simulator/share/velodyne_simulator/local_setup.dsv
[0.972s] -- Installing: /home/dwduong74/yahboom_src/install/velodyne_simulator/share/velodyne_simulator/package.dsv
[0.973s] -- Installing: /home/dwduong74/yahboom_src/install/velodyne_simulator/share/ament_index/resource_index/packages/velodyne_simulator
[0.973s] -- Installing: /home/dwduong74/yahboom_src/install/velodyne_simulator/share/velodyne_simulator/cmake/velodyne_simulatorConfig.cmake
[0.973s] -- Installing: /home/dwduong74/yahboom_src/install/velodyne_simulator/share/velodyne_simulator/cmake/velodyne_simulatorConfig-version.cmake
[0.973s] -- Installing: /home/dwduong74/yahboom_src/install/velodyne_simulator/share/velodyne_simulator/package.xml
[0.977s] Invoked command in '/home/dwduong74/yahboom_src/build/velodyne_simulator' returned '0': AMENT_PREFIX_PATH=/home/dwduong74/yahboom_src/install/velodyne_description:/home/dwduong74/yahboom_src/install/velodyne_gazebo_plugins:${AMENT_PREFIX_PATH} CMAKE_PREFIX_PATH=/home/dwduong74/yahboom_src/install/velodyne_description:/home/dwduong74/yahboom_src/install/velodyne_gazebo_plugins:/home/dwduong74/LUMI_ws/install/rf2o_laser_odometry:/home/dwduong74/LUMI_ws/install/custom_explorer:/opt/ros/humble LD_LIBRARY_PATH=/home/dwduong74/yahboom_src/install/velodyne_gazebo_plugins/lib:${LD_LIBRARY_PATH} /usr/bin/cmake --install /home/dwduong74/yahboom_src/build/velodyne_simulator
