[  2%] Built target image_color_lab__cpp
[ 12%] Built target image_color_lab__rosidl_generator_c
[ 12%] Built target ament_cmake_python_copy_image_color_lab
[ 23%] Built target image_color_lab__rosidl_typesupport_fastrtps_cpp
[ 33%] Built target image_color_lab__rosidl_typesupport_introspection_cpp
[ 43%] Built target image_color_lab__rosidl_typesupport_cpp
[ 53%] Built target image_color_lab__rosidl_typesupport_introspection_c
[ 64%] Built target image_color_lab__rosidl_typesupport_fastrtps_c
[ 74%] Built target image_color_lab__rosidl_typesupport_c
[ 74%] Built target image_color_lab
[ 76%] Built target image_color_lab__py
[ 84%] Built target image_color_lab__rosidl_generator_py
[ 89%] Built target image_color_lab__rosidl_typesupport_introspection_c__pyext
[ 94%] Built target image_color_lab__rosidl_typesupport_c__pyext
[100%] Built target image_color_lab__rosidl_typesupport_fastrtps_c__pyext
running egg_info
writing image_color_lab.egg-info/PKG-INFO
writing dependency_links to image_color_lab.egg-info/dependency_links.txt
writing top-level names to image_color_lab.egg-info/top_level.txt
reading manifest file 'image_color_lab.egg-info/SOURCES.txt'
writing manifest file 'image_color_lab.egg-info/SOURCES.txt'
[100%] Built target ament_cmake_python_build_image_color_lab_egg
-- Install configuration: ""
-- Up-to-date: /home/dwduong74/yahboom_src/install/image_color_lab/share/ament_index/resource_index/rosidl_interfaces/image_color_lab
-- Up-to-date: /home/dwduong74/yahboom_src/install/image_color_lab/include/image_color_lab/image_color_lab
-- Up-to-date: /home/dwduong74/yahboom_src/install/image_color_lab/include/image_color_lab/image_color_lab/msg
-- Up-to-date: /home/dwduong74/yahboom_src/install/image_color_lab/include/image_color_lab/image_color_lab/msg/rosidl_generator_c__visibility_control.h
-- Up-to-date: /home/dwduong74/yahboom_src/install/image_color_lab/include/image_color_lab/image_color_lab/msg/string_stamped.h
-- Up-to-date: /home/dwduong74/yahboom_src/install/image_color_lab/include/image_color_lab/image_color_lab/msg/lab.h
-- Up-to-date: /home/dwduong74/yahboom_src/install/image_color_lab/include/image_color_lab/image_color_lab/msg/detail
-- Up-to-date: /home/dwduong74/yahboom_src/install/image_color_lab/include/image_color_lab/image_color_lab/msg/detail/string_stamped__struct.h
-- Up-to-date: /home/dwduong74/yahboom_src/install/image_color_lab/include/image_color_lab/image_color_lab/msg/detail/string_stamped__type_support.h
-- Up-to-date: /home/dwduong74/yahboom_src/install/image_color_lab/include/image_color_lab/image_color_lab/msg/detail/lab__type_support.h
-- Up-to-date: /home/dwduong74/yahboom_src/install/image_color_lab/include/image_color_lab/image_color_lab/msg/detail/string_stamped__functions.c
-- Up-to-date: /home/dwduong74/yahboom_src/install/image_color_lab/include/image_color_lab/image_color_lab/msg/detail/lab__functions.c
-- Up-to-date: /home/dwduong74/yahboom_src/install/image_color_lab/include/image_color_lab/image_color_lab/msg/detail/string_stamped__functions.h
-- Up-to-date: /home/dwduong74/yahboom_src/install/image_color_lab/include/image_color_lab/image_color_lab/msg/detail/lab__struct.h
-- Up-to-date: /home/dwduong74/yahboom_src/install/image_color_lab/include/image_color_lab/image_color_lab/msg/detail/lab__functions.h
-- Up-to-date: /home/dwduong74/yahboom_src/install/image_color_lab/share/image_color_lab/environment/library_path.sh
-- Up-to-date: /home/dwduong74/yahboom_src/install/image_color_lab/share/image_color_lab/environment/library_path.dsv
-- Up-to-date: /home/dwduong74/yahboom_src/install/image_color_lab/lib/libimage_color_lab__rosidl_generator_c.so
-- Up-to-date: /home/dwduong74/yahboom_src/install/image_color_lab/include/image_color_lab/image_color_lab
-- Up-to-date: /home/dwduong74/yahboom_src/install/image_color_lab/include/image_color_lab/image_color_lab/msg
-- Up-to-date: /home/dwduong74/yahboom_src/install/image_color_lab/include/image_color_lab/image_color_lab/msg/rosidl_typesupport_fastrtps_c__visibility_control.h
-- Up-to-date: /home/dwduong74/yahboom_src/install/image_color_lab/include/image_color_lab/image_color_lab/msg/detail
-- Up-to-date: /home/dwduong74/yahboom_src/install/image_color_lab/include/image_color_lab/image_color_lab/msg/detail/lab__rosidl_typesupport_fastrtps_c.h
-- Up-to-date: /home/dwduong74/yahboom_src/install/image_color_lab/include/image_color_lab/image_color_lab/msg/detail/string_stamped__rosidl_typesupport_fastrtps_c.h
-- Up-to-date: /home/dwduong74/yahboom_src/install/image_color_lab/lib/libimage_color_lab__rosidl_typesupport_fastrtps_c.so
-- Up-to-date: /home/dwduong74/yahboom_src/install/image_color_lab/include/image_color_lab/image_color_lab
-- Up-to-date: /home/dwduong74/yahboom_src/install/image_color_lab/include/image_color_lab/image_color_lab/msg
-- Up-to-date: /home/dwduong74/yahboom_src/install/image_color_lab/include/image_color_lab/image_color_lab/msg/lab.hpp
-- Up-to-date: /home/dwduong74/yahboom_src/install/image_color_lab/include/image_color_lab/image_color_lab/msg/string_stamped.hpp
-- Up-to-date: /home/dwduong74/yahboom_src/install/image_color_lab/include/image_color_lab/image_color_lab/msg/rosidl_generator_cpp__visibility_control.hpp
-- Up-to-date: /home/dwduong74/yahboom_src/install/image_color_lab/include/image_color_lab/image_color_lab/msg/detail
-- Up-to-date: /home/dwduong74/yahboom_src/install/image_color_lab/include/image_color_lab/image_color_lab/msg/detail/string_stamped__builder.hpp
-- Up-to-date: /home/dwduong74/yahboom_src/install/image_color_lab/include/image_color_lab/image_color_lab/msg/detail/lab__traits.hpp
-- Up-to-date: /home/dwduong74/yahboom_src/install/image_color_lab/include/image_color_lab/image_color_lab/msg/detail/lab__builder.hpp
-- Up-to-date: /home/dwduong74/yahboom_src/install/image_color_lab/include/image_color_lab/image_color_lab/msg/detail/string_stamped__type_support.hpp
-- Up-to-date: /home/dwduong74/yahboom_src/install/image_color_lab/include/image_color_lab/image_color_lab/msg/detail/lab__struct.hpp
-- Up-to-date: /home/dwduong74/yahboom_src/install/image_color_lab/include/image_color_lab/image_color_lab/msg/detail/string_stamped__struct.hpp
-- Up-to-date: /home/dwduong74/yahboom_src/install/image_color_lab/include/image_color_lab/image_color_lab/msg/detail/lab__type_support.hpp
-- Up-to-date: /home/dwduong74/yahboom_src/install/image_color_lab/include/image_color_lab/image_color_lab/msg/detail/string_stamped__traits.hpp
-- Up-to-date: /home/dwduong74/yahboom_src/install/image_color_lab/include/image_color_lab/image_color_lab
-- Up-to-date: /home/dwduong74/yahboom_src/install/image_color_lab/include/image_color_lab/image_color_lab/msg
-- Up-to-date: /home/dwduong74/yahboom_src/install/image_color_lab/include/image_color_lab/image_color_lab/msg/rosidl_typesupport_fastrtps_cpp__visibility_control.h
-- Up-to-date: /home/dwduong74/yahboom_src/install/image_color_lab/include/image_color_lab/image_color_lab/msg/detail
-- Up-to-date: /home/dwduong74/yahboom_src/install/image_color_lab/include/image_color_lab/image_color_lab/msg/detail/string_stamped__rosidl_typesupport_fastrtps_cpp.hpp
-- Up-to-date: /home/dwduong74/yahboom_src/install/image_color_lab/include/image_color_lab/image_color_lab/msg/detail/dds_fastrtps
-- Up-to-date: /home/dwduong74/yahboom_src/install/image_color_lab/include/image_color_lab/image_color_lab/msg/detail/lab__rosidl_typesupport_fastrtps_cpp.hpp
-- Up-to-date: /home/dwduong74/yahboom_src/install/image_color_lab/lib/libimage_color_lab__rosidl_typesupport_fastrtps_cpp.so
-- Up-to-date: /home/dwduong74/yahboom_src/install/image_color_lab/include/image_color_lab/image_color_lab
-- Up-to-date: /home/dwduong74/yahboom_src/install/image_color_lab/include/image_color_lab/image_color_lab/msg
-- Up-to-date: /home/dwduong74/yahboom_src/install/image_color_lab/include/image_color_lab/image_color_lab/msg/rosidl_typesupport_introspection_c__visibility_control.h
-- Up-to-date: /home/dwduong74/yahboom_src/install/image_color_lab/include/image_color_lab/image_color_lab/msg/detail
-- Up-to-date: /home/dwduong74/yahboom_src/install/image_color_lab/include/image_color_lab/image_color_lab/msg/detail/string_stamped__rosidl_typesupport_introspection_c.h
-- Up-to-date: /home/dwduong74/yahboom_src/install/image_color_lab/include/image_color_lab/image_color_lab/msg/detail/lab__rosidl_typesupport_introspection_c.h
-- Up-to-date: /home/dwduong74/yahboom_src/install/image_color_lab/include/image_color_lab/image_color_lab/msg/detail/lab__type_support.c
-- Up-to-date: /home/dwduong74/yahboom_src/install/image_color_lab/include/image_color_lab/image_color_lab/msg/detail/string_stamped__type_support.c
-- Up-to-date: /home/dwduong74/yahboom_src/install/image_color_lab/lib/libimage_color_lab__rosidl_typesupport_introspection_c.so
-- Up-to-date: /home/dwduong74/yahboom_src/install/image_color_lab/lib/libimage_color_lab__rosidl_typesupport_c.so
-- Up-to-date: /home/dwduong74/yahboom_src/install/image_color_lab/include/image_color_lab/image_color_lab
-- Up-to-date: /home/dwduong74/yahboom_src/install/image_color_lab/include/image_color_lab/image_color_lab/msg
-- Up-to-date: /home/dwduong74/yahboom_src/install/image_color_lab/include/image_color_lab/image_color_lab/msg/detail
-- Up-to-date: /home/dwduong74/yahboom_src/install/image_color_lab/include/image_color_lab/image_color_lab/msg/detail/string_stamped__rosidl_typesupport_introspection_cpp.hpp
-- Up-to-date: /home/dwduong74/yahboom_src/install/image_color_lab/include/image_color_lab/image_color_lab/msg/detail/string_stamped__type_support.cpp
-- Up-to-date: /home/dwduong74/yahboom_src/install/image_color_lab/include/image_color_lab/image_color_lab/msg/detail/lab__rosidl_typesupport_introspection_cpp.hpp
-- Up-to-date: /home/dwduong74/yahboom_src/install/image_color_lab/include/image_color_lab/image_color_lab/msg/detail/lab__type_support.cpp
-- Up-to-date: /home/dwduong74/yahboom_src/install/image_color_lab/lib/libimage_color_lab__rosidl_typesupport_introspection_cpp.so
-- Up-to-date: /home/dwduong74/yahboom_src/install/image_color_lab/lib/libimage_color_lab__rosidl_typesupport_cpp.so
-- Up-to-date: /home/dwduong74/yahboom_src/install/image_color_lab/share/image_color_lab/environment/pythonpath.sh
-- Up-to-date: /home/dwduong74/yahboom_src/install/image_color_lab/share/image_color_lab/environment/pythonpath.dsv
-- Up-to-date: /home/dwduong74/yahboom_src/install/image_color_lab/local/lib/python3.10/dist-packages/image_color_lab-0.0.0-py3.10.egg-info
-- Installing: /home/dwduong74/yahboom_src/install/image_color_lab/local/lib/python3.10/dist-packages/image_color_lab-0.0.0-py3.10.egg-info/SOURCES.txt
-- Installing: /home/dwduong74/yahboom_src/install/image_color_lab/local/lib/python3.10/dist-packages/image_color_lab-0.0.0-py3.10.egg-info/top_level.txt
-- Installing: /home/dwduong74/yahboom_src/install/image_color_lab/local/lib/python3.10/dist-packages/image_color_lab-0.0.0-py3.10.egg-info/dependency_links.txt
-- Installing: /home/dwduong74/yahboom_src/install/image_color_lab/local/lib/python3.10/dist-packages/image_color_lab-0.0.0-py3.10.egg-info/PKG-INFO
-- Up-to-date: /home/dwduong74/yahboom_src/install/image_color_lab/local/lib/python3.10/dist-packages/image_color_lab
-- Up-to-date: /home/dwduong74/yahboom_src/install/image_color_lab/local/lib/python3.10/dist-packages/image_color_lab/_image_color_lab_s.ep.rosidl_typesupport_c.c
-- Up-to-date: /home/dwduong74/yahboom_src/install/image_color_lab/local/lib/python3.10/dist-packages/image_color_lab/image_color_lab_s__rosidl_typesupport_introspection_c.cpython-310-x86_64-linux-gnu.so
-- Up-to-date: /home/dwduong74/yahboom_src/install/image_color_lab/local/lib/python3.10/dist-packages/image_color_lab/image_color_lab_s__rosidl_typesupport_c.cpython-310-x86_64-linux-gnu.so
-- Up-to-date: /home/dwduong74/yahboom_src/install/image_color_lab/local/lib/python3.10/dist-packages/image_color_lab/_image_color_lab_s.ep.rosidl_typesupport_fastrtps_c.c
-- Up-to-date: /home/dwduong74/yahboom_src/install/image_color_lab/local/lib/python3.10/dist-packages/image_color_lab/image_color_lab_s__rosidl_typesupport_fastrtps_c.cpython-310-x86_64-linux-gnu.so
-- Up-to-date: /home/dwduong74/yahboom_src/install/image_color_lab/local/lib/python3.10/dist-packages/image_color_lab/msg
-- Up-to-date: /home/dwduong74/yahboom_src/install/image_color_lab/local/lib/python3.10/dist-packages/image_color_lab/msg/_string_stamped_s.c
-- Up-to-date: /home/dwduong74/yahboom_src/install/image_color_lab/local/lib/python3.10/dist-packages/image_color_lab/msg/_lab.py
-- Up-to-date: /home/dwduong74/yahboom_src/install/image_color_lab/local/lib/python3.10/dist-packages/image_color_lab/msg/_lab_s.c
-- Up-to-date: /home/dwduong74/yahboom_src/install/image_color_lab/local/lib/python3.10/dist-packages/image_color_lab/msg/_string_stamped.py
-- Up-to-date: /home/dwduong74/yahboom_src/install/image_color_lab/local/lib/python3.10/dist-packages/image_color_lab/msg/__init__.py
-- Up-to-date: /home/dwduong74/yahboom_src/install/image_color_lab/local/lib/python3.10/dist-packages/image_color_lab/_image_color_lab_s.ep.rosidl_typesupport_introspection_c.c
-- Up-to-date: /home/dwduong74/yahboom_src/install/image_color_lab/local/lib/python3.10/dist-packages/image_color_lab/libimage_color_lab__rosidl_generator_py.so
-- Up-to-date: /home/dwduong74/yahboom_src/install/image_color_lab/local/lib/python3.10/dist-packages/image_color_lab/__init__.py
Listing '/home/dwduong74/yahboom_src/install/image_color_lab/local/lib/python3.10/dist-packages/image_color_lab'...
Listing '/home/dwduong74/yahboom_src/install/image_color_lab/local/lib/python3.10/dist-packages/image_color_lab/msg'...
-- Up-to-date: /home/dwduong74/yahboom_src/install/image_color_lab/local/lib/python3.10/dist-packages/image_color_lab/image_color_lab_s__rosidl_typesupport_fastrtps_c.cpython-310-x86_64-linux-gnu.so
-- Up-to-date: /home/dwduong74/yahboom_src/install/image_color_lab/local/lib/python3.10/dist-packages/image_color_lab/image_color_lab_s__rosidl_typesupport_introspection_c.cpython-310-x86_64-linux-gnu.so
-- Up-to-date: /home/dwduong74/yahboom_src/install/image_color_lab/local/lib/python3.10/dist-packages/image_color_lab/image_color_lab_s__rosidl_typesupport_c.cpython-310-x86_64-linux-gnu.so
-- Up-to-date: /home/dwduong74/yahboom_src/install/image_color_lab/lib/libimage_color_lab__rosidl_generator_py.so
-- Up-to-date: /home/dwduong74/yahboom_src/install/image_color_lab/share/image_color_lab/msg/Lab.idl
-- Up-to-date: /home/dwduong74/yahboom_src/install/image_color_lab/share/image_color_lab/msg/StringStamped.idl
-- Up-to-date: /home/dwduong74/yahboom_src/install/image_color_lab/share/image_color_lab/msg/Lab.msg
-- Up-to-date: /home/dwduong74/yahboom_src/install/image_color_lab/share/image_color_lab/msg/StringStamped.msg
-- Up-to-date: /home/dwduong74/yahboom_src/install/image_color_lab/share/ament_index/resource_index/package_run_dependencies/image_color_lab
-- Up-to-date: /home/dwduong74/yahboom_src/install/image_color_lab/share/ament_index/resource_index/parent_prefix_path/image_color_lab
-- Up-to-date: /home/dwduong74/yahboom_src/install/image_color_lab/share/image_color_lab/environment/ament_prefix_path.sh
-- Up-to-date: /home/dwduong74/yahboom_src/install/image_color_lab/share/image_color_lab/environment/ament_prefix_path.dsv
-- Up-to-date: /home/dwduong74/yahboom_src/install/image_color_lab/share/image_color_lab/environment/path.sh
-- Up-to-date: /home/dwduong74/yahboom_src/install/image_color_lab/share/image_color_lab/environment/path.dsv
-- Up-to-date: /home/dwduong74/yahboom_src/install/image_color_lab/share/image_color_lab/local_setup.bash
-- Up-to-date: /home/dwduong74/yahboom_src/install/image_color_lab/share/image_color_lab/local_setup.sh
-- Up-to-date: /home/dwduong74/yahboom_src/install/image_color_lab/share/image_color_lab/local_setup.zsh
-- Up-to-date: /home/dwduong74/yahboom_src/install/image_color_lab/share/image_color_lab/local_setup.dsv
-- Installing: /home/dwduong74/yahboom_src/install/image_color_lab/share/image_color_lab/package.dsv
-- Up-to-date: /home/dwduong74/yahboom_src/install/image_color_lab/share/ament_index/resource_index/packages/image_color_lab
-- Up-to-date: /home/dwduong74/yahboom_src/install/image_color_lab/share/image_color_lab/cmake/export_image_color_lab__rosidl_generator_cExport.cmake
-- Up-to-date: /home/dwduong74/yahboom_src/install/image_color_lab/share/image_color_lab/cmake/export_image_color_lab__rosidl_generator_cExport-noconfig.cmake
-- Up-to-date: /home/dwduong74/yahboom_src/install/image_color_lab/share/image_color_lab/cmake/export_image_color_lab__rosidl_typesupport_fastrtps_cExport.cmake
-- Up-to-date: /home/dwduong74/yahboom_src/install/image_color_lab/share/image_color_lab/cmake/export_image_color_lab__rosidl_typesupport_fastrtps_cExport-noconfig.cmake
-- Up-to-date: /home/dwduong74/yahboom_src/install/image_color_lab/share/image_color_lab/cmake/export_image_color_lab__rosidl_generator_cppExport.cmake
-- Up-to-date: /home/dwduong74/yahboom_src/install/image_color_lab/share/image_color_lab/cmake/export_image_color_lab__rosidl_typesupport_fastrtps_cppExport.cmake
-- Up-to-date: /home/dwduong74/yahboom_src/install/image_color_lab/share/image_color_lab/cmake/export_image_color_lab__rosidl_typesupport_fastrtps_cppExport-noconfig.cmake
-- Up-to-date: /home/dwduong74/yahboom_src/install/image_color_lab/share/image_color_lab/cmake/image_color_lab__rosidl_typesupport_introspection_cExport.cmake
-- Up-to-date: /home/dwduong74/yahboom_src/install/image_color_lab/share/image_color_lab/cmake/image_color_lab__rosidl_typesupport_introspection_cExport-noconfig.cmake
-- Up-to-date: /home/dwduong74/yahboom_src/install/image_color_lab/share/image_color_lab/cmake/image_color_lab__rosidl_typesupport_cExport.cmake
-- Up-to-date: /home/dwduong74/yahboom_src/install/image_color_lab/share/image_color_lab/cmake/image_color_lab__rosidl_typesupport_cExport-noconfig.cmake
-- Up-to-date: /home/dwduong74/yahboom_src/install/image_color_lab/share/image_color_lab/cmake/image_color_lab__rosidl_typesupport_introspection_cppExport.cmake
-- Up-to-date: /home/dwduong74/yahboom_src/install/image_color_lab/share/image_color_lab/cmake/image_color_lab__rosidl_typesupport_introspection_cppExport-noconfig.cmake
-- Up-to-date: /home/dwduong74/yahboom_src/install/image_color_lab/share/image_color_lab/cmake/image_color_lab__rosidl_typesupport_cppExport.cmake
-- Up-to-date: /home/dwduong74/yahboom_src/install/image_color_lab/share/image_color_lab/cmake/image_color_lab__rosidl_typesupport_cppExport-noconfig.cmake
-- Up-to-date: /home/dwduong74/yahboom_src/install/image_color_lab/share/image_color_lab/cmake/export_image_color_lab__rosidl_generator_pyExport.cmake
-- Up-to-date: /home/dwduong74/yahboom_src/install/image_color_lab/share/image_color_lab/cmake/export_image_color_lab__rosidl_generator_pyExport-noconfig.cmake
-- Up-to-date: /home/dwduong74/yahboom_src/install/image_color_lab/share/image_color_lab/cmake/rosidl_cmake-extras.cmake
-- Up-to-date: /home/dwduong74/yahboom_src/install/image_color_lab/share/image_color_lab/cmake/ament_cmake_export_dependencies-extras.cmake
-- Up-to-date: /home/dwduong74/yahboom_src/install/image_color_lab/share/image_color_lab/cmake/ament_cmake_export_include_directories-extras.cmake
-- Up-to-date: /home/dwduong74/yahboom_src/install/image_color_lab/share/image_color_lab/cmake/ament_cmake_export_libraries-extras.cmake
-- Up-to-date: /home/dwduong74/yahboom_src/install/image_color_lab/share/image_color_lab/cmake/ament_cmake_export_targets-extras.cmake
-- Up-to-date: /home/dwduong74/yahboom_src/install/image_color_lab/share/image_color_lab/cmake/rosidl_cmake_export_typesupport_targets-extras.cmake
-- Up-to-date: /home/dwduong74/yahboom_src/install/image_color_lab/share/image_color_lab/cmake/rosidl_cmake_export_typesupport_libraries-extras.cmake
-- Up-to-date: /home/dwduong74/yahboom_src/install/image_color_lab/share/image_color_lab/cmake/image_color_labConfig.cmake
-- Up-to-date: /home/dwduong74/yahboom_src/install/image_color_lab/share/image_color_lab/cmake/image_color_labConfig-version.cmake
-- Up-to-date: /home/dwduong74/yahboom_src/install/image_color_lab/share/image_color_lab/package.xml
