running egg_info
creating ../../build/yahboom_base/yahboom_base.egg-info
writing ../../build/yahboom_base/yahboom_base.egg-info/PKG-INFO
writing dependency_links to ../../build/yahboom_base/yahboom_base.egg-info/dependency_links.txt
writing entry points to ../../build/yahboom_base/yahboom_base.egg-info/entry_points.txt
writing requirements to ../../build/yahboom_base/yahboom_base.egg-info/requires.txt
writing top-level names to ../../build/yahboom_base/yahboom_base.egg-info/top_level.txt
writing manifest file '../../build/yahboom_base/yahboom_base.egg-info/SOURCES.txt'
reading manifest file '../../build/yahboom_base/yahboom_base.egg-info/SOURCES.txt'
writing manifest file '../../build/yahboom_base/yahboom_base.egg-info/SOURCES.txt'
running build
running build_py
creating /home/dwduong74/yahboom_src/build/yahboom_base/build
creating /home/dwduong74/yahboom_src/build/yahboom_base/build/lib
creating /home/dwduong74/yahboom_src/build/yahboom_base/build/lib/yahboom_base
copying yahboom_base/base.py -> /home/dwduong74/yahboom_src/build/yahboom_base/build/lib/yahboom_base
copying yahboom_base/publisher_member_function.py -> /home/dwduong74/yahboom_src/build/yahboom_base/build/lib/yahboom_base
copying yahboom_base/ref.py -> /home/dwduong74/yahboom_src/build/yahboom_base/build/lib/yahboom_base
copying yahboom_base/__init__.py -> /home/dwduong74/yahboom_src/build/yahboom_base/build/lib/yahboom_base
copying yahboom_base/control_test.py -> /home/dwduong74/yahboom_src/build/yahboom_base/build/lib/yahboom_base
running install
running install_lib
creating /home/dwduong74/yahboom_src/install/yahboom_base/lib/python3.10/site-packages/yahboom_base
copying /home/dwduong74/yahboom_src/build/yahboom_base/build/lib/yahboom_base/base.py -> /home/dwduong74/yahboom_src/install/yahboom_base/lib/python3.10/site-packages/yahboom_base
copying /home/dwduong74/yahboom_src/build/yahboom_base/build/lib/yahboom_base/publisher_member_function.py -> /home/dwduong74/yahboom_src/install/yahboom_base/lib/python3.10/site-packages/yahboom_base
copying /home/dwduong74/yahboom_src/build/yahboom_base/build/lib/yahboom_base/ref.py -> /home/dwduong74/yahboom_src/install/yahboom_base/lib/python3.10/site-packages/yahboom_base
copying /home/dwduong74/yahboom_src/build/yahboom_base/build/lib/yahboom_base/__init__.py -> /home/dwduong74/yahboom_src/install/yahboom_base/lib/python3.10/site-packages/yahboom_base
copying /home/dwduong74/yahboom_src/build/yahboom_base/build/lib/yahboom_base/control_test.py -> /home/dwduong74/yahboom_src/install/yahboom_base/lib/python3.10/site-packages/yahboom_base
byte-compiling /home/dwduong74/yahboom_src/install/yahboom_base/lib/python3.10/site-packages/yahboom_base/base.py to base.cpython-310.pyc
byte-compiling /home/dwduong74/yahboom_src/install/yahboom_base/lib/python3.10/site-packages/yahboom_base/publisher_member_function.py to publisher_member_function.cpython-310.pyc
byte-compiling /home/dwduong74/yahboom_src/install/yahboom_base/lib/python3.10/site-packages/yahboom_base/ref.py to ref.cpython-310.pyc
byte-compiling /home/dwduong74/yahboom_src/install/yahboom_base/lib/python3.10/site-packages/yahboom_base/__init__.py to __init__.cpython-310.pyc
byte-compiling /home/dwduong74/yahboom_src/install/yahboom_base/lib/python3.10/site-packages/yahboom_base/control_test.py to control_test.cpython-310.pyc
running install_data
creating /home/dwduong74/yahboom_src/install/yahboom_base/share/ament_index
creating /home/dwduong74/yahboom_src/install/yahboom_base/share/ament_index/resource_index
creating /home/dwduong74/yahboom_src/install/yahboom_base/share/ament_index/resource_index/packages
copying resource/yahboom_base -> /home/dwduong74/yahboom_src/install/yahboom_base/share/ament_index/resource_index/packages
copying package.xml -> /home/dwduong74/yahboom_src/install/yahboom_base/share/yahboom_base
copying launch/yahboom_base.launch.py -> /home/dwduong74/yahboom_src/install/yahboom_base/share/yahboom_base
running install_egg_info
Copying ../../build/yahboom_base/yahboom_base.egg-info to /home/dwduong74/yahboom_src/install/yahboom_base/lib/python3.10/site-packages/yahboom_base-0.0.0-py3.10.egg-info
running install_scripts
Installing base script to /home/dwduong74/yahboom_src/install/yahboom_base/lib/yahboom_base
Installing talker script to /home/dwduong74/yahboom_src/install/yahboom_base/lib/yahboom_base
writing list of installed files to '/home/dwduong74/yahboom_src/build/yahboom_base/install.log'
