[7.896s] Invoking command in '/home/dwduong74/yahboom_src/src/yahboom_base': PYTHONPATH=/home/dwduong74/yahboom_src/build/yahboom_base/prefix_override:/usr/lib/python3/dist-packages/colcon_core/task/python/colcon_distutils_commands:/home/dwduong74/yahboom_src/install/yahboom_base/lib/python3.10/site-packages:${PYTHONPATH} /usr/bin/python3 -W ignore:setup.py install is deprecated -W ignore:easy_install command is deprecated setup.py egg_info --egg-base ../../build/yahboom_base build --build-base /home/dwduong74/yahboom_src/build/yahboom_base/build install --record /home/dwduong74/yahboom_src/build/yahboom_base/install.log --single-version-externally-managed install_data
[10.607s] running egg_info
[10.608s] creating ../../build/yahboom_base/yahboom_base.egg-info
[10.608s] writing ../../build/yahboom_base/yahboom_base.egg-info/PKG-INFO
[10.617s] writing dependency_links to ../../build/yahboom_base/yahboom_base.egg-info/dependency_links.txt
[10.617s] writing entry points to ../../build/yahboom_base/yahboom_base.egg-info/entry_points.txt
[10.617s] writing requirements to ../../build/yahboom_base/yahboom_base.egg-info/requires.txt
[10.618s] writing top-level names to ../../build/yahboom_base/yahboom_base.egg-info/top_level.txt
[10.618s] writing manifest file '../../build/yahboom_base/yahboom_base.egg-info/SOURCES.txt'
[10.631s] reading manifest file '../../build/yahboom_base/yahboom_base.egg-info/SOURCES.txt'
[10.640s] writing manifest file '../../build/yahboom_base/yahboom_base.egg-info/SOURCES.txt'
[10.645s] running build
[10.645s] running build_py
[10.645s] creating /home/dwduong74/yahboom_src/build/yahboom_base/build
[10.645s] creating /home/dwduong74/yahboom_src/build/yahboom_base/build/lib
[10.645s] creating /home/dwduong74/yahboom_src/build/yahboom_base/build/lib/yahboom_base
[10.645s] copying yahboom_base/base.py -> /home/dwduong74/yahboom_src/build/yahboom_base/build/lib/yahboom_base
[10.645s] copying yahboom_base/publisher_member_function.py -> /home/dwduong74/yahboom_src/build/yahboom_base/build/lib/yahboom_base
[10.646s] copying yahboom_base/ref.py -> /home/dwduong74/yahboom_src/build/yahboom_base/build/lib/yahboom_base
[10.646s] copying yahboom_base/__init__.py -> /home/dwduong74/yahboom_src/build/yahboom_base/build/lib/yahboom_base
[10.646s] copying yahboom_base/control_test.py -> /home/dwduong74/yahboom_src/build/yahboom_base/build/lib/yahboom_base
[10.646s] running install
[10.658s] running install_lib
[10.658s] creating /home/dwduong74/yahboom_src/install/yahboom_base/lib/python3.10/site-packages/yahboom_base
[10.658s] copying /home/dwduong74/yahboom_src/build/yahboom_base/build/lib/yahboom_base/base.py -> /home/dwduong74/yahboom_src/install/yahboom_base/lib/python3.10/site-packages/yahboom_base
[10.658s] copying /home/dwduong74/yahboom_src/build/yahboom_base/build/lib/yahboom_base/publisher_member_function.py -> /home/dwduong74/yahboom_src/install/yahboom_base/lib/python3.10/site-packages/yahboom_base
[10.658s] copying /home/dwduong74/yahboom_src/build/yahboom_base/build/lib/yahboom_base/ref.py -> /home/dwduong74/yahboom_src/install/yahboom_base/lib/python3.10/site-packages/yahboom_base
[10.659s] copying /home/dwduong74/yahboom_src/build/yahboom_base/build/lib/yahboom_base/__init__.py -> /home/dwduong74/yahboom_src/install/yahboom_base/lib/python3.10/site-packages/yahboom_base
[10.659s] copying /home/dwduong74/yahboom_src/build/yahboom_base/build/lib/yahboom_base/control_test.py -> /home/dwduong74/yahboom_src/install/yahboom_base/lib/python3.10/site-packages/yahboom_base
[10.659s] byte-compiling /home/dwduong74/yahboom_src/install/yahboom_base/lib/python3.10/site-packages/yahboom_base/base.py to base.cpython-310.pyc
[10.663s] byte-compiling /home/dwduong74/yahboom_src/install/yahboom_base/lib/python3.10/site-packages/yahboom_base/publisher_member_function.py to publisher_member_function.cpython-310.pyc
[10.664s] byte-compiling /home/dwduong74/yahboom_src/install/yahboom_base/lib/python3.10/site-packages/yahboom_base/ref.py to ref.cpython-310.pyc
[10.690s] byte-compiling /home/dwduong74/yahboom_src/install/yahboom_base/lib/python3.10/site-packages/yahboom_base/__init__.py to __init__.cpython-310.pyc
[10.695s] byte-compiling /home/dwduong74/yahboom_src/install/yahboom_base/lib/python3.10/site-packages/yahboom_base/control_test.py to control_test.cpython-310.pyc
[10.695s] running install_data
[10.695s] creating /home/dwduong74/yahboom_src/install/yahboom_base/share/ament_index
[10.696s] creating /home/dwduong74/yahboom_src/install/yahboom_base/share/ament_index/resource_index
[10.696s] creating /home/dwduong74/yahboom_src/install/yahboom_base/share/ament_index/resource_index/packages
[10.696s] copying resource/yahboom_base -> /home/dwduong74/yahboom_src/install/yahboom_base/share/ament_index/resource_index/packages
[10.696s] copying package.xml -> /home/dwduong74/yahboom_src/install/yahboom_base/share/yahboom_base
[10.696s] copying launch/yahboom_base.launch.py -> /home/dwduong74/yahboom_src/install/yahboom_base/share/yahboom_base
[10.704s] running install_egg_info
[10.707s] Copying ../../build/yahboom_base/yahboom_base.egg-info to /home/dwduong74/yahboom_src/install/yahboom_base/lib/python3.10/site-packages/yahboom_base-0.0.0-py3.10.egg-info
[10.709s] running install_scripts
[10.834s] Installing base script to /home/dwduong74/yahboom_src/install/yahboom_base/lib/yahboom_base
[10.834s] Installing talker script to /home/dwduong74/yahboom_src/install/yahboom_base/lib/yahboom_base
[10.835s] writing list of installed files to '/home/dwduong74/yahboom_src/build/yahboom_base/install.log'
[11.415s] Invoked command in '/home/dwduong74/yahboom_src/src/yahboom_base' returned '0': PYTHONPATH=/home/dwduong74/yahboom_src/build/yahboom_base/prefix_override:/usr/lib/python3/dist-packages/colcon_core/task/python/colcon_distutils_commands:/home/dwduong74/yahboom_src/install/yahboom_base/lib/python3.10/site-packages:${PYTHONPATH} /usr/bin/python3 -W ignore:setup.py install is deprecated -W ignore:easy_install command is deprecated setup.py egg_info --egg-base ../../build/yahboom_base build --build-base /home/dwduong74/yahboom_src/build/yahboom_base/build install --record /home/dwduong74/yahboom_src/build/yahboom_base/install.log --single-version-externally-managed install_data
