[4.531s] Invoking command in '/home/dwduong74/yahboom_src/src/yahboom_dog_joint_state': PYTHONPATH=/home/dwduong74/yahboom_src/build/yahboom_dog_joint_state/prefix_override:/usr/lib/python3/dist-packages/colcon_core/task/python/colcon_distutils_commands:/home/dwduong74/yahboom_src/install/yahboom_dog_joint_state/lib/python3.10/site-packages:${PYTHONPATH} /usr/bin/python3 -W ignore:setup.py install is deprecated -W ignore:easy_install command is deprecated setup.py egg_info --egg-base ../../build/yahboom_dog_joint_state build --build-base /home/dwduong74/yahboom_src/build/yahboom_dog_joint_state/build install --record /home/dwduong74/yahboom_src/build/yahboom_dog_joint_state/install.log --single-version-externally-managed install_data
[5.226s] running egg_info
[5.227s] writing ../../build/yahboom_dog_joint_state/yahboom_dog_joint_state.egg-info/PKG-INFO
[5.227s] writing dependency_links to ../../build/yahboom_dog_joint_state/yahboom_dog_joint_state.egg-info/dependency_links.txt
[5.228s] writing entry points to ../../build/yahboom_dog_joint_state/yahboom_dog_joint_state.egg-info/entry_points.txt
[5.228s] writing requirements to ../../build/yahboom_dog_joint_state/yahboom_dog_joint_state.egg-info/requires.txt
[5.228s] writing top-level names to ../../build/yahboom_dog_joint_state/yahboom_dog_joint_state.egg-info/top_level.txt
[5.232s] reading manifest file '../../build/yahboom_dog_joint_state/yahboom_dog_joint_state.egg-info/SOURCES.txt'
[5.233s] writing manifest file '../../build/yahboom_dog_joint_state/yahboom_dog_joint_state.egg-info/SOURCES.txt'
[5.234s] running build
[5.234s] running build_py
[5.234s] running install
[5.235s] running install_lib
[5.237s] running install_data
[5.237s] running install_egg_info
[5.240s] removing '/home/dwduong74/yahboom_src/install/yahboom_dog_joint_state/lib/python3.10/site-packages/yahboom_dog_joint_state-0.0.0-py3.10.egg-info' (and everything under it)
[5.240s] Copying ../../build/yahboom_dog_joint_state/yahboom_dog_joint_state.egg-info to /home/dwduong74/yahboom_src/install/yahboom_dog_joint_state/lib/python3.10/site-packages/yahboom_dog_joint_state-0.0.0-py3.10.egg-info
[5.241s] running install_scripts
[5.269s] Installing yahboomcar_joint_state script to /home/dwduong74/yahboom_src/install/yahboom_dog_joint_state/lib/yahboom_dog_joint_state
[5.270s] writing list of installed files to '/home/dwduong74/yahboom_src/build/yahboom_dog_joint_state/install.log'
[5.310s] Invoked command in '/home/dwduong74/yahboom_src/src/yahboom_dog_joint_state' returned '0': PYTHONPATH=/home/dwduong74/yahboom_src/build/yahboom_dog_joint_state/prefix_override:/usr/lib/python3/dist-packages/colcon_core/task/python/colcon_distutils_commands:/home/dwduong74/yahboom_src/install/yahboom_dog_joint_state/lib/python3.10/site-packages:${PYTHONPATH} /usr/bin/python3 -W ignore:setup.py install is deprecated -W ignore:easy_install command is deprecated setup.py egg_info --egg-base ../../build/yahboom_dog_joint_state build --build-base /home/dwduong74/yahboom_src/build/yahboom_dog_joint_state/build install --record /home/dwduong74/yahboom_src/build/yahboom_dog_joint_state/install.log --single-version-externally-managed install_data
