[2.166s] Invoking command in '/home/dwduong74/yahboom_src/src/yahboom_set_height': PYTHONPATH=/home/dwduong74/yahboom_src/build/yahboom_set_height/prefix_override:/usr/lib/python3/dist-packages/colcon_core/task/python/colcon_distutils_commands:/home/dwduong74/yahboom_src/install/yahboom_set_height/lib/python3.10/site-packages:${PYTHONPATH} /usr/bin/python3 -W ignore:setup.py install is deprecated -W ignore:easy_install command is deprecated setup.py egg_info --egg-base ../../build/yahboom_set_height build --build-base /home/dwduong74/yahboom_src/build/yahboom_set_height/build install --record /home/dwduong74/yahboom_src/build/yahboom_set_height/install.log --single-version-externally-managed install_data
[2.641s] running egg_info
[2.642s] writing ../../build/yahboom_set_height/yahboom_set_height.egg-info/PKG-INFO
[2.642s] writing dependency_links to ../../build/yahboom_set_height/yahboom_set_height.egg-info/dependency_links.txt
[2.642s] writing entry points to ../../build/yahboom_set_height/yahboom_set_height.egg-info/entry_points.txt
[2.643s] writing requirements to ../../build/yahboom_set_height/yahboom_set_height.egg-info/requires.txt
[2.643s] writing top-level names to ../../build/yahboom_set_height/yahboom_set_height.egg-info/top_level.txt
[2.645s] reading manifest file '../../build/yahboom_set_height/yahboom_set_height.egg-info/SOURCES.txt'
[2.647s] writing manifest file '../../build/yahboom_set_height/yahboom_set_height.egg-info/SOURCES.txt'
[2.647s] running build
[2.647s] running build_py
[2.647s] running install
[2.648s] running install_lib
[2.649s] running install_data
[2.649s] running install_egg_info
[2.652s] removing '/home/dwduong74/yahboom_src/install/yahboom_set_height/lib/python3.10/site-packages/yahboom_set_height-0.0.0-py3.10.egg-info' (and everything under it)
[2.652s] Copying ../../build/yahboom_set_height/yahboom_set_height.egg-info to /home/dwduong74/yahboom_src/install/yahboom_set_height/lib/python3.10/site-packages/yahboom_set_height-0.0.0-py3.10.egg-info
[2.653s] running install_scripts
[2.676s] Installing yahboom_set_height script to /home/dwduong74/yahboom_src/install/yahboom_set_height/lib/yahboom_set_height
[2.677s] writing list of installed files to '/home/dwduong74/yahboom_src/build/yahboom_set_height/install.log'
[2.706s] Invoked command in '/home/dwduong74/yahboom_src/src/yahboom_set_height' returned '0': PYTHONPATH=/home/dwduong74/yahboom_src/build/yahboom_set_height/prefix_override:/usr/lib/python3/dist-packages/colcon_core/task/python/colcon_distutils_commands:/home/dwduong74/yahboom_src/install/yahboom_set_height/lib/python3.10/site-packages:${PYTHONPATH} /usr/bin/python3 -W ignore:setup.py install is deprecated -W ignore:easy_install command is deprecated setup.py egg_info --egg-base ../../build/yahboom_set_height build --build-base /home/dwduong74/yahboom_src/build/yahboom_set_height/build install --record /home/dwduong74/yahboom_src/build/yahboom_set_height/install.log --single-version-externally-managed install_data
