-- Install configuration: ""
-- Up-to-date: /home/dwduong74/yahboom_src/install/velodyne_description/share/velodyne_description/launch
-- Installing: /home/dwduong74/yahboom_src/install/velodyne_description/share/velodyne_description/launch/example.launch
-- Installing: /home/dwduong74/yahboom_src/install/velodyne_description/share/velodyne_description/launch/example.launch.py
-- Up-to-date: /home/dwduong74/yahboom_src/install/velodyne_description/share/velodyne_description/meshes
-- Installing: /home/dwduong74/yahboom_src/install/velodyne_description/share/velodyne_description/meshes/VLP16_scan.stl
-- Installing: /home/dwduong74/yahboom_src/install/velodyne_description/share/velodyne_description/meshes/HDL32E_base.stl
-- Installing: /home/dwduong74/yahboom_src/install/velodyne_description/share/velodyne_description/meshes/HDL32E_scan.dae
-- Installing: /home/dwduong74/yahboom_src/install/velodyne_description/share/velodyne_description/meshes/HDL32E_scan.stl
-- Installing: /home/dwduong74/yahboom_src/install/velodyne_description/share/velodyne_description/meshes/VLP16_base_1.dae
-- Installing: /home/dwduong74/yahboom_src/install/velodyne_description/share/velodyne_description/meshes/VLP16_base_2.dae
-- Installing: /home/dwduong74/yahboom_src/install/velodyne_description/share/velodyne_description/meshes/VLP16_scan.dae
-- Installing: /home/dwduong74/yahboom_src/install/velodyne_description/share/velodyne_description/meshes/HDL32E_base.dae
-- Installing: /home/dwduong74/yahboom_src/install/velodyne_description/share/velodyne_description/meshes/VLP16_base_1.stl
-- Installing: /home/dwduong74/yahboom_src/install/velodyne_description/share/velodyne_description/meshes/VLP16_base_2.stl
-- Up-to-date: /home/dwduong74/yahboom_src/install/velodyne_description/share/velodyne_description/rviz
-- Installing: /home/dwduong74/yahboom_src/install/velodyne_description/share/velodyne_description/rviz/example_ros2.rviz
-- Installing: /home/dwduong74/yahboom_src/install/velodyne_description/share/velodyne_description/rviz/example.rviz
-- Up-to-date: /home/dwduong74/yahboom_src/install/velodyne_description/share/velodyne_description/urdf
-- Installing: /home/dwduong74/yahboom_src/install/velodyne_description/share/velodyne_description/urdf/LiDAR-X.urdf.xacro
-- Installing: /home/dwduong74/yahboom_src/install/velodyne_description/share/velodyne_description/urdf/VLP-16.urdf.xacro
-- Installing: /home/dwduong74/yahboom_src/install/velodyne_description/share/velodyne_description/urdf/HDL-32E.urdf.xacro
-- Installing: /home/dwduong74/yahboom_src/install/velodyne_description/share/velodyne_description/urdf/example.urdf.xacro
-- Installing: /home/dwduong74/yahboom_src/install/velodyne_description/share/velodyne_description/urdf/LiDAR-X-rotating.urdf.xacro
-- Up-to-date: /home/dwduong74/yahboom_src/install/velodyne_description/share/velodyne_description/world
-- Installing: /home/dwduong74/yahboom_src/install/velodyne_description/share/velodyne_description/world/example.sdf
-- Installing: /home/dwduong74/yahboom_src/install/velodyne_description/share/velodyne_description/world/example.world
-- Up-to-date: /home/dwduong74/yahboom_src/install/velodyne_description/share/velodyne_description/config
-- Installing: /home/dwduong74/yahboom_src/install/velodyne_description/share/velodyne_description/config/bridge.yaml
-- Installing: /home/dwduong74/yahboom_src/install/velodyne_description/share/ament_index/resource_index/package_run_dependencies/velodyne_description
-- Installing: /home/dwduong74/yahboom_src/install/velodyne_description/share/ament_index/resource_index/parent_prefix_path/velodyne_description
-- Installing: /home/dwduong74/yahboom_src/install/velodyne_description/share/velodyne_description/environment/ament_prefix_path.sh
-- Installing: /home/dwduong74/yahboom_src/install/velodyne_description/share/velodyne_description/environment/ament_prefix_path.dsv
-- Installing: /home/dwduong74/yahboom_src/install/velodyne_description/share/velodyne_description/environment/path.sh
-- Installing: /home/dwduong74/yahboom_src/install/velodyne_description/share/velodyne_description/environment/path.dsv
-- Installing: /home/dwduong74/yahboom_src/install/velodyne_description/share/velodyne_description/local_setup.bash
-- Installing: /home/dwduong74/yahboom_src/install/velodyne_description/share/velodyne_description/local_setup.sh
-- Installing: /home/dwduong74/yahboom_src/install/velodyne_description/share/velodyne_description/local_setup.zsh
-- Installing: /home/dwduong74/yahboom_src/install/velodyne_description/share/velodyne_description/local_setup.dsv
-- Installing: /home/dwduong74/yahboom_src/install/velodyne_description/share/velodyne_description/package.dsv
-- Installing: /home/dwduong74/yahboom_src/install/velodyne_description/share/ament_index/resource_index/packages/velodyne_description
-- Installing: /home/dwduong74/yahboom_src/install/velodyne_description/share/velodyne_description/cmake/velodyne_descriptionConfig.cmake
-- Installing: /home/dwduong74/yahboom_src/install/velodyne_description/share/velodyne_description/cmake/velodyne_descriptionConfig-version.cmake
-- Installing: /home/dwduong74/yahboom_src/install/velodyne_description/share/velodyne_description/package.xml
