[  1%] Built target champ_msgs__cpp
[ 12%] Built target champ_msgs__rosidl_generator_c
[ 12%] Built target ament_cmake_python_copy_champ_msgs
[ 24%] Built target champ_msgs__rosidl_typesupport_cpp
[ 35%] Built target champ_msgs__rosidl_typesupport_fastrtps_cpp
[ 47%] Built target champ_msgs__rosidl_typesupport_c
[ 58%] Built target champ_msgs__rosidl_typesupport_introspection_cpp
[ 70%] Built target champ_msgs__rosidl_typesupport_introspection_c
[ 82%] Built target champ_msgs__rosidl_typesupport_fastrtps_c
[ 82%] Built target champ_msgs
[ 83%] Built target champ_msgs__py
[ 93%] Built target champ_msgs__rosidl_generator_py
[ 95%] Built target champ_msgs__rosidl_typesupport_c__pyext
[ 97%] Built target champ_msgs__rosidl_typesupport_fastrtps_c__pyext
[100%] Built target champ_msgs__rosidl_typesupport_introspection_c__pyext
running egg_info
writing champ_msgs.egg-info/PKG-INFO
writing dependency_links to champ_msgs.egg-info/dependency_links.txt
writing top-level names to champ_msgs.egg-info/top_level.txt
reading manifest file 'champ_msgs.egg-info/SOURCES.txt'
writing manifest file 'champ_msgs.egg-info/SOURCES.txt'
[100%] Built target ament_cmake_python_build_champ_msgs_egg
-- Install configuration: ""
-- Installing: /home/dwduong74/yahboom_src/install/champ_msgs/share/ament_index/resource_index/rosidl_interfaces/champ_msgs
-- Up-to-date: /home/dwduong74/yahboom_src/install/champ_msgs/include/champ_msgs/champ_msgs
-- Up-to-date: /home/dwduong74/yahboom_src/install/champ_msgs/include/champ_msgs/champ_msgs/msg
-- Installing: /home/dwduong74/yahboom_src/install/champ_msgs/include/champ_msgs/champ_msgs/msg/rosidl_generator_c__visibility_control.h
-- Installing: /home/dwduong74/yahboom_src/install/champ_msgs/include/champ_msgs/champ_msgs/msg/joints.h
-- Installing: /home/dwduong74/yahboom_src/install/champ_msgs/include/champ_msgs/champ_msgs/msg/velocities.h
-- Installing: /home/dwduong74/yahboom_src/install/champ_msgs/include/champ_msgs/champ_msgs/msg/contacts.h
-- Installing: /home/dwduong74/yahboom_src/install/champ_msgs/include/champ_msgs/champ_msgs/msg/pid.h
-- Installing: /home/dwduong74/yahboom_src/install/champ_msgs/include/champ_msgs/champ_msgs/msg/contacts_stamped.h
-- Installing: /home/dwduong74/yahboom_src/install/champ_msgs/include/champ_msgs/champ_msgs/msg/point.h
-- Installing: /home/dwduong74/yahboom_src/install/champ_msgs/include/champ_msgs/champ_msgs/msg/point_array.h
-- Installing: /home/dwduong74/yahboom_src/install/champ_msgs/include/champ_msgs/champ_msgs/msg/pose.h
-- Installing: /home/dwduong74/yahboom_src/install/champ_msgs/include/champ_msgs/champ_msgs/msg/imu.h
-- Up-to-date: /home/dwduong74/yahboom_src/install/champ_msgs/include/champ_msgs/champ_msgs/msg/detail
-- Installing: /home/dwduong74/yahboom_src/install/champ_msgs/include/champ_msgs/champ_msgs/msg/detail/velocities__struct.h
-- Installing: /home/dwduong74/yahboom_src/install/champ_msgs/include/champ_msgs/champ_msgs/msg/detail/point__functions.h
-- Installing: /home/dwduong74/yahboom_src/install/champ_msgs/include/champ_msgs/champ_msgs/msg/detail/point_array__type_support.h
-- Installing: /home/dwduong74/yahboom_src/install/champ_msgs/include/champ_msgs/champ_msgs/msg/detail/pose__functions.h
-- Installing: /home/dwduong74/yahboom_src/install/champ_msgs/include/champ_msgs/champ_msgs/msg/detail/pid__type_support.h
-- Installing: /home/dwduong74/yahboom_src/install/champ_msgs/include/champ_msgs/champ_msgs/msg/detail/imu__struct.h
-- Installing: /home/dwduong74/yahboom_src/install/champ_msgs/include/champ_msgs/champ_msgs/msg/detail/pose__struct.h
-- Installing: /home/dwduong74/yahboom_src/install/champ_msgs/include/champ_msgs/champ_msgs/msg/detail/point__functions.c
-- Installing: /home/dwduong74/yahboom_src/install/champ_msgs/include/champ_msgs/champ_msgs/msg/detail/contacts__functions.c
-- Installing: /home/dwduong74/yahboom_src/install/champ_msgs/include/champ_msgs/champ_msgs/msg/detail/pid__functions.c
-- Installing: /home/dwduong74/yahboom_src/install/champ_msgs/include/champ_msgs/champ_msgs/msg/detail/contacts__struct.h
-- Installing: /home/dwduong74/yahboom_src/install/champ_msgs/include/champ_msgs/champ_msgs/msg/detail/joints__functions.h
-- Installing: /home/dwduong74/yahboom_src/install/champ_msgs/include/champ_msgs/champ_msgs/msg/detail/velocities__functions.c
-- Installing: /home/dwduong74/yahboom_src/install/champ_msgs/include/champ_msgs/champ_msgs/msg/detail/pid__struct.h
-- Installing: /home/dwduong74/yahboom_src/install/champ_msgs/include/champ_msgs/champ_msgs/msg/detail/joints__functions.c
-- Installing: /home/dwduong74/yahboom_src/install/champ_msgs/include/champ_msgs/champ_msgs/msg/detail/point_array__functions.c
-- Installing: /home/dwduong74/yahboom_src/install/champ_msgs/include/champ_msgs/champ_msgs/msg/detail/pose__type_support.h
-- Installing: /home/dwduong74/yahboom_src/install/champ_msgs/include/champ_msgs/champ_msgs/msg/detail/joints__type_support.h
-- Installing: /home/dwduong74/yahboom_src/install/champ_msgs/include/champ_msgs/champ_msgs/msg/detail/imu__functions.c
-- Installing: /home/dwduong74/yahboom_src/install/champ_msgs/include/champ_msgs/champ_msgs/msg/detail/imu__type_support.h
-- Installing: /home/dwduong74/yahboom_src/install/champ_msgs/include/champ_msgs/champ_msgs/msg/detail/imu__functions.h
-- Installing: /home/dwduong74/yahboom_src/install/champ_msgs/include/champ_msgs/champ_msgs/msg/detail/contacts__type_support.h
-- Installing: /home/dwduong74/yahboom_src/install/champ_msgs/include/champ_msgs/champ_msgs/msg/detail/velocities__functions.h
-- Installing: /home/dwduong74/yahboom_src/install/champ_msgs/include/champ_msgs/champ_msgs/msg/detail/point__struct.h
-- Installing: /home/dwduong74/yahboom_src/install/champ_msgs/include/champ_msgs/champ_msgs/msg/detail/pose__functions.c
-- Installing: /home/dwduong74/yahboom_src/install/champ_msgs/include/champ_msgs/champ_msgs/msg/detail/joints__struct.h
-- Installing: /home/dwduong74/yahboom_src/install/champ_msgs/include/champ_msgs/champ_msgs/msg/detail/point_array__struct.h
-- Installing: /home/dwduong74/yahboom_src/install/champ_msgs/include/champ_msgs/champ_msgs/msg/detail/contacts_stamped__functions.c
-- Installing: /home/dwduong74/yahboom_src/install/champ_msgs/include/champ_msgs/champ_msgs/msg/detail/pid__functions.h
-- Installing: /home/dwduong74/yahboom_src/install/champ_msgs/include/champ_msgs/champ_msgs/msg/detail/velocities__type_support.h
-- Installing: /home/dwduong74/yahboom_src/install/champ_msgs/include/champ_msgs/champ_msgs/msg/detail/contacts__functions.h
-- Installing: /home/dwduong74/yahboom_src/install/champ_msgs/include/champ_msgs/champ_msgs/msg/detail/contacts_stamped__type_support.h
-- Installing: /home/dwduong74/yahboom_src/install/champ_msgs/include/champ_msgs/champ_msgs/msg/detail/point_array__functions.h
-- Installing: /home/dwduong74/yahboom_src/install/champ_msgs/include/champ_msgs/champ_msgs/msg/detail/contacts_stamped__functions.h
-- Installing: /home/dwduong74/yahboom_src/install/champ_msgs/include/champ_msgs/champ_msgs/msg/detail/contacts_stamped__struct.h
-- Installing: /home/dwduong74/yahboom_src/install/champ_msgs/include/champ_msgs/champ_msgs/msg/detail/point__type_support.h
-- Installing: /home/dwduong74/yahboom_src/install/champ_msgs/share/champ_msgs/environment/library_path.sh
-- Installing: /home/dwduong74/yahboom_src/install/champ_msgs/share/champ_msgs/environment/library_path.dsv
-- Installing: /home/dwduong74/yahboom_src/install/champ_msgs/lib/libchamp_msgs__rosidl_generator_c.so
-- Set runtime path of "/home/dwduong74/yahboom_src/install/champ_msgs/lib/libchamp_msgs__rosidl_generator_c.so" to ""
-- Up-to-date: /home/dwduong74/yahboom_src/install/champ_msgs/include/champ_msgs/champ_msgs
-- Up-to-date: /home/dwduong74/yahboom_src/install/champ_msgs/include/champ_msgs/champ_msgs/msg
-- Installing: /home/dwduong74/yahboom_src/install/champ_msgs/include/champ_msgs/champ_msgs/msg/rosidl_typesupport_fastrtps_c__visibility_control.h
-- Up-to-date: /home/dwduong74/yahboom_src/install/champ_msgs/include/champ_msgs/champ_msgs/msg/detail
-- Installing: /home/dwduong74/yahboom_src/install/champ_msgs/include/champ_msgs/champ_msgs/msg/detail/contacts_stamped__rosidl_typesupport_fastrtps_c.h
-- Installing: /home/dwduong74/yahboom_src/install/champ_msgs/include/champ_msgs/champ_msgs/msg/detail/point_array__rosidl_typesupport_fastrtps_c.h
-- Installing: /home/dwduong74/yahboom_src/install/champ_msgs/include/champ_msgs/champ_msgs/msg/detail/point__rosidl_typesupport_fastrtps_c.h
-- Installing: /home/dwduong74/yahboom_src/install/champ_msgs/include/champ_msgs/champ_msgs/msg/detail/pose__rosidl_typesupport_fastrtps_c.h
-- Installing: /home/dwduong74/yahboom_src/install/champ_msgs/include/champ_msgs/champ_msgs/msg/detail/joints__rosidl_typesupport_fastrtps_c.h
-- Installing: /home/dwduong74/yahboom_src/install/champ_msgs/include/champ_msgs/champ_msgs/msg/detail/contacts__rosidl_typesupport_fastrtps_c.h
-- Installing: /home/dwduong74/yahboom_src/install/champ_msgs/include/champ_msgs/champ_msgs/msg/detail/imu__rosidl_typesupport_fastrtps_c.h
-- Installing: /home/dwduong74/yahboom_src/install/champ_msgs/include/champ_msgs/champ_msgs/msg/detail/pid__rosidl_typesupport_fastrtps_c.h
-- Installing: /home/dwduong74/yahboom_src/install/champ_msgs/include/champ_msgs/champ_msgs/msg/detail/velocities__rosidl_typesupport_fastrtps_c.h
-- Installing: /home/dwduong74/yahboom_src/install/champ_msgs/lib/libchamp_msgs__rosidl_typesupport_fastrtps_c.so
-- Set runtime path of "/home/dwduong74/yahboom_src/install/champ_msgs/lib/libchamp_msgs__rosidl_typesupport_fastrtps_c.so" to ""
-- Up-to-date: /home/dwduong74/yahboom_src/install/champ_msgs/include/champ_msgs/champ_msgs
-- Up-to-date: /home/dwduong74/yahboom_src/install/champ_msgs/include/champ_msgs/champ_msgs/msg
-- Installing: /home/dwduong74/yahboom_src/install/champ_msgs/include/champ_msgs/champ_msgs/msg/rosidl_typesupport_introspection_c__visibility_control.h
-- Up-to-date: /home/dwduong74/yahboom_src/install/champ_msgs/include/champ_msgs/champ_msgs/msg/detail
-- Installing: /home/dwduong74/yahboom_src/install/champ_msgs/include/champ_msgs/champ_msgs/msg/detail/imu__type_support.c
-- Installing: /home/dwduong74/yahboom_src/install/champ_msgs/include/champ_msgs/champ_msgs/msg/detail/point_array__type_support.c
-- Installing: /home/dwduong74/yahboom_src/install/champ_msgs/include/champ_msgs/champ_msgs/msg/detail/contacts_stamped__type_support.c
-- Installing: /home/dwduong74/yahboom_src/install/champ_msgs/include/champ_msgs/champ_msgs/msg/detail/joints__type_support.c
-- Installing: /home/dwduong74/yahboom_src/install/champ_msgs/include/champ_msgs/champ_msgs/msg/detail/velocities__rosidl_typesupport_introspection_c.h
-- Installing: /home/dwduong74/yahboom_src/install/champ_msgs/include/champ_msgs/champ_msgs/msg/detail/point__rosidl_typesupport_introspection_c.h
-- Installing: /home/dwduong74/yahboom_src/install/champ_msgs/include/champ_msgs/champ_msgs/msg/detail/velocities__type_support.c
-- Installing: /home/dwduong74/yahboom_src/install/champ_msgs/include/champ_msgs/champ_msgs/msg/detail/pid__rosidl_typesupport_introspection_c.h
-- Installing: /home/dwduong74/yahboom_src/install/champ_msgs/include/champ_msgs/champ_msgs/msg/detail/contacts_stamped__rosidl_typesupport_introspection_c.h
-- Installing: /home/dwduong74/yahboom_src/install/champ_msgs/include/champ_msgs/champ_msgs/msg/detail/pose__rosidl_typesupport_introspection_c.h
-- Installing: /home/dwduong74/yahboom_src/install/champ_msgs/include/champ_msgs/champ_msgs/msg/detail/point__type_support.c
-- Installing: /home/dwduong74/yahboom_src/install/champ_msgs/include/champ_msgs/champ_msgs/msg/detail/imu__rosidl_typesupport_introspection_c.h
-- Installing: /home/dwduong74/yahboom_src/install/champ_msgs/include/champ_msgs/champ_msgs/msg/detail/contacts__type_support.c
-- Installing: /home/dwduong74/yahboom_src/install/champ_msgs/include/champ_msgs/champ_msgs/msg/detail/point_array__rosidl_typesupport_introspection_c.h
-- Installing: /home/dwduong74/yahboom_src/install/champ_msgs/include/champ_msgs/champ_msgs/msg/detail/pid__type_support.c
-- Installing: /home/dwduong74/yahboom_src/install/champ_msgs/include/champ_msgs/champ_msgs/msg/detail/pose__type_support.c
-- Installing: /home/dwduong74/yahboom_src/install/champ_msgs/include/champ_msgs/champ_msgs/msg/detail/joints__rosidl_typesupport_introspection_c.h
-- Installing: /home/dwduong74/yahboom_src/install/champ_msgs/include/champ_msgs/champ_msgs/msg/detail/contacts__rosidl_typesupport_introspection_c.h
-- Installing: /home/dwduong74/yahboom_src/install/champ_msgs/lib/libchamp_msgs__rosidl_typesupport_introspection_c.so
-- Set runtime path of "/home/dwduong74/yahboom_src/install/champ_msgs/lib/libchamp_msgs__rosidl_typesupport_introspection_c.so" to ""
-- Installing: /home/dwduong74/yahboom_src/install/champ_msgs/lib/libchamp_msgs__rosidl_typesupport_c.so
-- Set runtime path of "/home/dwduong74/yahboom_src/install/champ_msgs/lib/libchamp_msgs__rosidl_typesupport_c.so" to ""
-- Up-to-date: /home/dwduong74/yahboom_src/install/champ_msgs/include/champ_msgs/champ_msgs
-- Up-to-date: /home/dwduong74/yahboom_src/install/champ_msgs/include/champ_msgs/champ_msgs/msg
-- Installing: /home/dwduong74/yahboom_src/install/champ_msgs/include/champ_msgs/champ_msgs/msg/pid.hpp
-- Installing: /home/dwduong74/yahboom_src/install/champ_msgs/include/champ_msgs/champ_msgs/msg/point.hpp
-- Installing: /home/dwduong74/yahboom_src/install/champ_msgs/include/champ_msgs/champ_msgs/msg/imu.hpp
-- Installing: /home/dwduong74/yahboom_src/install/champ_msgs/include/champ_msgs/champ_msgs/msg/contacts_stamped.hpp
-- Installing: /home/dwduong74/yahboom_src/install/champ_msgs/include/champ_msgs/champ_msgs/msg/point_array.hpp
-- Installing: /home/dwduong74/yahboom_src/install/champ_msgs/include/champ_msgs/champ_msgs/msg/velocities.hpp
-- Installing: /home/dwduong74/yahboom_src/install/champ_msgs/include/champ_msgs/champ_msgs/msg/rosidl_generator_cpp__visibility_control.hpp
-- Installing: /home/dwduong74/yahboom_src/install/champ_msgs/include/champ_msgs/champ_msgs/msg/joints.hpp
-- Installing: /home/dwduong74/yahboom_src/install/champ_msgs/include/champ_msgs/champ_msgs/msg/contacts.hpp
-- Up-to-date: /home/dwduong74/yahboom_src/install/champ_msgs/include/champ_msgs/champ_msgs/msg/detail
-- Installing: /home/dwduong74/yahboom_src/install/champ_msgs/include/champ_msgs/champ_msgs/msg/detail/joints__type_support.hpp
-- Installing: /home/dwduong74/yahboom_src/install/champ_msgs/include/champ_msgs/champ_msgs/msg/detail/pid__type_support.hpp
-- Installing: /home/dwduong74/yahboom_src/install/champ_msgs/include/champ_msgs/champ_msgs/msg/detail/contacts__traits.hpp
-- Installing: /home/dwduong74/yahboom_src/install/champ_msgs/include/champ_msgs/champ_msgs/msg/detail/point_array__struct.hpp
-- Installing: /home/dwduong74/yahboom_src/install/champ_msgs/include/champ_msgs/champ_msgs/msg/detail/point_array__builder.hpp
-- Installing: /home/dwduong74/yahboom_src/install/champ_msgs/include/champ_msgs/champ_msgs/msg/detail/pose__type_support.hpp
-- Installing: /home/dwduong74/yahboom_src/install/champ_msgs/include/champ_msgs/champ_msgs/msg/detail/velocities__type_support.hpp
-- Installing: /home/dwduong74/yahboom_src/install/champ_msgs/include/champ_msgs/champ_msgs/msg/detail/contacts__struct.hpp
-- Installing: /home/dwduong74/yahboom_src/install/champ_msgs/include/champ_msgs/champ_msgs/msg/detail/point__type_support.hpp
-- Installing: /home/dwduong74/yahboom_src/install/champ_msgs/include/champ_msgs/champ_msgs/msg/detail/point_array__type_support.hpp
-- Installing: /home/dwduong74/yahboom_src/install/champ_msgs/include/champ_msgs/champ_msgs/msg/detail/point__struct.hpp
-- Installing: /home/dwduong74/yahboom_src/install/champ_msgs/include/champ_msgs/champ_msgs/msg/detail/contacts__builder.hpp
-- Installing: /home/dwduong74/yahboom_src/install/champ_msgs/include/champ_msgs/champ_msgs/msg/detail/pid__traits.hpp
-- Installing: /home/dwduong74/yahboom_src/install/champ_msgs/include/champ_msgs/champ_msgs/msg/detail/contacts__type_support.hpp
-- Installing: /home/dwduong74/yahboom_src/install/champ_msgs/include/champ_msgs/champ_msgs/msg/detail/point_array__traits.hpp
-- Installing: /home/dwduong74/yahboom_src/install/champ_msgs/include/champ_msgs/champ_msgs/msg/detail/joints__traits.hpp
-- Installing: /home/dwduong74/yahboom_src/install/champ_msgs/include/champ_msgs/champ_msgs/msg/detail/contacts_stamped__struct.hpp
-- Installing: /home/dwduong74/yahboom_src/install/champ_msgs/include/champ_msgs/champ_msgs/msg/detail/point__traits.hpp
-- Installing: /home/dwduong74/yahboom_src/install/champ_msgs/include/champ_msgs/champ_msgs/msg/detail/pid__struct.hpp
-- Installing: /home/dwduong74/yahboom_src/install/champ_msgs/include/champ_msgs/champ_msgs/msg/detail/point__builder.hpp
-- Installing: /home/dwduong74/yahboom_src/install/champ_msgs/include/champ_msgs/champ_msgs/msg/detail/imu__traits.hpp
-- Installing: /home/dwduong74/yahboom_src/install/champ_msgs/include/champ_msgs/champ_msgs/msg/detail/imu__type_support.hpp
-- Installing: /home/dwduong74/yahboom_src/install/champ_msgs/include/champ_msgs/champ_msgs/msg/detail/joints__struct.hpp
-- Installing: /home/dwduong74/yahboom_src/install/champ_msgs/include/champ_msgs/champ_msgs/msg/detail/contacts_stamped__type_support.hpp
-- Installing: /home/dwduong74/yahboom_src/install/champ_msgs/include/champ_msgs/champ_msgs/msg/detail/pose__builder.hpp
-- Installing: /home/dwduong74/yahboom_src/install/champ_msgs/include/champ_msgs/champ_msgs/msg/detail/pose__traits.hpp
-- Installing: /home/dwduong74/yahboom_src/install/champ_msgs/include/champ_msgs/champ_msgs/msg/detail/velocities__traits.hpp
-- Installing: /home/dwduong74/yahboom_src/install/champ_msgs/include/champ_msgs/champ_msgs/msg/detail/pid__builder.hpp
-- Installing: /home/dwduong74/yahboom_src/install/champ_msgs/include/champ_msgs/champ_msgs/msg/detail/imu__struct.hpp
-- Installing: /home/dwduong74/yahboom_src/install/champ_msgs/include/champ_msgs/champ_msgs/msg/detail/velocities__struct.hpp
-- Installing: /home/dwduong74/yahboom_src/install/champ_msgs/include/champ_msgs/champ_msgs/msg/detail/imu__builder.hpp
-- Installing: /home/dwduong74/yahboom_src/install/champ_msgs/include/champ_msgs/champ_msgs/msg/detail/joints__builder.hpp
-- Installing: /home/dwduong74/yahboom_src/install/champ_msgs/include/champ_msgs/champ_msgs/msg/detail/velocities__builder.hpp
-- Installing: /home/dwduong74/yahboom_src/install/champ_msgs/include/champ_msgs/champ_msgs/msg/detail/contacts_stamped__traits.hpp
-- Installing: /home/dwduong74/yahboom_src/install/champ_msgs/include/champ_msgs/champ_msgs/msg/detail/pose__struct.hpp
-- Installing: /home/dwduong74/yahboom_src/install/champ_msgs/include/champ_msgs/champ_msgs/msg/detail/contacts_stamped__builder.hpp
-- Installing: /home/dwduong74/yahboom_src/install/champ_msgs/include/champ_msgs/champ_msgs/msg/pose.hpp
-- Up-to-date: /home/dwduong74/yahboom_src/install/champ_msgs/include/champ_msgs/champ_msgs
-- Up-to-date: /home/dwduong74/yahboom_src/install/champ_msgs/include/champ_msgs/champ_msgs/msg
-- Installing: /home/dwduong74/yahboom_src/install/champ_msgs/include/champ_msgs/champ_msgs/msg/rosidl_typesupport_fastrtps_cpp__visibility_control.h
-- Up-to-date: /home/dwduong74/yahboom_src/install/champ_msgs/include/champ_msgs/champ_msgs/msg/detail
-- Installing: /home/dwduong74/yahboom_src/install/champ_msgs/include/champ_msgs/champ_msgs/msg/detail/imu__rosidl_typesupport_fastrtps_cpp.hpp
-- Installing: /home/dwduong74/yahboom_src/install/champ_msgs/include/champ_msgs/champ_msgs/msg/detail/contacts_stamped__rosidl_typesupport_fastrtps_cpp.hpp
-- Installing: /home/dwduong74/yahboom_src/install/champ_msgs/include/champ_msgs/champ_msgs/msg/detail/point__rosidl_typesupport_fastrtps_cpp.hpp
-- Installing: /home/dwduong74/yahboom_src/install/champ_msgs/include/champ_msgs/champ_msgs/msg/detail/dds_fastrtps
-- Installing: /home/dwduong74/yahboom_src/install/champ_msgs/include/champ_msgs/champ_msgs/msg/detail/pose__rosidl_typesupport_fastrtps_cpp.hpp
-- Installing: /home/dwduong74/yahboom_src/install/champ_msgs/include/champ_msgs/champ_msgs/msg/detail/contacts__rosidl_typesupport_fastrtps_cpp.hpp
-- Installing: /home/dwduong74/yahboom_src/install/champ_msgs/include/champ_msgs/champ_msgs/msg/detail/joints__rosidl_typesupport_fastrtps_cpp.hpp
-- Installing: /home/dwduong74/yahboom_src/install/champ_msgs/include/champ_msgs/champ_msgs/msg/detail/point_array__rosidl_typesupport_fastrtps_cpp.hpp
-- Installing: /home/dwduong74/yahboom_src/install/champ_msgs/include/champ_msgs/champ_msgs/msg/detail/pid__rosidl_typesupport_fastrtps_cpp.hpp
-- Installing: /home/dwduong74/yahboom_src/install/champ_msgs/include/champ_msgs/champ_msgs/msg/detail/velocities__rosidl_typesupport_fastrtps_cpp.hpp
-- Installing: /home/dwduong74/yahboom_src/install/champ_msgs/lib/libchamp_msgs__rosidl_typesupport_fastrtps_cpp.so
-- Set runtime path of "/home/dwduong74/yahboom_src/install/champ_msgs/lib/libchamp_msgs__rosidl_typesupport_fastrtps_cpp.so" to ""
-- Up-to-date: /home/dwduong74/yahboom_src/install/champ_msgs/include/champ_msgs/champ_msgs
-- Up-to-date: /home/dwduong74/yahboom_src/install/champ_msgs/include/champ_msgs/champ_msgs/msg
-- Up-to-date: /home/dwduong74/yahboom_src/install/champ_msgs/include/champ_msgs/champ_msgs/msg/detail
-- Installing: /home/dwduong74/yahboom_src/install/champ_msgs/include/champ_msgs/champ_msgs/msg/detail/point__type_support.cpp
-- Installing: /home/dwduong74/yahboom_src/install/champ_msgs/include/champ_msgs/champ_msgs/msg/detail/imu__rosidl_typesupport_introspection_cpp.hpp
-- Installing: /home/dwduong74/yahboom_src/install/champ_msgs/include/champ_msgs/champ_msgs/msg/detail/imu__type_support.cpp
-- Installing: /home/dwduong74/yahboom_src/install/champ_msgs/include/champ_msgs/champ_msgs/msg/detail/point_array__type_support.cpp
-- Installing: /home/dwduong74/yahboom_src/install/champ_msgs/include/champ_msgs/champ_msgs/msg/detail/pose__rosidl_typesupport_introspection_cpp.hpp
-- Installing: /home/dwduong74/yahboom_src/install/champ_msgs/include/champ_msgs/champ_msgs/msg/detail/point__rosidl_typesupport_introspection_cpp.hpp
-- Installing: /home/dwduong74/yahboom_src/install/champ_msgs/include/champ_msgs/champ_msgs/msg/detail/pid__type_support.cpp
-- Installing: /home/dwduong74/yahboom_src/install/champ_msgs/include/champ_msgs/champ_msgs/msg/detail/contacts__type_support.cpp
-- Installing: /home/dwduong74/yahboom_src/install/champ_msgs/include/champ_msgs/champ_msgs/msg/detail/velocities__type_support.cpp
-- Installing: /home/dwduong74/yahboom_src/install/champ_msgs/include/champ_msgs/champ_msgs/msg/detail/pose__type_support.cpp
-- Installing: /home/dwduong74/yahboom_src/install/champ_msgs/include/champ_msgs/champ_msgs/msg/detail/contacts_stamped__type_support.cpp
-- Installing: /home/dwduong74/yahboom_src/install/champ_msgs/include/champ_msgs/champ_msgs/msg/detail/joints__rosidl_typesupport_introspection_cpp.hpp
-- Installing: /home/dwduong74/yahboom_src/install/champ_msgs/include/champ_msgs/champ_msgs/msg/detail/joints__type_support.cpp
-- Installing: /home/dwduong74/yahboom_src/install/champ_msgs/include/champ_msgs/champ_msgs/msg/detail/pid__rosidl_typesupport_introspection_cpp.hpp
-- Installing: /home/dwduong74/yahboom_src/install/champ_msgs/include/champ_msgs/champ_msgs/msg/detail/point_array__rosidl_typesupport_introspection_cpp.hpp
-- Installing: /home/dwduong74/yahboom_src/install/champ_msgs/include/champ_msgs/champ_msgs/msg/detail/contacts_stamped__rosidl_typesupport_introspection_cpp.hpp
-- Installing: /home/dwduong74/yahboom_src/install/champ_msgs/include/champ_msgs/champ_msgs/msg/detail/velocities__rosidl_typesupport_introspection_cpp.hpp
-- Installing: /home/dwduong74/yahboom_src/install/champ_msgs/include/champ_msgs/champ_msgs/msg/detail/contacts__rosidl_typesupport_introspection_cpp.hpp
-- Installing: /home/dwduong74/yahboom_src/install/champ_msgs/lib/libchamp_msgs__rosidl_typesupport_introspection_cpp.so
-- Set runtime path of "/home/dwduong74/yahboom_src/install/champ_msgs/lib/libchamp_msgs__rosidl_typesupport_introspection_cpp.so" to ""
-- Installing: /home/dwduong74/yahboom_src/install/champ_msgs/lib/libchamp_msgs__rosidl_typesupport_cpp.so
-- Set runtime path of "/home/dwduong74/yahboom_src/install/champ_msgs/lib/libchamp_msgs__rosidl_typesupport_cpp.so" to ""
-- Installing: /home/dwduong74/yahboom_src/install/champ_msgs/share/champ_msgs/environment/pythonpath.sh
-- Installing: /home/dwduong74/yahboom_src/install/champ_msgs/share/champ_msgs/environment/pythonpath.dsv
-- Up-to-date: /home/dwduong74/yahboom_src/install/champ_msgs/local/lib/python3.10/dist-packages/champ_msgs-0.1.0-py3.10.egg-info
-- Installing: /home/dwduong74/yahboom_src/install/champ_msgs/local/lib/python3.10/dist-packages/champ_msgs-0.1.0-py3.10.egg-info/SOURCES.txt
-- Installing: /home/dwduong74/yahboom_src/install/champ_msgs/local/lib/python3.10/dist-packages/champ_msgs-0.1.0-py3.10.egg-info/top_level.txt
-- Installing: /home/dwduong74/yahboom_src/install/champ_msgs/local/lib/python3.10/dist-packages/champ_msgs-0.1.0-py3.10.egg-info/dependency_links.txt
-- Installing: /home/dwduong74/yahboom_src/install/champ_msgs/local/lib/python3.10/dist-packages/champ_msgs-0.1.0-py3.10.egg-info/PKG-INFO
-- Up-to-date: /home/dwduong74/yahboom_src/install/champ_msgs/local/lib/python3.10/dist-packages/champ_msgs
-- Installing: /home/dwduong74/yahboom_src/install/champ_msgs/local/lib/python3.10/dist-packages/champ_msgs/_champ_msgs_s.ep.rosidl_typesupport_c.c
-- Installing: /home/dwduong74/yahboom_src/install/champ_msgs/local/lib/python3.10/dist-packages/champ_msgs/libchamp_msgs__rosidl_generator_py.so
-- Installing: /home/dwduong74/yahboom_src/install/champ_msgs/local/lib/python3.10/dist-packages/champ_msgs/champ_msgs_s__rosidl_typesupport_introspection_c.cpython-310-x86_64-linux-gnu.so
-- Installing: /home/dwduong74/yahboom_src/install/champ_msgs/local/lib/python3.10/dist-packages/champ_msgs/champ_msgs_s__rosidl_typesupport_c.cpython-310-x86_64-linux-gnu.so
-- Installing: /home/dwduong74/yahboom_src/install/champ_msgs/local/lib/python3.10/dist-packages/champ_msgs/_champ_msgs_s.ep.rosidl_typesupport_introspection_c.c
-- Up-to-date: /home/dwduong74/yahboom_src/install/champ_msgs/local/lib/python3.10/dist-packages/champ_msgs/msg
-- Installing: /home/dwduong74/yahboom_src/install/champ_msgs/local/lib/python3.10/dist-packages/champ_msgs/msg/_pid_s.c
-- Installing: /home/dwduong74/yahboom_src/install/champ_msgs/local/lib/python3.10/dist-packages/champ_msgs/msg/_imu.py
-- Installing: /home/dwduong74/yahboom_src/install/champ_msgs/local/lib/python3.10/dist-packages/champ_msgs/msg/_point_array_s.c
-- Installing: /home/dwduong74/yahboom_src/install/champ_msgs/local/lib/python3.10/dist-packages/champ_msgs/msg/_velocities.py
-- Installing: /home/dwduong74/yahboom_src/install/champ_msgs/local/lib/python3.10/dist-packages/champ_msgs/msg/_point.py
-- Installing: /home/dwduong74/yahboom_src/install/champ_msgs/local/lib/python3.10/dist-packages/champ_msgs/msg/_point_s.c
-- Installing: /home/dwduong74/yahboom_src/install/champ_msgs/local/lib/python3.10/dist-packages/champ_msgs/msg/_contacts_stamped_s.c
-- Installing: /home/dwduong74/yahboom_src/install/champ_msgs/local/lib/python3.10/dist-packages/champ_msgs/msg/_contacts.py
-- Installing: /home/dwduong74/yahboom_src/install/champ_msgs/local/lib/python3.10/dist-packages/champ_msgs/msg/_pose_s.c
-- Installing: /home/dwduong74/yahboom_src/install/champ_msgs/local/lib/python3.10/dist-packages/champ_msgs/msg/_imu_s.c
-- Installing: /home/dwduong74/yahboom_src/install/champ_msgs/local/lib/python3.10/dist-packages/champ_msgs/msg/_contacts_s.c
-- Installing: /home/dwduong74/yahboom_src/install/champ_msgs/local/lib/python3.10/dist-packages/champ_msgs/msg/_point_array.py
-- Installing: /home/dwduong74/yahboom_src/install/champ_msgs/local/lib/python3.10/dist-packages/champ_msgs/msg/_contacts_stamped.py
-- Installing: /home/dwduong74/yahboom_src/install/champ_msgs/local/lib/python3.10/dist-packages/champ_msgs/msg/_joints.py
-- Installing: /home/dwduong74/yahboom_src/install/champ_msgs/local/lib/python3.10/dist-packages/champ_msgs/msg/_velocities_s.c
-- Installing: /home/dwduong74/yahboom_src/install/champ_msgs/local/lib/python3.10/dist-packages/champ_msgs/msg/_pid.py
-- Installing: /home/dwduong74/yahboom_src/install/champ_msgs/local/lib/python3.10/dist-packages/champ_msgs/msg/__init__.py
-- Installing: /home/dwduong74/yahboom_src/install/champ_msgs/local/lib/python3.10/dist-packages/champ_msgs/msg/_pose.py
-- Installing: /home/dwduong74/yahboom_src/install/champ_msgs/local/lib/python3.10/dist-packages/champ_msgs/msg/_joints_s.c
-- Installing: /home/dwduong74/yahboom_src/install/champ_msgs/local/lib/python3.10/dist-packages/champ_msgs/_champ_msgs_s.ep.rosidl_typesupport_fastrtps_c.c
-- Installing: /home/dwduong74/yahboom_src/install/champ_msgs/local/lib/python3.10/dist-packages/champ_msgs/champ_msgs_s__rosidl_typesupport_fastrtps_c.cpython-310-x86_64-linux-gnu.so
-- Installing: /home/dwduong74/yahboom_src/install/champ_msgs/local/lib/python3.10/dist-packages/champ_msgs/__init__.py
Listing '/home/dwduong74/yahboom_src/install/champ_msgs/local/lib/python3.10/dist-packages/champ_msgs'...
Listing '/home/dwduong74/yahboom_src/install/champ_msgs/local/lib/python3.10/dist-packages/champ_msgs/msg'...
-- Installing: /home/dwduong74/yahboom_src/install/champ_msgs/local/lib/python3.10/dist-packages/champ_msgs/champ_msgs_s__rosidl_typesupport_fastrtps_c.cpython-310-x86_64-linux-gnu.so
-- Set runtime path of "/home/dwduong74/yahboom_src/install/champ_msgs/local/lib/python3.10/dist-packages/champ_msgs/champ_msgs_s__rosidl_typesupport_fastrtps_c.cpython-310-x86_64-linux-gnu.so" to ""
-- Installing: /home/dwduong74/yahboom_src/install/champ_msgs/local/lib/python3.10/dist-packages/champ_msgs/champ_msgs_s__rosidl_typesupport_introspection_c.cpython-310-x86_64-linux-gnu.so
-- Set runtime path of "/home/dwduong74/yahboom_src/install/champ_msgs/local/lib/python3.10/dist-packages/champ_msgs/champ_msgs_s__rosidl_typesupport_introspection_c.cpython-310-x86_64-linux-gnu.so" to ""
-- Installing: /home/dwduong74/yahboom_src/install/champ_msgs/local/lib/python3.10/dist-packages/champ_msgs/champ_msgs_s__rosidl_typesupport_c.cpython-310-x86_64-linux-gnu.so
-- Set runtime path of "/home/dwduong74/yahboom_src/install/champ_msgs/local/lib/python3.10/dist-packages/champ_msgs/champ_msgs_s__rosidl_typesupport_c.cpython-310-x86_64-linux-gnu.so" to ""
-- Installing: /home/dwduong74/yahboom_src/install/champ_msgs/lib/libchamp_msgs__rosidl_generator_py.so
-- Set runtime path of "/home/dwduong74/yahboom_src/install/champ_msgs/lib/libchamp_msgs__rosidl_generator_py.so" to ""
-- Installing: /home/dwduong74/yahboom_src/install/champ_msgs/share/champ_msgs/msg/Velocities.idl
-- Installing: /home/dwduong74/yahboom_src/install/champ_msgs/share/champ_msgs/msg/PID.idl
-- Installing: /home/dwduong74/yahboom_src/install/champ_msgs/share/champ_msgs/msg/Imu.idl
-- Installing: /home/dwduong74/yahboom_src/install/champ_msgs/share/champ_msgs/msg/Point.idl
-- Installing: /home/dwduong74/yahboom_src/install/champ_msgs/share/champ_msgs/msg/PointArray.idl
-- Installing: /home/dwduong74/yahboom_src/install/champ_msgs/share/champ_msgs/msg/Joints.idl
-- Installing: /home/dwduong74/yahboom_src/install/champ_msgs/share/champ_msgs/msg/Contacts.idl
-- Installing: /home/dwduong74/yahboom_src/install/champ_msgs/share/champ_msgs/msg/ContactsStamped.idl
-- Installing: /home/dwduong74/yahboom_src/install/champ_msgs/share/champ_msgs/msg/Pose.idl
-- Installing: /home/dwduong74/yahboom_src/install/champ_msgs/share/champ_msgs/msg/Velocities.msg
-- Installing: /home/dwduong74/yahboom_src/install/champ_msgs/share/champ_msgs/msg/PID.msg
-- Installing: /home/dwduong74/yahboom_src/install/champ_msgs/share/champ_msgs/msg/Imu.msg
-- Installing: /home/dwduong74/yahboom_src/install/champ_msgs/share/champ_msgs/msg/Point.msg
-- Installing: /home/dwduong74/yahboom_src/install/champ_msgs/share/champ_msgs/msg/PointArray.msg
-- Installing: /home/dwduong74/yahboom_src/install/champ_msgs/share/champ_msgs/msg/Joints.msg
-- Installing: /home/dwduong74/yahboom_src/install/champ_msgs/share/champ_msgs/msg/Contacts.msg
-- Installing: /home/dwduong74/yahboom_src/install/champ_msgs/share/champ_msgs/msg/ContactsStamped.msg
-- Installing: /home/dwduong74/yahboom_src/install/champ_msgs/share/champ_msgs/msg/Pose.msg
-- Installing: /home/dwduong74/yahboom_src/install/champ_msgs/share/ament_index/resource_index/package_run_dependencies/champ_msgs
-- Installing: /home/dwduong74/yahboom_src/install/champ_msgs/share/ament_index/resource_index/parent_prefix_path/champ_msgs
-- Installing: /home/dwduong74/yahboom_src/install/champ_msgs/share/champ_msgs/environment/ament_prefix_path.sh
-- Installing: /home/dwduong74/yahboom_src/install/champ_msgs/share/champ_msgs/environment/ament_prefix_path.dsv
-- Installing: /home/dwduong74/yahboom_src/install/champ_msgs/share/champ_msgs/environment/path.sh
-- Installing: /home/dwduong74/yahboom_src/install/champ_msgs/share/champ_msgs/environment/path.dsv
-- Installing: /home/dwduong74/yahboom_src/install/champ_msgs/share/champ_msgs/local_setup.bash
-- Installing: /home/dwduong74/yahboom_src/install/champ_msgs/share/champ_msgs/local_setup.sh
-- Installing: /home/dwduong74/yahboom_src/install/champ_msgs/share/champ_msgs/local_setup.zsh
-- Installing: /home/dwduong74/yahboom_src/install/champ_msgs/share/champ_msgs/local_setup.dsv
-- Installing: /home/dwduong74/yahboom_src/install/champ_msgs/share/champ_msgs/package.dsv
-- Installing: /home/dwduong74/yahboom_src/install/champ_msgs/share/ament_index/resource_index/packages/champ_msgs
-- Installing: /home/dwduong74/yahboom_src/install/champ_msgs/share/champ_msgs/cmake/export_champ_msgs__rosidl_generator_cExport.cmake
-- Installing: /home/dwduong74/yahboom_src/install/champ_msgs/share/champ_msgs/cmake/export_champ_msgs__rosidl_generator_cExport-noconfig.cmake
-- Installing: /home/dwduong74/yahboom_src/install/champ_msgs/share/champ_msgs/cmake/export_champ_msgs__rosidl_typesupport_fastrtps_cExport.cmake
-- Installing: /home/dwduong74/yahboom_src/install/champ_msgs/share/champ_msgs/cmake/export_champ_msgs__rosidl_typesupport_fastrtps_cExport-noconfig.cmake
-- Installing: /home/dwduong74/yahboom_src/install/champ_msgs/share/champ_msgs/cmake/champ_msgs__rosidl_typesupport_introspection_cExport.cmake
-- Installing: /home/dwduong74/yahboom_src/install/champ_msgs/share/champ_msgs/cmake/champ_msgs__rosidl_typesupport_introspection_cExport-noconfig.cmake
-- Installing: /home/dwduong74/yahboom_src/install/champ_msgs/share/champ_msgs/cmake/champ_msgs__rosidl_typesupport_cExport.cmake
-- Installing: /home/dwduong74/yahboom_src/install/champ_msgs/share/champ_msgs/cmake/champ_msgs__rosidl_typesupport_cExport-noconfig.cmake
-- Installing: /home/dwduong74/yahboom_src/install/champ_msgs/share/champ_msgs/cmake/export_champ_msgs__rosidl_generator_cppExport.cmake
-- Installing: /home/dwduong74/yahboom_src/install/champ_msgs/share/champ_msgs/cmake/export_champ_msgs__rosidl_typesupport_fastrtps_cppExport.cmake
-- Installing: /home/dwduong74/yahboom_src/install/champ_msgs/share/champ_msgs/cmake/export_champ_msgs__rosidl_typesupport_fastrtps_cppExport-noconfig.cmake
-- Installing: /home/dwduong74/yahboom_src/install/champ_msgs/share/champ_msgs/cmake/champ_msgs__rosidl_typesupport_introspection_cppExport.cmake
-- Installing: /home/dwduong74/yahboom_src/install/champ_msgs/share/champ_msgs/cmake/champ_msgs__rosidl_typesupport_introspection_cppExport-noconfig.cmake
-- Installing: /home/dwduong74/yahboom_src/install/champ_msgs/share/champ_msgs/cmake/champ_msgs__rosidl_typesupport_cppExport.cmake
-- Installing: /home/dwduong74/yahboom_src/install/champ_msgs/share/champ_msgs/cmake/champ_msgs__rosidl_typesupport_cppExport-noconfig.cmake
-- Installing: /home/dwduong74/yahboom_src/install/champ_msgs/share/champ_msgs/cmake/export_champ_msgs__rosidl_generator_pyExport.cmake
-- Installing: /home/dwduong74/yahboom_src/install/champ_msgs/share/champ_msgs/cmake/export_champ_msgs__rosidl_generator_pyExport-noconfig.cmake
-- Installing: /home/dwduong74/yahboom_src/install/champ_msgs/share/champ_msgs/cmake/rosidl_cmake-extras.cmake
-- Installing: /home/dwduong74/yahboom_src/install/champ_msgs/share/champ_msgs/cmake/ament_cmake_export_dependencies-extras.cmake
-- Installing: /home/dwduong74/yahboom_src/install/champ_msgs/share/champ_msgs/cmake/ament_cmake_export_include_directories-extras.cmake
-- Installing: /home/dwduong74/yahboom_src/install/champ_msgs/share/champ_msgs/cmake/ament_cmake_export_libraries-extras.cmake
-- Installing: /home/dwduong74/yahboom_src/install/champ_msgs/share/champ_msgs/cmake/ament_cmake_export_targets-extras.cmake
-- Installing: /home/dwduong74/yahboom_src/install/champ_msgs/share/champ_msgs/cmake/rosidl_cmake_export_typesupport_targets-extras.cmake
-- Installing: /home/dwduong74/yahboom_src/install/champ_msgs/share/champ_msgs/cmake/rosidl_cmake_export_typesupport_libraries-extras.cmake
-- Installing: /home/dwduong74/yahboom_src/install/champ_msgs/share/champ_msgs/cmake/champ_msgsConfig.cmake
-- Installing: /home/dwduong74/yahboom_src/install/champ_msgs/share/champ_msgs/cmake/champ_msgsConfig-version.cmake
-- Installing: /home/dwduong74/yahboom_src/install/champ_msgs/share/champ_msgs/package.xml
