[0.017s] Invoking command in '/home/dwduong74/yahboom_src/build/go2_config': CMAKE_PREFIX_PATH=${CMAKE_PREFIX_PATH}:/home/dwduong74/yahboom_src/install/yahboom_set_height:/home/dwduong74/yahboom_src/install/yahboom_mediapipe:/home/dwduong74/yahboom_src/install/yahboom_gait:/home/dwduong74/yahboom_src/install/yahboom_dog_joint_state:/home/dwduong74/yahboom_src/install/yahboom_description:/home/dwduong74/yahboom_src/install/yahboom_bringup:/home/dwduong74/yahboom_src/install/yahboom_base:/home/dwduong74/yahboom_src/install/yahboom_app_save_map:/home/dwduong74/yahboom_src/install/tf_publisher:/home/dwduong74/yahboom_src/install/bringup:/home/dwduong74/LUMI_ws/install/custom_explorer:/opt/ros/humble /usr/bin/cmake --build /home/dwduong74/yahboom_src/build/go2_config -- -j8 -l8
[0.084s] Invoked command in '/home/dwduong74/yahboom_src/build/go2_config' returned '0': CMAKE_PREFIX_PATH=${CMAKE_PREFIX_PATH}:/home/dwduong74/yahboom_src/install/yahboom_set_height:/home/dwduong74/yahboom_src/install/yahboom_mediapipe:/home/dwduong74/yahboom_src/install/yahboom_gait:/home/dwduong74/yahboom_src/install/yahboom_dog_joint_state:/home/dwduong74/yahboom_src/install/yahboom_description:/home/dwduong74/yahboom_src/install/yahboom_bringup:/home/dwduong74/yahboom_src/install/yahboom_base:/home/dwduong74/yahboom_src/install/yahboom_app_save_map:/home/dwduong74/yahboom_src/install/tf_publisher:/home/dwduong74/yahboom_src/install/bringup:/home/dwduong74/LUMI_ws/install/custom_explorer:/opt/ros/humble /usr/bin/cmake --build /home/dwduong74/yahboom_src/build/go2_config -- -j8 -l8
[0.100s] Invoking command in '/home/dwduong74/yahboom_src/build/go2_config': CMAKE_PREFIX_PATH=${CMAKE_PREFIX_PATH}:/home/dwduong74/yahboom_src/install/yahboom_set_height:/home/dwduong74/yahboom_src/install/yahboom_mediapipe:/home/dwduong74/yahboom_src/install/yahboom_gait:/home/dwduong74/yahboom_src/install/yahboom_dog_joint_state:/home/dwduong74/yahboom_src/install/yahboom_description:/home/dwduong74/yahboom_src/install/yahboom_bringup:/home/dwduong74/yahboom_src/install/yahboom_base:/home/dwduong74/yahboom_src/install/yahboom_app_save_map:/home/dwduong74/yahboom_src/install/tf_publisher:/home/dwduong74/yahboom_src/install/bringup:/home/dwduong74/LUMI_ws/install/custom_explorer:/opt/ros/humble /usr/bin/cmake --install /home/dwduong74/yahboom_src/build/go2_config
[0.108s] -- Install configuration: ""
[0.109s] -- Up-to-date: /home/dwduong74/yahboom_src/install/go2_config/share/go2_config/launch
[0.109s] -- Up-to-date: /home/dwduong74/yahboom_src/install/go2_config/share/go2_config/launch/gazebo.launch.py
[0.110s] -- Up-to-date: /home/dwduong74/yahboom_src/install/go2_config/share/go2_config/launch/gazebo_velodyne.launch.py
[0.110s] -- Up-to-date: /home/dwduong74/yahboom_src/install/go2_config/share/go2_config/launch/bringup.launch.py
[0.110s] -- Up-to-date: /home/dwduong74/yahboom_src/install/go2_config/share/go2_config/launch/navigate.launch.py
[0.110s] -- Up-to-date: /home/dwduong74/yahboom_src/install/go2_config/share/go2_config/launch/slam.launch.py
[0.111s] -- Up-to-date: /home/dwduong74/yahboom_src/install/go2_config/share/go2_config/config
[0.111s] -- Up-to-date: /home/dwduong74/yahboom_src/install/go2_config/share/go2_config/config/gait
[0.111s] -- Installing: /home/dwduong74/yahboom_src/install/go2_config/share/go2_config/config/gait/gait.yaml
[0.111s] -- Up-to-date: /home/dwduong74/yahboom_src/install/go2_config/share/go2_config/config/joints
[0.111s] -- Up-to-date: /home/dwduong74/yahboom_src/install/go2_config/share/go2_config/config/joints/joints.yaml
[0.112s] -- Up-to-date: /home/dwduong74/yahboom_src/install/go2_config/share/go2_config/config/links
[0.112s] -- Up-to-date: /home/dwduong74/yahboom_src/install/go2_config/share/go2_config/config/links/links.yaml
[0.112s] -- Up-to-date: /home/dwduong74/yahboom_src/install/go2_config/share/go2_config/config/autonomy
[0.112s] -- Up-to-date: /home/dwduong74/yahboom_src/install/go2_config/share/go2_config/config/autonomy/navigation.yaml
[0.112s] -- Up-to-date: /home/dwduong74/yahboom_src/install/go2_config/share/go2_config/config/autonomy/slam.yaml
[0.112s] -- Up-to-date: /home/dwduong74/yahboom_src/install/go2_config/share/go2_config/config/ros_control
[0.112s] -- Up-to-date: /home/dwduong74/yahboom_src/install/go2_config/share/go2_config/config/ros_control/ros_control.yaml
[0.113s] -- Up-to-date: /home/dwduong74/yahboom_src/install/go2_config/share/go2_config/maps
[0.113s] -- Up-to-date: /home/dwduong74/yahboom_src/install/go2_config/share/go2_config/maps/map.pgm
[0.113s] -- Up-to-date: /home/dwduong74/yahboom_src/install/go2_config/share/go2_config/maps/playground.pgm
[0.113s] -- Up-to-date: /home/dwduong74/yahboom_src/install/go2_config/share/go2_config/maps/map.yaml
[0.114s] -- Up-to-date: /home/dwduong74/yahboom_src/install/go2_config/share/go2_config/maps/playground.yaml
[0.114s] -- Up-to-date: /home/dwduong74/yahboom_src/install/go2_config/share/go2_config/worlds
[0.115s] -- Up-to-date: /home/dwduong74/yahboom_src/install/go2_config/share/go2_config/worlds/default.sdf
[0.115s] -- Up-to-date: /home/dwduong74/yahboom_src/install/go2_config/share/go2_config/worlds/default.world
[0.115s] -- Up-to-date: /home/dwduong74/yahboom_src/install/go2_config/share/go2_config/worlds/playground.world
[0.116s] -- Up-to-date: /home/dwduong74/yahboom_src/install/go2_config/share/go2_config/worlds/outdoor.world
[0.116s] -- Up-to-date: /home/dwduong74/yahboom_src/install/go2_config/share/ament_index/resource_index/package_run_dependencies/go2_config
[0.116s] -- Up-to-date: /home/dwduong74/yahboom_src/install/go2_config/share/ament_index/resource_index/parent_prefix_path/go2_config
[0.116s] -- Up-to-date: /home/dwduong74/yahboom_src/install/go2_config/share/go2_config/environment/ament_prefix_path.sh
[0.117s] -- Up-to-date: /home/dwduong74/yahboom_src/install/go2_config/share/go2_config/environment/ament_prefix_path.dsv
[0.117s] -- Up-to-date: /home/dwduong74/yahboom_src/install/go2_config/share/go2_config/environment/path.sh
[0.117s] -- Up-to-date: /home/dwduong74/yahboom_src/install/go2_config/share/go2_config/environment/path.dsv
[0.117s] -- Up-to-date: /home/dwduong74/yahboom_src/install/go2_config/share/go2_config/local_setup.bash
[0.117s] -- Up-to-date: /home/dwduong74/yahboom_src/install/go2_config/share/go2_config/local_setup.sh
[0.118s] -- Up-to-date: /home/dwduong74/yahboom_src/install/go2_config/share/go2_config/local_setup.zsh
[0.118s] -- Up-to-date: /home/dwduong74/yahboom_src/install/go2_config/share/go2_config/local_setup.dsv
[0.118s] -- Installing: /home/dwduong74/yahboom_src/install/go2_config/share/go2_config/package.dsv
[0.118s] -- Up-to-date: /home/dwduong74/yahboom_src/install/go2_config/share/ament_index/resource_index/packages/go2_config
[0.119s] -- Up-to-date: /home/dwduong74/yahboom_src/install/go2_config/share/go2_config/cmake/go2_configConfig.cmake
[0.119s] -- Up-to-date: /home/dwduong74/yahboom_src/install/go2_config/share/go2_config/cmake/go2_configConfig-version.cmake
[0.120s] -- Up-to-date: /home/dwduong74/yahboom_src/install/go2_config/share/go2_config/package.xml
[0.120s] Invoked command in '/home/dwduong74/yahboom_src/build/go2_config' returned '0': CMAKE_PREFIX_PATH=${CMAKE_PREFIX_PATH}:/home/dwduong74/yahboom_src/install/yahboom_set_height:/home/dwduong74/yahboom_src/install/yahboom_mediapipe:/home/dwduong74/yahboom_src/install/yahboom_gait:/home/dwduong74/yahboom_src/install/yahboom_dog_joint_state:/home/dwduong74/yahboom_src/install/yahboom_description:/home/dwduong74/yahboom_src/install/yahboom_bringup:/home/dwduong74/yahboom_src/install/yahboom_base:/home/dwduong74/yahboom_src/install/yahboom_app_save_map:/home/dwduong74/yahboom_src/install/tf_publisher:/home/dwduong74/yahboom_src/install/bringup:/home/dwduong74/LUMI_ws/install/custom_explorer:/opt/ros/humble /usr/bin/cmake --install /home/dwduong74/yahboom_src/build/go2_config
