[4.359s] Invoking command in '/home/dwduong74/yahboom_src/src/yahboom_description': PYTHONPATH=/home/dwduong74/yahboom_src/build/yahboom_description/prefix_override:/usr/lib/python3/dist-packages/colcon_core/task/python/colcon_distutils_commands:/home/dwduong74/yahboom_src/install/yahboom_description/lib/python3.10/site-packages:${PYTHONPATH} /usr/bin/python3 -W ignore:setup.py install is deprecated -W ignore:easy_install command is deprecated setup.py egg_info --egg-base ../../build/yahboom_description build --build-base /home/dwduong74/yahboom_src/build/yahboom_description/build install --record /home/dwduong74/yahboom_src/build/yahboom_description/install.log --single-version-externally-managed install_data
[5.196s] running egg_info
[5.196s] writing ../../build/yahboom_description/yahboom_description.egg-info/PKG-INFO
[5.197s] writing dependency_links to ../../build/yahboom_description/yahboom_description.egg-info/dependency_links.txt
[5.197s] writing entry points to ../../build/yahboom_description/yahboom_description.egg-info/entry_points.txt
[5.197s] writing requirements to ../../build/yahboom_description/yahboom_description.egg-info/requires.txt
[5.197s] writing top-level names to ../../build/yahboom_description/yahboom_description.egg-info/top_level.txt
[5.200s] reading manifest file '../../build/yahboom_description/yahboom_description.egg-info/SOURCES.txt'
[5.201s] writing manifest file '../../build/yahboom_description/yahboom_description.egg-info/SOURCES.txt'
[5.201s] running build
[5.202s] running build_py
[5.202s] running install
[5.202s] running install_lib
[5.204s] running install_data
[5.204s] running install_egg_info
[5.207s] removing '/home/dwduong74/yahboom_src/install/yahboom_description/lib/python3.10/site-packages/yahboom_description-0.0.0-py3.10.egg-info' (and everything under it)
[5.207s] Copying ../../build/yahboom_description/yahboom_description.egg-info to /home/dwduong74/yahboom_src/install/yahboom_description/lib/python3.10/site-packages/yahboom_description-0.0.0-py3.10.egg-info
[5.208s] running install_scripts
[5.233s] writing list of installed files to '/home/dwduong74/yahboom_src/build/yahboom_description/install.log'
[5.272s] Invoked command in '/home/dwduong74/yahboom_src/src/yahboom_description' returned '0': PYTHONPATH=/home/dwduong74/yahboom_src/build/yahboom_description/prefix_override:/usr/lib/python3/dist-packages/colcon_core/task/python/colcon_distutils_commands:/home/dwduong74/yahboom_src/install/yahboom_description/lib/python3.10/site-packages:${PYTHONPATH} /usr/bin/python3 -W ignore:setup.py install is deprecated -W ignore:easy_install command is deprecated setup.py egg_info --egg-base ../../build/yahboom_description build --build-base /home/dwduong74/yahboom_src/build/yahboom_description/build install --record /home/dwduong74/yahboom_src/build/yahboom_description/install.log --single-version-externally-managed install_data
