[2.468s] Invoking command in '/home/dwduong74/yahboom_src/src/yahboom_set_height': PYTHONPATH=/home/dwduong74/yahboom_src/build/yahboom_set_height/prefix_override:/usr/lib/python3/dist-packages/colcon_core/task/python/colcon_distutils_commands:/home/dwduong74/yahboom_src/install/yahboom_set_height/lib/python3.10/site-packages:${PYTHONPATH} /usr/bin/python3 -W ignore:setup.py install is deprecated -W ignore:easy_install command is deprecated setup.py egg_info --egg-base ../../build/yahboom_set_height build --build-base /home/dwduong74/yahboom_src/build/yahboom_set_height/build install --record /home/dwduong74/yahboom_src/build/yahboom_set_height/install.log --single-version-externally-managed install_data
[3.035s] running egg_info
[3.036s] writing ../../build/yahboom_set_height/yahboom_set_height.egg-info/PKG-INFO
[3.036s] writing dependency_links to ../../build/yahboom_set_height/yahboom_set_height.egg-info/dependency_links.txt
[3.036s] writing entry points to ../../build/yahboom_set_height/yahboom_set_height.egg-info/entry_points.txt
[3.036s] writing requirements to ../../build/yahboom_set_height/yahboom_set_height.egg-info/requires.txt
[3.037s] writing top-level names to ../../build/yahboom_set_height/yahboom_set_height.egg-info/top_level.txt
[3.041s] reading manifest file '../../build/yahboom_set_height/yahboom_set_height.egg-info/SOURCES.txt'
[3.042s] writing manifest file '../../build/yahboom_set_height/yahboom_set_height.egg-info/SOURCES.txt'
[3.043s] running build
[3.043s] running build_py
[3.043s] running install
[3.044s] running install_lib
[3.045s] running install_data
[3.046s] running install_egg_info
[3.048s] removing '/home/dwduong74/yahboom_src/install/yahboom_set_height/lib/python3.10/site-packages/yahboom_set_height-0.0.0-py3.10.egg-info' (and everything under it)
[3.048s] Copying ../../build/yahboom_set_height/yahboom_set_height.egg-info to /home/dwduong74/yahboom_src/install/yahboom_set_height/lib/python3.10/site-packages/yahboom_set_height-0.0.0-py3.10.egg-info
[3.049s] running install_scripts
[3.076s] Installing yahboom_set_height script to /home/dwduong74/yahboom_src/install/yahboom_set_height/lib/yahboom_set_height
[3.076s] writing list of installed files to '/home/dwduong74/yahboom_src/build/yahboom_set_height/install.log'
[3.113s] Invoked command in '/home/dwduong74/yahboom_src/src/yahboom_set_height' returned '0': PYTHONPATH=/home/dwduong74/yahboom_src/build/yahboom_set_height/prefix_override:/usr/lib/python3/dist-packages/colcon_core/task/python/colcon_distutils_commands:/home/dwduong74/yahboom_src/install/yahboom_set_height/lib/python3.10/site-packages:${PYTHONPATH} /usr/bin/python3 -W ignore:setup.py install is deprecated -W ignore:easy_install command is deprecated setup.py egg_info --egg-base ../../build/yahboom_set_height build --build-base /home/dwduong74/yahboom_src/build/yahboom_set_height/build install --record /home/dwduong74/yahboom_src/build/yahboom_set_height/install.log --single-version-externally-managed install_data
