[0.075s] Invoking command in '/home/dwduong74/yahboom_src/build/champ_msgs': CMAKE_PREFIX_PATH=${CMAKE_PREFIX_PATH}:/home/dwduong74/yahboom_src/install/yahboom_set_height:/home/dwduong74/yahboom_src/install/yahboom_mediapipe:/home/dwduong74/yahboom_src/install/yahboom_gait:/home/dwduong74/yahboom_src/install/yahboom_dog_joint_state:/home/dwduong74/yahboom_src/install/yahboom_description:/home/dwduong74/yahboom_src/install/yahboom_bringup:/home/dwduong74/yahboom_src/install/yahboom_base:/home/dwduong74/yahboom_src/install/yahboom_app_save_map:/home/dwduong74/yahboom_src/install/tf_publisher:/home/dwduong74/yahboom_src/install/bringup:/home/dwduong74/LUMI_ws/install/custom_explorer:/opt/ros/humble /usr/bin/cmake --build /home/dwduong74/yahboom_src/build/champ_msgs -- -j8 -l8
[0.701s] [  1%] Built target champ_msgs__cpp
[0.702s] [ 12%] Built target champ_msgs__rosidl_generator_c
[0.702s] [ 12%] Built target ament_cmake_python_copy_champ_msgs
[0.702s] [ 24%] Built target champ_msgs__rosidl_typesupport_fastrtps_cpp
[0.702s] [ 35%] Built target champ_msgs__rosidl_typesupport_cpp
[0.703s] [ 47%] Built target champ_msgs__rosidl_typesupport_fastrtps_c
[0.703s] [ 58%] Built target champ_msgs__rosidl_typesupport_c
[0.703s] [ 70%] Built target champ_msgs__rosidl_typesupport_introspection_c
[0.704s] [ 82%] Built target champ_msgs__rosidl_typesupport_introspection_cpp
[0.705s] [ 82%] Built target champ_msgs
[0.706s] [ 83%] Built target champ_msgs__py
[0.706s] [ 93%] Built target champ_msgs__rosidl_generator_py
[0.706s] [100%] Built target champ_msgs__rosidl_typesupport_fastrtps_c__pyext
[0.706s] [100%] Built target champ_msgs__rosidl_typesupport_introspection_c__pyext
[0.707s] [100%] Built target champ_msgs__rosidl_typesupport_c__pyext
[0.743s] running egg_info
[0.748s] writing champ_msgs.egg-info/PKG-INFO
[0.749s] writing dependency_links to champ_msgs.egg-info/dependency_links.txt
[0.753s] writing top-level names to champ_msgs.egg-info/top_level.txt
[0.761s] reading manifest file 'champ_msgs.egg-info/SOURCES.txt'
[0.761s] writing manifest file 'champ_msgs.egg-info/SOURCES.txt'
[0.812s] [100%] Built target ament_cmake_python_build_champ_msgs_egg
[0.922s] Invoked command in '/home/dwduong74/yahboom_src/build/champ_msgs' returned '0': CMAKE_PREFIX_PATH=${CMAKE_PREFIX_PATH}:/home/dwduong74/yahboom_src/install/yahboom_set_height:/home/dwduong74/yahboom_src/install/yahboom_mediapipe:/home/dwduong74/yahboom_src/install/yahboom_gait:/home/dwduong74/yahboom_src/install/yahboom_dog_joint_state:/home/dwduong74/yahboom_src/install/yahboom_description:/home/dwduong74/yahboom_src/install/yahboom_bringup:/home/dwduong74/yahboom_src/install/yahboom_base:/home/dwduong74/yahboom_src/install/yahboom_app_save_map:/home/dwduong74/yahboom_src/install/tf_publisher:/home/dwduong74/yahboom_src/install/bringup:/home/dwduong74/LUMI_ws/install/custom_explorer:/opt/ros/humble /usr/bin/cmake --build /home/dwduong74/yahboom_src/build/champ_msgs -- -j8 -l8
[0.933s] Invoking command in '/home/dwduong74/yahboom_src/build/champ_msgs': CMAKE_PREFIX_PATH=${CMAKE_PREFIX_PATH}:/home/dwduong74/yahboom_src/install/yahboom_set_height:/home/dwduong74/yahboom_src/install/yahboom_mediapipe:/home/dwduong74/yahboom_src/install/yahboom_gait:/home/dwduong74/yahboom_src/install/yahboom_dog_joint_state:/home/dwduong74/yahboom_src/install/yahboom_description:/home/dwduong74/yahboom_src/install/yahboom_bringup:/home/dwduong74/yahboom_src/install/yahboom_base:/home/dwduong74/yahboom_src/install/yahboom_app_save_map:/home/dwduong74/yahboom_src/install/tf_publisher:/home/dwduong74/yahboom_src/install/bringup:/home/dwduong74/LUMI_ws/install/custom_explorer:/opt/ros/humble /usr/bin/cmake --install /home/dwduong74/yahboom_src/build/champ_msgs
[0.941s] -- Install configuration: ""
[0.942s] -- Up-to-date: /home/dwduong74/yahboom_src/install/champ_msgs/share/ament_index/resource_index/rosidl_interfaces/champ_msgs
[0.942s] -- Up-to-date: /home/dwduong74/yahboom_src/install/champ_msgs/include/champ_msgs/champ_msgs
[0.942s] -- Up-to-date: /home/dwduong74/yahboom_src/install/champ_msgs/include/champ_msgs/champ_msgs/msg
[0.943s] -- Up-to-date: /home/dwduong74/yahboom_src/install/champ_msgs/include/champ_msgs/champ_msgs/msg/rosidl_generator_c__visibility_control.h
[0.943s] -- Up-to-date: /home/dwduong74/yahboom_src/install/champ_msgs/include/champ_msgs/champ_msgs/msg/joints.h
[0.944s] -- Up-to-date: /home/dwduong74/yahboom_src/install/champ_msgs/include/champ_msgs/champ_msgs/msg/velocities.h
[0.944s] -- Up-to-date: /home/dwduong74/yahboom_src/install/champ_msgs/include/champ_msgs/champ_msgs/msg/contacts.h
[0.944s] -- Up-to-date: /home/dwduong74/yahboom_src/install/champ_msgs/include/champ_msgs/champ_msgs/msg/pid.h
[0.944s] -- Up-to-date: /home/dwduong74/yahboom_src/install/champ_msgs/include/champ_msgs/champ_msgs/msg/contacts_stamped.h
[0.944s] -- Up-to-date: /home/dwduong74/yahboom_src/install/champ_msgs/include/champ_msgs/champ_msgs/msg/point.h
[0.944s] -- Up-to-date: /home/dwduong74/yahboom_src/install/champ_msgs/include/champ_msgs/champ_msgs/msg/point_array.h
[0.945s] -- Up-to-date: /home/dwduong74/yahboom_src/install/champ_msgs/include/champ_msgs/champ_msgs/msg/pose.h
[0.945s] -- Up-to-date: /home/dwduong74/yahboom_src/install/champ_msgs/include/champ_msgs/champ_msgs/msg/imu.h
[0.945s] -- Up-to-date: /home/dwduong74/yahboom_src/install/champ_msgs/include/champ_msgs/champ_msgs/msg/detail
[0.945s] -- Up-to-date: /home/dwduong74/yahboom_src/install/champ_msgs/include/champ_msgs/champ_msgs/msg/detail/velocities__struct.h
[0.945s] -- Up-to-date: /home/dwduong74/yahboom_src/install/champ_msgs/include/champ_msgs/champ_msgs/msg/detail/point__functions.h
[0.945s] -- Up-to-date: /home/dwduong74/yahboom_src/install/champ_msgs/include/champ_msgs/champ_msgs/msg/detail/point_array__type_support.h
[0.946s] -- Up-to-date: /home/dwduong74/yahboom_src/install/champ_msgs/include/champ_msgs/champ_msgs/msg/detail/pose__functions.h
[0.946s] -- Up-to-date: /home/dwduong74/yahboom_src/install/champ_msgs/include/champ_msgs/champ_msgs/msg/detail/pid__type_support.h
[0.946s] -- Up-to-date: /home/dwduong74/yahboom_src/install/champ_msgs/include/champ_msgs/champ_msgs/msg/detail/imu__struct.h
[0.946s] -- Up-to-date: /home/dwduong74/yahboom_src/install/champ_msgs/include/champ_msgs/champ_msgs/msg/detail/pose__struct.h
[0.947s] -- Up-to-date: /home/dwduong74/yahboom_src/install/champ_msgs/include/champ_msgs/champ_msgs/msg/detail/point__functions.c
[0.947s] -- Up-to-date: /home/dwduong74/yahboom_src/install/champ_msgs/include/champ_msgs/champ_msgs/msg/detail/contacts__functions.c
[0.947s] -- Up-to-date: /home/dwduong74/yahboom_src/install/champ_msgs/include/champ_msgs/champ_msgs/msg/detail/pid__functions.c
[0.947s] -- Up-to-date: /home/dwduong74/yahboom_src/install/champ_msgs/include/champ_msgs/champ_msgs/msg/detail/contacts__struct.h
[0.947s] -- Up-to-date: /home/dwduong74/yahboom_src/install/champ_msgs/include/champ_msgs/champ_msgs/msg/detail/joints__functions.h
[0.948s] -- Up-to-date: /home/dwduong74/yahboom_src/install/champ_msgs/include/champ_msgs/champ_msgs/msg/detail/velocities__functions.c
[0.948s] -- Up-to-date: /home/dwduong74/yahboom_src/install/champ_msgs/include/champ_msgs/champ_msgs/msg/detail/pid__struct.h
[0.948s] -- Up-to-date: /home/dwduong74/yahboom_src/install/champ_msgs/include/champ_msgs/champ_msgs/msg/detail/joints__functions.c
[0.948s] -- Up-to-date: /home/dwduong74/yahboom_src/install/champ_msgs/include/champ_msgs/champ_msgs/msg/detail/point_array__functions.c
[0.948s] -- Up-to-date: /home/dwduong74/yahboom_src/install/champ_msgs/include/champ_msgs/champ_msgs/msg/detail/pose__type_support.h
[0.949s] -- Up-to-date: /home/dwduong74/yahboom_src/install/champ_msgs/include/champ_msgs/champ_msgs/msg/detail/joints__type_support.h
[0.951s] -- Up-to-date: /home/dwduong74/yahboom_src/install/champ_msgs/include/champ_msgs/champ_msgs/msg/detail/imu__functions.c
[0.951s] -- Up-to-date: /home/dwduong74/yahboom_src/install/champ_msgs/include/champ_msgs/champ_msgs/msg/detail/imu__type_support.h
[0.952s] -- Up-to-date: /home/dwduong74/yahboom_src/install/champ_msgs/include/champ_msgs/champ_msgs/msg/detail/imu__functions.h
[0.952s] -- Up-to-date: /home/dwduong74/yahboom_src/install/champ_msgs/include/champ_msgs/champ_msgs/msg/detail/contacts__type_support.h
[0.952s] -- Up-to-date: /home/dwduong74/yahboom_src/install/champ_msgs/include/champ_msgs/champ_msgs/msg/detail/velocities__functions.h
[0.953s] -- Up-to-date: /home/dwduong74/yahboom_src/install/champ_msgs/include/champ_msgs/champ_msgs/msg/detail/point__struct.h
[0.953s] -- Up-to-date: /home/dwduong74/yahboom_src/install/champ_msgs/include/champ_msgs/champ_msgs/msg/detail/pose__functions.c
[0.953s] -- Up-to-date: /home/dwduong74/yahboom_src/install/champ_msgs/include/champ_msgs/champ_msgs/msg/detail/joints__struct.h
[0.953s] -- Up-to-date: /home/dwduong74/yahboom_src/install/champ_msgs/include/champ_msgs/champ_msgs/msg/detail/point_array__struct.h
[0.954s] -- Up-to-date: /home/dwduong74/yahboom_src/install/champ_msgs/include/champ_msgs/champ_msgs/msg/detail/contacts_stamped__functions.c
[0.954s] -- Up-to-date: /home/dwduong74/yahboom_src/install/champ_msgs/include/champ_msgs/champ_msgs/msg/detail/pid__functions.h
[0.955s] -- Up-to-date: /home/dwduong74/yahboom_src/install/champ_msgs/include/champ_msgs/champ_msgs/msg/detail/velocities__type_support.h
[0.955s] -- Up-to-date: /home/dwduong74/yahboom_src/install/champ_msgs/include/champ_msgs/champ_msgs/msg/detail/contacts__functions.h
[0.955s] -- Up-to-date: /home/dwduong74/yahboom_src/install/champ_msgs/include/champ_msgs/champ_msgs/msg/detail/contacts_stamped__type_support.h
[0.956s] -- Up-to-date: /home/dwduong74/yahboom_src/install/champ_msgs/include/champ_msgs/champ_msgs/msg/detail/point_array__functions.h
[0.956s] -- Up-to-date: /home/dwduong74/yahboom_src/install/champ_msgs/include/champ_msgs/champ_msgs/msg/detail/contacts_stamped__functions.h
[0.956s] -- Up-to-date: /home/dwduong74/yahboom_src/install/champ_msgs/include/champ_msgs/champ_msgs/msg/detail/contacts_stamped__struct.h
[0.956s] -- Up-to-date: /home/dwduong74/yahboom_src/install/champ_msgs/include/champ_msgs/champ_msgs/msg/detail/point__type_support.h
[0.957s] -- Up-to-date: /home/dwduong74/yahboom_src/install/champ_msgs/share/champ_msgs/environment/library_path.sh
[0.957s] -- Up-to-date: /home/dwduong74/yahboom_src/install/champ_msgs/share/champ_msgs/environment/library_path.dsv
[0.957s] -- Up-to-date: /home/dwduong74/yahboom_src/install/champ_msgs/lib/libchamp_msgs__rosidl_generator_c.so
[0.957s] -- Up-to-date: /home/dwduong74/yahboom_src/install/champ_msgs/include/champ_msgs/champ_msgs
[0.957s] -- Up-to-date: /home/dwduong74/yahboom_src/install/champ_msgs/include/champ_msgs/champ_msgs/msg
[0.957s] -- Up-to-date: /home/dwduong74/yahboom_src/install/champ_msgs/include/champ_msgs/champ_msgs/msg/rosidl_typesupport_fastrtps_c__visibility_control.h
[0.957s] -- Up-to-date: /home/dwduong74/yahboom_src/install/champ_msgs/include/champ_msgs/champ_msgs/msg/detail
[0.958s] -- Up-to-date: /home/dwduong74/yahboom_src/install/champ_msgs/include/champ_msgs/champ_msgs/msg/detail/contacts_stamped__rosidl_typesupport_fastrtps_c.h
[0.958s] -- Up-to-date: /home/dwduong74/yahboom_src/install/champ_msgs/include/champ_msgs/champ_msgs/msg/detail/point_array__rosidl_typesupport_fastrtps_c.h
[0.958s] -- Up-to-date: /home/dwduong74/yahboom_src/install/champ_msgs/include/champ_msgs/champ_msgs/msg/detail/point__rosidl_typesupport_fastrtps_c.h
[0.958s] -- Up-to-date: /home/dwduong74/yahboom_src/install/champ_msgs/include/champ_msgs/champ_msgs/msg/detail/pose__rosidl_typesupport_fastrtps_c.h
[0.959s] -- Up-to-date: /home/dwduong74/yahboom_src/install/champ_msgs/include/champ_msgs/champ_msgs/msg/detail/joints__rosidl_typesupport_fastrtps_c.h
[0.959s] -- Up-to-date: /home/dwduong74/yahboom_src/install/champ_msgs/include/champ_msgs/champ_msgs/msg/detail/contacts__rosidl_typesupport_fastrtps_c.h
[0.959s] -- Up-to-date: /home/dwduong74/yahboom_src/install/champ_msgs/include/champ_msgs/champ_msgs/msg/detail/imu__rosidl_typesupport_fastrtps_c.h
[0.959s] -- Up-to-date: /home/dwduong74/yahboom_src/install/champ_msgs/include/champ_msgs/champ_msgs/msg/detail/pid__rosidl_typesupport_fastrtps_c.h
[0.959s] -- Up-to-date: /home/dwduong74/yahboom_src/install/champ_msgs/include/champ_msgs/champ_msgs/msg/detail/velocities__rosidl_typesupport_fastrtps_c.h
[0.959s] -- Up-to-date: /home/dwduong74/yahboom_src/install/champ_msgs/lib/libchamp_msgs__rosidl_typesupport_fastrtps_c.so
[0.960s] -- Up-to-date: /home/dwduong74/yahboom_src/install/champ_msgs/include/champ_msgs/champ_msgs
[0.960s] -- Up-to-date: /home/dwduong74/yahboom_src/install/champ_msgs/include/champ_msgs/champ_msgs/msg
[0.960s] -- Up-to-date: /home/dwduong74/yahboom_src/install/champ_msgs/include/champ_msgs/champ_msgs/msg/rosidl_typesupport_introspection_c__visibility_control.h
[0.960s] -- Up-to-date: /home/dwduong74/yahboom_src/install/champ_msgs/include/champ_msgs/champ_msgs/msg/detail
[0.960s] -- Up-to-date: /home/dwduong74/yahboom_src/install/champ_msgs/include/champ_msgs/champ_msgs/msg/detail/imu__type_support.c
[0.961s] -- Up-to-date: /home/dwduong74/yahboom_src/install/champ_msgs/include/champ_msgs/champ_msgs/msg/detail/point_array__type_support.c
[0.961s] -- Up-to-date: /home/dwduong74/yahboom_src/install/champ_msgs/include/champ_msgs/champ_msgs/msg/detail/contacts_stamped__type_support.c
[0.961s] -- Up-to-date: /home/dwduong74/yahboom_src/install/champ_msgs/include/champ_msgs/champ_msgs/msg/detail/joints__type_support.c
[0.961s] -- Up-to-date: /home/dwduong74/yahboom_src/install/champ_msgs/include/champ_msgs/champ_msgs/msg/detail/velocities__rosidl_typesupport_introspection_c.h
[0.961s] -- Up-to-date: /home/dwduong74/yahboom_src/install/champ_msgs/include/champ_msgs/champ_msgs/msg/detail/point__rosidl_typesupport_introspection_c.h
[0.961s] -- Up-to-date: /home/dwduong74/yahboom_src/install/champ_msgs/include/champ_msgs/champ_msgs/msg/detail/velocities__type_support.c
[0.961s] -- Up-to-date: /home/dwduong74/yahboom_src/install/champ_msgs/include/champ_msgs/champ_msgs/msg/detail/pid__rosidl_typesupport_introspection_c.h
[0.962s] -- Up-to-date: /home/dwduong74/yahboom_src/install/champ_msgs/include/champ_msgs/champ_msgs/msg/detail/contacts_stamped__rosidl_typesupport_introspection_c.h
[0.962s] -- Up-to-date: /home/dwduong74/yahboom_src/install/champ_msgs/include/champ_msgs/champ_msgs/msg/detail/pose__rosidl_typesupport_introspection_c.h
[0.962s] -- Up-to-date: /home/dwduong74/yahboom_src/install/champ_msgs/include/champ_msgs/champ_msgs/msg/detail/point__type_support.c
[0.962s] -- Up-to-date: /home/dwduong74/yahboom_src/install/champ_msgs/include/champ_msgs/champ_msgs/msg/detail/imu__rosidl_typesupport_introspection_c.h
[0.962s] -- Up-to-date: /home/dwduong74/yahboom_src/install/champ_msgs/include/champ_msgs/champ_msgs/msg/detail/contacts__type_support.c
[0.963s] -- Up-to-date: /home/dwduong74/yahboom_src/install/champ_msgs/include/champ_msgs/champ_msgs/msg/detail/point_array__rosidl_typesupport_introspection_c.h
[0.963s] -- Up-to-date: /home/dwduong74/yahboom_src/install/champ_msgs/include/champ_msgs/champ_msgs/msg/detail/pid__type_support.c
[0.963s] -- Up-to-date: /home/dwduong74/yahboom_src/install/champ_msgs/include/champ_msgs/champ_msgs/msg/detail/pose__type_support.c
[0.963s] -- Up-to-date: /home/dwduong74/yahboom_src/install/champ_msgs/include/champ_msgs/champ_msgs/msg/detail/joints__rosidl_typesupport_introspection_c.h
[0.963s] -- Up-to-date: /home/dwduong74/yahboom_src/install/champ_msgs/include/champ_msgs/champ_msgs/msg/detail/contacts__rosidl_typesupport_introspection_c.h
[0.964s] -- Up-to-date: /home/dwduong74/yahboom_src/install/champ_msgs/lib/libchamp_msgs__rosidl_typesupport_introspection_c.so
[0.964s] -- Up-to-date: /home/dwduong74/yahboom_src/install/champ_msgs/lib/libchamp_msgs__rosidl_typesupport_c.so
[0.964s] -- Up-to-date: /home/dwduong74/yahboom_src/install/champ_msgs/include/champ_msgs/champ_msgs
[0.964s] -- Up-to-date: /home/dwduong74/yahboom_src/install/champ_msgs/include/champ_msgs/champ_msgs/msg
[0.964s] -- Up-to-date: /home/dwduong74/yahboom_src/install/champ_msgs/include/champ_msgs/champ_msgs/msg/pid.hpp
[0.964s] -- Up-to-date: /home/dwduong74/yahboom_src/install/champ_msgs/include/champ_msgs/champ_msgs/msg/point.hpp
[0.965s] -- Up-to-date: /home/dwduong74/yahboom_src/install/champ_msgs/include/champ_msgs/champ_msgs/msg/imu.hpp
[0.965s] -- Up-to-date: /home/dwduong74/yahboom_src/install/champ_msgs/include/champ_msgs/champ_msgs/msg/contacts_stamped.hpp
[0.965s] -- Up-to-date: /home/dwduong74/yahboom_src/install/champ_msgs/include/champ_msgs/champ_msgs/msg/point_array.hpp
[0.965s] -- Up-to-date: /home/dwduong74/yahboom_src/install/champ_msgs/include/champ_msgs/champ_msgs/msg/velocities.hpp
[0.965s] -- Up-to-date: /home/dwduong74/yahboom_src/install/champ_msgs/include/champ_msgs/champ_msgs/msg/rosidl_generator_cpp__visibility_control.hpp
[0.965s] -- Up-to-date: /home/dwduong74/yahboom_src/install/champ_msgs/include/champ_msgs/champ_msgs/msg/joints.hpp
[0.965s] -- Up-to-date: /home/dwduong74/yahboom_src/install/champ_msgs/include/champ_msgs/champ_msgs/msg/contacts.hpp
[0.966s] -- Up-to-date: /home/dwduong74/yahboom_src/install/champ_msgs/include/champ_msgs/champ_msgs/msg/detail
[0.966s] -- Up-to-date: /home/dwduong74/yahboom_src/install/champ_msgs/include/champ_msgs/champ_msgs/msg/detail/joints__type_support.hpp
[0.966s] -- Up-to-date: /home/dwduong74/yahboom_src/install/champ_msgs/include/champ_msgs/champ_msgs/msg/detail/pid__type_support.hpp
[0.966s] -- Up-to-date: /home/dwduong74/yahboom_src/install/champ_msgs/include/champ_msgs/champ_msgs/msg/detail/contacts__traits.hpp
[0.966s] -- Up-to-date: /home/dwduong74/yahboom_src/install/champ_msgs/include/champ_msgs/champ_msgs/msg/detail/point_array__struct.hpp
[0.966s] -- Up-to-date: /home/dwduong74/yahboom_src/install/champ_msgs/include/champ_msgs/champ_msgs/msg/detail/point_array__builder.hpp
[0.966s] -- Up-to-date: /home/dwduong74/yahboom_src/install/champ_msgs/include/champ_msgs/champ_msgs/msg/detail/pose__type_support.hpp
[0.967s] -- Up-to-date: /home/dwduong74/yahboom_src/install/champ_msgs/include/champ_msgs/champ_msgs/msg/detail/velocities__type_support.hpp
[0.967s] -- Up-to-date: /home/dwduong74/yahboom_src/install/champ_msgs/include/champ_msgs/champ_msgs/msg/detail/contacts__struct.hpp
[0.967s] -- Up-to-date: /home/dwduong74/yahboom_src/install/champ_msgs/include/champ_msgs/champ_msgs/msg/detail/point__type_support.hpp
[0.967s] -- Up-to-date: /home/dwduong74/yahboom_src/install/champ_msgs/include/champ_msgs/champ_msgs/msg/detail/point_array__type_support.hpp
[0.967s] -- Up-to-date: /home/dwduong74/yahboom_src/install/champ_msgs/include/champ_msgs/champ_msgs/msg/detail/point__struct.hpp
[0.967s] -- Up-to-date: /home/dwduong74/yahboom_src/install/champ_msgs/include/champ_msgs/champ_msgs/msg/detail/contacts__builder.hpp
[0.968s] -- Up-to-date: /home/dwduong74/yahboom_src/install/champ_msgs/include/champ_msgs/champ_msgs/msg/detail/pid__traits.hpp
[0.968s] -- Up-to-date: /home/dwduong74/yahboom_src/install/champ_msgs/include/champ_msgs/champ_msgs/msg/detail/contacts__type_support.hpp
[0.968s] -- Up-to-date: /home/dwduong74/yahboom_src/install/champ_msgs/include/champ_msgs/champ_msgs/msg/detail/point_array__traits.hpp
[0.968s] -- Up-to-date: /home/dwduong74/yahboom_src/install/champ_msgs/include/champ_msgs/champ_msgs/msg/detail/joints__traits.hpp
[0.968s] -- Up-to-date: /home/dwduong74/yahboom_src/install/champ_msgs/include/champ_msgs/champ_msgs/msg/detail/contacts_stamped__struct.hpp
[0.968s] -- Up-to-date: /home/dwduong74/yahboom_src/install/champ_msgs/include/champ_msgs/champ_msgs/msg/detail/point__traits.hpp
[0.968s] -- Up-to-date: /home/dwduong74/yahboom_src/install/champ_msgs/include/champ_msgs/champ_msgs/msg/detail/pid__struct.hpp
[0.969s] -- Up-to-date: /home/dwduong74/yahboom_src/install/champ_msgs/include/champ_msgs/champ_msgs/msg/detail/point__builder.hpp
[0.970s] -- Up-to-date: /home/dwduong74/yahboom_src/install/champ_msgs/include/champ_msgs/champ_msgs/msg/detail/imu__traits.hpp
[0.971s] -- Up-to-date: /home/dwduong74/yahboom_src/install/champ_msgs/include/champ_msgs/champ_msgs/msg/detail/imu__type_support.hpp
[0.971s] -- Up-to-date: /home/dwduong74/yahboom_src/install/champ_msgs/include/champ_msgs/champ_msgs/msg/detail/joints__struct.hpp
[0.971s] -- Up-to-date: /home/dwduong74/yahboom_src/install/champ_msgs/include/champ_msgs/champ_msgs/msg/detail/contacts_stamped__type_support.hpp
[0.971s] -- Up-to-date: /home/dwduong74/yahboom_src/install/champ_msgs/include/champ_msgs/champ_msgs/msg/detail/pose__builder.hpp
[0.971s] -- Up-to-date: /home/dwduong74/yahboom_src/install/champ_msgs/include/champ_msgs/champ_msgs/msg/detail/pose__traits.hpp
[0.971s] -- Up-to-date: /home/dwduong74/yahboom_src/install/champ_msgs/include/champ_msgs/champ_msgs/msg/detail/velocities__traits.hpp
[0.971s] -- Up-to-date: /home/dwduong74/yahboom_src/install/champ_msgs/include/champ_msgs/champ_msgs/msg/detail/pid__builder.hpp
[0.971s] -- Up-to-date: /home/dwduong74/yahboom_src/install/champ_msgs/include/champ_msgs/champ_msgs/msg/detail/imu__struct.hpp
[0.972s] -- Up-to-date: /home/dwduong74/yahboom_src/install/champ_msgs/include/champ_msgs/champ_msgs/msg/detail/velocities__struct.hpp
[0.972s] -- Up-to-date: /home/dwduong74/yahboom_src/install/champ_msgs/include/champ_msgs/champ_msgs/msg/detail/imu__builder.hpp
[0.972s] -- Up-to-date: /home/dwduong74/yahboom_src/install/champ_msgs/include/champ_msgs/champ_msgs/msg/detail/joints__builder.hpp
[0.972s] -- Up-to-date: /home/dwduong74/yahboom_src/install/champ_msgs/include/champ_msgs/champ_msgs/msg/detail/velocities__builder.hpp
[0.972s] -- Up-to-date: /home/dwduong74/yahboom_src/install/champ_msgs/include/champ_msgs/champ_msgs/msg/detail/contacts_stamped__traits.hpp
[0.972s] -- Up-to-date: /home/dwduong74/yahboom_src/install/champ_msgs/include/champ_msgs/champ_msgs/msg/detail/pose__struct.hpp
[0.972s] -- Up-to-date: /home/dwduong74/yahboom_src/install/champ_msgs/include/champ_msgs/champ_msgs/msg/detail/contacts_stamped__builder.hpp
[0.972s] -- Up-to-date: /home/dwduong74/yahboom_src/install/champ_msgs/include/champ_msgs/champ_msgs/msg/pose.hpp
[0.973s] -- Up-to-date: /home/dwduong74/yahboom_src/install/champ_msgs/include/champ_msgs/champ_msgs
[0.973s] -- Up-to-date: /home/dwduong74/yahboom_src/install/champ_msgs/include/champ_msgs/champ_msgs/msg
[0.973s] -- Up-to-date: /home/dwduong74/yahboom_src/install/champ_msgs/include/champ_msgs/champ_msgs/msg/rosidl_typesupport_fastrtps_cpp__visibility_control.h
[0.973s] -- Up-to-date: /home/dwduong74/yahboom_src/install/champ_msgs/include/champ_msgs/champ_msgs/msg/detail
[0.973s] -- Up-to-date: /home/dwduong74/yahboom_src/install/champ_msgs/include/champ_msgs/champ_msgs/msg/detail/imu__rosidl_typesupport_fastrtps_cpp.hpp
[0.973s] -- Up-to-date: /home/dwduong74/yahboom_src/install/champ_msgs/include/champ_msgs/champ_msgs/msg/detail/contacts_stamped__rosidl_typesupport_fastrtps_cpp.hpp
[0.973s] -- Up-to-date: /home/dwduong74/yahboom_src/install/champ_msgs/include/champ_msgs/champ_msgs/msg/detail/point__rosidl_typesupport_fastrtps_cpp.hpp
[0.973s] -- Up-to-date: /home/dwduong74/yahboom_src/install/champ_msgs/include/champ_msgs/champ_msgs/msg/detail/dds_fastrtps
[0.973s] -- Up-to-date: /home/dwduong74/yahboom_src/install/champ_msgs/include/champ_msgs/champ_msgs/msg/detail/pose__rosidl_typesupport_fastrtps_cpp.hpp
[0.973s] -- Up-to-date: /home/dwduong74/yahboom_src/install/champ_msgs/include/champ_msgs/champ_msgs/msg/detail/contacts__rosidl_typesupport_fastrtps_cpp.hpp
[0.973s] -- Up-to-date: /home/dwduong74/yahboom_src/install/champ_msgs/include/champ_msgs/champ_msgs/msg/detail/joints__rosidl_typesupport_fastrtps_cpp.hpp
[0.973s] -- Up-to-date: /home/dwduong74/yahboom_src/install/champ_msgs/include/champ_msgs/champ_msgs/msg/detail/point_array__rosidl_typesupport_fastrtps_cpp.hpp
[0.974s] -- Up-to-date: /home/dwduong74/yahboom_src/install/champ_msgs/include/champ_msgs/champ_msgs/msg/detail/pid__rosidl_typesupport_fastrtps_cpp.hpp
[0.974s] -- Up-to-date: /home/dwduong74/yahboom_src/install/champ_msgs/include/champ_msgs/champ_msgs/msg/detail/velocities__rosidl_typesupport_fastrtps_cpp.hpp
[0.974s] -- Up-to-date: /home/dwduong74/yahboom_src/install/champ_msgs/lib/libchamp_msgs__rosidl_typesupport_fastrtps_cpp.so
[0.974s] -- Up-to-date: /home/dwduong74/yahboom_src/install/champ_msgs/include/champ_msgs/champ_msgs
[0.974s] -- Up-to-date: /home/dwduong74/yahboom_src/install/champ_msgs/include/champ_msgs/champ_msgs/msg
[0.974s] -- Up-to-date: /home/dwduong74/yahboom_src/install/champ_msgs/include/champ_msgs/champ_msgs/msg/detail
[0.974s] -- Up-to-date: /home/dwduong74/yahboom_src/install/champ_msgs/include/champ_msgs/champ_msgs/msg/detail/point__type_support.cpp
[0.974s] -- Up-to-date: /home/dwduong74/yahboom_src/install/champ_msgs/include/champ_msgs/champ_msgs/msg/detail/imu__rosidl_typesupport_introspection_cpp.hpp
[0.974s] -- Up-to-date: /home/dwduong74/yahboom_src/install/champ_msgs/include/champ_msgs/champ_msgs/msg/detail/imu__type_support.cpp
[0.974s] -- Up-to-date: /home/dwduong74/yahboom_src/install/champ_msgs/include/champ_msgs/champ_msgs/msg/detail/point_array__type_support.cpp
[0.975s] -- Up-to-date: /home/dwduong74/yahboom_src/install/champ_msgs/include/champ_msgs/champ_msgs/msg/detail/pose__rosidl_typesupport_introspection_cpp.hpp
[0.975s] -- Up-to-date: /home/dwduong74/yahboom_src/install/champ_msgs/include/champ_msgs/champ_msgs/msg/detail/point__rosidl_typesupport_introspection_cpp.hpp
[0.975s] -- Up-to-date: /home/dwduong74/yahboom_src/install/champ_msgs/include/champ_msgs/champ_msgs/msg/detail/pid__type_support.cpp
[0.975s] -- Up-to-date: /home/dwduong74/yahboom_src/install/champ_msgs/include/champ_msgs/champ_msgs/msg/detail/contacts__type_support.cpp
[0.975s] -- Up-to-date: /home/dwduong74/yahboom_src/install/champ_msgs/include/champ_msgs/champ_msgs/msg/detail/velocities__type_support.cpp
[0.976s] -- Up-to-date: /home/dwduong74/yahboom_src/install/champ_msgs/include/champ_msgs/champ_msgs/msg/detail/pose__type_support.cpp
[0.976s] -- Up-to-date: /home/dwduong74/yahboom_src/install/champ_msgs/include/champ_msgs/champ_msgs/msg/detail/contacts_stamped__type_support.cpp
[0.976s] -- Up-to-date: /home/dwduong74/yahboom_src/install/champ_msgs/include/champ_msgs/champ_msgs/msg/detail/joints__rosidl_typesupport_introspection_cpp.hpp
[0.976s] -- Up-to-date: /home/dwduong74/yahboom_src/install/champ_msgs/include/champ_msgs/champ_msgs/msg/detail/joints__type_support.cpp
[0.976s] -- Up-to-date: /home/dwduong74/yahboom_src/install/champ_msgs/include/champ_msgs/champ_msgs/msg/detail/pid__rosidl_typesupport_introspection_cpp.hpp
[0.976s] -- Up-to-date: /home/dwduong74/yahboom_src/install/champ_msgs/include/champ_msgs/champ_msgs/msg/detail/point_array__rosidl_typesupport_introspection_cpp.hpp
[0.976s] -- Up-to-date: /home/dwduong74/yahboom_src/install/champ_msgs/include/champ_msgs/champ_msgs/msg/detail/contacts_stamped__rosidl_typesupport_introspection_cpp.hpp
[0.977s] -- Up-to-date: /home/dwduong74/yahboom_src/install/champ_msgs/include/champ_msgs/champ_msgs/msg/detail/velocities__rosidl_typesupport_introspection_cpp.hpp
[0.977s] -- Up-to-date: /home/dwduong74/yahboom_src/install/champ_msgs/include/champ_msgs/champ_msgs/msg/detail/contacts__rosidl_typesupport_introspection_cpp.hpp
[0.977s] -- Up-to-date: /home/dwduong74/yahboom_src/install/champ_msgs/lib/libchamp_msgs__rosidl_typesupport_introspection_cpp.so
[0.977s] -- Up-to-date: /home/dwduong74/yahboom_src/install/champ_msgs/lib/libchamp_msgs__rosidl_typesupport_cpp.so
[0.977s] -- Up-to-date: /home/dwduong74/yahboom_src/install/champ_msgs/share/champ_msgs/environment/pythonpath.sh
[0.977s] -- Up-to-date: /home/dwduong74/yahboom_src/install/champ_msgs/share/champ_msgs/environment/pythonpath.dsv
[0.978s] -- Up-to-date: /home/dwduong74/yahboom_src/install/champ_msgs/local/lib/python3.10/dist-packages/champ_msgs-0.1.0-py3.10.egg-info
[0.978s] -- Installing: /home/dwduong74/yahboom_src/install/champ_msgs/local/lib/python3.10/dist-packages/champ_msgs-0.1.0-py3.10.egg-info/SOURCES.txt
[0.978s] -- Installing: /home/dwduong74/yahboom_src/install/champ_msgs/local/lib/python3.10/dist-packages/champ_msgs-0.1.0-py3.10.egg-info/top_level.txt
[0.978s] -- Installing: /home/dwduong74/yahboom_src/install/champ_msgs/local/lib/python3.10/dist-packages/champ_msgs-0.1.0-py3.10.egg-info/dependency_links.txt
[0.978s] -- Installing: /home/dwduong74/yahboom_src/install/champ_msgs/local/lib/python3.10/dist-packages/champ_msgs-0.1.0-py3.10.egg-info/PKG-INFO
[0.978s] -- Up-to-date: /home/dwduong74/yahboom_src/install/champ_msgs/local/lib/python3.10/dist-packages/champ_msgs
[0.979s] -- Up-to-date: /home/dwduong74/yahboom_src/install/champ_msgs/local/lib/python3.10/dist-packages/champ_msgs/_champ_msgs_s.ep.rosidl_typesupport_c.c
[0.979s] -- Up-to-date: /home/dwduong74/yahboom_src/install/champ_msgs/local/lib/python3.10/dist-packages/champ_msgs/libchamp_msgs__rosidl_generator_py.so
[0.979s] -- Up-to-date: /home/dwduong74/yahboom_src/install/champ_msgs/local/lib/python3.10/dist-packages/champ_msgs/champ_msgs_s__rosidl_typesupport_introspection_c.cpython-310-x86_64-linux-gnu.so
[0.980s] -- Up-to-date: /home/dwduong74/yahboom_src/install/champ_msgs/local/lib/python3.10/dist-packages/champ_msgs/champ_msgs_s__rosidl_typesupport_c.cpython-310-x86_64-linux-gnu.so
[0.981s] -- Up-to-date: /home/dwduong74/yahboom_src/install/champ_msgs/local/lib/python3.10/dist-packages/champ_msgs/_champ_msgs_s.ep.rosidl_typesupport_introspection_c.c
[0.981s] -- Up-to-date: /home/dwduong74/yahboom_src/install/champ_msgs/local/lib/python3.10/dist-packages/champ_msgs/msg
[0.981s] -- Up-to-date: /home/dwduong74/yahboom_src/install/champ_msgs/local/lib/python3.10/dist-packages/champ_msgs/msg/_pid_s.c
[0.981s] -- Up-to-date: /home/dwduong74/yahboom_src/install/champ_msgs/local/lib/python3.10/dist-packages/champ_msgs/msg/_imu.py
[0.981s] -- Up-to-date: /home/dwduong74/yahboom_src/install/champ_msgs/local/lib/python3.10/dist-packages/champ_msgs/msg/_point_array_s.c
[0.981s] -- Up-to-date: /home/dwduong74/yahboom_src/install/champ_msgs/local/lib/python3.10/dist-packages/champ_msgs/msg/_velocities.py
[0.981s] -- Up-to-date: /home/dwduong74/yahboom_src/install/champ_msgs/local/lib/python3.10/dist-packages/champ_msgs/msg/_point.py
[0.982s] -- Up-to-date: /home/dwduong74/yahboom_src/install/champ_msgs/local/lib/python3.10/dist-packages/champ_msgs/msg/_point_s.c
[0.982s] -- Up-to-date: /home/dwduong74/yahboom_src/install/champ_msgs/local/lib/python3.10/dist-packages/champ_msgs/msg/_contacts_stamped_s.c
[0.982s] -- Up-to-date: /home/dwduong74/yahboom_src/install/champ_msgs/local/lib/python3.10/dist-packages/champ_msgs/msg/_contacts.py
[0.982s] -- Up-to-date: /home/dwduong74/yahboom_src/install/champ_msgs/local/lib/python3.10/dist-packages/champ_msgs/msg/_pose_s.c
[0.982s] -- Up-to-date: /home/dwduong74/yahboom_src/install/champ_msgs/local/lib/python3.10/dist-packages/champ_msgs/msg/_imu_s.c
[0.983s] -- Up-to-date: /home/dwduong74/yahboom_src/install/champ_msgs/local/lib/python3.10/dist-packages/champ_msgs/msg/_contacts_s.c
[0.983s] -- Up-to-date: /home/dwduong74/yahboom_src/install/champ_msgs/local/lib/python3.10/dist-packages/champ_msgs/msg/_point_array.py
[0.983s] -- Up-to-date: /home/dwduong74/yahboom_src/install/champ_msgs/local/lib/python3.10/dist-packages/champ_msgs/msg/_contacts_stamped.py
[0.983s] -- Up-to-date: /home/dwduong74/yahboom_src/install/champ_msgs/local/lib/python3.10/dist-packages/champ_msgs/msg/_joints.py
[0.984s] -- Up-to-date: /home/dwduong74/yahboom_src/install/champ_msgs/local/lib/python3.10/dist-packages/champ_msgs/msg/_velocities_s.c
[0.984s] -- Up-to-date: /home/dwduong74/yahboom_src/install/champ_msgs/local/lib/python3.10/dist-packages/champ_msgs/msg/_pid.py
[0.984s] -- Up-to-date: /home/dwduong74/yahboom_src/install/champ_msgs/local/lib/python3.10/dist-packages/champ_msgs/msg/__init__.py
[0.984s] -- Up-to-date: /home/dwduong74/yahboom_src/install/champ_msgs/local/lib/python3.10/dist-packages/champ_msgs/msg/_pose.py
[0.984s] -- Up-to-date: /home/dwduong74/yahboom_src/install/champ_msgs/local/lib/python3.10/dist-packages/champ_msgs/msg/_joints_s.c
[0.984s] -- Up-to-date: /home/dwduong74/yahboom_src/install/champ_msgs/local/lib/python3.10/dist-packages/champ_msgs/_champ_msgs_s.ep.rosidl_typesupport_fastrtps_c.c
[0.984s] -- Up-to-date: /home/dwduong74/yahboom_src/install/champ_msgs/local/lib/python3.10/dist-packages/champ_msgs/champ_msgs_s__rosidl_typesupport_fastrtps_c.cpython-310-x86_64-linux-gnu.so
[0.984s] -- Up-to-date: /home/dwduong74/yahboom_src/install/champ_msgs/local/lib/python3.10/dist-packages/champ_msgs/__init__.py
[1.042s] Listing '/home/dwduong74/yahboom_src/install/champ_msgs/local/lib/python3.10/dist-packages/champ_msgs'...
[1.042s] Listing '/home/dwduong74/yahboom_src/install/champ_msgs/local/lib/python3.10/dist-packages/champ_msgs/msg'...
[1.047s] -- Up-to-date: /home/dwduong74/yahboom_src/install/champ_msgs/local/lib/python3.10/dist-packages/champ_msgs/champ_msgs_s__rosidl_typesupport_fastrtps_c.cpython-310-x86_64-linux-gnu.so
[1.047s] -- Up-to-date: /home/dwduong74/yahboom_src/install/champ_msgs/local/lib/python3.10/dist-packages/champ_msgs/champ_msgs_s__rosidl_typesupport_introspection_c.cpython-310-x86_64-linux-gnu.so
[1.048s] -- Up-to-date: /home/dwduong74/yahboom_src/install/champ_msgs/local/lib/python3.10/dist-packages/champ_msgs/champ_msgs_s__rosidl_typesupport_c.cpython-310-x86_64-linux-gnu.so
[1.048s] -- Up-to-date: /home/dwduong74/yahboom_src/install/champ_msgs/lib/libchamp_msgs__rosidl_generator_py.so
[1.049s] -- Up-to-date: /home/dwduong74/yahboom_src/install/champ_msgs/share/champ_msgs/msg/Velocities.idl
[1.051s] -- Up-to-date: /home/dwduong74/yahboom_src/install/champ_msgs/share/champ_msgs/msg/PID.idl
[1.051s] -- Up-to-date: /home/dwduong74/yahboom_src/install/champ_msgs/share/champ_msgs/msg/Imu.idl
[1.051s] -- Up-to-date: /home/dwduong74/yahboom_src/install/champ_msgs/share/champ_msgs/msg/Point.idl
[1.062s] -- Up-to-date: /home/dwduong74/yahboom_src/install/champ_msgs/share/champ_msgs/msg/PointArray.idl
[1.062s] -- Up-to-date: /home/dwduong74/yahboom_src/install/champ_msgs/share/champ_msgs/msg/Joints.idl
[1.062s] -- Up-to-date: /home/dwduong74/yahboom_src/install/champ_msgs/share/champ_msgs/msg/Contacts.idl
[1.062s] -- Up-to-date: /home/dwduong74/yahboom_src/install/champ_msgs/share/champ_msgs/msg/ContactsStamped.idl
[1.063s] -- Up-to-date: /home/dwduong74/yahboom_src/install/champ_msgs/share/champ_msgs/msg/Pose.idl
[1.063s] -- Up-to-date: /home/dwduong74/yahboom_src/install/champ_msgs/share/champ_msgs/msg/Velocities.msg
[1.063s] -- Up-to-date: /home/dwduong74/yahboom_src/install/champ_msgs/share/champ_msgs/msg/PID.msg
[1.063s] -- Up-to-date: /home/dwduong74/yahboom_src/install/champ_msgs/share/champ_msgs/msg/Imu.msg
[1.063s] -- Up-to-date: /home/dwduong74/yahboom_src/install/champ_msgs/share/champ_msgs/msg/Point.msg
[1.063s] -- Up-to-date: /home/dwduong74/yahboom_src/install/champ_msgs/share/champ_msgs/msg/PointArray.msg
[1.063s] -- Up-to-date: /home/dwduong74/yahboom_src/install/champ_msgs/share/champ_msgs/msg/Joints.msg
[1.063s] -- Up-to-date: /home/dwduong74/yahboom_src/install/champ_msgs/share/champ_msgs/msg/Contacts.msg
[1.064s] -- Up-to-date: /home/dwduong74/yahboom_src/install/champ_msgs/share/champ_msgs/msg/ContactsStamped.msg
[1.064s] -- Up-to-date: /home/dwduong74/yahboom_src/install/champ_msgs/share/champ_msgs/msg/Pose.msg
[1.064s] -- Up-to-date: /home/dwduong74/yahboom_src/install/champ_msgs/share/ament_index/resource_index/package_run_dependencies/champ_msgs
[1.064s] -- Up-to-date: /home/dwduong74/yahboom_src/install/champ_msgs/share/ament_index/resource_index/parent_prefix_path/champ_msgs
[1.064s] -- Up-to-date: /home/dwduong74/yahboom_src/install/champ_msgs/share/champ_msgs/environment/ament_prefix_path.sh
[1.064s] -- Up-to-date: /home/dwduong74/yahboom_src/install/champ_msgs/share/champ_msgs/environment/ament_prefix_path.dsv
[1.064s] -- Up-to-date: /home/dwduong74/yahboom_src/install/champ_msgs/share/champ_msgs/environment/path.sh
[1.064s] -- Up-to-date: /home/dwduong74/yahboom_src/install/champ_msgs/share/champ_msgs/environment/path.dsv
[1.065s] -- Up-to-date: /home/dwduong74/yahboom_src/install/champ_msgs/share/champ_msgs/local_setup.bash
[1.065s] -- Up-to-date: /home/dwduong74/yahboom_src/install/champ_msgs/share/champ_msgs/local_setup.sh
[1.065s] -- Up-to-date: /home/dwduong74/yahboom_src/install/champ_msgs/share/champ_msgs/local_setup.zsh
[1.065s] -- Up-to-date: /home/dwduong74/yahboom_src/install/champ_msgs/share/champ_msgs/local_setup.dsv
[1.065s] -- Installing: /home/dwduong74/yahboom_src/install/champ_msgs/share/champ_msgs/package.dsv
[1.074s] -- Up-to-date: /home/dwduong74/yahboom_src/install/champ_msgs/share/ament_index/resource_index/packages/champ_msgs
[1.075s] -- Up-to-date: /home/dwduong74/yahboom_src/install/champ_msgs/share/champ_msgs/cmake/export_champ_msgs__rosidl_generator_cExport.cmake
[1.075s] -- Up-to-date: /home/dwduong74/yahboom_src/install/champ_msgs/share/champ_msgs/cmake/export_champ_msgs__rosidl_generator_cExport-noconfig.cmake
[1.075s] -- Up-to-date: /home/dwduong74/yahboom_src/install/champ_msgs/share/champ_msgs/cmake/export_champ_msgs__rosidl_typesupport_fastrtps_cExport.cmake
[1.076s] -- Up-to-date: /home/dwduong74/yahboom_src/install/champ_msgs/share/champ_msgs/cmake/export_champ_msgs__rosidl_typesupport_fastrtps_cExport-noconfig.cmake
[1.076s] -- Up-to-date: /home/dwduong74/yahboom_src/install/champ_msgs/share/champ_msgs/cmake/champ_msgs__rosidl_typesupport_introspection_cExport.cmake
[1.076s] -- Up-to-date: /home/dwduong74/yahboom_src/install/champ_msgs/share/champ_msgs/cmake/champ_msgs__rosidl_typesupport_introspection_cExport-noconfig.cmake
[1.077s] -- Up-to-date: /home/dwduong74/yahboom_src/install/champ_msgs/share/champ_msgs/cmake/champ_msgs__rosidl_typesupport_cExport.cmake
[1.077s] -- Up-to-date: /home/dwduong74/yahboom_src/install/champ_msgs/share/champ_msgs/cmake/champ_msgs__rosidl_typesupport_cExport-noconfig.cmake
[1.077s] -- Up-to-date: /home/dwduong74/yahboom_src/install/champ_msgs/share/champ_msgs/cmake/export_champ_msgs__rosidl_generator_cppExport.cmake
[1.077s] -- Up-to-date: /home/dwduong74/yahboom_src/install/champ_msgs/share/champ_msgs/cmake/export_champ_msgs__rosidl_typesupport_fastrtps_cppExport.cmake
[1.078s] -- Up-to-date: /home/dwduong74/yahboom_src/install/champ_msgs/share/champ_msgs/cmake/export_champ_msgs__rosidl_typesupport_fastrtps_cppExport-noconfig.cmake
[1.078s] -- Up-to-date: /home/dwduong74/yahboom_src/install/champ_msgs/share/champ_msgs/cmake/champ_msgs__rosidl_typesupport_introspection_cppExport.cmake
[1.078s] -- Up-to-date: /home/dwduong74/yahboom_src/install/champ_msgs/share/champ_msgs/cmake/champ_msgs__rosidl_typesupport_introspection_cppExport-noconfig.cmake
[1.079s] -- Up-to-date: /home/dwduong74/yahboom_src/install/champ_msgs/share/champ_msgs/cmake/champ_msgs__rosidl_typesupport_cppExport.cmake
[1.079s] -- Up-to-date: /home/dwduong74/yahboom_src/install/champ_msgs/share/champ_msgs/cmake/champ_msgs__rosidl_typesupport_cppExport-noconfig.cmake
[1.079s] -- Up-to-date: /home/dwduong74/yahboom_src/install/champ_msgs/share/champ_msgs/cmake/export_champ_msgs__rosidl_generator_pyExport.cmake
[1.080s] -- Up-to-date: /home/dwduong74/yahboom_src/install/champ_msgs/share/champ_msgs/cmake/export_champ_msgs__rosidl_generator_pyExport-noconfig.cmake
[1.080s] -- Up-to-date: /home/dwduong74/yahboom_src/install/champ_msgs/share/champ_msgs/cmake/rosidl_cmake-extras.cmake
[1.080s] -- Up-to-date: /home/dwduong74/yahboom_src/install/champ_msgs/share/champ_msgs/cmake/ament_cmake_export_dependencies-extras.cmake
[1.080s] -- Up-to-date: /home/dwduong74/yahboom_src/install/champ_msgs/share/champ_msgs/cmake/ament_cmake_export_include_directories-extras.cmake
[1.081s] -- Up-to-date: /home/dwduong74/yahboom_src/install/champ_msgs/share/champ_msgs/cmake/ament_cmake_export_libraries-extras.cmake
[1.081s] -- Up-to-date: /home/dwduong74/yahboom_src/install/champ_msgs/share/champ_msgs/cmake/ament_cmake_export_targets-extras.cmake
[1.081s] -- Up-to-date: /home/dwduong74/yahboom_src/install/champ_msgs/share/champ_msgs/cmake/rosidl_cmake_export_typesupport_targets-extras.cmake
[1.082s] -- Up-to-date: /home/dwduong74/yahboom_src/install/champ_msgs/share/champ_msgs/cmake/rosidl_cmake_export_typesupport_libraries-extras.cmake
[1.082s] -- Up-to-date: /home/dwduong74/yahboom_src/install/champ_msgs/share/champ_msgs/cmake/champ_msgsConfig.cmake
[1.083s] -- Up-to-date: /home/dwduong74/yahboom_src/install/champ_msgs/share/champ_msgs/cmake/champ_msgsConfig-version.cmake
[1.083s] -- Up-to-date: /home/dwduong74/yahboom_src/install/champ_msgs/share/champ_msgs/package.xml
[1.124s] Invoked command in '/home/dwduong74/yahboom_src/build/champ_msgs' returned '0': CMAKE_PREFIX_PATH=${CMAKE_PREFIX_PATH}:/home/dwduong74/yahboom_src/install/yahboom_set_height:/home/dwduong74/yahboom_src/install/yahboom_mediapipe:/home/dwduong74/yahboom_src/install/yahboom_gait:/home/dwduong74/yahboom_src/install/yahboom_dog_joint_state:/home/dwduong74/yahboom_src/install/yahboom_description:/home/dwduong74/yahboom_src/install/yahboom_bringup:/home/dwduong74/yahboom_src/install/yahboom_base:/home/dwduong74/yahboom_src/install/yahboom_app_save_map:/home/dwduong74/yahboom_src/install/tf_publisher:/home/dwduong74/yahboom_src/install/bringup:/home/dwduong74/LUMI_ws/install/custom_explorer:/opt/ros/humble /usr/bin/cmake --install /home/dwduong74/yahboom_src/build/champ_msgs
