[0.719s] Invoking command in '/home/dwduong74/yahboom_src/build/champ_navigation': CMAKE_PREFIX_PATH=${CMAKE_PREFIX_PATH}:/home/dwduong74/yahboom_src/install/yahboom_set_height:/home/dwduong74/yahboom_src/install/yahboom_mediapipe:/home/dwduong74/yahboom_src/install/yahboom_gait:/home/dwduong74/yahboom_src/install/yahboom_dog_joint_state:/home/dwduong74/yahboom_src/install/yahboom_description:/home/dwduong74/yahboom_src/install/yahboom_bringup:/home/dwduong74/yahboom_src/install/yahboom_base:/home/dwduong74/yahboom_src/install/yahboom_app_save_map:/home/dwduong74/yahboom_src/install/tf_publisher:/home/dwduong74/yahboom_src/install/bringup:/home/dwduong74/LUMI_ws/install/custom_explorer:/opt/ros/humble /usr/bin/cmake --build /home/dwduong74/yahboom_src/build/champ_navigation -- -j8 -l8
[0.876s] Invoked command in '/home/dwduong74/yahboom_src/build/champ_navigation' returned '0': CMAKE_PREFIX_PATH=${CMAKE_PREFIX_PATH}:/home/dwduong74/yahboom_src/install/yahboom_set_height:/home/dwduong74/yahboom_src/install/yahboom_mediapipe:/home/dwduong74/yahboom_src/install/yahboom_gait:/home/dwduong74/yahboom_src/install/yahboom_dog_joint_state:/home/dwduong74/yahboom_src/install/yahboom_description:/home/dwduong74/yahboom_src/install/yahboom_bringup:/home/dwduong74/yahboom_src/install/yahboom_base:/home/dwduong74/yahboom_src/install/yahboom_app_save_map:/home/dwduong74/yahboom_src/install/tf_publisher:/home/dwduong74/yahboom_src/install/bringup:/home/dwduong74/LUMI_ws/install/custom_explorer:/opt/ros/humble /usr/bin/cmake --build /home/dwduong74/yahboom_src/build/champ_navigation -- -j8 -l8
[0.878s] Invoking command in '/home/dwduong74/yahboom_src/build/champ_navigation': CMAKE_PREFIX_PATH=${CMAKE_PREFIX_PATH}:/home/dwduong74/yahboom_src/install/yahboom_set_height:/home/dwduong74/yahboom_src/install/yahboom_mediapipe:/home/dwduong74/yahboom_src/install/yahboom_gait:/home/dwduong74/yahboom_src/install/yahboom_dog_joint_state:/home/dwduong74/yahboom_src/install/yahboom_description:/home/dwduong74/yahboom_src/install/yahboom_bringup:/home/dwduong74/yahboom_src/install/yahboom_base:/home/dwduong74/yahboom_src/install/yahboom_app_save_map:/home/dwduong74/yahboom_src/install/tf_publisher:/home/dwduong74/yahboom_src/install/bringup:/home/dwduong74/LUMI_ws/install/custom_explorer:/opt/ros/humble /usr/bin/cmake --install /home/dwduong74/yahboom_src/build/champ_navigation
[0.939s] -- Install configuration: ""
[0.939s] -- Up-to-date: /home/dwduong74/yahboom_src/install/champ_navigation/share/champ_navigation/launch
[0.939s] -- Up-to-date: /home/dwduong74/yahboom_src/install/champ_navigation/share/champ_navigation/launch/navigate.launch.py
[0.939s] -- Up-to-date: /home/dwduong74/yahboom_src/install/champ_navigation/share/champ_navigation/launch/slam.launch.py
[0.939s] -- Up-to-date: /home/dwduong74/yahboom_src/install/champ_navigation/share/champ_navigation/rviz
[0.940s] -- Up-to-date: /home/dwduong74/yahboom_src/install/champ_navigation/share/champ_navigation/rviz/navigation_minimal.rviz
[0.940s] -- Up-to-date: /home/dwduong74/yahboom_src/install/champ_navigation/share/champ_navigation/rviz/slam.rviz
[0.940s] -- Up-to-date: /home/dwduong74/yahboom_src/install/champ_navigation/share/champ_navigation/rviz/navigation.rviz
[0.940s] -- Up-to-date: /home/dwduong74/yahboom_src/install/champ_navigation/share/ament_index/resource_index/package_run_dependencies/champ_navigation
[0.941s] -- Up-to-date: /home/dwduong74/yahboom_src/install/champ_navigation/share/ament_index/resource_index/parent_prefix_path/champ_navigation
[0.941s] -- Up-to-date: /home/dwduong74/yahboom_src/install/champ_navigation/share/champ_navigation/environment/ament_prefix_path.sh
[0.941s] -- Up-to-date: /home/dwduong74/yahboom_src/install/champ_navigation/share/champ_navigation/environment/ament_prefix_path.dsv
[0.941s] -- Up-to-date: /home/dwduong74/yahboom_src/install/champ_navigation/share/champ_navigation/environment/path.sh
[0.941s] -- Up-to-date: /home/dwduong74/yahboom_src/install/champ_navigation/share/champ_navigation/environment/path.dsv
[0.941s] -- Up-to-date: /home/dwduong74/yahboom_src/install/champ_navigation/share/champ_navigation/local_setup.bash
[0.942s] -- Up-to-date: /home/dwduong74/yahboom_src/install/champ_navigation/share/champ_navigation/local_setup.sh
[0.942s] -- Up-to-date: /home/dwduong74/yahboom_src/install/champ_navigation/share/champ_navigation/local_setup.zsh
[0.942s] -- Up-to-date: /home/dwduong74/yahboom_src/install/champ_navigation/share/champ_navigation/local_setup.dsv
[0.942s] -- Up-to-date: /home/dwduong74/yahboom_src/install/champ_navigation/share/champ_navigation/package.dsv
[0.942s] -- Up-to-date: /home/dwduong74/yahboom_src/install/champ_navigation/share/ament_index/resource_index/packages/champ_navigation
[0.942s] -- Up-to-date: /home/dwduong74/yahboom_src/install/champ_navigation/share/champ_navigation/cmake/champ_navigationConfig.cmake
[0.943s] -- Up-to-date: /home/dwduong74/yahboom_src/install/champ_navigation/share/champ_navigation/cmake/champ_navigationConfig-version.cmake
[0.943s] -- Up-to-date: /home/dwduong74/yahboom_src/install/champ_navigation/share/champ_navigation/package.xml
[0.976s] Invoked command in '/home/dwduong74/yahboom_src/build/champ_navigation' returned '0': CMAKE_PREFIX_PATH=${CMAKE_PREFIX_PATH}:/home/dwduong74/yahboom_src/install/yahboom_set_height:/home/dwduong74/yahboom_src/install/yahboom_mediapipe:/home/dwduong74/yahboom_src/install/yahboom_gait:/home/dwduong74/yahboom_src/install/yahboom_dog_joint_state:/home/dwduong74/yahboom_src/install/yahboom_description:/home/dwduong74/yahboom_src/install/yahboom_bringup:/home/dwduong74/yahboom_src/install/yahboom_base:/home/dwduong74/yahboom_src/install/yahboom_app_save_map:/home/dwduong74/yahboom_src/install/tf_publisher:/home/dwduong74/yahboom_src/install/bringup:/home/dwduong74/LUMI_ws/install/custom_explorer:/opt/ros/humble /usr/bin/cmake --install /home/dwduong74/yahboom_src/build/champ_navigation
