[3.695s] Invoking command in '/home/dwduong74/yahboom_src/src/bringup': PYTHONPATH=/home/dwduong74/yahboom_src/build/bringup/prefix_override:/usr/lib/python3/dist-packages/colcon_core/task/python/colcon_distutils_commands:/home/dwduong74/yahboom_src/install/bringup/lib/python3.10/site-packages:${PYTHONPATH} /usr/bin/python3 -W ignore:setup.py install is deprecated -W ignore:easy_install command is deprecated setup.py egg_info --egg-base ../../build/bringup build --build-base /home/dwduong74/yahboom_src/build/bringup/build install --record /home/dwduong74/yahboom_src/build/bringup/install.log --single-version-externally-managed install_data
[4.464s] running egg_info
[4.465s] writing ../../build/bringup/bringup.egg-info/PKG-INFO
[4.466s] writing dependency_links to ../../build/bringup/bringup.egg-info/dependency_links.txt
[4.466s] writing entry points to ../../build/bringup/bringup.egg-info/entry_points.txt
[4.466s] writing requirements to ../../build/bringup/bringup.egg-info/requires.txt
[4.467s] writing top-level names to ../../build/bringup/bringup.egg-info/top_level.txt
[4.470s] reading manifest file '../../build/bringup/bringup.egg-info/SOURCES.txt'
[4.472s] writing manifest file '../../build/bringup/bringup.egg-info/SOURCES.txt'
[4.472s] running build
[4.472s] running build_py
[4.473s] running install
[4.473s] running install_lib
[4.475s] running install_data
[4.476s] running install_egg_info
[4.479s] removing '/home/dwduong74/yahboom_src/install/bringup/lib/python3.10/site-packages/bringup-0.0.0-py3.10.egg-info' (and everything under it)
[4.479s] Copying ../../build/bringup/bringup.egg-info to /home/dwduong74/yahboom_src/install/bringup/lib/python3.10/site-packages/bringup-0.0.0-py3.10.egg-info
[4.481s] running install_scripts
[4.520s] writing list of installed files to '/home/dwduong74/yahboom_src/build/bringup/install.log'
[5.375s] Invoked command in '/home/dwduong74/yahboom_src/src/bringup' returned '0': PYTHONPATH=/home/dwduong74/yahboom_src/build/bringup/prefix_override:/usr/lib/python3/dist-packages/colcon_core/task/python/colcon_distutils_commands:/home/dwduong74/yahboom_src/install/bringup/lib/python3.10/site-packages:${PYTHONPATH} /usr/bin/python3 -W ignore:setup.py install is deprecated -W ignore:easy_install command is deprecated setup.py egg_info --egg-base ../../build/bringup build --build-base /home/dwduong74/yahboom_src/build/bringup/build install --record /home/dwduong74/yahboom_src/build/bringup/install.log --single-version-externally-managed install_data
