[0.016s] Invoking command in '/home/dwduong74/yahboom_src/build/velodyne_description': AMENT_PREFIX_PATH=/home/dwduong74/yahboom_src/install/velodyne_gazebo_plugins:${AMENT_PREFIX_PATH} CMAKE_PREFIX_PATH=/home/dwduong74/yahboom_src/install/velodyne_gazebo_plugins:/home/dwduong74/LUMI_ws/install/rf2o_laser_odometry:/home/dwduong74/LUMI_ws/install/custom_explorer:/opt/ros/humble LD_LIBRARY_PATH=/home/dwduong74/yahboom_src/install/velodyne_gazebo_plugins/lib:${LD_LIBRARY_PATH} /usr/bin/cmake /home/dwduong74/yahboom_src/src/unitree-go2-ros2/velodyne/velodyne_description -DCMAKE_INSTALL_PREFIX=/home/dwduong74/yahboom_src/install/velodyne_description
[0.104s] -- The C compiler identification is GNU 11.4.0
[0.191s] -- The CXX compiler identification is GNU 11.4.0
[0.207s] -- Detecting C compiler ABI info
[0.314s] -- Detecting C compiler ABI info - done
[0.323s] -- Check for working C compiler: /usr/bin/cc - skipped
[0.324s] -- Detecting C compile features
[0.326s] -- Detecting C compile features - done
[0.332s] -- Detecting CXX compiler ABI info
[0.444s] -- Detecting CXX compiler ABI info - done
[0.461s] -- Check for working CXX compiler: /usr/bin/c++ - skipped
[0.462s] -- Detecting CXX compile features
[0.463s] -- Detecting CXX compile features - done
[0.481s] -- Found ament_cmake: 1.3.12 (/opt/ros/humble/share/ament_cmake/cmake)
[0.740s] -- Found Python3: /usr/bin/python3 (found version "3.10.12") found components: Interpreter 
[0.961s] -- Found ament_lint_auto: 0.12.14 (/opt/ros/humble/share/ament_lint_auto/cmake)
[1.142s] -- Added test 'copyright' to check source files copyright and LICENSE
[1.151s] -- Added test 'flake8' to check Python code syntax and style conventions
[1.153s] -- Added test 'lint_cmake' to check CMake code style
[1.155s] -- Added test 'pep257' to check Python code against some of the docstring style conventions in PEP 257
[1.159s] -- Added test 'xmllint' to check XML markup files
[1.160s] -- Configuring done
[1.164s] -- Generating done
[1.167s] -- Build files have been written to: /home/dwduong74/yahboom_src/build/velodyne_description
[1.172s] Invoked command in '/home/dwduong74/yahboom_src/build/velodyne_description' returned '0': AMENT_PREFIX_PATH=/home/dwduong74/yahboom_src/install/velodyne_gazebo_plugins:${AMENT_PREFIX_PATH} CMAKE_PREFIX_PATH=/home/dwduong74/yahboom_src/install/velodyne_gazebo_plugins:/home/dwduong74/LUMI_ws/install/rf2o_laser_odometry:/home/dwduong74/LUMI_ws/install/custom_explorer:/opt/ros/humble LD_LIBRARY_PATH=/home/dwduong74/yahboom_src/install/velodyne_gazebo_plugins/lib:${LD_LIBRARY_PATH} /usr/bin/cmake /home/dwduong74/yahboom_src/src/unitree-go2-ros2/velodyne/velodyne_description -DCMAKE_INSTALL_PREFIX=/home/dwduong74/yahboom_src/install/velodyne_description
[1.175s] Invoking command in '/home/dwduong74/yahboom_src/build/velodyne_description': AMENT_PREFIX_PATH=/home/dwduong74/yahboom_src/install/velodyne_gazebo_plugins:${AMENT_PREFIX_PATH} CMAKE_PREFIX_PATH=/home/dwduong74/yahboom_src/install/velodyne_gazebo_plugins:/home/dwduong74/LUMI_ws/install/rf2o_laser_odometry:/home/dwduong74/LUMI_ws/install/custom_explorer:/opt/ros/humble LD_LIBRARY_PATH=/home/dwduong74/yahboom_src/install/velodyne_gazebo_plugins/lib:${LD_LIBRARY_PATH} /usr/bin/cmake --build /home/dwduong74/yahboom_src/build/velodyne_description -- -j8 -l8
[1.229s] Invoked command in '/home/dwduong74/yahboom_src/build/velodyne_description' returned '0': AMENT_PREFIX_PATH=/home/dwduong74/yahboom_src/install/velodyne_gazebo_plugins:${AMENT_PREFIX_PATH} CMAKE_PREFIX_PATH=/home/dwduong74/yahboom_src/install/velodyne_gazebo_plugins:/home/dwduong74/LUMI_ws/install/rf2o_laser_odometry:/home/dwduong74/LUMI_ws/install/custom_explorer:/opt/ros/humble LD_LIBRARY_PATH=/home/dwduong74/yahboom_src/install/velodyne_gazebo_plugins/lib:${LD_LIBRARY_PATH} /usr/bin/cmake --build /home/dwduong74/yahboom_src/build/velodyne_description -- -j8 -l8
[1.232s] Invoking command in '/home/dwduong74/yahboom_src/build/velodyne_description': AMENT_PREFIX_PATH=/home/dwduong74/yahboom_src/install/velodyne_gazebo_plugins:${AMENT_PREFIX_PATH} CMAKE_PREFIX_PATH=/home/dwduong74/yahboom_src/install/velodyne_gazebo_plugins:/home/dwduong74/LUMI_ws/install/rf2o_laser_odometry:/home/dwduong74/LUMI_ws/install/custom_explorer:/opt/ros/humble LD_LIBRARY_PATH=/home/dwduong74/yahboom_src/install/velodyne_gazebo_plugins/lib:${LD_LIBRARY_PATH} /usr/bin/cmake --install /home/dwduong74/yahboom_src/build/velodyne_description
[1.246s] -- Install configuration: ""
[1.246s] -- Installing: /home/dwduong74/yahboom_src/install/velodyne_description/share/velodyne_description/launch
[1.247s] -- Installing: /home/dwduong74/yahboom_src/install/velodyne_description/share/velodyne_description/launch/example.launch
[1.247s] -- Installing: /home/dwduong74/yahboom_src/install/velodyne_description/share/velodyne_description/launch/example.launch.py
[1.247s] -- Installing: /home/dwduong74/yahboom_src/install/velodyne_description/share/velodyne_description/meshes
[1.247s] -- Installing: /home/dwduong74/yahboom_src/install/velodyne_description/share/velodyne_description/meshes/VLP16_scan.stl
[1.248s] -- Installing: /home/dwduong74/yahboom_src/install/velodyne_description/share/velodyne_description/meshes/HDL32E_base.stl
[1.248s] -- Installing: /home/dwduong74/yahboom_src/install/velodyne_description/share/velodyne_description/meshes/HDL32E_scan.dae
[1.248s] -- Installing: /home/dwduong74/yahboom_src/install/velodyne_description/share/velodyne_description/meshes/HDL32E_scan.stl
[1.249s] -- Installing: /home/dwduong74/yahboom_src/install/velodyne_description/share/velodyne_description/meshes/VLP16_base_1.dae
[1.253s] -- Installing: /home/dwduong74/yahboom_src/install/velodyne_description/share/velodyne_description/meshes/VLP16_base_2.dae
[1.257s] -- Installing: /home/dwduong74/yahboom_src/install/velodyne_description/share/velodyne_description/meshes/VLP16_scan.dae
[1.257s] -- Installing: /home/dwduong74/yahboom_src/install/velodyne_description/share/velodyne_description/meshes/HDL32E_base.dae
[1.258s] -- Installing: /home/dwduong74/yahboom_src/install/velodyne_description/share/velodyne_description/meshes/VLP16_base_1.stl
[1.258s] -- Installing: /home/dwduong74/yahboom_src/install/velodyne_description/share/velodyne_description/meshes/VLP16_base_2.stl
[1.259s] -- Installing: /home/dwduong74/yahboom_src/install/velodyne_description/share/velodyne_description/rviz
[1.259s] -- Installing: /home/dwduong74/yahboom_src/install/velodyne_description/share/velodyne_description/rviz/example_ros2.rviz
[1.260s] -- Installing: /home/dwduong74/yahboom_src/install/velodyne_description/share/velodyne_description/rviz/example.rviz
[1.261s] -- Installing: /home/dwduong74/yahboom_src/install/velodyne_description/share/velodyne_description/urdf
[1.261s] -- Installing: /home/dwduong74/yahboom_src/install/velodyne_description/share/velodyne_description/urdf/LiDAR-X.urdf.xacro
[1.261s] -- Installing: /home/dwduong74/yahboom_src/install/velodyne_description/share/velodyne_description/urdf/VLP-16.urdf.xacro
[1.263s] -- Installing: /home/dwduong74/yahboom_src/install/velodyne_description/share/velodyne_description/urdf/HDL-32E.urdf.xacro
[1.263s] -- Installing: /home/dwduong74/yahboom_src/install/velodyne_description/share/velodyne_description/urdf/example.urdf.xacro
[1.263s] -- Installing: /home/dwduong74/yahboom_src/install/velodyne_description/share/velodyne_description/urdf/LiDAR-X-rotating.urdf.xacro
[1.263s] -- Installing: /home/dwduong74/yahboom_src/install/velodyne_description/share/velodyne_description/world
[1.263s] -- Installing: /home/dwduong74/yahboom_src/install/velodyne_description/share/velodyne_description/world/example.sdf
[1.263s] -- Installing: /home/dwduong74/yahboom_src/install/velodyne_description/share/velodyne_description/world/example.world
[1.264s] -- Installing: /home/dwduong74/yahboom_src/install/velodyne_description/share/velodyne_description/config
[1.264s] -- Installing: /home/dwduong74/yahboom_src/install/velodyne_description/share/velodyne_description/config/bridge.yaml
[1.264s] -- Installing: /home/dwduong74/yahboom_src/install/velodyne_description/share/ament_index/resource_index/package_run_dependencies/velodyne_description
[1.264s] -- Installing: /home/dwduong74/yahboom_src/install/velodyne_description/share/ament_index/resource_index/parent_prefix_path/velodyne_description
[1.264s] -- Installing: /home/dwduong74/yahboom_src/install/velodyne_description/share/velodyne_description/environment/ament_prefix_path.sh
[1.264s] -- Installing: /home/dwduong74/yahboom_src/install/velodyne_description/share/velodyne_description/environment/ament_prefix_path.dsv
[1.265s] -- Installing: /home/dwduong74/yahboom_src/install/velodyne_description/share/velodyne_description/environment/path.sh
[1.265s] -- Installing: /home/dwduong74/yahboom_src/install/velodyne_description/share/velodyne_description/environment/path.dsv
[1.265s] -- Installing: /home/dwduong74/yahboom_src/install/velodyne_description/share/velodyne_description/local_setup.bash
[1.265s] -- Installing: /home/dwduong74/yahboom_src/install/velodyne_description/share/velodyne_description/local_setup.sh
[1.265s] -- Installing: /home/dwduong74/yahboom_src/install/velodyne_description/share/velodyne_description/local_setup.zsh
[1.265s] -- Installing: /home/dwduong74/yahboom_src/install/velodyne_description/share/velodyne_description/local_setup.dsv
[1.265s] -- Installing: /home/dwduong74/yahboom_src/install/velodyne_description/share/velodyne_description/package.dsv
[1.266s] -- Installing: /home/dwduong74/yahboom_src/install/velodyne_description/share/ament_index/resource_index/packages/velodyne_description
[1.266s] -- Installing: /home/dwduong74/yahboom_src/install/velodyne_description/share/velodyne_description/cmake/velodyne_descriptionConfig.cmake
[1.266s] -- Installing: /home/dwduong74/yahboom_src/install/velodyne_description/share/velodyne_description/cmake/velodyne_descriptionConfig-version.cmake
[1.266s] -- Installing: /home/dwduong74/yahboom_src/install/velodyne_description/share/velodyne_description/package.xml
[1.279s] Invoked command in '/home/dwduong74/yahboom_src/build/velodyne_description' returned '0': AMENT_PREFIX_PATH=/home/dwduong74/yahboom_src/install/velodyne_gazebo_plugins:${AMENT_PREFIX_PATH} CMAKE_PREFIX_PATH=/home/dwduong74/yahboom_src/install/velodyne_gazebo_plugins:/home/dwduong74/LUMI_ws/install/rf2o_laser_odometry:/home/dwduong74/LUMI_ws/install/custom_explorer:/opt/ros/humble LD_LIBRARY_PATH=/home/dwduong74/yahboom_src/install/velodyne_gazebo_plugins/lib:${LD_LIBRARY_PATH} /usr/bin/cmake --install /home/dwduong74/yahboom_src/build/velodyne_description
