[4.537s] Invoking command in '/home/dwduong74/yahboom_src/src/yahboom_base': PYTHONPATH=/home/dwduong74/yahboom_src/build/yahboom_base/prefix_override:/usr/lib/python3/dist-packages/colcon_core/task/python/colcon_distutils_commands:/home/dwduong74/yahboom_src/install/yahboom_base/lib/python3.10/site-packages:${PYTHONPATH} /usr/bin/python3 -W ignore:setup.py install is deprecated -W ignore:easy_install command is deprecated setup.py egg_info --egg-base ../../build/yahboom_base build --build-base /home/dwduong74/yahboom_src/build/yahboom_base/build install --record /home/dwduong74/yahboom_src/build/yahboom_base/install.log --single-version-externally-managed install_data
[5.752s] running egg_info
[5.754s] writing ../../build/yahboom_base/yahboom_base.egg-info/PKG-INFO
[5.755s] writing dependency_links to ../../build/yahboom_base/yahboom_base.egg-info/dependency_links.txt
[5.755s] writing entry points to ../../build/yahboom_base/yahboom_base.egg-info/entry_points.txt
[5.755s] writing requirements to ../../build/yahboom_base/yahboom_base.egg-info/requires.txt
[5.756s] writing top-level names to ../../build/yahboom_base/yahboom_base.egg-info/top_level.txt
[5.761s] reading manifest file '../../build/yahboom_base/yahboom_base.egg-info/SOURCES.txt'
[5.763s] writing manifest file '../../build/yahboom_base/yahboom_base.egg-info/SOURCES.txt'
[5.763s] running build
[5.764s] running build_py
[5.764s] running install
[5.766s] running install_lib
[5.769s] running install_data
[5.770s] running install_egg_info
[5.773s] removing '/home/dwduong74/yahboom_src/install/yahboom_base/lib/python3.10/site-packages/yahboom_base-0.0.0-py3.10.egg-info' (and everything under it)
[5.777s] Copying ../../build/yahboom_base/yahboom_base.egg-info to /home/dwduong74/yahboom_src/install/yahboom_base/lib/python3.10/site-packages/yahboom_base-0.0.0-py3.10.egg-info
[5.777s] running install_scripts
[5.816s] Installing base script to /home/dwduong74/yahboom_src/install/yahboom_base/lib/yahboom_base
[5.816s] Installing talker script to /home/dwduong74/yahboom_src/install/yahboom_base/lib/yahboom_base
[5.816s] writing list of installed files to '/home/dwduong74/yahboom_src/build/yahboom_base/install.log'
[5.956s] Invoked command in '/home/dwduong74/yahboom_src/src/yahboom_base' returned '0': PYTHONPATH=/home/dwduong74/yahboom_src/build/yahboom_base/prefix_override:/usr/lib/python3/dist-packages/colcon_core/task/python/colcon_distutils_commands:/home/dwduong74/yahboom_src/install/yahboom_base/lib/python3.10/site-packages:${PYTHONPATH} /usr/bin/python3 -W ignore:setup.py install is deprecated -W ignore:easy_install command is deprecated setup.py egg_info --egg-base ../../build/yahboom_base build --build-base /home/dwduong74/yahboom_src/build/yahboom_base/build install --record /home/dwduong74/yahboom_src/build/yahboom_base/install.log --single-version-externally-managed install_data
