[0.261s] Invoking command in '/home/dwduong74/yahboom_src/build/dogzilla_description': CMAKE_PREFIX_PATH=${CMAKE_PREFIX_PATH}:/home/dwduong74/yahboom_src/install/yahboom_set_height:/home/dwduong74/yahboom_src/install/yahboom_mediapipe:/home/dwduong74/yahboom_src/install/yahboom_gait:/home/dwduong74/yahboom_src/install/yahboom_dog_joint_state:/home/dwduong74/yahboom_src/install/yahboom_description:/home/dwduong74/yahboom_src/install/yahboom_bringup:/home/dwduong74/yahboom_src/install/yahboom_base:/home/dwduong74/yahboom_src/install/yahboom_app_save_map:/home/dwduong74/yahboom_src/install/tf_publisher:/home/dwduong74/yahboom_src/install/bringup:/home/dwduong74/LUMI_ws/install/custom_explorer:/opt/ros/humble /usr/bin/cmake --build /home/dwduong74/yahboom_src/build/dogzilla_description -- -j8 -l8
[0.324s] Invoked command in '/home/dwduong74/yahboom_src/build/dogzilla_description' returned '0': CMAKE_PREFIX_PATH=${CMAKE_PREFIX_PATH}:/home/dwduong74/yahboom_src/install/yahboom_set_height:/home/dwduong74/yahboom_src/install/yahboom_mediapipe:/home/dwduong74/yahboom_src/install/yahboom_gait:/home/dwduong74/yahboom_src/install/yahboom_dog_joint_state:/home/dwduong74/yahboom_src/install/yahboom_description:/home/dwduong74/yahboom_src/install/yahboom_bringup:/home/dwduong74/yahboom_src/install/yahboom_base:/home/dwduong74/yahboom_src/install/yahboom_app_save_map:/home/dwduong74/yahboom_src/install/tf_publisher:/home/dwduong74/yahboom_src/install/bringup:/home/dwduong74/LUMI_ws/install/custom_explorer:/opt/ros/humble /usr/bin/cmake --build /home/dwduong74/yahboom_src/build/dogzilla_description -- -j8 -l8
[0.325s] Invoking command in '/home/dwduong74/yahboom_src/build/dogzilla_description': CMAKE_PREFIX_PATH=${CMAKE_PREFIX_PATH}:/home/dwduong74/yahboom_src/install/yahboom_set_height:/home/dwduong74/yahboom_src/install/yahboom_mediapipe:/home/dwduong74/yahboom_src/install/yahboom_gait:/home/dwduong74/yahboom_src/install/yahboom_dog_joint_state:/home/dwduong74/yahboom_src/install/yahboom_description:/home/dwduong74/yahboom_src/install/yahboom_bringup:/home/dwduong74/yahboom_src/install/yahboom_base:/home/dwduong74/yahboom_src/install/yahboom_app_save_map:/home/dwduong74/yahboom_src/install/tf_publisher:/home/dwduong74/yahboom_src/install/bringup:/home/dwduong74/LUMI_ws/install/custom_explorer:/opt/ros/humble /usr/bin/cmake --install /home/dwduong74/yahboom_src/build/dogzilla_description
[0.345s] -- Install configuration: ""
[0.346s] -- Up-to-date: /home/dwduong74/yahboom_src/install/dogzilla_description/share/dogzilla_description/config
[0.346s] -- Installing: /home/dwduong74/yahboom_src/install/dogzilla_description/share/dogzilla_description/config/_joint_names_dogzilla_description.yaml
[0.348s] -- Installing: /home/dwduong74/yahboom_src/install/dogzilla_description/share/dogzilla_description/config/_robot_control.yaml
[0.349s] -- Up-to-date: /home/dwduong74/yahboom_src/install/dogzilla_description/share/dogzilla_description/config/ros_control
[0.349s] -- Installing: /home/dwduong74/yahboom_src/install/dogzilla_description/share/dogzilla_description/config/ros_control/ros_control.yaml
[0.349s] -- Up-to-date: /home/dwduong74/yahboom_src/install/dogzilla_description/share/dogzilla_description/dae
[0.349s] -- Installing: /home/dwduong74/yahboom_src/install/dogzilla_description/share/dogzilla_description/dae/thigh_mirror.dae
[0.373s] -- Installing: /home/dwduong74/yahboom_src/install/dogzilla_description/share/dogzilla_description/dae/calf_mirror.dae
[0.377s] -- Installing: /home/dwduong74/yahboom_src/install/dogzilla_description/share/dogzilla_description/dae/thigh.dae
[0.415s] -- Installing: /home/dwduong74/yahboom_src/install/dogzilla_description/share/dogzilla_description/dae/hip.dae
[0.449s] -- Installing: /home/dwduong74/yahboom_src/install/dogzilla_description/share/dogzilla_description/dae/calf.dae
[0.450s] -- Installing: /home/dwduong74/yahboom_src/install/dogzilla_description/share/dogzilla_description/dae/foot.dae
[0.453s] -- Installing: /home/dwduong74/yahboom_src/install/dogzilla_description/share/dogzilla_description/dae/base.dae
[0.503s] -- Up-to-date: /home/dwduong74/yahboom_src/install/dogzilla_description/share/dogzilla_description/launch
[0.503s] -- Installing: /home/dwduong74/yahboom_src/install/dogzilla_description/share/dogzilla_description/launch/description.launch.py
[0.503s] -- Up-to-date: /home/dwduong74/yahboom_src/install/dogzilla_description/share/dogzilla_description/meshes_dog
[0.504s] -- Installing: /home/dwduong74/yahboom_src/install/dogzilla_description/share/dogzilla_description/meshes_dog/lh_hip_link.STL
[0.504s] -- Installing: /home/dwduong74/yahboom_src/install/dogzilla_description/share/dogzilla_description/meshes_dog/base_link.STL
[0.504s] -- Installing: /home/dwduong74/yahboom_src/install/dogzilla_description/share/dogzilla_description/meshes_dog/rf_upper_leg_link.STL
[0.505s] -- Installing: /home/dwduong74/yahboom_src/install/dogzilla_description/share/dogzilla_description/meshes_dog/lf_upper_leg_link.STL
[0.505s] -- Installing: /home/dwduong74/yahboom_src/install/dogzilla_description/share/dogzilla_description/meshes_dog/rf_lower_leg_link.STL
[0.505s] -- Installing: /home/dwduong74/yahboom_src/install/dogzilla_description/share/dogzilla_description/meshes_dog/rf_hip_link.STL
[0.505s] -- Installing: /home/dwduong74/yahboom_src/install/dogzilla_description/share/dogzilla_description/meshes_dog/rh_lower_leg_link.STL
[0.506s] -- Installing: /home/dwduong74/yahboom_src/install/dogzilla_description/share/dogzilla_description/meshes_dog/lf_hip_link.STL
[0.506s] -- Installing: /home/dwduong74/yahboom_src/install/dogzilla_description/share/dogzilla_description/meshes_dog/camera_link.STL
[0.508s] -- Installing: /home/dwduong74/yahboom_src/install/dogzilla_description/share/dogzilla_description/meshes_dog/rh_upper_leg_link.STL
[0.510s] -- Installing: /home/dwduong74/yahboom_src/install/dogzilla_description/share/dogzilla_description/meshes_dog/laser_link.STL
[0.513s] -- Installing: /home/dwduong74/yahboom_src/install/dogzilla_description/share/dogzilla_description/meshes_dog/lh_lower_leg_link.STL
[0.513s] -- Installing: /home/dwduong74/yahboom_src/install/dogzilla_description/share/dogzilla_description/meshes_dog/lf_lower_leg_link.STL
[0.519s] -- Up-to-date: /home/dwduong74/yahboom_src/install/dogzilla_description/share/dogzilla_description/meshes_dog/XGO
[0.519s] -- Installing: /home/dwduong74/yahboom_src/install/dogzilla_description/share/dogzilla_description/meshes_dog/XGO/lh_hip_link.STL
[0.529s] -- Installing: /home/dwduong74/yahboom_src/install/dogzilla_description/share/dogzilla_description/meshes_dog/XGO/base_link.STL
[0.529s] -- Installing: /home/dwduong74/yahboom_src/install/dogzilla_description/share/dogzilla_description/meshes_dog/XGO/rf_upper_leg_link.STL
[0.529s] -- Installing: /home/dwduong74/yahboom_src/install/dogzilla_description/share/dogzilla_description/meshes_dog/XGO/lf_upper_leg_link.STL
[0.530s] -- Installing: /home/dwduong74/yahboom_src/install/dogzilla_description/share/dogzilla_description/meshes_dog/XGO/rf_lower_leg_link.STL
[0.530s] -- Installing: /home/dwduong74/yahboom_src/install/dogzilla_description/share/dogzilla_description/meshes_dog/XGO/rf_hip_link.STL
[0.530s] -- Installing: /home/dwduong74/yahboom_src/install/dogzilla_description/share/dogzilla_description/meshes_dog/XGO/rh_lower_leg_link.STL
[0.531s] -- Installing: /home/dwduong74/yahboom_src/install/dogzilla_description/share/dogzilla_description/meshes_dog/XGO/lf_hip_link.STL
[0.531s] -- Installing: /home/dwduong74/yahboom_src/install/dogzilla_description/share/dogzilla_description/meshes_dog/XGO/camera_link.STL
[0.533s] -- Installing: /home/dwduong74/yahboom_src/install/dogzilla_description/share/dogzilla_description/meshes_dog/XGO/rh_upper_leg_link.STL
[0.534s] -- Installing: /home/dwduong74/yahboom_src/install/dogzilla_description/share/dogzilla_description/meshes_dog/XGO/laser_link.STL
[0.544s] -- Installing: /home/dwduong74/yahboom_src/install/dogzilla_description/share/dogzilla_description/meshes_dog/XGO/lh_lower_leg_link.STL
[0.545s] -- Installing: /home/dwduong74/yahboom_src/install/dogzilla_description/share/dogzilla_description/meshes_dog/XGO/lf_lower_leg_link.STL
[0.545s] -- Installing: /home/dwduong74/yahboom_src/install/dogzilla_description/share/dogzilla_description/meshes_dog/XGO/lh_upper_leg_link.STL
[0.545s] -- Installing: /home/dwduong74/yahboom_src/install/dogzilla_description/share/dogzilla_description/meshes_dog/XGO/rh_hip_link.STL
[0.545s] -- Installing: /home/dwduong74/yahboom_src/install/dogzilla_description/share/dogzilla_description/meshes_dog/lh_upper_leg_link.STL
[0.545s] -- Installing: /home/dwduong74/yahboom_src/install/dogzilla_description/share/dogzilla_description/meshes_dog/rh_hip_link.STL
[0.546s] -- Up-to-date: /home/dwduong74/yahboom_src/install/dogzilla_description/share/dogzilla_description/urdf
[0.546s] -- Installing: /home/dwduong74/yahboom_src/install/dogzilla_description/share/dogzilla_description/urdf/Amended_collision_model.png
[0.549s] -- Installing: /home/dwduong74/yahboom_src/install/dogzilla_description/share/dogzilla_description/urdf/dogzilla_description.urdf
[0.550s] -- Up-to-date: /home/dwduong74/yahboom_src/install/dogzilla_description/share/dogzilla_description/urdf/.history
[0.550s] -- Installing: /home/dwduong74/yahboom_src/install/dogzilla_description/share/dogzilla_description/urdf/.history/dogzilla_description_20230904144240.urdf
[0.552s] -- Installing: /home/dwduong74/yahboom_src/install/dogzilla_description/share/dogzilla_description/urdf/.history/dogzilla_description_20230905115215.urdf
[0.552s] -- Installing: /home/dwduong74/yahboom_src/install/dogzilla_description/share/dogzilla_description/urdf/.history/dogzilla_description_20230905113755.urdf
[0.553s] -- Installing: /home/dwduong74/yahboom_src/install/dogzilla_description/share/dogzilla_description/urdf/.history/dogzilla_description_20230905113059.urdf
[0.553s] -- Installing: /home/dwduong74/yahboom_src/install/dogzilla_description/share/dogzilla_description/urdf/.history/dogzilla_description_20230904182446.urdf
[0.553s] -- Installing: /home/dwduong74/yahboom_src/install/dogzilla_description/share/dogzilla_description/urdf/.history/dogzilla_description_20230905113633.urdf
[0.559s] -- Installing: /home/dwduong74/yahboom_src/install/dogzilla_description/share/dogzilla_description/urdf/.history/dogzilla_description_20230905115313.urdf
[0.560s] -- Installing: /home/dwduong74/yahboom_src/install/dogzilla_description/share/dogzilla_description/urdf/.history/dogzilla_description_20230904193711.urdf
[0.562s] -- Installing: /home/dwduong74/yahboom_src/install/dogzilla_description/share/dogzilla_description/urdf/.history/dogzilla_description_20230905112944.urdf
[0.566s] -- Installing: /home/dwduong74/yahboom_src/install/dogzilla_description/share/dogzilla_description/urdf/.history/dogzilla_description_20230905115021.urdf
[0.566s] -- Installing: /home/dwduong74/yahboom_src/install/dogzilla_description/share/dogzilla_description/urdf/.history/dogzilla_description_20230905112749.urdf
[0.567s] -- Installing: /home/dwduong74/yahboom_src/install/dogzilla_description/share/dogzilla_description/urdf/.history/dogzilla_description_20230904193710.urdf
[0.569s] -- Installing: /home/dwduong74/yahboom_src/install/dogzilla_description/share/dogzilla_description/urdf/.history/dogzilla_description_20230905114819.urdf
[0.575s] -- Installing: /home/dwduong74/yahboom_src/install/dogzilla_description/share/dogzilla_description/urdf/.history/dogzilla_description_20230905113000.urdf
[0.583s] -- Installing: /home/dwduong74/yahboom_src/install/dogzilla_description/share/dogzilla_description/urdf/.history/dogzilla_description_20230905112047.urdf
[0.583s] -- Installing: /home/dwduong74/yahboom_src/install/dogzilla_description/share/dogzilla_description/urdf/.history/dogzilla_description_20230904193628.urdf
[0.583s] -- Installing: /home/dwduong74/yahboom_src/install/dogzilla_description/share/dogzilla_description/urdf/.history/dogzilla_description_20230905114759.urdf
[0.585s] -- Installing: /home/dwduong74/yahboom_src/install/dogzilla_description/share/dogzilla_description/urdf/.history/dogzilla_description_20230904193705.urdf
[0.586s] -- Installing: /home/dwduong74/yahboom_src/install/dogzilla_description/share/dogzilla_description/urdf/.history/dogzilla_description_20230905115022.urdf
[0.586s] -- Installing: /home/dwduong74/yahboom_src/install/dogzilla_description/share/dogzilla_description/urdf/.history/dogzilla_description_20230905113840.urdf
[0.587s] -- Installing: /home/dwduong74/yahboom_src/install/dogzilla_description/share/dogzilla_description/urdf/.history/dogzilla_description_20230904193653.urdf
[0.588s] -- Installing: /home/dwduong74/yahboom_src/install/dogzilla_description/share/dogzilla_description/urdf/.history/dogzilla_description_20230905115040.urdf
[0.588s] -- Installing: /home/dwduong74/yahboom_src/install/dogzilla_description/share/dogzilla_description/urdf/.history/dogzilla_description_20230904193644.urdf
[0.588s] -- Installing: /home/dwduong74/yahboom_src/install/dogzilla_description/share/dogzilla_description/urdf/.history/dogzilla_description_20230905112143.urdf
[0.591s] -- Installing: /home/dwduong74/yahboom_src/install/dogzilla_description/share/dogzilla_description/urdf/.history/dogzilla_description_20230905112217.urdf
[0.592s] -- Installing: /home/dwduong74/yahboom_src/install/dogzilla_description/share/dogzilla_description/urdf/.history/dogzilla_description_20230905113754.urdf
[0.592s] -- Installing: /home/dwduong74/yahboom_src/install/dogzilla_description/share/dogzilla_description/urdf/.history/dogzilla_description_20230905113839.urdf
[0.592s] -- Installing: /home/dwduong74/yahboom_src/install/dogzilla_description/share/dogzilla_description/urdf/.history/dogzilla_description_20230905115300.urdf
[0.592s] -- Installing: /home/dwduong74/yahboom_src/install/dogzilla_description/share/dogzilla_description/urdf/.history/dogzilla_description_20230905112752.urdf
[0.592s] -- Installing: /home/dwduong74/yahboom_src/install/dogzilla_description/share/dogzilla_description/urdf/.history/dogzilla_description_20230905112735.urdf
[0.597s] -- Installing: /home/dwduong74/yahboom_src/install/dogzilla_description/share/dogzilla_description/urdf/.history/dogzilla_description_20230905115226.urdf
[0.598s] -- Installing: /home/dwduong74/yahboom_src/install/dogzilla_description/share/dogzilla_description/urdf/Normal_collision_model.png
[0.598s] -- Up-to-date: /home/dwduong74/yahboom_src/install/dogzilla_description/share/dogzilla_description/xacro
[0.598s] -- Installing: /home/dwduong74/yahboom_src/install/dogzilla_description/share/dogzilla_description/xacro/robot.xacro
[0.598s] -- Installing: /home/dwduong74/yahboom_src/install/dogzilla_description/share/dogzilla_description/xacro/velodyne.xacro
[0.598s] -- Installing: /home/dwduong74/yahboom_src/install/dogzilla_description/share/dogzilla_description/xacro/transmission.xacro
[0.599s] -- Installing: /home/dwduong74/yahboom_src/install/dogzilla_description/share/dogzilla_description/xacro/yahboom_xgo_rviz.xacro
[0.599s] -- Installing: /home/dwduong74/yahboom_src/install/dogzilla_description/share/dogzilla_description/xacro/gazebo.xacro
[0.600s] -- Installing: /home/dwduong74/yahboom_src/install/dogzilla_description/share/dogzilla_description/xacro/materials.xacro
[0.601s] -- Installing: /home/dwduong74/yahboom_src/install/dogzilla_description/share/dogzilla_description/xacro/robot_VLP.xacro
[0.602s] -- Installing: /home/dwduong74/yahboom_src/install/dogzilla_description/share/dogzilla_description/xacro/leg.xacro
[0.602s] -- Installing: /home/dwduong74/yahboom_src/install/dogzilla_description/share/dogzilla_description/xacro/laser.xacro
[0.603s] -- Installing: /home/dwduong74/yahboom_src/install/dogzilla_description/share/ament_index/resource_index/package_run_dependencies/dogzilla_description
[0.609s] -- Installing: /home/dwduong74/yahboom_src/install/dogzilla_description/share/ament_index/resource_index/parent_prefix_path/dogzilla_description
[0.612s] -- Installing: /home/dwduong74/yahboom_src/install/dogzilla_description/share/dogzilla_description/environment/ament_prefix_path.sh
[0.612s] -- Installing: /home/dwduong74/yahboom_src/install/dogzilla_description/share/dogzilla_description/environment/ament_prefix_path.dsv
[0.612s] -- Installing: /home/dwduong74/yahboom_src/install/dogzilla_description/share/dogzilla_description/environment/path.sh
[0.612s] -- Installing: /home/dwduong74/yahboom_src/install/dogzilla_description/share/dogzilla_description/environment/path.dsv
[0.612s] -- Installing: /home/dwduong74/yahboom_src/install/dogzilla_description/share/dogzilla_description/local_setup.bash
[0.612s] -- Installing: /home/dwduong74/yahboom_src/install/dogzilla_description/share/dogzilla_description/local_setup.sh
[0.613s] -- Installing: /home/dwduong74/yahboom_src/install/dogzilla_description/share/dogzilla_description/local_setup.zsh
[0.614s] -- Installing: /home/dwduong74/yahboom_src/install/dogzilla_description/share/dogzilla_description/local_setup.dsv
[0.614s] -- Installing: /home/dwduong74/yahboom_src/install/dogzilla_description/share/dogzilla_description/package.dsv
[0.615s] -- Installing: /home/dwduong74/yahboom_src/install/dogzilla_description/share/ament_index/resource_index/packages/dogzilla_description
[0.615s] -- Installing: /home/dwduong74/yahboom_src/install/dogzilla_description/share/dogzilla_description/cmake/dogzilla_descriptionConfig.cmake
[0.615s] -- Installing: /home/dwduong74/yahboom_src/install/dogzilla_description/share/dogzilla_description/cmake/dogzilla_descriptionConfig-version.cmake
[0.615s] -- Installing: /home/dwduong74/yahboom_src/install/dogzilla_description/share/dogzilla_description/package.xml
[0.777s] Invoked command in '/home/dwduong74/yahboom_src/build/dogzilla_description' returned '0': CMAKE_PREFIX_PATH=${CMAKE_PREFIX_PATH}:/home/dwduong74/yahboom_src/install/yahboom_set_height:/home/dwduong74/yahboom_src/install/yahboom_mediapipe:/home/dwduong74/yahboom_src/install/yahboom_gait:/home/dwduong74/yahboom_src/install/yahboom_dog_joint_state:/home/dwduong74/yahboom_src/install/yahboom_description:/home/dwduong74/yahboom_src/install/yahboom_bringup:/home/dwduong74/yahboom_src/install/yahboom_base:/home/dwduong74/yahboom_src/install/yahboom_app_save_map:/home/dwduong74/yahboom_src/install/tf_publisher:/home/dwduong74/yahboom_src/install/bringup:/home/dwduong74/LUMI_ws/install/custom_explorer:/opt/ros/humble /usr/bin/cmake --install /home/dwduong74/yahboom_src/build/dogzilla_description
