[0.790s] Invoking command in '/home/dwduong74/yahboom_src/build/champ_bringup': CMAKE_PREFIX_PATH=/home/dwduong74/yahboom_src/install/champ_description:/home/dwduong74/yahboom_src/install/champ_base:/home/dwduong74/yahboom_src/install/velodyne_gazebo_plugins:/home/dwduong74/yahboom_src/install/champ_msgs:/home/dwduong74/yahboom_src/install/champ:/home/dwduong74/yahboom_src/install/yahboom_msgs:/home/dwduong74/yahboom_src/install/velodyne_simulator:/home/dwduong74/yahboom_src/install/velodyne_description:/home/dwduong74/yahboom_src/install/champ_bringup:/home/dwduong74/yahboom_src/install/oradar_lidar:/home/dwduong74/yahboom_src/install/image_color_lab:/home/dwduong74/yahboom_src/install/go2_description:/home/dwduong74/yahboom_src/install/go2_config:/home/dwduong74/yahboom_src/install/dogzilla_description:/home/dwduong74/yahboom_src/install/dogzilla_config:/home/dwduong74/yahboom_src/install/champ_teleop:/home/dwduong74/yahboom_src/install/champ_navigation:/home/dwduong74/yahboom_src/install/champ_gazebo:/home/dwduong74/yahboom_src/install/champ_config:/home/dwduong74/LUMI_ws/install/turtlebot3_manipulation_gazebo:/home/dwduong74/LUMI_ws/install/champ:/home/dwduong74/LUMI_ws/install/rf2o_laser_odometry:/home/dwduong74/yahboom_src/install/yahboom_set_height:/home/dwduong74/yahboom_src/install/yahboom_mediapipe:/home/dwduong74/yahboom_src/install/yahboom_gait:/home/dwduong74/yahboom_src/install/yahboom_dog_joint_state:/home/dwduong74/yahboom_src/install/yahboom_description:/home/dwduong74/yahboom_src/install/yahboom_bringup:/home/dwduong74/yahboom_src/install/yahboom_base:/home/dwduong74/yahboom_src/install/yahboom_app_save_map:/home/dwduong74/yahboom_src/install/tf_publisher:/home/dwduong74/yahboom_src/install/bringup:/home/dwduong74/LUMI_ws/install/custom_explorer:/opt/ros/humble LD_LIBRARY_PATH=/home/dwduong74/yahboom_src/install/champ_base/lib:/home/dwduong74/yahboom_src/install/velodyne_gazebo_plugins/lib:/home/dwduong74/yahboom_src/install/champ_msgs/lib:/home/dwduong74/yahboom_src/install/yahboom_msgs/lib:/home/dwduong74/yahboom_src/install/image_color_lab/lib:/usr/lib/x86_64-linux-gnu/gazebo-11/plugins:/opt/ros/humble/opt/rviz_ogre_vendor/lib:/opt/ros/humble/lib/x86_64-linux-gnu:/opt/ros/humble/lib PATH=/home/dwduong74/yahboom_src/install/champ_base/bin:/home/dwduong74/yahboom_src/install/oradar_lidar/bin:/home/dwduong74/yahboom_src/install/champ_gazebo/bin:/usr/bin:/home/dwduong74/.local/bin:/home/dwduong74/.local/bin:/opt/ros/humble/bin:/usr/local/sbin:/usr/local/bin:/usr/sbin:/usr/bin:/sbin:/bin:/usr/games:/usr/local/games:/snap/bin /usr/bin/cmake --build /home/dwduong74/yahboom_src/build/champ_bringup -- -j8 -l8
[0.913s] Built target ament_cmake_python_copy_champ_bringup
[1.801s] running egg_info
[1.802s] writing champ_bringup.egg-info/PKG-INFO
[1.802s] writing dependency_links to champ_bringup.egg-info/dependency_links.txt
[1.802s] writing top-level names to champ_bringup.egg-info/top_level.txt
[1.807s] reading manifest file 'champ_bringup.egg-info/SOURCES.txt'
[1.807s] writing manifest file 'champ_bringup.egg-info/SOURCES.txt'
[1.841s] Built target ament_cmake_python_build_champ_bringup_egg
[1.855s] Invoked command in '/home/dwduong74/yahboom_src/build/champ_bringup' returned '0': CMAKE_PREFIX_PATH=/home/dwduong74/yahboom_src/install/champ_description:/home/dwduong74/yahboom_src/install/champ_base:/home/dwduong74/yahboom_src/install/velodyne_gazebo_plugins:/home/dwduong74/yahboom_src/install/champ_msgs:/home/dwduong74/yahboom_src/install/champ:/home/dwduong74/yahboom_src/install/yahboom_msgs:/home/dwduong74/yahboom_src/install/velodyne_simulator:/home/dwduong74/yahboom_src/install/velodyne_description:/home/dwduong74/yahboom_src/install/champ_bringup:/home/dwduong74/yahboom_src/install/oradar_lidar:/home/dwduong74/yahboom_src/install/image_color_lab:/home/dwduong74/yahboom_src/install/go2_description:/home/dwduong74/yahboom_src/install/go2_config:/home/dwduong74/yahboom_src/install/dogzilla_description:/home/dwduong74/yahboom_src/install/dogzilla_config:/home/dwduong74/yahboom_src/install/champ_teleop:/home/dwduong74/yahboom_src/install/champ_navigation:/home/dwduong74/yahboom_src/install/champ_gazebo:/home/dwduong74/yahboom_src/install/champ_config:/home/dwduong74/LUMI_ws/install/turtlebot3_manipulation_gazebo:/home/dwduong74/LUMI_ws/install/champ:/home/dwduong74/LUMI_ws/install/rf2o_laser_odometry:/home/dwduong74/yahboom_src/install/yahboom_set_height:/home/dwduong74/yahboom_src/install/yahboom_mediapipe:/home/dwduong74/yahboom_src/install/yahboom_gait:/home/dwduong74/yahboom_src/install/yahboom_dog_joint_state:/home/dwduong74/yahboom_src/install/yahboom_description:/home/dwduong74/yahboom_src/install/yahboom_bringup:/home/dwduong74/yahboom_src/install/yahboom_base:/home/dwduong74/yahboom_src/install/yahboom_app_save_map:/home/dwduong74/yahboom_src/install/tf_publisher:/home/dwduong74/yahboom_src/install/bringup:/home/dwduong74/LUMI_ws/install/custom_explorer:/opt/ros/humble LD_LIBRARY_PATH=/home/dwduong74/yahboom_src/install/champ_base/lib:/home/dwduong74/yahboom_src/install/velodyne_gazebo_plugins/lib:/home/dwduong74/yahboom_src/install/champ_msgs/lib:/home/dwduong74/yahboom_src/install/yahboom_msgs/lib:/home/dwduong74/yahboom_src/install/image_color_lab/lib:/usr/lib/x86_64-linux-gnu/gazebo-11/plugins:/opt/ros/humble/opt/rviz_ogre_vendor/lib:/opt/ros/humble/lib/x86_64-linux-gnu:/opt/ros/humble/lib PATH=/home/dwduong74/yahboom_src/install/champ_base/bin:/home/dwduong74/yahboom_src/install/oradar_lidar/bin:/home/dwduong74/yahboom_src/install/champ_gazebo/bin:/usr/bin:/home/dwduong74/.local/bin:/home/dwduong74/.local/bin:/opt/ros/humble/bin:/usr/local/sbin:/usr/local/bin:/usr/sbin:/usr/bin:/sbin:/bin:/usr/games:/usr/local/games:/snap/bin /usr/bin/cmake --build /home/dwduong74/yahboom_src/build/champ_bringup -- -j8 -l8
[1.857s] Invoking command in '/home/dwduong74/yahboom_src/build/champ_bringup': CMAKE_PREFIX_PATH=/home/dwduong74/yahboom_src/install/champ_description:/home/dwduong74/yahboom_src/install/champ_base:/home/dwduong74/yahboom_src/install/velodyne_gazebo_plugins:/home/dwduong74/yahboom_src/install/champ_msgs:/home/dwduong74/yahboom_src/install/champ:/home/dwduong74/yahboom_src/install/yahboom_msgs:/home/dwduong74/yahboom_src/install/velodyne_simulator:/home/dwduong74/yahboom_src/install/velodyne_description:/home/dwduong74/yahboom_src/install/champ_bringup:/home/dwduong74/yahboom_src/install/oradar_lidar:/home/dwduong74/yahboom_src/install/image_color_lab:/home/dwduong74/yahboom_src/install/go2_description:/home/dwduong74/yahboom_src/install/go2_config:/home/dwduong74/yahboom_src/install/dogzilla_description:/home/dwduong74/yahboom_src/install/dogzilla_config:/home/dwduong74/yahboom_src/install/champ_teleop:/home/dwduong74/yahboom_src/install/champ_navigation:/home/dwduong74/yahboom_src/install/champ_gazebo:/home/dwduong74/yahboom_src/install/champ_config:/home/dwduong74/LUMI_ws/install/turtlebot3_manipulation_gazebo:/home/dwduong74/LUMI_ws/install/champ:/home/dwduong74/LUMI_ws/install/rf2o_laser_odometry:/home/dwduong74/yahboom_src/install/yahboom_set_height:/home/dwduong74/yahboom_src/install/yahboom_mediapipe:/home/dwduong74/yahboom_src/install/yahboom_gait:/home/dwduong74/yahboom_src/install/yahboom_dog_joint_state:/home/dwduong74/yahboom_src/install/yahboom_description:/home/dwduong74/yahboom_src/install/yahboom_bringup:/home/dwduong74/yahboom_src/install/yahboom_base:/home/dwduong74/yahboom_src/install/yahboom_app_save_map:/home/dwduong74/yahboom_src/install/tf_publisher:/home/dwduong74/yahboom_src/install/bringup:/home/dwduong74/LUMI_ws/install/custom_explorer:/opt/ros/humble LD_LIBRARY_PATH=/home/dwduong74/yahboom_src/install/champ_base/lib:/home/dwduong74/yahboom_src/install/velodyne_gazebo_plugins/lib:/home/dwduong74/yahboom_src/install/champ_msgs/lib:/home/dwduong74/yahboom_src/install/yahboom_msgs/lib:/home/dwduong74/yahboom_src/install/image_color_lab/lib:/usr/lib/x86_64-linux-gnu/gazebo-11/plugins:/opt/ros/humble/opt/rviz_ogre_vendor/lib:/opt/ros/humble/lib/x86_64-linux-gnu:/opt/ros/humble/lib PATH=/home/dwduong74/yahboom_src/install/champ_base/bin:/home/dwduong74/yahboom_src/install/oradar_lidar/bin:/home/dwduong74/yahboom_src/install/champ_gazebo/bin:/usr/bin:/home/dwduong74/.local/bin:/home/dwduong74/.local/bin:/opt/ros/humble/bin:/usr/local/sbin:/usr/local/bin:/usr/sbin:/usr/bin:/sbin:/bin:/usr/games:/usr/local/games:/snap/bin /usr/bin/cmake --install /home/dwduong74/yahboom_src/build/champ_bringup
[1.871s] -- Install configuration: ""
[1.871s] -- Up-to-date: /home/dwduong74/yahboom_src/install/champ_bringup/share/champ_bringup/launch
[1.871s] -- Up-to-date: /home/dwduong74/yahboom_src/install/champ_bringup/share/champ_bringup/launch/bringup.launch
[1.872s] -- Up-to-date: /home/dwduong74/yahboom_src/install/champ_bringup/share/champ_bringup/launch/bringup.launch.py
[1.872s] -- Up-to-date: /home/dwduong74/yahboom_src/install/champ_bringup/share/champ_bringup/launch/joints_gui.launch.py
[1.872s] -- Up-to-date: /home/dwduong74/yahboom_src/install/champ_bringup/share/champ_bringup/launch/include
[1.872s] -- Up-to-date: /home/dwduong74/yahboom_src/install/champ_bringup/share/champ_bringup/launch/include/velocity_smoother.launch
[1.872s] -- Up-to-date: /home/dwduong74/yahboom_src/install/champ_bringup/share/champ_bringup/launch/include/laser
[1.872s] -- Up-to-date: /home/dwduong74/yahboom_src/install/champ_bringup/share/champ_bringup/launch/include/laser/d435.launch
[1.872s] -- Up-to-date: /home/dwduong74/yahboom_src/install/champ_bringup/share/champ_bringup/launch/include/laser/rplidar.launch
[1.873s] -- Up-to-date: /home/dwduong74/yahboom_src/install/champ_bringup/share/champ_bringup/launch/include/laser/xv11.launch
[1.873s] -- Up-to-date: /home/dwduong74/yahboom_src/install/champ_bringup/share/champ_bringup/launch/include/laser/sim.launch
[1.873s] -- Up-to-date: /home/dwduong74/yahboom_src/install/champ_bringup/share/champ_bringup/launch/include/laser/hokuyo.launch
[1.873s] -- Up-to-date: /home/dwduong74/yahboom_src/install/champ_bringup/share/champ_bringup/launch/include/laser/ydlidar.launch
[1.873s] -- Up-to-date: /home/dwduong74/yahboom_src/install/champ_bringup/share/champ_bringup/launch/include/laser/realsense.launch
[1.873s] -- Up-to-date: /home/dwduong74/yahboom_src/install/champ_bringup/share/champ_bringup/launch/include/laser/sweep.launch
[1.874s] -- Up-to-date: /home/dwduong74/yahboom_src/install/champ_bringup/share/champ_bringup/launch/include/laser/lms1xx.launch
[1.874s] -- Up-to-date: /home/dwduong74/yahboom_src/install/champ_bringup/share/champ_bringup/launch/include/laser/kinect.launch
[1.874s] -- Up-to-date: /home/dwduong74/yahboom_src/install/champ_bringup/share/champ_bringup/launch/joints_gui.launch
[1.874s] -- Up-to-date: /home/dwduong74/yahboom_src/install/champ_bringup/share/champ_bringup/environment/pythonpath.sh
[1.875s] -- Up-to-date: /home/dwduong74/yahboom_src/install/champ_bringup/share/champ_bringup/environment/pythonpath.dsv
[1.875s] -- Up-to-date: /home/dwduong74/yahboom_src/install/champ_bringup/local/lib/python3.10/dist-packages/champ_bringup-0.1.0-py3.10.egg-info
[1.875s] -- Installing: /home/dwduong74/yahboom_src/install/champ_bringup/local/lib/python3.10/dist-packages/champ_bringup-0.1.0-py3.10.egg-info/SOURCES.txt
[1.875s] -- Installing: /home/dwduong74/yahboom_src/install/champ_bringup/local/lib/python3.10/dist-packages/champ_bringup-0.1.0-py3.10.egg-info/top_level.txt
[1.875s] -- Installing: /home/dwduong74/yahboom_src/install/champ_bringup/local/lib/python3.10/dist-packages/champ_bringup-0.1.0-py3.10.egg-info/dependency_links.txt
[1.876s] -- Installing: /home/dwduong74/yahboom_src/install/champ_bringup/local/lib/python3.10/dist-packages/champ_bringup-0.1.0-py3.10.egg-info/PKG-INFO
[1.876s] -- Up-to-date: /home/dwduong74/yahboom_src/install/champ_bringup/local/lib/python3.10/dist-packages/champ_bringup
[1.876s] -- Up-to-date: /home/dwduong74/yahboom_src/install/champ_bringup/local/lib/python3.10/dist-packages/champ_bringup/joint_calibrator_relay.py
[1.876s] -- Up-to-date: /home/dwduong74/yahboom_src/install/champ_bringup/local/lib/python3.10/dist-packages/champ_bringup/__init__.py
[1.926s] Listing '/home/dwduong74/yahboom_src/install/champ_bringup/local/lib/python3.10/dist-packages/champ_bringup'...
[1.933s] -- Up-to-date: /home/dwduong74/yahboom_src/install/champ_bringup/lib/champ_bringup/joint_calibrator_relay.py
[1.933s] -- Up-to-date: /home/dwduong74/yahboom_src/install/champ_bringup/share/ament_index/resource_index/package_run_dependencies/champ_bringup
[1.933s] -- Up-to-date: /home/dwduong74/yahboom_src/install/champ_bringup/share/ament_index/resource_index/parent_prefix_path/champ_bringup
[1.933s] -- Up-to-date: /home/dwduong74/yahboom_src/install/champ_bringup/share/champ_bringup/environment/ament_prefix_path.sh
[1.933s] -- Up-to-date: /home/dwduong74/yahboom_src/install/champ_bringup/share/champ_bringup/environment/ament_prefix_path.dsv
[1.934s] -- Up-to-date: /home/dwduong74/yahboom_src/install/champ_bringup/share/champ_bringup/environment/path.sh
[1.934s] -- Up-to-date: /home/dwduong74/yahboom_src/install/champ_bringup/share/champ_bringup/environment/path.dsv
[1.934s] -- Up-to-date: /home/dwduong74/yahboom_src/install/champ_bringup/share/champ_bringup/local_setup.bash
[1.934s] -- Up-to-date: /home/dwduong74/yahboom_src/install/champ_bringup/share/champ_bringup/local_setup.sh
[1.934s] -- Up-to-date: /home/dwduong74/yahboom_src/install/champ_bringup/share/champ_bringup/local_setup.zsh
[1.934s] -- Up-to-date: /home/dwduong74/yahboom_src/install/champ_bringup/share/champ_bringup/local_setup.dsv
[1.934s] -- Installing: /home/dwduong74/yahboom_src/install/champ_bringup/share/champ_bringup/package.dsv
[1.934s] -- Up-to-date: /home/dwduong74/yahboom_src/install/champ_bringup/share/ament_index/resource_index/packages/champ_bringup
[1.934s] -- Up-to-date: /home/dwduong74/yahboom_src/install/champ_bringup/share/champ_bringup/cmake/champ_bringupConfig.cmake
[1.935s] -- Up-to-date: /home/dwduong74/yahboom_src/install/champ_bringup/share/champ_bringup/cmake/champ_bringupConfig-version.cmake
[1.935s] -- Up-to-date: /home/dwduong74/yahboom_src/install/champ_bringup/share/champ_bringup/package.xml
[1.937s] Invoked command in '/home/dwduong74/yahboom_src/build/champ_bringup' returned '0': CMAKE_PREFIX_PATH=/home/dwduong74/yahboom_src/install/champ_description:/home/dwduong74/yahboom_src/install/champ_base:/home/dwduong74/yahboom_src/install/velodyne_gazebo_plugins:/home/dwduong74/yahboom_src/install/champ_msgs:/home/dwduong74/yahboom_src/install/champ:/home/dwduong74/yahboom_src/install/yahboom_msgs:/home/dwduong74/yahboom_src/install/velodyne_simulator:/home/dwduong74/yahboom_src/install/velodyne_description:/home/dwduong74/yahboom_src/install/champ_bringup:/home/dwduong74/yahboom_src/install/oradar_lidar:/home/dwduong74/yahboom_src/install/image_color_lab:/home/dwduong74/yahboom_src/install/go2_description:/home/dwduong74/yahboom_src/install/go2_config:/home/dwduong74/yahboom_src/install/dogzilla_description:/home/dwduong74/yahboom_src/install/dogzilla_config:/home/dwduong74/yahboom_src/install/champ_teleop:/home/dwduong74/yahboom_src/install/champ_navigation:/home/dwduong74/yahboom_src/install/champ_gazebo:/home/dwduong74/yahboom_src/install/champ_config:/home/dwduong74/LUMI_ws/install/turtlebot3_manipulation_gazebo:/home/dwduong74/LUMI_ws/install/champ:/home/dwduong74/LUMI_ws/install/rf2o_laser_odometry:/home/dwduong74/yahboom_src/install/yahboom_set_height:/home/dwduong74/yahboom_src/install/yahboom_mediapipe:/home/dwduong74/yahboom_src/install/yahboom_gait:/home/dwduong74/yahboom_src/install/yahboom_dog_joint_state:/home/dwduong74/yahboom_src/install/yahboom_description:/home/dwduong74/yahboom_src/install/yahboom_bringup:/home/dwduong74/yahboom_src/install/yahboom_base:/home/dwduong74/yahboom_src/install/yahboom_app_save_map:/home/dwduong74/yahboom_src/install/tf_publisher:/home/dwduong74/yahboom_src/install/bringup:/home/dwduong74/LUMI_ws/install/custom_explorer:/opt/ros/humble LD_LIBRARY_PATH=/home/dwduong74/yahboom_src/install/champ_base/lib:/home/dwduong74/yahboom_src/install/velodyne_gazebo_plugins/lib:/home/dwduong74/yahboom_src/install/champ_msgs/lib:/home/dwduong74/yahboom_src/install/yahboom_msgs/lib:/home/dwduong74/yahboom_src/install/image_color_lab/lib:/usr/lib/x86_64-linux-gnu/gazebo-11/plugins:/opt/ros/humble/opt/rviz_ogre_vendor/lib:/opt/ros/humble/lib/x86_64-linux-gnu:/opt/ros/humble/lib PATH=/home/dwduong74/yahboom_src/install/champ_base/bin:/home/dwduong74/yahboom_src/install/oradar_lidar/bin:/home/dwduong74/yahboom_src/install/champ_gazebo/bin:/usr/bin:/home/dwduong74/.local/bin:/home/dwduong74/.local/bin:/opt/ros/humble/bin:/usr/local/sbin:/usr/local/bin:/usr/sbin:/usr/bin:/sbin:/bin:/usr/games:/usr/local/games:/snap/bin /usr/bin/cmake --install /home/dwduong74/yahboom_src/build/champ_bringup
