[4.527s] Invoking command in '/home/dwduong74/yahboom_src/src/yahboom_bringup': PYTHONPATH=/home/dwduong74/yahboom_src/build/yahboom_bringup/prefix_override:/usr/lib/python3/dist-packages/colcon_core/task/python/colcon_distutils_commands:/home/dwduong74/yahboom_src/install/yahboom_bringup/lib/python3.10/site-packages:${PYTHONPATH} /usr/bin/python3 -W ignore:setup.py install is deprecated -W ignore:easy_install command is deprecated setup.py egg_info --egg-base ../../build/yahboom_bringup build --build-base /home/dwduong74/yahboom_src/build/yahboom_bringup/build install --record /home/dwduong74/yahboom_src/build/yahboom_bringup/install.log --single-version-externally-managed install_data
[5.648s] running egg_info
[5.655s] writing ../../build/yahboom_bringup/yahboom_bringup.egg-info/PKG-INFO
[5.658s] writing dependency_links to ../../build/yahboom_bringup/yahboom_bringup.egg-info/dependency_links.txt
[5.664s] writing entry points to ../../build/yahboom_bringup/yahboom_bringup.egg-info/entry_points.txt
[5.665s] writing requirements to ../../build/yahboom_bringup/yahboom_bringup.egg-info/requires.txt
[5.665s] writing top-level names to ../../build/yahboom_bringup/yahboom_bringup.egg-info/top_level.txt
[5.677s] reading manifest file '../../build/yahboom_bringup/yahboom_bringup.egg-info/SOURCES.txt'
[5.682s] writing manifest file '../../build/yahboom_bringup/yahboom_bringup.egg-info/SOURCES.txt'
[5.683s] running build
[5.683s] running build_py
[5.684s] running install
[5.684s] running install_lib
[5.687s] running install_data
[5.691s] running install_egg_info
[5.694s] removing '/home/dwduong74/yahboom_src/install/yahboom_bringup/lib/python3.10/site-packages/yahboom_bringup-0.0.0-py3.10.egg-info' (and everything under it)
[5.698s] Copying ../../build/yahboom_bringup/yahboom_bringup.egg-info to /home/dwduong74/yahboom_src/install/yahboom_bringup/lib/python3.10/site-packages/yahboom_bringup-0.0.0-py3.10.egg-info
[5.698s] running install_scripts
[5.785s] writing list of installed files to '/home/dwduong74/yahboom_src/build/yahboom_bringup/install.log'
[5.845s] Invoked command in '/home/dwduong74/yahboom_src/src/yahboom_bringup' returned '0': PYTHONPATH=/home/dwduong74/yahboom_src/build/yahboom_bringup/prefix_override:/usr/lib/python3/dist-packages/colcon_core/task/python/colcon_distutils_commands:/home/dwduong74/yahboom_src/install/yahboom_bringup/lib/python3.10/site-packages:${PYTHONPATH} /usr/bin/python3 -W ignore:setup.py install is deprecated -W ignore:easy_install command is deprecated setup.py egg_info --egg-base ../../build/yahboom_bringup build --build-base /home/dwduong74/yahboom_src/build/yahboom_bringup/build install --record /home/dwduong74/yahboom_src/build/yahboom_bringup/install.log --single-version-externally-managed install_data
