[3.863s] Invoking command in '/home/dwduong74/yahboom_src/src/yahboom_base': PYTHONPATH=/home/dwduong74/yahboom_src/build/yahboom_base/prefix_override:/usr/lib/python3/dist-packages/colcon_core/task/python/colcon_distutils_commands:/home/dwduong74/yahboom_src/install/yahboom_base/lib/python3.10/site-packages:${PYTHONPATH} /usr/bin/python3 -W ignore:setup.py install is deprecated -W ignore:easy_install command is deprecated setup.py egg_info --egg-base ../../build/yahboom_base build --build-base /home/dwduong74/yahboom_src/build/yahboom_base/build install --record /home/dwduong74/yahboom_src/build/yahboom_base/install.log --single-version-externally-managed install_data
[4.731s] running egg_info
[4.732s] writing ../../build/yahboom_base/yahboom_base.egg-info/PKG-INFO
[4.734s] writing dependency_links to ../../build/yahboom_base/yahboom_base.egg-info/dependency_links.txt
[4.734s] writing entry points to ../../build/yahboom_base/yahboom_base.egg-info/entry_points.txt
[4.734s] writing requirements to ../../build/yahboom_base/yahboom_base.egg-info/requires.txt
[4.734s] writing top-level names to ../../build/yahboom_base/yahboom_base.egg-info/top_level.txt
[4.738s] reading manifest file '../../build/yahboom_base/yahboom_base.egg-info/SOURCES.txt'
[4.740s] writing manifest file '../../build/yahboom_base/yahboom_base.egg-info/SOURCES.txt'
[4.740s] running build
[4.741s] running build_py
[4.741s] running install
[4.742s] running install_lib
[4.745s] running install_data
[4.745s] running install_egg_info
[4.749s] removing '/home/dwduong74/yahboom_src/install/yahboom_base/lib/python3.10/site-packages/yahboom_base-0.0.0-py3.10.egg-info' (and everything under it)
[4.749s] Copying ../../build/yahboom_base/yahboom_base.egg-info to /home/dwduong74/yahboom_src/install/yahboom_base/lib/python3.10/site-packages/yahboom_base-0.0.0-py3.10.egg-info
[4.751s] running install_scripts
[4.782s] Installing base script to /home/dwduong74/yahboom_src/install/yahboom_base/lib/yahboom_base
[4.783s] Installing talker script to /home/dwduong74/yahboom_src/install/yahboom_base/lib/yahboom_base
[4.783s] writing list of installed files to '/home/dwduong74/yahboom_src/build/yahboom_base/install.log'
[5.336s] Invoked command in '/home/dwduong74/yahboom_src/src/yahboom_base' returned '0': PYTHONPATH=/home/dwduong74/yahboom_src/build/yahboom_base/prefix_override:/usr/lib/python3/dist-packages/colcon_core/task/python/colcon_distutils_commands:/home/dwduong74/yahboom_src/install/yahboom_base/lib/python3.10/site-packages:${PYTHONPATH} /usr/bin/python3 -W ignore:setup.py install is deprecated -W ignore:easy_install command is deprecated setup.py egg_info --egg-base ../../build/yahboom_base build --build-base /home/dwduong74/yahboom_src/build/yahboom_base/build install --record /home/dwduong74/yahboom_src/build/yahboom_base/install.log --single-version-externally-managed install_data
