-- Install configuration: ""
-- Installing: /home/dwduong74/yahboom_src/install/go2_description/share/go2_description/config
-- Installing: /home/dwduong74/yahboom_src/install/go2_description/share/go2_description/config/_joint_names_go2_description.yaml
-- Installing: /home/dwduong74/yahboom_src/install/go2_description/share/go2_description/config/_robot_control.yaml
-- Installing: /home/dwduong74/yahboom_src/install/go2_description/share/go2_description/config/ros_control
-- Installing: /home/dwduong74/yahboom_src/install/go2_description/share/go2_description/config/ros_control/ros_control.yaml
-- Installing: /home/dwduong74/yahboom_src/install/go2_description/share/go2_description/dae
-- Installing: /home/dwduong74/yahboom_src/install/go2_description/share/go2_description/dae/thigh_mirror.dae
-- Installing: /home/dwduong74/yahboom_src/install/go2_description/share/go2_description/dae/calf_mirror.dae
-- Installing: /home/dwduong74/yahboom_src/install/go2_description/share/go2_description/dae/thigh.dae
-- Installing: /home/dwduong74/yahboom_src/install/go2_description/share/go2_description/dae/hip.dae
-- Installing: /home/dwduong74/yahboom_src/install/go2_description/share/go2_description/dae/calf.dae
-- Installing: /home/dwduong74/yahboom_src/install/go2_description/share/go2_description/dae/foot.dae
-- Installing: /home/dwduong74/yahboom_src/install/go2_description/share/go2_description/dae/base.dae
-- Installing: /home/dwduong74/yahboom_src/install/go2_description/share/go2_description/launch
-- Installing: /home/dwduong74/yahboom_src/install/go2_description/share/go2_description/launch/description.launch.py
-- Installing: /home/dwduong74/yahboom_src/install/go2_description/share/go2_description/meshes
-- Installing: /home/dwduong74/yahboom_src/install/go2_description/share/go2_description/meshes/lh_hip_link.STL
-- Installing: /home/dwduong74/yahboom_src/install/go2_description/share/go2_description/meshes/base_link.STL
-- Installing: /home/dwduong74/yahboom_src/install/go2_description/share/go2_description/meshes/rf_upper_leg_link.STL
-- Installing: /home/dwduong74/yahboom_src/install/go2_description/share/go2_description/meshes/lf_upper_leg_link.STL
-- Installing: /home/dwduong74/yahboom_src/install/go2_description/share/go2_description/meshes/rf_lower_leg_link.STL
-- Installing: /home/dwduong74/yahboom_src/install/go2_description/share/go2_description/meshes/rf_hip_link.STL
-- Installing: /home/dwduong74/yahboom_src/install/go2_description/share/go2_description/meshes/rh_lower_leg_link.STL
-- Installing: /home/dwduong74/yahboom_src/install/go2_description/share/go2_description/meshes/lf_hip_link.STL
-- Installing: /home/dwduong74/yahboom_src/install/go2_description/share/go2_description/meshes/camera_link.STL
-- Installing: /home/dwduong74/yahboom_src/install/go2_description/share/go2_description/meshes/rh_upper_leg_link.STL
-- Installing: /home/dwduong74/yahboom_src/install/go2_description/share/go2_description/meshes/laser_link.STL
-- Installing: /home/dwduong74/yahboom_src/install/go2_description/share/go2_description/meshes/lh_lower_leg_link.STL
-- Installing: /home/dwduong74/yahboom_src/install/go2_description/share/go2_description/meshes/lf_lower_leg_link.STL
-- Installing: /home/dwduong74/yahboom_src/install/go2_description/share/go2_description/meshes/XGO
-- Installing: /home/dwduong74/yahboom_src/install/go2_description/share/go2_description/meshes/XGO/lh_hip_link.STL
-- Installing: /home/dwduong74/yahboom_src/install/go2_description/share/go2_description/meshes/XGO/base_link.STL
-- Installing: /home/dwduong74/yahboom_src/install/go2_description/share/go2_description/meshes/XGO/rf_upper_leg_link.STL
-- Installing: /home/dwduong74/yahboom_src/install/go2_description/share/go2_description/meshes/XGO/lf_upper_leg_link.STL
-- Installing: /home/dwduong74/yahboom_src/install/go2_description/share/go2_description/meshes/XGO/rf_lower_leg_link.STL
-- Installing: /home/dwduong74/yahboom_src/install/go2_description/share/go2_description/meshes/XGO/rf_hip_link.STL
-- Installing: /home/dwduong74/yahboom_src/install/go2_description/share/go2_description/meshes/XGO/rh_lower_leg_link.STL
-- Installing: /home/dwduong74/yahboom_src/install/go2_description/share/go2_description/meshes/XGO/lf_hip_link.STL
-- Installing: /home/dwduong74/yahboom_src/install/go2_description/share/go2_description/meshes/XGO/camera_link.STL
-- Installing: /home/dwduong74/yahboom_src/install/go2_description/share/go2_description/meshes/XGO/rh_upper_leg_link.STL
-- Installing: /home/dwduong74/yahboom_src/install/go2_description/share/go2_description/meshes/XGO/laser_link.STL
-- Installing: /home/dwduong74/yahboom_src/install/go2_description/share/go2_description/meshes/XGO/lh_lower_leg_link.STL
-- Installing: /home/dwduong74/yahboom_src/install/go2_description/share/go2_description/meshes/XGO/lf_lower_leg_link.STL
-- Installing: /home/dwduong74/yahboom_src/install/go2_description/share/go2_description/meshes/XGO/lh_upper_leg_link.STL
-- Installing: /home/dwduong74/yahboom_src/install/go2_description/share/go2_description/meshes/XGO/rh_hip_link.STL
-- Installing: /home/dwduong74/yahboom_src/install/go2_description/share/go2_description/meshes/lh_upper_leg_link.STL
-- Installing: /home/dwduong74/yahboom_src/install/go2_description/share/go2_description/meshes/rh_hip_link.STL
-- Installing: /home/dwduong74/yahboom_src/install/go2_description/share/go2_description/urdf
-- Installing: /home/dwduong74/yahboom_src/install/go2_description/share/go2_description/urdf/Amended_collision_model.png
-- Installing: /home/dwduong74/yahboom_src/install/go2_description/share/go2_description/urdf/.history
-- Installing: /home/dwduong74/yahboom_src/install/go2_description/share/go2_description/urdf/.history/go2_description_20230905113755.urdf
-- Installing: /home/dwduong74/yahboom_src/install/go2_description/share/go2_description/urdf/.history/go2_description_20230905115022.urdf
-- Installing: /home/dwduong74/yahboom_src/install/go2_description/share/go2_description/urdf/.history/go2_description_20230904193653.urdf
-- Installing: /home/dwduong74/yahboom_src/install/go2_description/share/go2_description/urdf/.history/go2_description_20230905112047.urdf
-- Installing: /home/dwduong74/yahboom_src/install/go2_description/share/go2_description/urdf/.history/go2_description_20230905112944.urdf
-- Installing: /home/dwduong74/yahboom_src/install/go2_description/share/go2_description/urdf/.history/go2_description_20230904182446.urdf
-- Installing: /home/dwduong74/yahboom_src/install/go2_description/share/go2_description/urdf/.history/go2_description_20230905115226.urdf
-- Installing: /home/dwduong74/yahboom_src/install/go2_description/share/go2_description/urdf/.history/go2_description_20230905112749.urdf
-- Installing: /home/dwduong74/yahboom_src/install/go2_description/share/go2_description/urdf/.history/go2_description_20230905113059.urdf
-- Installing: /home/dwduong74/yahboom_src/install/go2_description/share/go2_description/urdf/.history/go2_description_20230905115313.urdf
-- Installing: /home/dwduong74/yahboom_src/install/go2_description/share/go2_description/urdf/.history/go2_description_20230905115300.urdf
-- Installing: /home/dwduong74/yahboom_src/install/go2_description/share/go2_description/urdf/.history/go2_description_20230905113633.urdf
-- Installing: /home/dwduong74/yahboom_src/install/go2_description/share/go2_description/urdf/.history/go2_description_20230904193710.urdf
-- Installing: /home/dwduong74/yahboom_src/install/go2_description/share/go2_description/urdf/.history/go2_description_20230904144240.urdf
-- Installing: /home/dwduong74/yahboom_src/install/go2_description/share/go2_description/urdf/.history/go2_description_20230905112735.urdf
-- Installing: /home/dwduong74/yahboom_src/install/go2_description/share/go2_description/urdf/.history/go2_description_20230905115040.urdf
-- Installing: /home/dwduong74/yahboom_src/install/go2_description/share/go2_description/urdf/.history/go2_description_20230905114759.urdf
-- Installing: /home/dwduong74/yahboom_src/install/go2_description/share/go2_description/urdf/.history/go2_description_20230905113754.urdf
-- Installing: /home/dwduong74/yahboom_src/install/go2_description/share/go2_description/urdf/.history/go2_description_20230905113840.urdf
-- Installing: /home/dwduong74/yahboom_src/install/go2_description/share/go2_description/urdf/.history/go2_description_20230905112143.urdf
-- Installing: /home/dwduong74/yahboom_src/install/go2_description/share/go2_description/urdf/.history/go2_description_20230904193711.urdf
-- Installing: /home/dwduong74/yahboom_src/install/go2_description/share/go2_description/urdf/.history/go2_description_20230904193628.urdf
-- Installing: /home/dwduong74/yahboom_src/install/go2_description/share/go2_description/urdf/.history/go2_description_20230904193705.urdf
-- Installing: /home/dwduong74/yahboom_src/install/go2_description/share/go2_description/urdf/.history/go2_description_20230905115215.urdf
-- Installing: /home/dwduong74/yahboom_src/install/go2_description/share/go2_description/urdf/.history/go2_description_20230905114819.urdf
-- Installing: /home/dwduong74/yahboom_src/install/go2_description/share/go2_description/urdf/.history/go2_description_20230905115021.urdf
-- Installing: /home/dwduong74/yahboom_src/install/go2_description/share/go2_description/urdf/.history/go2_description_20230905113839.urdf
-- Installing: /home/dwduong74/yahboom_src/install/go2_description/share/go2_description/urdf/.history/go2_description_20230905112217.urdf
-- Installing: /home/dwduong74/yahboom_src/install/go2_description/share/go2_description/urdf/.history/go2_description_20230905113000.urdf
-- Installing: /home/dwduong74/yahboom_src/install/go2_description/share/go2_description/urdf/.history/go2_description_20230905112752.urdf
-- Installing: /home/dwduong74/yahboom_src/install/go2_description/share/go2_description/urdf/.history/go2_description_20230904193644.urdf
-- Installing: /home/dwduong74/yahboom_src/install/go2_description/share/go2_description/urdf/Normal_collision_model.png
-- Installing: /home/dwduong74/yahboom_src/install/go2_description/share/go2_description/urdf/go2_description.urdf
-- Installing: /home/dwduong74/yahboom_src/install/go2_description/share/go2_description/xacro
-- Installing: /home/dwduong74/yahboom_src/install/go2_description/share/go2_description/xacro/const.xacro
-- Installing: /home/dwduong74/yahboom_src/install/go2_description/share/go2_description/xacro/robot.xacro
-- Installing: /home/dwduong74/yahboom_src/install/go2_description/share/go2_description/xacro/velodyne.xacro
-- Installing: /home/dwduong74/yahboom_src/install/go2_description/share/go2_description/xacro/transmission.xacro
-- Installing: /home/dwduong74/yahboom_src/install/go2_description/share/go2_description/xacro/gazebo.xacro
-- Installing: /home/dwduong74/yahboom_src/install/go2_description/share/go2_description/xacro/materials.xacro
-- Installing: /home/dwduong74/yahboom_src/install/go2_description/share/go2_description/xacro/robot_VLP.xacro
-- Installing: /home/dwduong74/yahboom_src/install/go2_description/share/go2_description/xacro/leg.xacro
-- Installing: /home/dwduong74/yahboom_src/install/go2_description/share/go2_description/xacro/laser.xacro
-- Installing: /home/dwduong74/yahboom_src/install/go2_description/share/ament_index/resource_index/package_run_dependencies/go2_description
-- Installing: /home/dwduong74/yahboom_src/install/go2_description/share/ament_index/resource_index/parent_prefix_path/go2_description
-- Installing: /home/dwduong74/yahboom_src/install/go2_description/share/go2_description/environment/ament_prefix_path.sh
-- Installing: /home/dwduong74/yahboom_src/install/go2_description/share/go2_description/environment/ament_prefix_path.dsv
-- Installing: /home/dwduong74/yahboom_src/install/go2_description/share/go2_description/environment/path.sh
-- Installing: /home/dwduong74/yahboom_src/install/go2_description/share/go2_description/environment/path.dsv
-- Installing: /home/dwduong74/yahboom_src/install/go2_description/share/go2_description/local_setup.bash
-- Installing: /home/dwduong74/yahboom_src/install/go2_description/share/go2_description/local_setup.sh
-- Installing: /home/dwduong74/yahboom_src/install/go2_description/share/go2_description/local_setup.zsh
-- Installing: /home/dwduong74/yahboom_src/install/go2_description/share/go2_description/local_setup.dsv
-- Installing: /home/dwduong74/yahboom_src/install/go2_description/share/go2_description/package.dsv
-- Installing: /home/dwduong74/yahboom_src/install/go2_description/share/ament_index/resource_index/packages/go2_description
-- Installing: /home/dwduong74/yahboom_src/install/go2_description/share/go2_description/cmake/go2_descriptionConfig.cmake
-- Installing: /home/dwduong74/yahboom_src/install/go2_description/share/go2_description/cmake/go2_descriptionConfig-version.cmake
-- Installing: /home/dwduong74/yahboom_src/install/go2_description/share/go2_description/package.xml
