[0.687s] Invoking command in '/home/dwduong74/yahboom_src/build/champ_teleop': CMAKE_PREFIX_PATH=${CMAKE_PREFIX_PATH}:/home/dwduong74/yahboom_src/install/yahboom_set_height:/home/dwduong74/yahboom_src/install/yahboom_mediapipe:/home/dwduong74/yahboom_src/install/yahboom_gait:/home/dwduong74/yahboom_src/install/yahboom_dog_joint_state:/home/dwduong74/yahboom_src/install/yahboom_description:/home/dwduong74/yahboom_src/install/yahboom_bringup:/home/dwduong74/yahboom_src/install/yahboom_base:/home/dwduong74/yahboom_src/install/yahboom_app_save_map:/home/dwduong74/yahboom_src/install/tf_publisher:/home/dwduong74/yahboom_src/install/bringup:/home/dwduong74/LUMI_ws/install/custom_explorer:/opt/ros/humble /usr/bin/cmake --build /home/dwduong74/yahboom_src/build/champ_teleop -- -j8 -l8
[0.806s] Invoked command in '/home/dwduong74/yahboom_src/build/champ_teleop' returned '0': CMAKE_PREFIX_PATH=${CMAKE_PREFIX_PATH}:/home/dwduong74/yahboom_src/install/yahboom_set_height:/home/dwduong74/yahboom_src/install/yahboom_mediapipe:/home/dwduong74/yahboom_src/install/yahboom_gait:/home/dwduong74/yahboom_src/install/yahboom_dog_joint_state:/home/dwduong74/yahboom_src/install/yahboom_description:/home/dwduong74/yahboom_src/install/yahboom_bringup:/home/dwduong74/yahboom_src/install/yahboom_base:/home/dwduong74/yahboom_src/install/yahboom_app_save_map:/home/dwduong74/yahboom_src/install/tf_publisher:/home/dwduong74/yahboom_src/install/bringup:/home/dwduong74/LUMI_ws/install/custom_explorer:/opt/ros/humble /usr/bin/cmake --build /home/dwduong74/yahboom_src/build/champ_teleop -- -j8 -l8
[0.810s] Invoking command in '/home/dwduong74/yahboom_src/build/champ_teleop': CMAKE_PREFIX_PATH=${CMAKE_PREFIX_PATH}:/home/dwduong74/yahboom_src/install/yahboom_set_height:/home/dwduong74/yahboom_src/install/yahboom_mediapipe:/home/dwduong74/yahboom_src/install/yahboom_gait:/home/dwduong74/yahboom_src/install/yahboom_dog_joint_state:/home/dwduong74/yahboom_src/install/yahboom_description:/home/dwduong74/yahboom_src/install/yahboom_bringup:/home/dwduong74/yahboom_src/install/yahboom_base:/home/dwduong74/yahboom_src/install/yahboom_app_save_map:/home/dwduong74/yahboom_src/install/tf_publisher:/home/dwduong74/yahboom_src/install/bringup:/home/dwduong74/LUMI_ws/install/custom_explorer:/opt/ros/humble /usr/bin/cmake --install /home/dwduong74/yahboom_src/build/champ_teleop
[0.857s] -- Install configuration: ""
[0.857s] -- Up-to-date: /home/dwduong74/yahboom_src/install/champ_teleop/share/champ_teleop/launch
[0.857s] -- Up-to-date: /home/dwduong74/yahboom_src/install/champ_teleop/share/champ_teleop/launch/teleop.launch.py
[0.857s] -- Up-to-date: /home/dwduong74/yahboom_src/install/champ_teleop/lib/champ_teleop/champ_teleop.py
[0.858s] -- Up-to-date: /home/dwduong74/yahboom_src/install/champ_teleop/share/ament_index/resource_index/package_run_dependencies/champ_teleop
[0.858s] -- Up-to-date: /home/dwduong74/yahboom_src/install/champ_teleop/share/ament_index/resource_index/parent_prefix_path/champ_teleop
[0.858s] -- Up-to-date: /home/dwduong74/yahboom_src/install/champ_teleop/share/champ_teleop/environment/ament_prefix_path.sh
[0.858s] -- Up-to-date: /home/dwduong74/yahboom_src/install/champ_teleop/share/champ_teleop/environment/ament_prefix_path.dsv
[0.858s] -- Up-to-date: /home/dwduong74/yahboom_src/install/champ_teleop/share/champ_teleop/environment/path.sh
[0.858s] -- Up-to-date: /home/dwduong74/yahboom_src/install/champ_teleop/share/champ_teleop/environment/path.dsv
[0.859s] -- Up-to-date: /home/dwduong74/yahboom_src/install/champ_teleop/share/champ_teleop/local_setup.bash
[0.859s] -- Up-to-date: /home/dwduong74/yahboom_src/install/champ_teleop/share/champ_teleop/local_setup.sh
[0.859s] -- Up-to-date: /home/dwduong74/yahboom_src/install/champ_teleop/share/champ_teleop/local_setup.zsh
[0.859s] -- Up-to-date: /home/dwduong74/yahboom_src/install/champ_teleop/share/champ_teleop/local_setup.dsv
[0.859s] -- Installing: /home/dwduong74/yahboom_src/install/champ_teleop/share/champ_teleop/package.dsv
[0.860s] -- Up-to-date: /home/dwduong74/yahboom_src/install/champ_teleop/share/ament_index/resource_index/packages/champ_teleop
[0.860s] -- Up-to-date: /home/dwduong74/yahboom_src/install/champ_teleop/share/champ_teleop/cmake/champ_teleopConfig.cmake
[0.860s] -- Up-to-date: /home/dwduong74/yahboom_src/install/champ_teleop/share/champ_teleop/cmake/champ_teleopConfig-version.cmake
[0.860s] -- Up-to-date: /home/dwduong74/yahboom_src/install/champ_teleop/share/champ_teleop/package.xml
[0.941s] Invoked command in '/home/dwduong74/yahboom_src/build/champ_teleop' returned '0': CMAKE_PREFIX_PATH=${CMAKE_PREFIX_PATH}:/home/dwduong74/yahboom_src/install/yahboom_set_height:/home/dwduong74/yahboom_src/install/yahboom_mediapipe:/home/dwduong74/yahboom_src/install/yahboom_gait:/home/dwduong74/yahboom_src/install/yahboom_dog_joint_state:/home/dwduong74/yahboom_src/install/yahboom_description:/home/dwduong74/yahboom_src/install/yahboom_bringup:/home/dwduong74/yahboom_src/install/yahboom_base:/home/dwduong74/yahboom_src/install/yahboom_app_save_map:/home/dwduong74/yahboom_src/install/tf_publisher:/home/dwduong74/yahboom_src/install/bringup:/home/dwduong74/LUMI_ws/install/custom_explorer:/opt/ros/humble /usr/bin/cmake --install /home/dwduong74/yahboom_src/build/champ_teleop
