[5.533s] Invoking command in '/home/dwduong74/yahboom_src/src/yahboom_description': PYTHONPATH=/home/dwduong74/yahboom_src/build/yahboom_description/prefix_override:/usr/lib/python3/dist-packages/colcon_core/task/python/colcon_distutils_commands:/home/dwduong74/yahboom_src/install/yahboom_description/lib/python3.10/site-packages:${PYTHONPATH} /usr/bin/python3 -W ignore:setup.py install is deprecated -W ignore:easy_install command is deprecated setup.py egg_info --egg-base ../../build/yahboom_description build --build-base /home/dwduong74/yahboom_src/build/yahboom_description/build install --record /home/dwduong74/yahboom_src/build/yahboom_description/install.log --single-version-externally-managed install_data
[6.609s] running egg_info
[6.611s] writing ../../build/yahboom_description/yahboom_description.egg-info/PKG-INFO
[6.611s] writing dependency_links to ../../build/yahboom_description/yahboom_description.egg-info/dependency_links.txt
[6.612s] writing entry points to ../../build/yahboom_description/yahboom_description.egg-info/entry_points.txt
[6.612s] writing requirements to ../../build/yahboom_description/yahboom_description.egg-info/requires.txt
[6.612s] writing top-level names to ../../build/yahboom_description/yahboom_description.egg-info/top_level.txt
[6.616s] reading manifest file '../../build/yahboom_description/yahboom_description.egg-info/SOURCES.txt'
[6.619s] writing manifest file '../../build/yahboom_description/yahboom_description.egg-info/SOURCES.txt'
[6.621s] running build
[6.621s] running build_py
[6.621s] running install
[6.621s] running install_lib
[6.623s] running install_data
[6.625s] running install_egg_info
[6.629s] removing '/home/dwduong74/yahboom_src/install/yahboom_description/lib/python3.10/site-packages/yahboom_description-0.0.0-py3.10.egg-info' (and everything under it)
[6.631s] Copying ../../build/yahboom_description/yahboom_description.egg-info to /home/dwduong74/yahboom_src/install/yahboom_description/lib/python3.10/site-packages/yahboom_description-0.0.0-py3.10.egg-info
[6.632s] running install_scripts
[6.678s] writing list of installed files to '/home/dwduong74/yahboom_src/build/yahboom_description/install.log'
[6.736s] Invoked command in '/home/dwduong74/yahboom_src/src/yahboom_description' returned '0': PYTHONPATH=/home/dwduong74/yahboom_src/build/yahboom_description/prefix_override:/usr/lib/python3/dist-packages/colcon_core/task/python/colcon_distutils_commands:/home/dwduong74/yahboom_src/install/yahboom_description/lib/python3.10/site-packages:${PYTHONPATH} /usr/bin/python3 -W ignore:setup.py install is deprecated -W ignore:easy_install command is deprecated setup.py egg_info --egg-base ../../build/yahboom_description build --build-base /home/dwduong74/yahboom_src/build/yahboom_description/build install --record /home/dwduong74/yahboom_src/build/yahboom_description/install.log --single-version-externally-managed install_data
