[0.723s] Invoking command in '/home/dwduong74/yahboom_src/build/champ_config': CMAKE_PREFIX_PATH=${CMAKE_PREFIX_PATH}:/home/dwduong74/yahboom_src/install/yahboom_set_height:/home/dwduong74/yahboom_src/install/yahboom_mediapipe:/home/dwduong74/yahboom_src/install/yahboom_gait:/home/dwduong74/yahboom_src/install/yahboom_dog_joint_state:/home/dwduong74/yahboom_src/install/yahboom_description:/home/dwduong74/yahboom_src/install/yahboom_bringup:/home/dwduong74/yahboom_src/install/yahboom_base:/home/dwduong74/yahboom_src/install/yahboom_app_save_map:/home/dwduong74/yahboom_src/install/tf_publisher:/home/dwduong74/yahboom_src/install/bringup:/home/dwduong74/LUMI_ws/install/custom_explorer:/opt/ros/humble /usr/bin/cmake --build /home/dwduong74/yahboom_src/build/champ_config -- -j8 -l8
[0.790s] Invoked command in '/home/dwduong74/yahboom_src/build/champ_config' returned '0': CMAKE_PREFIX_PATH=${CMAKE_PREFIX_PATH}:/home/dwduong74/yahboom_src/install/yahboom_set_height:/home/dwduong74/yahboom_src/install/yahboom_mediapipe:/home/dwduong74/yahboom_src/install/yahboom_gait:/home/dwduong74/yahboom_src/install/yahboom_dog_joint_state:/home/dwduong74/yahboom_src/install/yahboom_description:/home/dwduong74/yahboom_src/install/yahboom_bringup:/home/dwduong74/yahboom_src/install/yahboom_base:/home/dwduong74/yahboom_src/install/yahboom_app_save_map:/home/dwduong74/yahboom_src/install/tf_publisher:/home/dwduong74/yahboom_src/install/bringup:/home/dwduong74/LUMI_ws/install/custom_explorer:/opt/ros/humble /usr/bin/cmake --build /home/dwduong74/yahboom_src/build/champ_config -- -j8 -l8
[0.801s] Invoking command in '/home/dwduong74/yahboom_src/build/champ_config': CMAKE_PREFIX_PATH=${CMAKE_PREFIX_PATH}:/home/dwduong74/yahboom_src/install/yahboom_set_height:/home/dwduong74/yahboom_src/install/yahboom_mediapipe:/home/dwduong74/yahboom_src/install/yahboom_gait:/home/dwduong74/yahboom_src/install/yahboom_dog_joint_state:/home/dwduong74/yahboom_src/install/yahboom_description:/home/dwduong74/yahboom_src/install/yahboom_bringup:/home/dwduong74/yahboom_src/install/yahboom_base:/home/dwduong74/yahboom_src/install/yahboom_app_save_map:/home/dwduong74/yahboom_src/install/tf_publisher:/home/dwduong74/yahboom_src/install/bringup:/home/dwduong74/LUMI_ws/install/custom_explorer:/opt/ros/humble /usr/bin/cmake --install /home/dwduong74/yahboom_src/build/champ_config
[0.831s] -- Install configuration: ""
[0.831s] -- Up-to-date: /home/dwduong74/yahboom_src/install/champ_config/share/champ_config/launch
[0.831s] -- Up-to-date: /home/dwduong74/yahboom_src/install/champ_config/share/champ_config/launch/gazebo.launch.py
[0.832s] -- Up-to-date: /home/dwduong74/yahboom_src/install/champ_config/share/champ_config/launch/bringup.launch.py
[0.832s] -- Up-to-date: /home/dwduong74/yahboom_src/install/champ_config/share/champ_config/launch/navigate.launch.py
[0.832s] -- Up-to-date: /home/dwduong74/yahboom_src/install/champ_config/share/champ_config/launch/slam.launch.py
[0.832s] -- Up-to-date: /home/dwduong74/yahboom_src/install/champ_config/share/champ_config/config
[0.832s] -- Up-to-date: /home/dwduong74/yahboom_src/install/champ_config/share/champ_config/config/gait
[0.832s] -- Up-to-date: /home/dwduong74/yahboom_src/install/champ_config/share/champ_config/config/gait/gait.yaml
[0.832s] -- Up-to-date: /home/dwduong74/yahboom_src/install/champ_config/share/champ_config/config/joints
[0.832s] -- Up-to-date: /home/dwduong74/yahboom_src/install/champ_config/share/champ_config/config/joints/joints.yaml
[0.833s] -- Up-to-date: /home/dwduong74/yahboom_src/install/champ_config/share/champ_config/config/links
[0.833s] -- Up-to-date: /home/dwduong74/yahboom_src/install/champ_config/share/champ_config/config/links/links.yaml
[0.833s] -- Up-to-date: /home/dwduong74/yahboom_src/install/champ_config/share/champ_config/config/autonomy
[0.833s] -- Up-to-date: /home/dwduong74/yahboom_src/install/champ_config/share/champ_config/config/autonomy/navigation.yaml
[0.833s] -- Up-to-date: /home/dwduong74/yahboom_src/install/champ_config/share/champ_config/config/autonomy/slam.yaml
[0.833s] -- Up-to-date: /home/dwduong74/yahboom_src/install/champ_config/share/champ_config/maps
[0.834s] -- Up-to-date: /home/dwduong74/yahboom_src/install/champ_config/share/champ_config/maps/map.pgm
[0.834s] -- Up-to-date: /home/dwduong74/yahboom_src/install/champ_config/share/champ_config/maps/playground.pgm
[0.834s] -- Up-to-date: /home/dwduong74/yahboom_src/install/champ_config/share/champ_config/maps/map.yaml
[0.834s] -- Up-to-date: /home/dwduong74/yahboom_src/install/champ_config/share/champ_config/maps/playground.yaml
[0.834s] -- Up-to-date: /home/dwduong74/yahboom_src/install/champ_config/share/champ_config/worlds
[0.834s] -- Up-to-date: /home/dwduong74/yahboom_src/install/champ_config/share/champ_config/worlds/default.sdf
[0.834s] -- Up-to-date: /home/dwduong74/yahboom_src/install/champ_config/share/champ_config/worlds/default.world
[0.835s] -- Up-to-date: /home/dwduong74/yahboom_src/install/champ_config/share/champ_config/worlds/playground.world
[0.835s] -- Up-to-date: /home/dwduong74/yahboom_src/install/champ_config/share/champ_config/worlds/baylands.sdf
[0.835s] -- Up-to-date: /home/dwduong74/yahboom_src/install/champ_config/share/champ_config/worlds/outdoor.world
[0.835s] -- Up-to-date: /home/dwduong74/yahboom_src/install/champ_config/share/ament_index/resource_index/package_run_dependencies/champ_config
[0.835s] -- Up-to-date: /home/dwduong74/yahboom_src/install/champ_config/share/ament_index/resource_index/parent_prefix_path/champ_config
[0.835s] -- Up-to-date: /home/dwduong74/yahboom_src/install/champ_config/share/champ_config/environment/ament_prefix_path.sh
[0.835s] -- Up-to-date: /home/dwduong74/yahboom_src/install/champ_config/share/champ_config/environment/ament_prefix_path.dsv
[0.836s] -- Up-to-date: /home/dwduong74/yahboom_src/install/champ_config/share/champ_config/environment/path.sh
[0.836s] -- Up-to-date: /home/dwduong74/yahboom_src/install/champ_config/share/champ_config/environment/path.dsv
[0.836s] -- Up-to-date: /home/dwduong74/yahboom_src/install/champ_config/share/champ_config/local_setup.bash
[0.836s] -- Up-to-date: /home/dwduong74/yahboom_src/install/champ_config/share/champ_config/local_setup.sh
[0.836s] -- Up-to-date: /home/dwduong74/yahboom_src/install/champ_config/share/champ_config/local_setup.zsh
[0.836s] -- Up-to-date: /home/dwduong74/yahboom_src/install/champ_config/share/champ_config/local_setup.dsv
[0.836s] -- Up-to-date: /home/dwduong74/yahboom_src/install/champ_config/share/champ_config/package.dsv
[0.837s] -- Up-to-date: /home/dwduong74/yahboom_src/install/champ_config/share/ament_index/resource_index/packages/champ_config
[0.837s] -- Up-to-date: /home/dwduong74/yahboom_src/install/champ_config/share/champ_config/cmake/champ_configConfig.cmake
[0.837s] -- Up-to-date: /home/dwduong74/yahboom_src/install/champ_config/share/champ_config/cmake/champ_configConfig-version.cmake
[0.837s] -- Up-to-date: /home/dwduong74/yahboom_src/install/champ_config/share/champ_config/package.xml
[0.894s] Invoked command in '/home/dwduong74/yahboom_src/build/champ_config' returned '0': CMAKE_PREFIX_PATH=${CMAKE_PREFIX_PATH}:/home/dwduong74/yahboom_src/install/yahboom_set_height:/home/dwduong74/yahboom_src/install/yahboom_mediapipe:/home/dwduong74/yahboom_src/install/yahboom_gait:/home/dwduong74/yahboom_src/install/yahboom_dog_joint_state:/home/dwduong74/yahboom_src/install/yahboom_description:/home/dwduong74/yahboom_src/install/yahboom_bringup:/home/dwduong74/yahboom_src/install/yahboom_base:/home/dwduong74/yahboom_src/install/yahboom_app_save_map:/home/dwduong74/yahboom_src/install/tf_publisher:/home/dwduong74/yahboom_src/install/bringup:/home/dwduong74/LUMI_ws/install/custom_explorer:/opt/ros/humble /usr/bin/cmake --install /home/dwduong74/yahboom_src/build/champ_config
