[0.080s] Invoking command in '/home/dwduong74/yahboom_src/build/champ_msgs': CMAKE_PREFIX_PATH=${CMAKE_PREFIX_PATH}:/home/dwduong74/yahboom_src/install/yahboom_set_height:/home/dwduong74/yahboom_src/install/yahboom_mediapipe:/home/dwduong74/yahboom_src/install/yahboom_gait:/home/dwduong74/yahboom_src/install/yahboom_dog_joint_state:/home/dwduong74/yahboom_src/install/yahboom_description:/home/dwduong74/yahboom_src/install/yahboom_bringup:/home/dwduong74/yahboom_src/install/yahboom_base:/home/dwduong74/yahboom_src/install/yahboom_app_save_map:/home/dwduong74/yahboom_src/install/tf_publisher:/home/dwduong74/yahboom_src/install/bringup:/home/dwduong74/LUMI_ws/install/custom_explorer:/opt/ros/humble /usr/bin/cmake --build /home/dwduong74/yahboom_src/build/champ_msgs -- -j8 -l8
[0.773s] [ 11%] Built target champ_msgs__rosidl_generator_c
[0.775s] [ 12%] Built target champ_msgs__cpp
[0.775s] [ 12%] Built target ament_cmake_python_copy_champ_msgs
[0.776s] [ 24%] Built target champ_msgs__rosidl_typesupport_c
[0.777s] [ 35%] Built target champ_msgs__rosidl_typesupport_introspection_c
[0.777s] [ 47%] Built target champ_msgs__rosidl_typesupport_fastrtps_c
[0.778s] [ 58%] Built target champ_msgs__rosidl_typesupport_cpp
[0.780s] [ 82%] Built target champ_msgs__rosidl_typesupport_fastrtps_cpp
[0.781s] [ 82%] Built target champ_msgs__rosidl_typesupport_introspection_cpp
[0.781s] [ 82%] Built target champ_msgs
[0.781s] [ 83%] Built target champ_msgs__py
[0.781s] [ 93%] Built target champ_msgs__rosidl_generator_py
[0.781s] [ 97%] Built target champ_msgs__rosidl_typesupport_introspection_c__pyext
[0.781s] [ 97%] Built target champ_msgs__rosidl_typesupport_fastrtps_c__pyext
[0.782s] [100%] Built target champ_msgs__rosidl_typesupport_c__pyext
[0.819s] running egg_info
[0.840s] writing champ_msgs.egg-info/PKG-INFO
[0.840s] writing dependency_links to champ_msgs.egg-info/dependency_links.txt
[0.840s] writing top-level names to champ_msgs.egg-info/top_level.txt
[0.841s] reading manifest file 'champ_msgs.egg-info/SOURCES.txt'
[0.841s] writing manifest file 'champ_msgs.egg-info/SOURCES.txt'
[0.887s] [100%] Built target ament_cmake_python_build_champ_msgs_egg
[1.001s] Invoked command in '/home/dwduong74/yahboom_src/build/champ_msgs' returned '0': CMAKE_PREFIX_PATH=${CMAKE_PREFIX_PATH}:/home/dwduong74/yahboom_src/install/yahboom_set_height:/home/dwduong74/yahboom_src/install/yahboom_mediapipe:/home/dwduong74/yahboom_src/install/yahboom_gait:/home/dwduong74/yahboom_src/install/yahboom_dog_joint_state:/home/dwduong74/yahboom_src/install/yahboom_description:/home/dwduong74/yahboom_src/install/yahboom_bringup:/home/dwduong74/yahboom_src/install/yahboom_base:/home/dwduong74/yahboom_src/install/yahboom_app_save_map:/home/dwduong74/yahboom_src/install/tf_publisher:/home/dwduong74/yahboom_src/install/bringup:/home/dwduong74/LUMI_ws/install/custom_explorer:/opt/ros/humble /usr/bin/cmake --build /home/dwduong74/yahboom_src/build/champ_msgs -- -j8 -l8
[1.004s] Invoking command in '/home/dwduong74/yahboom_src/build/champ_msgs': CMAKE_PREFIX_PATH=${CMAKE_PREFIX_PATH}:/home/dwduong74/yahboom_src/install/yahboom_set_height:/home/dwduong74/yahboom_src/install/yahboom_mediapipe:/home/dwduong74/yahboom_src/install/yahboom_gait:/home/dwduong74/yahboom_src/install/yahboom_dog_joint_state:/home/dwduong74/yahboom_src/install/yahboom_description:/home/dwduong74/yahboom_src/install/yahboom_bringup:/home/dwduong74/yahboom_src/install/yahboom_base:/home/dwduong74/yahboom_src/install/yahboom_app_save_map:/home/dwduong74/yahboom_src/install/tf_publisher:/home/dwduong74/yahboom_src/install/bringup:/home/dwduong74/LUMI_ws/install/custom_explorer:/opt/ros/humble /usr/bin/cmake --install /home/dwduong74/yahboom_src/build/champ_msgs
[1.050s] -- Install configuration: ""
[1.050s] -- Up-to-date: /home/dwduong74/yahboom_src/install/champ_msgs/share/ament_index/resource_index/rosidl_interfaces/champ_msgs
[1.050s] -- Up-to-date: /home/dwduong74/yahboom_src/install/champ_msgs/include/champ_msgs/champ_msgs
[1.050s] -- Up-to-date: /home/dwduong74/yahboom_src/install/champ_msgs/include/champ_msgs/champ_msgs/msg
[1.051s] -- Up-to-date: /home/dwduong74/yahboom_src/install/champ_msgs/include/champ_msgs/champ_msgs/msg/rosidl_generator_c__visibility_control.h
[1.051s] -- Up-to-date: /home/dwduong74/yahboom_src/install/champ_msgs/include/champ_msgs/champ_msgs/msg/joints.h
[1.051s] -- Up-to-date: /home/dwduong74/yahboom_src/install/champ_msgs/include/champ_msgs/champ_msgs/msg/velocities.h
[1.053s] -- Up-to-date: /home/dwduong74/yahboom_src/install/champ_msgs/include/champ_msgs/champ_msgs/msg/contacts.h
[1.054s] -- Up-to-date: /home/dwduong74/yahboom_src/install/champ_msgs/include/champ_msgs/champ_msgs/msg/pid.h
[1.054s] -- Up-to-date: /home/dwduong74/yahboom_src/install/champ_msgs/include/champ_msgs/champ_msgs/msg/contacts_stamped.h
[1.054s] -- Up-to-date: /home/dwduong74/yahboom_src/install/champ_msgs/include/champ_msgs/champ_msgs/msg/point.h
[1.055s] -- Up-to-date: /home/dwduong74/yahboom_src/install/champ_msgs/include/champ_msgs/champ_msgs/msg/point_array.h
[1.055s] -- Up-to-date: /home/dwduong74/yahboom_src/install/champ_msgs/include/champ_msgs/champ_msgs/msg/pose.h
[1.055s] -- Up-to-date: /home/dwduong74/yahboom_src/install/champ_msgs/include/champ_msgs/champ_msgs/msg/imu.h
[1.055s] -- Up-to-date: /home/dwduong74/yahboom_src/install/champ_msgs/include/champ_msgs/champ_msgs/msg/detail
[1.056s] -- Up-to-date: /home/dwduong74/yahboom_src/install/champ_msgs/include/champ_msgs/champ_msgs/msg/detail/velocities__struct.h
[1.056s] -- Up-to-date: /home/dwduong74/yahboom_src/install/champ_msgs/include/champ_msgs/champ_msgs/msg/detail/point__functions.h
[1.056s] -- Up-to-date: /home/dwduong74/yahboom_src/install/champ_msgs/include/champ_msgs/champ_msgs/msg/detail/point_array__type_support.h
[1.056s] -- Up-to-date: /home/dwduong74/yahboom_src/install/champ_msgs/include/champ_msgs/champ_msgs/msg/detail/pose__functions.h
[1.057s] -- Up-to-date: /home/dwduong74/yahboom_src/install/champ_msgs/include/champ_msgs/champ_msgs/msg/detail/pid__type_support.h
[1.057s] -- Up-to-date: /home/dwduong74/yahboom_src/install/champ_msgs/include/champ_msgs/champ_msgs/msg/detail/imu__struct.h
[1.057s] -- Up-to-date: /home/dwduong74/yahboom_src/install/champ_msgs/include/champ_msgs/champ_msgs/msg/detail/pose__struct.h
[1.057s] -- Up-to-date: /home/dwduong74/yahboom_src/install/champ_msgs/include/champ_msgs/champ_msgs/msg/detail/point__functions.c
[1.057s] -- Up-to-date: /home/dwduong74/yahboom_src/install/champ_msgs/include/champ_msgs/champ_msgs/msg/detail/contacts__functions.c
[1.058s] -- Up-to-date: /home/dwduong74/yahboom_src/install/champ_msgs/include/champ_msgs/champ_msgs/msg/detail/pid__functions.c
[1.058s] -- Up-to-date: /home/dwduong74/yahboom_src/install/champ_msgs/include/champ_msgs/champ_msgs/msg/detail/contacts__struct.h
[1.058s] -- Up-to-date: /home/dwduong74/yahboom_src/install/champ_msgs/include/champ_msgs/champ_msgs/msg/detail/joints__functions.h
[1.058s] -- Up-to-date: /home/dwduong74/yahboom_src/install/champ_msgs/include/champ_msgs/champ_msgs/msg/detail/velocities__functions.c
[1.058s] -- Up-to-date: /home/dwduong74/yahboom_src/install/champ_msgs/include/champ_msgs/champ_msgs/msg/detail/pid__struct.h
[1.059s] -- Up-to-date: /home/dwduong74/yahboom_src/install/champ_msgs/include/champ_msgs/champ_msgs/msg/detail/joints__functions.c
[1.059s] -- Up-to-date: /home/dwduong74/yahboom_src/install/champ_msgs/include/champ_msgs/champ_msgs/msg/detail/point_array__functions.c
[1.059s] -- Up-to-date: /home/dwduong74/yahboom_src/install/champ_msgs/include/champ_msgs/champ_msgs/msg/detail/pose__type_support.h
[1.059s] -- Up-to-date: /home/dwduong74/yahboom_src/install/champ_msgs/include/champ_msgs/champ_msgs/msg/detail/joints__type_support.h
[1.059s] -- Up-to-date: /home/dwduong74/yahboom_src/install/champ_msgs/include/champ_msgs/champ_msgs/msg/detail/imu__functions.c
[1.060s] -- Up-to-date: /home/dwduong74/yahboom_src/install/champ_msgs/include/champ_msgs/champ_msgs/msg/detail/imu__type_support.h
[1.060s] -- Up-to-date: /home/dwduong74/yahboom_src/install/champ_msgs/include/champ_msgs/champ_msgs/msg/detail/imu__functions.h
[1.060s] -- Up-to-date: /home/dwduong74/yahboom_src/install/champ_msgs/include/champ_msgs/champ_msgs/msg/detail/contacts__type_support.h
[1.060s] -- Up-to-date: /home/dwduong74/yahboom_src/install/champ_msgs/include/champ_msgs/champ_msgs/msg/detail/velocities__functions.h
[1.060s] -- Up-to-date: /home/dwduong74/yahboom_src/install/champ_msgs/include/champ_msgs/champ_msgs/msg/detail/point__struct.h
[1.061s] -- Up-to-date: /home/dwduong74/yahboom_src/install/champ_msgs/include/champ_msgs/champ_msgs/msg/detail/pose__functions.c
[1.061s] -- Up-to-date: /home/dwduong74/yahboom_src/install/champ_msgs/include/champ_msgs/champ_msgs/msg/detail/joints__struct.h
[1.061s] -- Up-to-date: /home/dwduong74/yahboom_src/install/champ_msgs/include/champ_msgs/champ_msgs/msg/detail/point_array__struct.h
[1.061s] -- Up-to-date: /home/dwduong74/yahboom_src/install/champ_msgs/include/champ_msgs/champ_msgs/msg/detail/contacts_stamped__functions.c
[1.061s] -- Up-to-date: /home/dwduong74/yahboom_src/install/champ_msgs/include/champ_msgs/champ_msgs/msg/detail/pid__functions.h
[1.061s] -- Up-to-date: /home/dwduong74/yahboom_src/install/champ_msgs/include/champ_msgs/champ_msgs/msg/detail/velocities__type_support.h
[1.062s] -- Up-to-date: /home/dwduong74/yahboom_src/install/champ_msgs/include/champ_msgs/champ_msgs/msg/detail/contacts__functions.h
[1.062s] -- Up-to-date: /home/dwduong74/yahboom_src/install/champ_msgs/include/champ_msgs/champ_msgs/msg/detail/contacts_stamped__type_support.h
[1.062s] -- Up-to-date: /home/dwduong74/yahboom_src/install/champ_msgs/include/champ_msgs/champ_msgs/msg/detail/point_array__functions.h
[1.062s] -- Up-to-date: /home/dwduong74/yahboom_src/install/champ_msgs/include/champ_msgs/champ_msgs/msg/detail/contacts_stamped__functions.h
[1.062s] -- Up-to-date: /home/dwduong74/yahboom_src/install/champ_msgs/include/champ_msgs/champ_msgs/msg/detail/contacts_stamped__struct.h
[1.062s] -- Up-to-date: /home/dwduong74/yahboom_src/install/champ_msgs/include/champ_msgs/champ_msgs/msg/detail/point__type_support.h
[1.063s] -- Up-to-date: /home/dwduong74/yahboom_src/install/champ_msgs/share/champ_msgs/environment/library_path.sh
[1.063s] -- Up-to-date: /home/dwduong74/yahboom_src/install/champ_msgs/share/champ_msgs/environment/library_path.dsv
[1.063s] -- Up-to-date: /home/dwduong74/yahboom_src/install/champ_msgs/lib/libchamp_msgs__rosidl_generator_c.so
[1.063s] -- Up-to-date: /home/dwduong74/yahboom_src/install/champ_msgs/include/champ_msgs/champ_msgs
[1.063s] -- Up-to-date: /home/dwduong74/yahboom_src/install/champ_msgs/include/champ_msgs/champ_msgs/msg
[1.064s] -- Up-to-date: /home/dwduong74/yahboom_src/install/champ_msgs/include/champ_msgs/champ_msgs/msg/rosidl_typesupport_fastrtps_c__visibility_control.h
[1.064s] -- Up-to-date: /home/dwduong74/yahboom_src/install/champ_msgs/include/champ_msgs/champ_msgs/msg/detail
[1.064s] -- Up-to-date: /home/dwduong74/yahboom_src/install/champ_msgs/include/champ_msgs/champ_msgs/msg/detail/contacts_stamped__rosidl_typesupport_fastrtps_c.h
[1.064s] -- Up-to-date: /home/dwduong74/yahboom_src/install/champ_msgs/include/champ_msgs/champ_msgs/msg/detail/point_array__rosidl_typesupport_fastrtps_c.h
[1.065s] -- Up-to-date: /home/dwduong74/yahboom_src/install/champ_msgs/include/champ_msgs/champ_msgs/msg/detail/point__rosidl_typesupport_fastrtps_c.h
[1.065s] -- Up-to-date: /home/dwduong74/yahboom_src/install/champ_msgs/include/champ_msgs/champ_msgs/msg/detail/pose__rosidl_typesupport_fastrtps_c.h
[1.065s] -- Up-to-date: /home/dwduong74/yahboom_src/install/champ_msgs/include/champ_msgs/champ_msgs/msg/detail/joints__rosidl_typesupport_fastrtps_c.h
[1.065s] -- Up-to-date: /home/dwduong74/yahboom_src/install/champ_msgs/include/champ_msgs/champ_msgs/msg/detail/contacts__rosidl_typesupport_fastrtps_c.h
[1.065s] -- Up-to-date: /home/dwduong74/yahboom_src/install/champ_msgs/include/champ_msgs/champ_msgs/msg/detail/imu__rosidl_typesupport_fastrtps_c.h
[1.066s] -- Up-to-date: /home/dwduong74/yahboom_src/install/champ_msgs/include/champ_msgs/champ_msgs/msg/detail/pid__rosidl_typesupport_fastrtps_c.h
[1.066s] -- Up-to-date: /home/dwduong74/yahboom_src/install/champ_msgs/include/champ_msgs/champ_msgs/msg/detail/velocities__rosidl_typesupport_fastrtps_c.h
[1.066s] -- Up-to-date: /home/dwduong74/yahboom_src/install/champ_msgs/lib/libchamp_msgs__rosidl_typesupport_fastrtps_c.so
[1.066s] -- Up-to-date: /home/dwduong74/yahboom_src/install/champ_msgs/include/champ_msgs/champ_msgs
[1.067s] -- Up-to-date: /home/dwduong74/yahboom_src/install/champ_msgs/include/champ_msgs/champ_msgs/msg
[1.067s] -- Up-to-date: /home/dwduong74/yahboom_src/install/champ_msgs/include/champ_msgs/champ_msgs/msg/rosidl_typesupport_introspection_c__visibility_control.h
[1.067s] -- Up-to-date: /home/dwduong74/yahboom_src/install/champ_msgs/include/champ_msgs/champ_msgs/msg/detail
[1.067s] -- Up-to-date: /home/dwduong74/yahboom_src/install/champ_msgs/include/champ_msgs/champ_msgs/msg/detail/imu__type_support.c
[1.068s] -- Up-to-date: /home/dwduong74/yahboom_src/install/champ_msgs/include/champ_msgs/champ_msgs/msg/detail/point_array__type_support.c
[1.069s] -- Up-to-date: /home/dwduong74/yahboom_src/install/champ_msgs/include/champ_msgs/champ_msgs/msg/detail/contacts_stamped__type_support.c
[1.070s] -- Up-to-date: /home/dwduong74/yahboom_src/install/champ_msgs/include/champ_msgs/champ_msgs/msg/detail/joints__type_support.c
[1.070s] -- Up-to-date: /home/dwduong74/yahboom_src/install/champ_msgs/include/champ_msgs/champ_msgs/msg/detail/velocities__rosidl_typesupport_introspection_c.h
[1.070s] -- Up-to-date: /home/dwduong74/yahboom_src/install/champ_msgs/include/champ_msgs/champ_msgs/msg/detail/point__rosidl_typesupport_introspection_c.h
[1.071s] -- Up-to-date: /home/dwduong74/yahboom_src/install/champ_msgs/include/champ_msgs/champ_msgs/msg/detail/velocities__type_support.c
[1.071s] -- Up-to-date: /home/dwduong74/yahboom_src/install/champ_msgs/include/champ_msgs/champ_msgs/msg/detail/pid__rosidl_typesupport_introspection_c.h
[1.071s] -- Up-to-date: /home/dwduong74/yahboom_src/install/champ_msgs/include/champ_msgs/champ_msgs/msg/detail/contacts_stamped__rosidl_typesupport_introspection_c.h
[1.071s] -- Up-to-date: /home/dwduong74/yahboom_src/install/champ_msgs/include/champ_msgs/champ_msgs/msg/detail/pose__rosidl_typesupport_introspection_c.h
[1.072s] -- Up-to-date: /home/dwduong74/yahboom_src/install/champ_msgs/include/champ_msgs/champ_msgs/msg/detail/point__type_support.c
[1.072s] -- Up-to-date: /home/dwduong74/yahboom_src/install/champ_msgs/include/champ_msgs/champ_msgs/msg/detail/imu__rosidl_typesupport_introspection_c.h
[1.073s] -- Up-to-date: /home/dwduong74/yahboom_src/install/champ_msgs/include/champ_msgs/champ_msgs/msg/detail/contacts__type_support.c
[1.073s] -- Up-to-date: /home/dwduong74/yahboom_src/install/champ_msgs/include/champ_msgs/champ_msgs/msg/detail/point_array__rosidl_typesupport_introspection_c.h
[1.074s] -- Up-to-date: /home/dwduong74/yahboom_src/install/champ_msgs/include/champ_msgs/champ_msgs/msg/detail/pid__type_support.c
[1.074s] -- Up-to-date: /home/dwduong74/yahboom_src/install/champ_msgs/include/champ_msgs/champ_msgs/msg/detail/pose__type_support.c
[1.074s] -- Up-to-date: /home/dwduong74/yahboom_src/install/champ_msgs/include/champ_msgs/champ_msgs/msg/detail/joints__rosidl_typesupport_introspection_c.h
[1.074s] -- Up-to-date: /home/dwduong74/yahboom_src/install/champ_msgs/include/champ_msgs/champ_msgs/msg/detail/contacts__rosidl_typesupport_introspection_c.h
[1.074s] -- Up-to-date: /home/dwduong74/yahboom_src/install/champ_msgs/lib/libchamp_msgs__rosidl_typesupport_introspection_c.so
[1.074s] -- Up-to-date: /home/dwduong74/yahboom_src/install/champ_msgs/lib/libchamp_msgs__rosidl_typesupport_c.so
[1.075s] -- Up-to-date: /home/dwduong74/yahboom_src/install/champ_msgs/include/champ_msgs/champ_msgs
[1.075s] -- Up-to-date: /home/dwduong74/yahboom_src/install/champ_msgs/include/champ_msgs/champ_msgs/msg
[1.075s] -- Up-to-date: /home/dwduong74/yahboom_src/install/champ_msgs/include/champ_msgs/champ_msgs/msg/pid.hpp
[1.075s] -- Up-to-date: /home/dwduong74/yahboom_src/install/champ_msgs/include/champ_msgs/champ_msgs/msg/point.hpp
[1.075s] -- Up-to-date: /home/dwduong74/yahboom_src/install/champ_msgs/include/champ_msgs/champ_msgs/msg/imu.hpp
[1.075s] -- Up-to-date: /home/dwduong74/yahboom_src/install/champ_msgs/include/champ_msgs/champ_msgs/msg/contacts_stamped.hpp
[1.076s] -- Up-to-date: /home/dwduong74/yahboom_src/install/champ_msgs/include/champ_msgs/champ_msgs/msg/point_array.hpp
[1.076s] -- Up-to-date: /home/dwduong74/yahboom_src/install/champ_msgs/include/champ_msgs/champ_msgs/msg/velocities.hpp
[1.076s] -- Up-to-date: /home/dwduong74/yahboom_src/install/champ_msgs/include/champ_msgs/champ_msgs/msg/rosidl_generator_cpp__visibility_control.hpp
[1.077s] -- Up-to-date: /home/dwduong74/yahboom_src/install/champ_msgs/include/champ_msgs/champ_msgs/msg/joints.hpp
[1.079s] -- Up-to-date: /home/dwduong74/yahboom_src/install/champ_msgs/include/champ_msgs/champ_msgs/msg/contacts.hpp
[1.079s] -- Up-to-date: /home/dwduong74/yahboom_src/install/champ_msgs/include/champ_msgs/champ_msgs/msg/detail
[1.079s] -- Up-to-date: /home/dwduong74/yahboom_src/install/champ_msgs/include/champ_msgs/champ_msgs/msg/detail/joints__type_support.hpp
[1.080s] -- Up-to-date: /home/dwduong74/yahboom_src/install/champ_msgs/include/champ_msgs/champ_msgs/msg/detail/pid__type_support.hpp
[1.080s] -- Up-to-date: /home/dwduong74/yahboom_src/install/champ_msgs/include/champ_msgs/champ_msgs/msg/detail/contacts__traits.hpp
[1.080s] -- Up-to-date: /home/dwduong74/yahboom_src/install/champ_msgs/include/champ_msgs/champ_msgs/msg/detail/point_array__struct.hpp
[1.080s] -- Up-to-date: /home/dwduong74/yahboom_src/install/champ_msgs/include/champ_msgs/champ_msgs/msg/detail/point_array__builder.hpp
[1.081s] -- Up-to-date: /home/dwduong74/yahboom_src/install/champ_msgs/include/champ_msgs/champ_msgs/msg/detail/pose__type_support.hpp
[1.081s] -- Up-to-date: /home/dwduong74/yahboom_src/install/champ_msgs/include/champ_msgs/champ_msgs/msg/detail/velocities__type_support.hpp
[1.081s] -- Up-to-date: /home/dwduong74/yahboom_src/install/champ_msgs/include/champ_msgs/champ_msgs/msg/detail/contacts__struct.hpp
[1.081s] -- Up-to-date: /home/dwduong74/yahboom_src/install/champ_msgs/include/champ_msgs/champ_msgs/msg/detail/point__type_support.hpp
[1.082s] -- Up-to-date: /home/dwduong74/yahboom_src/install/champ_msgs/include/champ_msgs/champ_msgs/msg/detail/point_array__type_support.hpp
[1.082s] -- Up-to-date: /home/dwduong74/yahboom_src/install/champ_msgs/include/champ_msgs/champ_msgs/msg/detail/point__struct.hpp
[1.082s] -- Up-to-date: /home/dwduong74/yahboom_src/install/champ_msgs/include/champ_msgs/champ_msgs/msg/detail/contacts__builder.hpp
[1.082s] -- Up-to-date: /home/dwduong74/yahboom_src/install/champ_msgs/include/champ_msgs/champ_msgs/msg/detail/pid__traits.hpp
[1.083s] -- Up-to-date: /home/dwduong74/yahboom_src/install/champ_msgs/include/champ_msgs/champ_msgs/msg/detail/contacts__type_support.hpp
[1.083s] -- Up-to-date: /home/dwduong74/yahboom_src/install/champ_msgs/include/champ_msgs/champ_msgs/msg/detail/point_array__traits.hpp
[1.083s] -- Up-to-date: /home/dwduong74/yahboom_src/install/champ_msgs/include/champ_msgs/champ_msgs/msg/detail/joints__traits.hpp
[1.083s] -- Up-to-date: /home/dwduong74/yahboom_src/install/champ_msgs/include/champ_msgs/champ_msgs/msg/detail/contacts_stamped__struct.hpp
[1.083s] -- Up-to-date: /home/dwduong74/yahboom_src/install/champ_msgs/include/champ_msgs/champ_msgs/msg/detail/point__traits.hpp
[1.085s] -- Up-to-date: /home/dwduong74/yahboom_src/install/champ_msgs/include/champ_msgs/champ_msgs/msg/detail/pid__struct.hpp
[1.085s] -- Up-to-date: /home/dwduong74/yahboom_src/install/champ_msgs/include/champ_msgs/champ_msgs/msg/detail/point__builder.hpp
[1.085s] -- Up-to-date: /home/dwduong74/yahboom_src/install/champ_msgs/include/champ_msgs/champ_msgs/msg/detail/imu__traits.hpp
[1.085s] -- Up-to-date: /home/dwduong74/yahboom_src/install/champ_msgs/include/champ_msgs/champ_msgs/msg/detail/imu__type_support.hpp
[1.086s] -- Up-to-date: /home/dwduong74/yahboom_src/install/champ_msgs/include/champ_msgs/champ_msgs/msg/detail/joints__struct.hpp
[1.086s] -- Up-to-date: /home/dwduong74/yahboom_src/install/champ_msgs/include/champ_msgs/champ_msgs/msg/detail/contacts_stamped__type_support.hpp
[1.086s] -- Up-to-date: /home/dwduong74/yahboom_src/install/champ_msgs/include/champ_msgs/champ_msgs/msg/detail/pose__builder.hpp
[1.087s] -- Up-to-date: /home/dwduong74/yahboom_src/install/champ_msgs/include/champ_msgs/champ_msgs/msg/detail/pose__traits.hpp
[1.087s] -- Up-to-date: /home/dwduong74/yahboom_src/install/champ_msgs/include/champ_msgs/champ_msgs/msg/detail/velocities__traits.hpp
[1.087s] -- Up-to-date: /home/dwduong74/yahboom_src/install/champ_msgs/include/champ_msgs/champ_msgs/msg/detail/pid__builder.hpp
[1.087s] -- Up-to-date: /home/dwduong74/yahboom_src/install/champ_msgs/include/champ_msgs/champ_msgs/msg/detail/imu__struct.hpp
[1.087s] -- Up-to-date: /home/dwduong74/yahboom_src/install/champ_msgs/include/champ_msgs/champ_msgs/msg/detail/velocities__struct.hpp
[1.087s] -- Up-to-date: /home/dwduong74/yahboom_src/install/champ_msgs/include/champ_msgs/champ_msgs/msg/detail/imu__builder.hpp
[1.088s] -- Up-to-date: /home/dwduong74/yahboom_src/install/champ_msgs/include/champ_msgs/champ_msgs/msg/detail/joints__builder.hpp
[1.088s] -- Up-to-date: /home/dwduong74/yahboom_src/install/champ_msgs/include/champ_msgs/champ_msgs/msg/detail/velocities__builder.hpp
[1.088s] -- Up-to-date: /home/dwduong74/yahboom_src/install/champ_msgs/include/champ_msgs/champ_msgs/msg/detail/contacts_stamped__traits.hpp
[1.088s] -- Up-to-date: /home/dwduong74/yahboom_src/install/champ_msgs/include/champ_msgs/champ_msgs/msg/detail/pose__struct.hpp
[1.092s] -- Up-to-date: /home/dwduong74/yahboom_src/install/champ_msgs/include/champ_msgs/champ_msgs/msg/detail/contacts_stamped__builder.hpp
[1.092s] -- Up-to-date: /home/dwduong74/yahboom_src/install/champ_msgs/include/champ_msgs/champ_msgs/msg/pose.hpp
[1.092s] -- Up-to-date: /home/dwduong74/yahboom_src/install/champ_msgs/include/champ_msgs/champ_msgs
[1.092s] -- Up-to-date: /home/dwduong74/yahboom_src/install/champ_msgs/include/champ_msgs/champ_msgs/msg
[1.092s] -- Up-to-date: /home/dwduong74/yahboom_src/install/champ_msgs/include/champ_msgs/champ_msgs/msg/rosidl_typesupport_fastrtps_cpp__visibility_control.h
[1.092s] -- Up-to-date: /home/dwduong74/yahboom_src/install/champ_msgs/include/champ_msgs/champ_msgs/msg/detail
[1.093s] -- Up-to-date: /home/dwduong74/yahboom_src/install/champ_msgs/include/champ_msgs/champ_msgs/msg/detail/imu__rosidl_typesupport_fastrtps_cpp.hpp
[1.093s] -- Up-to-date: /home/dwduong74/yahboom_src/install/champ_msgs/include/champ_msgs/champ_msgs/msg/detail/contacts_stamped__rosidl_typesupport_fastrtps_cpp.hpp
[1.093s] -- Up-to-date: /home/dwduong74/yahboom_src/install/champ_msgs/include/champ_msgs/champ_msgs/msg/detail/point__rosidl_typesupport_fastrtps_cpp.hpp
[1.093s] -- Up-to-date: /home/dwduong74/yahboom_src/install/champ_msgs/include/champ_msgs/champ_msgs/msg/detail/dds_fastrtps
[1.093s] -- Up-to-date: /home/dwduong74/yahboom_src/install/champ_msgs/include/champ_msgs/champ_msgs/msg/detail/pose__rosidl_typesupport_fastrtps_cpp.hpp
[1.093s] -- Up-to-date: /home/dwduong74/yahboom_src/install/champ_msgs/include/champ_msgs/champ_msgs/msg/detail/contacts__rosidl_typesupport_fastrtps_cpp.hpp
[1.094s] -- Up-to-date: /home/dwduong74/yahboom_src/install/champ_msgs/include/champ_msgs/champ_msgs/msg/detail/joints__rosidl_typesupport_fastrtps_cpp.hpp
[1.094s] -- Up-to-date: /home/dwduong74/yahboom_src/install/champ_msgs/include/champ_msgs/champ_msgs/msg/detail/point_array__rosidl_typesupport_fastrtps_cpp.hpp
[1.094s] -- Up-to-date: /home/dwduong74/yahboom_src/install/champ_msgs/include/champ_msgs/champ_msgs/msg/detail/pid__rosidl_typesupport_fastrtps_cpp.hpp
[1.094s] -- Up-to-date: /home/dwduong74/yahboom_src/install/champ_msgs/include/champ_msgs/champ_msgs/msg/detail/velocities__rosidl_typesupport_fastrtps_cpp.hpp
[1.094s] -- Up-to-date: /home/dwduong74/yahboom_src/install/champ_msgs/lib/libchamp_msgs__rosidl_typesupport_fastrtps_cpp.so
[1.094s] -- Up-to-date: /home/dwduong74/yahboom_src/install/champ_msgs/include/champ_msgs/champ_msgs
[1.094s] -- Up-to-date: /home/dwduong74/yahboom_src/install/champ_msgs/include/champ_msgs/champ_msgs/msg
[1.095s] -- Up-to-date: /home/dwduong74/yahboom_src/install/champ_msgs/include/champ_msgs/champ_msgs/msg/detail
[1.095s] -- Up-to-date: /home/dwduong74/yahboom_src/install/champ_msgs/include/champ_msgs/champ_msgs/msg/detail/point__type_support.cpp
[1.095s] -- Up-to-date: /home/dwduong74/yahboom_src/install/champ_msgs/include/champ_msgs/champ_msgs/msg/detail/imu__rosidl_typesupport_introspection_cpp.hpp
[1.095s] -- Up-to-date: /home/dwduong74/yahboom_src/install/champ_msgs/include/champ_msgs/champ_msgs/msg/detail/imu__type_support.cpp
[1.099s] -- Up-to-date: /home/dwduong74/yahboom_src/install/champ_msgs/include/champ_msgs/champ_msgs/msg/detail/point_array__type_support.cpp
[1.099s] -- Up-to-date: /home/dwduong74/yahboom_src/install/champ_msgs/include/champ_msgs/champ_msgs/msg/detail/pose__rosidl_typesupport_introspection_cpp.hpp
[1.099s] -- Up-to-date: /home/dwduong74/yahboom_src/install/champ_msgs/include/champ_msgs/champ_msgs/msg/detail/point__rosidl_typesupport_introspection_cpp.hpp
[1.099s] -- Up-to-date: /home/dwduong74/yahboom_src/install/champ_msgs/include/champ_msgs/champ_msgs/msg/detail/pid__type_support.cpp
[1.099s] -- Up-to-date: /home/dwduong74/yahboom_src/install/champ_msgs/include/champ_msgs/champ_msgs/msg/detail/contacts__type_support.cpp
[1.099s] -- Up-to-date: /home/dwduong74/yahboom_src/install/champ_msgs/include/champ_msgs/champ_msgs/msg/detail/velocities__type_support.cpp
[1.100s] -- Up-to-date: /home/dwduong74/yahboom_src/install/champ_msgs/include/champ_msgs/champ_msgs/msg/detail/pose__type_support.cpp
[1.100s] -- Up-to-date: /home/dwduong74/yahboom_src/install/champ_msgs/include/champ_msgs/champ_msgs/msg/detail/contacts_stamped__type_support.cpp
[1.100s] -- Up-to-date: /home/dwduong74/yahboom_src/install/champ_msgs/include/champ_msgs/champ_msgs/msg/detail/joints__rosidl_typesupport_introspection_cpp.hpp
[1.100s] -- Up-to-date: /home/dwduong74/yahboom_src/install/champ_msgs/include/champ_msgs/champ_msgs/msg/detail/joints__type_support.cpp
[1.100s] -- Up-to-date: /home/dwduong74/yahboom_src/install/champ_msgs/include/champ_msgs/champ_msgs/msg/detail/pid__rosidl_typesupport_introspection_cpp.hpp
[1.100s] -- Up-to-date: /home/dwduong74/yahboom_src/install/champ_msgs/include/champ_msgs/champ_msgs/msg/detail/point_array__rosidl_typesupport_introspection_cpp.hpp
[1.101s] -- Up-to-date: /home/dwduong74/yahboom_src/install/champ_msgs/include/champ_msgs/champ_msgs/msg/detail/contacts_stamped__rosidl_typesupport_introspection_cpp.hpp
[1.101s] -- Up-to-date: /home/dwduong74/yahboom_src/install/champ_msgs/include/champ_msgs/champ_msgs/msg/detail/velocities__rosidl_typesupport_introspection_cpp.hpp
[1.101s] -- Up-to-date: /home/dwduong74/yahboom_src/install/champ_msgs/include/champ_msgs/champ_msgs/msg/detail/contacts__rosidl_typesupport_introspection_cpp.hpp
[1.101s] -- Up-to-date: /home/dwduong74/yahboom_src/install/champ_msgs/lib/libchamp_msgs__rosidl_typesupport_introspection_cpp.so
[1.101s] -- Up-to-date: /home/dwduong74/yahboom_src/install/champ_msgs/lib/libchamp_msgs__rosidl_typesupport_cpp.so
[1.102s] -- Up-to-date: /home/dwduong74/yahboom_src/install/champ_msgs/share/champ_msgs/environment/pythonpath.sh
[1.102s] -- Up-to-date: /home/dwduong74/yahboom_src/install/champ_msgs/share/champ_msgs/environment/pythonpath.dsv
[1.103s] -- Up-to-date: /home/dwduong74/yahboom_src/install/champ_msgs/local/lib/python3.10/dist-packages/champ_msgs-0.1.0-py3.10.egg-info
[1.103s] -- Installing: /home/dwduong74/yahboom_src/install/champ_msgs/local/lib/python3.10/dist-packages/champ_msgs-0.1.0-py3.10.egg-info/SOURCES.txt
[1.103s] -- Installing: /home/dwduong74/yahboom_src/install/champ_msgs/local/lib/python3.10/dist-packages/champ_msgs-0.1.0-py3.10.egg-info/top_level.txt
[1.103s] -- Installing: /home/dwduong74/yahboom_src/install/champ_msgs/local/lib/python3.10/dist-packages/champ_msgs-0.1.0-py3.10.egg-info/dependency_links.txt
[1.103s] -- Installing: /home/dwduong74/yahboom_src/install/champ_msgs/local/lib/python3.10/dist-packages/champ_msgs-0.1.0-py3.10.egg-info/PKG-INFO
[1.104s] -- Up-to-date: /home/dwduong74/yahboom_src/install/champ_msgs/local/lib/python3.10/dist-packages/champ_msgs
[1.104s] -- Up-to-date: /home/dwduong74/yahboom_src/install/champ_msgs/local/lib/python3.10/dist-packages/champ_msgs/_champ_msgs_s.ep.rosidl_typesupport_c.c
[1.104s] -- Up-to-date: /home/dwduong74/yahboom_src/install/champ_msgs/local/lib/python3.10/dist-packages/champ_msgs/libchamp_msgs__rosidl_generator_py.so
[1.104s] -- Up-to-date: /home/dwduong74/yahboom_src/install/champ_msgs/local/lib/python3.10/dist-packages/champ_msgs/champ_msgs_s__rosidl_typesupport_introspection_c.cpython-310-x86_64-linux-gnu.so
[1.104s] -- Up-to-date: /home/dwduong74/yahboom_src/install/champ_msgs/local/lib/python3.10/dist-packages/champ_msgs/champ_msgs_s__rosidl_typesupport_c.cpython-310-x86_64-linux-gnu.so
[1.105s] -- Up-to-date: /home/dwduong74/yahboom_src/install/champ_msgs/local/lib/python3.10/dist-packages/champ_msgs/_champ_msgs_s.ep.rosidl_typesupport_introspection_c.c
[1.105s] -- Up-to-date: /home/dwduong74/yahboom_src/install/champ_msgs/local/lib/python3.10/dist-packages/champ_msgs/msg
[1.105s] -- Up-to-date: /home/dwduong74/yahboom_src/install/champ_msgs/local/lib/python3.10/dist-packages/champ_msgs/msg/_pid_s.c
[1.105s] -- Up-to-date: /home/dwduong74/yahboom_src/install/champ_msgs/local/lib/python3.10/dist-packages/champ_msgs/msg/_imu.py
[1.105s] -- Up-to-date: /home/dwduong74/yahboom_src/install/champ_msgs/local/lib/python3.10/dist-packages/champ_msgs/msg/_point_array_s.c
[1.106s] -- Up-to-date: /home/dwduong74/yahboom_src/install/champ_msgs/local/lib/python3.10/dist-packages/champ_msgs/msg/_velocities.py
[1.106s] -- Up-to-date: /home/dwduong74/yahboom_src/install/champ_msgs/local/lib/python3.10/dist-packages/champ_msgs/msg/_point.py
[1.106s] -- Up-to-date: /home/dwduong74/yahboom_src/install/champ_msgs/local/lib/python3.10/dist-packages/champ_msgs/msg/_point_s.c
[1.106s] -- Up-to-date: /home/dwduong74/yahboom_src/install/champ_msgs/local/lib/python3.10/dist-packages/champ_msgs/msg/_contacts_stamped_s.c
[1.106s] -- Up-to-date: /home/dwduong74/yahboom_src/install/champ_msgs/local/lib/python3.10/dist-packages/champ_msgs/msg/_contacts.py
[1.107s] -- Up-to-date: /home/dwduong74/yahboom_src/install/champ_msgs/local/lib/python3.10/dist-packages/champ_msgs/msg/_pose_s.c
[1.107s] -- Up-to-date: /home/dwduong74/yahboom_src/install/champ_msgs/local/lib/python3.10/dist-packages/champ_msgs/msg/_imu_s.c
[1.107s] -- Up-to-date: /home/dwduong74/yahboom_src/install/champ_msgs/local/lib/python3.10/dist-packages/champ_msgs/msg/_contacts_s.c
[1.107s] -- Up-to-date: /home/dwduong74/yahboom_src/install/champ_msgs/local/lib/python3.10/dist-packages/champ_msgs/msg/_point_array.py
[1.107s] -- Up-to-date: /home/dwduong74/yahboom_src/install/champ_msgs/local/lib/python3.10/dist-packages/champ_msgs/msg/_contacts_stamped.py
[1.108s] -- Up-to-date: /home/dwduong74/yahboom_src/install/champ_msgs/local/lib/python3.10/dist-packages/champ_msgs/msg/_joints.py
[1.108s] -- Up-to-date: /home/dwduong74/yahboom_src/install/champ_msgs/local/lib/python3.10/dist-packages/champ_msgs/msg/_velocities_s.c
[1.108s] -- Up-to-date: /home/dwduong74/yahboom_src/install/champ_msgs/local/lib/python3.10/dist-packages/champ_msgs/msg/_pid.py
[1.108s] -- Up-to-date: /home/dwduong74/yahboom_src/install/champ_msgs/local/lib/python3.10/dist-packages/champ_msgs/msg/__init__.py
[1.108s] -- Up-to-date: /home/dwduong74/yahboom_src/install/champ_msgs/local/lib/python3.10/dist-packages/champ_msgs/msg/_pose.py
[1.109s] -- Up-to-date: /home/dwduong74/yahboom_src/install/champ_msgs/local/lib/python3.10/dist-packages/champ_msgs/msg/_joints_s.c
[1.109s] -- Up-to-date: /home/dwduong74/yahboom_src/install/champ_msgs/local/lib/python3.10/dist-packages/champ_msgs/_champ_msgs_s.ep.rosidl_typesupport_fastrtps_c.c
[1.109s] -- Up-to-date: /home/dwduong74/yahboom_src/install/champ_msgs/local/lib/python3.10/dist-packages/champ_msgs/champ_msgs_s__rosidl_typesupport_fastrtps_c.cpython-310-x86_64-linux-gnu.so
[1.109s] -- Up-to-date: /home/dwduong74/yahboom_src/install/champ_msgs/local/lib/python3.10/dist-packages/champ_msgs/__init__.py
[1.143s] Listing '/home/dwduong74/yahboom_src/install/champ_msgs/local/lib/python3.10/dist-packages/champ_msgs'...
[1.143s] Listing '/home/dwduong74/yahboom_src/install/champ_msgs/local/lib/python3.10/dist-packages/champ_msgs/msg'...
[1.154s] -- Up-to-date: /home/dwduong74/yahboom_src/install/champ_msgs/local/lib/python3.10/dist-packages/champ_msgs/champ_msgs_s__rosidl_typesupport_fastrtps_c.cpython-310-x86_64-linux-gnu.so
[1.154s] -- Up-to-date: /home/dwduong74/yahboom_src/install/champ_msgs/local/lib/python3.10/dist-packages/champ_msgs/champ_msgs_s__rosidl_typesupport_introspection_c.cpython-310-x86_64-linux-gnu.so
[1.154s] -- Up-to-date: /home/dwduong74/yahboom_src/install/champ_msgs/local/lib/python3.10/dist-packages/champ_msgs/champ_msgs_s__rosidl_typesupport_c.cpython-310-x86_64-linux-gnu.so
[1.155s] -- Up-to-date: /home/dwduong74/yahboom_src/install/champ_msgs/lib/libchamp_msgs__rosidl_generator_py.so
[1.155s] -- Up-to-date: /home/dwduong74/yahboom_src/install/champ_msgs/share/champ_msgs/msg/Velocities.idl
[1.155s] -- Up-to-date: /home/dwduong74/yahboom_src/install/champ_msgs/share/champ_msgs/msg/PID.idl
[1.155s] -- Up-to-date: /home/dwduong74/yahboom_src/install/champ_msgs/share/champ_msgs/msg/Imu.idl
[1.155s] -- Up-to-date: /home/dwduong74/yahboom_src/install/champ_msgs/share/champ_msgs/msg/Point.idl
[1.155s] -- Up-to-date: /home/dwduong74/yahboom_src/install/champ_msgs/share/champ_msgs/msg/PointArray.idl
[1.156s] -- Up-to-date: /home/dwduong74/yahboom_src/install/champ_msgs/share/champ_msgs/msg/Joints.idl
[1.156s] -- Up-to-date: /home/dwduong74/yahboom_src/install/champ_msgs/share/champ_msgs/msg/Contacts.idl
[1.156s] -- Up-to-date: /home/dwduong74/yahboom_src/install/champ_msgs/share/champ_msgs/msg/ContactsStamped.idl
[1.156s] -- Up-to-date: /home/dwduong74/yahboom_src/install/champ_msgs/share/champ_msgs/msg/Pose.idl
[1.156s] -- Up-to-date: /home/dwduong74/yahboom_src/install/champ_msgs/share/champ_msgs/msg/Velocities.msg
[1.157s] -- Up-to-date: /home/dwduong74/yahboom_src/install/champ_msgs/share/champ_msgs/msg/PID.msg
[1.157s] -- Up-to-date: /home/dwduong74/yahboom_src/install/champ_msgs/share/champ_msgs/msg/Imu.msg
[1.157s] -- Up-to-date: /home/dwduong74/yahboom_src/install/champ_msgs/share/champ_msgs/msg/Point.msg
[1.157s] -- Up-to-date: /home/dwduong74/yahboom_src/install/champ_msgs/share/champ_msgs/msg/PointArray.msg
[1.157s] -- Up-to-date: /home/dwduong74/yahboom_src/install/champ_msgs/share/champ_msgs/msg/Joints.msg
[1.157s] -- Up-to-date: /home/dwduong74/yahboom_src/install/champ_msgs/share/champ_msgs/msg/Contacts.msg
[1.158s] -- Up-to-date: /home/dwduong74/yahboom_src/install/champ_msgs/share/champ_msgs/msg/ContactsStamped.msg
[1.158s] -- Up-to-date: /home/dwduong74/yahboom_src/install/champ_msgs/share/champ_msgs/msg/Pose.msg
[1.158s] -- Up-to-date: /home/dwduong74/yahboom_src/install/champ_msgs/share/ament_index/resource_index/package_run_dependencies/champ_msgs
[1.158s] -- Up-to-date: /home/dwduong74/yahboom_src/install/champ_msgs/share/ament_index/resource_index/parent_prefix_path/champ_msgs
[1.158s] -- Up-to-date: /home/dwduong74/yahboom_src/install/champ_msgs/share/champ_msgs/environment/ament_prefix_path.sh
[1.158s] -- Up-to-date: /home/dwduong74/yahboom_src/install/champ_msgs/share/champ_msgs/environment/ament_prefix_path.dsv
[1.158s] -- Up-to-date: /home/dwduong74/yahboom_src/install/champ_msgs/share/champ_msgs/environment/path.sh
[1.158s] -- Up-to-date: /home/dwduong74/yahboom_src/install/champ_msgs/share/champ_msgs/environment/path.dsv
[1.159s] -- Up-to-date: /home/dwduong74/yahboom_src/install/champ_msgs/share/champ_msgs/local_setup.bash
[1.159s] -- Up-to-date: /home/dwduong74/yahboom_src/install/champ_msgs/share/champ_msgs/local_setup.sh
[1.159s] -- Up-to-date: /home/dwduong74/yahboom_src/install/champ_msgs/share/champ_msgs/local_setup.zsh
[1.159s] -- Up-to-date: /home/dwduong74/yahboom_src/install/champ_msgs/share/champ_msgs/local_setup.dsv
[1.159s] -- Installing: /home/dwduong74/yahboom_src/install/champ_msgs/share/champ_msgs/package.dsv
[1.159s] -- Up-to-date: /home/dwduong74/yahboom_src/install/champ_msgs/share/ament_index/resource_index/packages/champ_msgs
[1.159s] -- Up-to-date: /home/dwduong74/yahboom_src/install/champ_msgs/share/champ_msgs/cmake/export_champ_msgs__rosidl_generator_cExport.cmake
[1.160s] -- Up-to-date: /home/dwduong74/yahboom_src/install/champ_msgs/share/champ_msgs/cmake/export_champ_msgs__rosidl_generator_cExport-noconfig.cmake
[1.160s] -- Up-to-date: /home/dwduong74/yahboom_src/install/champ_msgs/share/champ_msgs/cmake/export_champ_msgs__rosidl_typesupport_fastrtps_cExport.cmake
[1.160s] -- Up-to-date: /home/dwduong74/yahboom_src/install/champ_msgs/share/champ_msgs/cmake/export_champ_msgs__rosidl_typesupport_fastrtps_cExport-noconfig.cmake
[1.160s] -- Up-to-date: /home/dwduong74/yahboom_src/install/champ_msgs/share/champ_msgs/cmake/champ_msgs__rosidl_typesupport_introspection_cExport.cmake
[1.160s] -- Up-to-date: /home/dwduong74/yahboom_src/install/champ_msgs/share/champ_msgs/cmake/champ_msgs__rosidl_typesupport_introspection_cExport-noconfig.cmake
[1.160s] -- Up-to-date: /home/dwduong74/yahboom_src/install/champ_msgs/share/champ_msgs/cmake/champ_msgs__rosidl_typesupport_cExport.cmake
[1.160s] -- Up-to-date: /home/dwduong74/yahboom_src/install/champ_msgs/share/champ_msgs/cmake/champ_msgs__rosidl_typesupport_cExport-noconfig.cmake
[1.160s] -- Up-to-date: /home/dwduong74/yahboom_src/install/champ_msgs/share/champ_msgs/cmake/export_champ_msgs__rosidl_generator_cppExport.cmake
[1.161s] -- Up-to-date: /home/dwduong74/yahboom_src/install/champ_msgs/share/champ_msgs/cmake/export_champ_msgs__rosidl_typesupport_fastrtps_cppExport.cmake
[1.161s] -- Up-to-date: /home/dwduong74/yahboom_src/install/champ_msgs/share/champ_msgs/cmake/export_champ_msgs__rosidl_typesupport_fastrtps_cppExport-noconfig.cmake
[1.161s] -- Up-to-date: /home/dwduong74/yahboom_src/install/champ_msgs/share/champ_msgs/cmake/champ_msgs__rosidl_typesupport_introspection_cppExport.cmake
[1.161s] -- Up-to-date: /home/dwduong74/yahboom_src/install/champ_msgs/share/champ_msgs/cmake/champ_msgs__rosidl_typesupport_introspection_cppExport-noconfig.cmake
[1.161s] -- Up-to-date: /home/dwduong74/yahboom_src/install/champ_msgs/share/champ_msgs/cmake/champ_msgs__rosidl_typesupport_cppExport.cmake
[1.161s] -- Up-to-date: /home/dwduong74/yahboom_src/install/champ_msgs/share/champ_msgs/cmake/champ_msgs__rosidl_typesupport_cppExport-noconfig.cmake
[1.161s] -- Up-to-date: /home/dwduong74/yahboom_src/install/champ_msgs/share/champ_msgs/cmake/export_champ_msgs__rosidl_generator_pyExport.cmake
[1.161s] -- Up-to-date: /home/dwduong74/yahboom_src/install/champ_msgs/share/champ_msgs/cmake/export_champ_msgs__rosidl_generator_pyExport-noconfig.cmake
[1.161s] -- Up-to-date: /home/dwduong74/yahboom_src/install/champ_msgs/share/champ_msgs/cmake/rosidl_cmake-extras.cmake
[1.161s] -- Up-to-date: /home/dwduong74/yahboom_src/install/champ_msgs/share/champ_msgs/cmake/ament_cmake_export_dependencies-extras.cmake
[1.161s] -- Up-to-date: /home/dwduong74/yahboom_src/install/champ_msgs/share/champ_msgs/cmake/ament_cmake_export_include_directories-extras.cmake
[1.162s] -- Up-to-date: /home/dwduong74/yahboom_src/install/champ_msgs/share/champ_msgs/cmake/ament_cmake_export_libraries-extras.cmake
[1.162s] -- Up-to-date: /home/dwduong74/yahboom_src/install/champ_msgs/share/champ_msgs/cmake/ament_cmake_export_targets-extras.cmake
[1.162s] -- Up-to-date: /home/dwduong74/yahboom_src/install/champ_msgs/share/champ_msgs/cmake/rosidl_cmake_export_typesupport_targets-extras.cmake
[1.162s] -- Up-to-date: /home/dwduong74/yahboom_src/install/champ_msgs/share/champ_msgs/cmake/rosidl_cmake_export_typesupport_libraries-extras.cmake
[1.162s] -- Up-to-date: /home/dwduong74/yahboom_src/install/champ_msgs/share/champ_msgs/cmake/champ_msgsConfig.cmake
[1.162s] -- Up-to-date: /home/dwduong74/yahboom_src/install/champ_msgs/share/champ_msgs/cmake/champ_msgsConfig-version.cmake
[1.162s] -- Up-to-date: /home/dwduong74/yahboom_src/install/champ_msgs/share/champ_msgs/package.xml
[1.265s] Invoked command in '/home/dwduong74/yahboom_src/build/champ_msgs' returned '0': CMAKE_PREFIX_PATH=${CMAKE_PREFIX_PATH}:/home/dwduong74/yahboom_src/install/yahboom_set_height:/home/dwduong74/yahboom_src/install/yahboom_mediapipe:/home/dwduong74/yahboom_src/install/yahboom_gait:/home/dwduong74/yahboom_src/install/yahboom_dog_joint_state:/home/dwduong74/yahboom_src/install/yahboom_description:/home/dwduong74/yahboom_src/install/yahboom_bringup:/home/dwduong74/yahboom_src/install/yahboom_base:/home/dwduong74/yahboom_src/install/yahboom_app_save_map:/home/dwduong74/yahboom_src/install/tf_publisher:/home/dwduong74/yahboom_src/install/bringup:/home/dwduong74/LUMI_ws/install/custom_explorer:/opt/ros/humble /usr/bin/cmake --install /home/dwduong74/yahboom_src/build/champ_msgs
